ARM GAS  C:\Users\RECEPC~1\AppData\Local\Temp\ccSb3PN0.s 			page 1


   1              		.syntax unified
   2              		.cpu cortex-m3
   3              		.fpu softvfp
   4              		.eabi_attribute 20, 1
   5              		.eabi_attribute 21, 1
   6              		.eabi_attribute 23, 3
   7              		.eabi_attribute 24, 1
   8              		.eabi_attribute 25, 1
   9              		.eabi_attribute 26, 1
  10              		.eabi_attribute 30, 1
  11              		.eabi_attribute 34, 1
  12              		.eabi_attribute 18, 4
  13              		.thumb
  14              		.file	"PC_INT.c"
  15              		.text
  16              	.Ltext0:
  17              		.cfi_sections	.debug_frame
  18              		.section	.text.PC_RXISR,"ax",%progbits
  19              		.align	2
  20              		.global	PC_RXISR
  21              		.thumb
  22              		.thumb_func
  23              		.type	PC_RXISR, %function
  24              	PC_RXISR:
  25              	.LFB0:
  26              		.file 1 ".\\Generated_Source\\PSoC5\\PC_INT.c"
   1:.\Generated_Source\PSoC5/PC_INT.c **** /*******************************************************************************
   2:.\Generated_Source\PSoC5/PC_INT.c **** * File Name: PC_INT.c
   3:.\Generated_Source\PSoC5/PC_INT.c **** * Version 2.30
   4:.\Generated_Source\PSoC5/PC_INT.c **** *
   5:.\Generated_Source\PSoC5/PC_INT.c **** * Description:
   6:.\Generated_Source\PSoC5/PC_INT.c **** *  This file provides all Interrupt Service functionality of the UART component
   7:.\Generated_Source\PSoC5/PC_INT.c **** *
   8:.\Generated_Source\PSoC5/PC_INT.c **** * Note:
   9:.\Generated_Source\PSoC5/PC_INT.c **** *  Any unusual or non-standard behavior should be noted here. Other-
  10:.\Generated_Source\PSoC5/PC_INT.c **** *  wise, this section should remain blank.
  11:.\Generated_Source\PSoC5/PC_INT.c **** *
  12:.\Generated_Source\PSoC5/PC_INT.c **** ********************************************************************************
  13:.\Generated_Source\PSoC5/PC_INT.c **** * Copyright 2008-2012, Cypress Semiconductor Corporation.  All rights reserved.
  14:.\Generated_Source\PSoC5/PC_INT.c **** * You may use this file only in accordance with the license, terms, conditions,
  15:.\Generated_Source\PSoC5/PC_INT.c **** * disclaimers, and limitations in the end user license agreement accompanying
  16:.\Generated_Source\PSoC5/PC_INT.c **** * the software package with which this file was provided.
  17:.\Generated_Source\PSoC5/PC_INT.c **** *******************************************************************************/
  18:.\Generated_Source\PSoC5/PC_INT.c **** 
  19:.\Generated_Source\PSoC5/PC_INT.c **** #include "PC.h"
  20:.\Generated_Source\PSoC5/PC_INT.c **** #include "CyLib.h"
  21:.\Generated_Source\PSoC5/PC_INT.c **** 
  22:.\Generated_Source\PSoC5/PC_INT.c **** 
  23:.\Generated_Source\PSoC5/PC_INT.c **** /***************************************
  24:.\Generated_Source\PSoC5/PC_INT.c **** * Custom Declratations
  25:.\Generated_Source\PSoC5/PC_INT.c **** ***************************************/
  26:.\Generated_Source\PSoC5/PC_INT.c **** /* `#START CUSTOM_DECLARATIONS` Place your declaration here */
  27:.\Generated_Source\PSoC5/PC_INT.c **** 
  28:.\Generated_Source\PSoC5/PC_INT.c **** /* `#END` */
  29:.\Generated_Source\PSoC5/PC_INT.c **** 
  30:.\Generated_Source\PSoC5/PC_INT.c **** #if( (PC_RX_ENABLED || PC_HD_ENABLED) && \
  31:.\Generated_Source\PSoC5/PC_INT.c ****      (PC_RXBUFFERSIZE > PC_FIFO_LENGTH))
ARM GAS  C:\Users\RECEPC~1\AppData\Local\Temp\ccSb3PN0.s 			page 2


  32:.\Generated_Source\PSoC5/PC_INT.c **** 
  33:.\Generated_Source\PSoC5/PC_INT.c **** 
  34:.\Generated_Source\PSoC5/PC_INT.c ****     /*******************************************************************************
  35:.\Generated_Source\PSoC5/PC_INT.c ****     * Function Name: PC_RXISR
  36:.\Generated_Source\PSoC5/PC_INT.c ****     ********************************************************************************
  37:.\Generated_Source\PSoC5/PC_INT.c ****     *
  38:.\Generated_Source\PSoC5/PC_INT.c ****     * Summary:
  39:.\Generated_Source\PSoC5/PC_INT.c ****     *  Interrupt Service Routine for RX portion of the UART
  40:.\Generated_Source\PSoC5/PC_INT.c ****     *
  41:.\Generated_Source\PSoC5/PC_INT.c ****     * Parameters:
  42:.\Generated_Source\PSoC5/PC_INT.c ****     *  None.
  43:.\Generated_Source\PSoC5/PC_INT.c ****     *
  44:.\Generated_Source\PSoC5/PC_INT.c ****     * Return:
  45:.\Generated_Source\PSoC5/PC_INT.c ****     *  None.
  46:.\Generated_Source\PSoC5/PC_INT.c ****     *
  47:.\Generated_Source\PSoC5/PC_INT.c ****     * Global Variables:
  48:.\Generated_Source\PSoC5/PC_INT.c ****     *  PC_rxBuffer - RAM buffer pointer for save received data.
  49:.\Generated_Source\PSoC5/PC_INT.c ****     *  PC_rxBufferWrite - cyclic index for write to rxBuffer,
  50:.\Generated_Source\PSoC5/PC_INT.c ****     *     increments after each byte saved to buffer.
  51:.\Generated_Source\PSoC5/PC_INT.c ****     *  PC_rxBufferRead - cyclic index for read from rxBuffer,
  52:.\Generated_Source\PSoC5/PC_INT.c ****     *     checked to detect overflow condition.
  53:.\Generated_Source\PSoC5/PC_INT.c ****     *  PC_rxBufferOverflow - software overflow flag. Set to one
  54:.\Generated_Source\PSoC5/PC_INT.c ****     *     when PC_rxBufferWrite index overtakes
  55:.\Generated_Source\PSoC5/PC_INT.c ****     *     PC_rxBufferRead index.
  56:.\Generated_Source\PSoC5/PC_INT.c ****     *  PC_rxBufferLoopDetect - additional variable to detect overflow.
  57:.\Generated_Source\PSoC5/PC_INT.c ****     *     Set to one when PC_rxBufferWrite is equal to
  58:.\Generated_Source\PSoC5/PC_INT.c ****     *    PC_rxBufferRead
  59:.\Generated_Source\PSoC5/PC_INT.c ****     *  PC_rxAddressMode - this variable contains the Address mode,
  60:.\Generated_Source\PSoC5/PC_INT.c ****     *     selected in customizer or set by UART_SetRxAddressMode() API.
  61:.\Generated_Source\PSoC5/PC_INT.c ****     *  PC_rxAddressDetected - set to 1 when correct address received,
  62:.\Generated_Source\PSoC5/PC_INT.c ****     *     and analysed to store following addressed data bytes to the buffer.
  63:.\Generated_Source\PSoC5/PC_INT.c ****     *     When not correct address received, set to 0 to skip following data bytes.
  64:.\Generated_Source\PSoC5/PC_INT.c ****     *
  65:.\Generated_Source\PSoC5/PC_INT.c ****     *******************************************************************************/
  66:.\Generated_Source\PSoC5/PC_INT.c ****     CY_ISR(PC_RXISR)
  67:.\Generated_Source\PSoC5/PC_INT.c ****     {
  27              		.loc 1 67 0
  28              		.cfi_startproc
  29              		@ args = 0, pretend = 0, frame = 0
  30              		@ frame_needed = 0, uses_anonymous_args = 0
  31              		@ link register save eliminated.
  32 0000 2DE9F003 		push	{r4, r5, r6, r7, r8, r9}
  33              		.cfi_def_cfa_offset 24
  34              		.cfi_offset 4, -24
  35              		.cfi_offset 5, -20
  36              		.cfi_offset 6, -16
  37              		.cfi_offset 7, -12
  38              		.cfi_offset 8, -8
  39              		.cfi_offset 9, -4
  40              	.LVL0:
  68:.\Generated_Source\PSoC5/PC_INT.c ****         uint8 readData;
  69:.\Generated_Source\PSoC5/PC_INT.c ****         uint8 increment_pointer = 0u;
  70:.\Generated_Source\PSoC5/PC_INT.c ****         #if(CY_PSOC3)
  71:.\Generated_Source\PSoC5/PC_INT.c ****             uint8 int_en;
  72:.\Generated_Source\PSoC5/PC_INT.c ****         #endif /* CY_PSOC3 */
  73:.\Generated_Source\PSoC5/PC_INT.c **** 
  74:.\Generated_Source\PSoC5/PC_INT.c ****         /* User code required at start of ISR */
ARM GAS  C:\Users\RECEPC~1\AppData\Local\Temp\ccSb3PN0.s 			page 3


  75:.\Generated_Source\PSoC5/PC_INT.c ****         /* `#START PC_RXISR_START` */
  76:.\Generated_Source\PSoC5/PC_INT.c **** 
  77:.\Generated_Source\PSoC5/PC_INT.c ****         /* `#END` */
  78:.\Generated_Source\PSoC5/PC_INT.c **** 
  79:.\Generated_Source\PSoC5/PC_INT.c ****         #if(CY_PSOC3)   /* Make sure nested interrupt is enabled */
  80:.\Generated_Source\PSoC5/PC_INT.c ****             int_en = EA;
  81:.\Generated_Source\PSoC5/PC_INT.c ****             CyGlobalIntEnable;
  82:.\Generated_Source\PSoC5/PC_INT.c ****         #endif /* CY_PSOC3 */
  83:.\Generated_Source\PSoC5/PC_INT.c **** 
  84:.\Generated_Source\PSoC5/PC_INT.c ****         readData = PC_RXSTATUS_REG;
  41              		.loc 1 84 0
  42 0004 194B     		ldr	r3, .L7
  43 0006 1A78     		ldrb	r2, [r3]	@ zero_extendqisi2
  44 0008 D2B2     		uxtb	r2, r2
  45              	.LVL1:
  85:.\Generated_Source\PSoC5/PC_INT.c **** 
  86:.\Generated_Source\PSoC5/PC_INT.c ****         if((readData & (PC_RX_STS_BREAK | PC_RX_STS_PAR_ERROR |
  87:.\Generated_Source\PSoC5/PC_INT.c ****                         PC_RX_STS_STOP_ERROR | PC_RX_STS_OVERRUN)) != 0u)
  88:.\Generated_Source\PSoC5/PC_INT.c ****         {
  89:.\Generated_Source\PSoC5/PC_INT.c ****             /* ERROR handling. */
  90:.\Generated_Source\PSoC5/PC_INT.c ****             /* `#START PC_RXISR_ERROR` */
  91:.\Generated_Source\PSoC5/PC_INT.c **** 
  92:.\Generated_Source\PSoC5/PC_INT.c ****             /* `#END` */
  93:.\Generated_Source\PSoC5/PC_INT.c ****         }
  94:.\Generated_Source\PSoC5/PC_INT.c **** 
  95:.\Generated_Source\PSoC5/PC_INT.c ****         while((readData & PC_RX_STS_FIFO_NOTEMPTY) != 0u)
  96:.\Generated_Source\PSoC5/PC_INT.c ****         {
  97:.\Generated_Source\PSoC5/PC_INT.c **** 
  98:.\Generated_Source\PSoC5/PC_INT.c ****             #if (PC_RXHW_ADDRESS_ENABLED)
  99:.\Generated_Source\PSoC5/PC_INT.c ****                 if(PC_rxAddressMode == (uint8)PC__B_UART__AM_SW_DETECT_TO_BUFFER)
 100:.\Generated_Source\PSoC5/PC_INT.c ****                 {
 101:.\Generated_Source\PSoC5/PC_INT.c ****                     if((readData & PC_RX_STS_MRKSPC) != 0u)
 102:.\Generated_Source\PSoC5/PC_INT.c ****                     {
 103:.\Generated_Source\PSoC5/PC_INT.c ****                         if ((readData & PC_RX_STS_ADDR_MATCH) != 0u)
 104:.\Generated_Source\PSoC5/PC_INT.c ****                         {
 105:.\Generated_Source\PSoC5/PC_INT.c ****                             PC_rxAddressDetected = 1u;
 106:.\Generated_Source\PSoC5/PC_INT.c ****                         }
 107:.\Generated_Source\PSoC5/PC_INT.c ****                         else
 108:.\Generated_Source\PSoC5/PC_INT.c ****                         {
 109:.\Generated_Source\PSoC5/PC_INT.c ****                             PC_rxAddressDetected = 0u;
 110:.\Generated_Source\PSoC5/PC_INT.c ****                         }
 111:.\Generated_Source\PSoC5/PC_INT.c ****                     }
 112:.\Generated_Source\PSoC5/PC_INT.c **** 
 113:.\Generated_Source\PSoC5/PC_INT.c ****                     readData = PC_RXDATA_REG;
 114:.\Generated_Source\PSoC5/PC_INT.c ****                     if(PC_rxAddressDetected != 0u)
 115:.\Generated_Source\PSoC5/PC_INT.c ****                     {   /* store only addressed data */
 116:.\Generated_Source\PSoC5/PC_INT.c ****                         PC_rxBuffer[PC_rxBufferWrite] = readData;
 117:.\Generated_Source\PSoC5/PC_INT.c ****                         increment_pointer = 1u;
 118:.\Generated_Source\PSoC5/PC_INT.c ****                     }
 119:.\Generated_Source\PSoC5/PC_INT.c ****                 }
 120:.\Generated_Source\PSoC5/PC_INT.c ****                 else /* without software addressing */
 121:.\Generated_Source\PSoC5/PC_INT.c ****                 {
 122:.\Generated_Source\PSoC5/PC_INT.c ****                     PC_rxBuffer[PC_rxBufferWrite] = PC_RXDATA_REG;
 123:.\Generated_Source\PSoC5/PC_INT.c ****                     increment_pointer = 1u;
 124:.\Generated_Source\PSoC5/PC_INT.c ****                 }
 125:.\Generated_Source\PSoC5/PC_INT.c ****             #else  /* without addressing */
 126:.\Generated_Source\PSoC5/PC_INT.c ****                 PC_rxBuffer[PC_rxBufferWrite] = PC_RXDATA_REG;
ARM GAS  C:\Users\RECEPC~1\AppData\Local\Temp\ccSb3PN0.s 			page 4


  46              		.loc 1 126 0
  47 000a 194B     		ldr	r3, .L7+4
  48 000c 194F     		ldr	r7, .L7+8
  49 000e 1A4E     		ldr	r6, .L7+12
 127:.\Generated_Source\PSoC5/PC_INT.c ****                 increment_pointer = 1u;
 128:.\Generated_Source\PSoC5/PC_INT.c ****             #endif /* End SW_DETECT_TO_BUFFER */
 129:.\Generated_Source\PSoC5/PC_INT.c **** 
 130:.\Generated_Source\PSoC5/PC_INT.c ****             /* do not increment buffer pointer when skip not adderessed data */
 131:.\Generated_Source\PSoC5/PC_INT.c ****             if( increment_pointer != 0u )
 132:.\Generated_Source\PSoC5/PC_INT.c ****             {
 133:.\Generated_Source\PSoC5/PC_INT.c ****                 if(PC_rxBufferLoopDetect != 0u)
  50              		.loc 1 133 0
  51 0010 1A48     		ldr	r0, .L7+16
 134:.\Generated_Source\PSoC5/PC_INT.c ****                 {   /* Set Software Buffer status Overflow */
 135:.\Generated_Source\PSoC5/PC_INT.c ****                     PC_rxBufferOverflow = 1u;
  52              		.loc 1 135 0
  53 0012 DFF87090 		ldr	r9, .L7+24
  54 0016 4FF0010C 		mov	ip, #1
 136:.\Generated_Source\PSoC5/PC_INT.c ****                 }
 137:.\Generated_Source\PSoC5/PC_INT.c ****                 /* Set next pointer. */
 138:.\Generated_Source\PSoC5/PC_INT.c ****                 PC_rxBufferWrite++;
 139:.\Generated_Source\PSoC5/PC_INT.c **** 
 140:.\Generated_Source\PSoC5/PC_INT.c ****                 /* Check pointer for a loop condition */
 141:.\Generated_Source\PSoC5/PC_INT.c ****                 if(PC_rxBufferWrite >= PC_RXBUFFERSIZE)
 142:.\Generated_Source\PSoC5/PC_INT.c ****                 {
 143:.\Generated_Source\PSoC5/PC_INT.c ****                     PC_rxBufferWrite = 0u;
  55              		.loc 1 143 0
  56 001a 4FF00008 		mov	r8, #0
 144:.\Generated_Source\PSoC5/PC_INT.c ****                 }
 145:.\Generated_Source\PSoC5/PC_INT.c ****                 /* Detect pre-overload condition and set flag */
 146:.\Generated_Source\PSoC5/PC_INT.c ****                 if(PC_rxBufferWrite == PC_rxBufferRead)
  57              		.loc 1 146 0
  58 001e 184D     		ldr	r5, .L7+20
 147:.\Generated_Source\PSoC5/PC_INT.c ****                 {
 148:.\Generated_Source\PSoC5/PC_INT.c ****                     PC_rxBufferLoopDetect = 1u;
 149:.\Generated_Source\PSoC5/PC_INT.c ****                     /* When Hardware Flow Control selected */
 150:.\Generated_Source\PSoC5/PC_INT.c ****                     #if(PC_FLOW_CONTROL != 0u)
 151:.\Generated_Source\PSoC5/PC_INT.c ****                     /* Disable RX interrupt mask, it will be enabled when user read data from the b
 152:.\Generated_Source\PSoC5/PC_INT.c ****                         PC_RXSTATUS_MASK_REG  &= (uint8)~PC_RX_STS_FIFO_NOTEMPTY;
 153:.\Generated_Source\PSoC5/PC_INT.c ****                         CyIntClearPending(PC_RX_VECT_NUM);
 154:.\Generated_Source\PSoC5/PC_INT.c ****                         break; /* Break the reading of the FIFO loop, leave the data there for gene
 155:.\Generated_Source\PSoC5/PC_INT.c ****                     #endif /* End PC_FLOW_CONTROL != 0 */
 156:.\Generated_Source\PSoC5/PC_INT.c ****                 }
 157:.\Generated_Source\PSoC5/PC_INT.c ****             }
 158:.\Generated_Source\PSoC5/PC_INT.c **** 
 159:.\Generated_Source\PSoC5/PC_INT.c ****             /* Check again if there is data. */
 160:.\Generated_Source\PSoC5/PC_INT.c ****             readData = PC_RXSTATUS_REG;
  59              		.loc 1 160 0
  60 0020 124C     		ldr	r4, .L7
  95:.\Generated_Source\PSoC5/PC_INT.c ****         while((readData & PC_RX_STS_FIFO_NOTEMPTY) != 0u)
  61              		.loc 1 95 0
  62 0022 1DE0     		b	.L2
  63              	.LVL2:
  64              	.L6:
 126:.\Generated_Source\PSoC5/PC_INT.c ****                 PC_rxBuffer[PC_rxBufferWrite] = PC_RXDATA_REG;
  65              		.loc 1 126 0
  66 0024 1A78     		ldrb	r2, [r3]	@ zero_extendqisi2
ARM GAS  C:\Users\RECEPC~1\AppData\Local\Temp\ccSb3PN0.s 			page 5


  67              	.LVL3:
  68 0026 D2B2     		uxtb	r2, r2
  69 0028 3978     		ldrb	r1, [r7]	@ zero_extendqisi2
  70 002a C9B2     		uxtb	r1, r1
  71 002c B154     		strb	r1, [r6, r2]
  72              	.LVL4:
 133:.\Generated_Source\PSoC5/PC_INT.c ****                 if(PC_rxBufferLoopDetect != 0u)
  73              		.loc 1 133 0
  74 002e 0278     		ldrb	r2, [r0]	@ zero_extendqisi2
  75 0030 12F0FF0F 		tst	r2, #255
  76 0034 01D0     		beq	.L3
 135:.\Generated_Source\PSoC5/PC_INT.c ****                     PC_rxBufferOverflow = 1u;
  77              		.loc 1 135 0
  78 0036 89F800C0 		strb	ip, [r9]
  79              	.L3:
 138:.\Generated_Source\PSoC5/PC_INT.c ****                 PC_rxBufferWrite++;
  80              		.loc 1 138 0
  81 003a 1A78     		ldrb	r2, [r3]	@ zero_extendqisi2
  82 003c 0132     		adds	r2, r2, #1
  83 003e D2B2     		uxtb	r2, r2
  84 0040 1A70     		strb	r2, [r3]
 141:.\Generated_Source\PSoC5/PC_INT.c ****                 if(PC_rxBufferWrite >= PC_RXBUFFERSIZE)
  85              		.loc 1 141 0
  86 0042 1A78     		ldrb	r2, [r3]	@ zero_extendqisi2
  87 0044 D2B2     		uxtb	r2, r2
  88 0046 632A     		cmp	r2, #99
  89 0048 01D9     		bls	.L4
 143:.\Generated_Source\PSoC5/PC_INT.c ****                     PC_rxBufferWrite = 0u;
  90              		.loc 1 143 0
  91 004a 83F80080 		strb	r8, [r3]
  92              	.L4:
 146:.\Generated_Source\PSoC5/PC_INT.c ****                 if(PC_rxBufferWrite == PC_rxBufferRead)
  93              		.loc 1 146 0
  94 004e 1978     		ldrb	r1, [r3]	@ zero_extendqisi2
  95 0050 2A78     		ldrb	r2, [r5]	@ zero_extendqisi2
  96 0052 C9B2     		uxtb	r1, r1
  97 0054 9142     		cmp	r1, r2
  98 0056 01D1     		bne	.L5
 148:.\Generated_Source\PSoC5/PC_INT.c ****                     PC_rxBufferLoopDetect = 1u;
  99              		.loc 1 148 0
 100 0058 80F800C0 		strb	ip, [r0]
 101              	.L5:
 102              		.loc 1 160 0
 103 005c 2278     		ldrb	r2, [r4]	@ zero_extendqisi2
 104 005e D2B2     		uxtb	r2, r2
 105              	.LVL5:
 106              	.L2:
  95:.\Generated_Source\PSoC5/PC_INT.c ****         while((readData & PC_RX_STS_FIFO_NOTEMPTY) != 0u)
 107              		.loc 1 95 0 discriminator 1
 108 0060 12F0200F 		tst	r2, #32
 109 0064 DED1     		bne	.L6
 161:.\Generated_Source\PSoC5/PC_INT.c ****         }
 162:.\Generated_Source\PSoC5/PC_INT.c **** 
 163:.\Generated_Source\PSoC5/PC_INT.c ****         /* User code required at end of ISR (Optional) */
 164:.\Generated_Source\PSoC5/PC_INT.c ****         /* `#START PC_RXISR_END` */
 165:.\Generated_Source\PSoC5/PC_INT.c **** 
 166:.\Generated_Source\PSoC5/PC_INT.c ****         /* `#END` */
ARM GAS  C:\Users\RECEPC~1\AppData\Local\Temp\ccSb3PN0.s 			page 6


 167:.\Generated_Source\PSoC5/PC_INT.c **** 
 168:.\Generated_Source\PSoC5/PC_INT.c ****         #if(CY_PSOC3)
 169:.\Generated_Source\PSoC5/PC_INT.c ****             EA = int_en;
 170:.\Generated_Source\PSoC5/PC_INT.c ****         #endif /* CY_PSOC3 */
 171:.\Generated_Source\PSoC5/PC_INT.c **** 
 172:.\Generated_Source\PSoC5/PC_INT.c ****     }
 110              		.loc 1 172 0
 111 0066 BDE8F003 		pop	{r4, r5, r6, r7, r8, r9}
 112 006a 7047     		bx	lr
 113              	.L8:
 114              		.align	2
 115              	.L7:
 116 006c 6C640040 		.word	1073767532
 117 0070 00000000 		.word	PC_rxBufferWrite
 118 0074 4F640040 		.word	1073767503
 119 0078 00000000 		.word	PC_rxBuffer
 120 007c 00000000 		.word	PC_rxBufferLoopDetect
 121 0080 00000000 		.word	PC_rxBufferRead
 122 0084 00000000 		.word	PC_rxBufferOverflow
 123              		.cfi_endproc
 124              	.LFE0:
 125              		.size	PC_RXISR, .-PC_RXISR
 126              		.text
 127              	.Letext0:
 128              		.file 2 ".\\Generated_Source\\PSoC5\\cytypes.h"
 129              		.file 3 ".\\Generated_Source\\PSoC5\\PC.h"
 130              		.section	.debug_info,"",%progbits
 131              	.Ldebug_info0:
 132 0000 25010000 		.4byte	0x125
 133 0004 0400     		.2byte	0x4
 134 0006 00000000 		.4byte	.Ldebug_abbrev0
 135 000a 04       		.byte	0x4
 136 000b 01       		.uleb128 0x1
 137 000c CF000000 		.4byte	.LASF22
 138 0010 01       		.byte	0x1
 139 0011 76000000 		.4byte	.LASF23
 140 0015 91010000 		.4byte	.LASF24
 141 0019 00000000 		.4byte	.Ldebug_ranges0+0
 142 001d 00000000 		.4byte	0
 143 0021 00000000 		.4byte	.Ldebug_line0
 144 0025 02       		.uleb128 0x2
 145 0026 01       		.byte	0x1
 146 0027 06       		.byte	0x6
 147 0028 73010000 		.4byte	.LASF0
 148 002c 02       		.uleb128 0x2
 149 002d 01       		.byte	0x1
 150 002e 08       		.byte	0x8
 151 002f C1000000 		.4byte	.LASF1
 152 0033 02       		.uleb128 0x2
 153 0034 02       		.byte	0x2
 154 0035 05       		.byte	0x5
 155 0036 DE010000 		.4byte	.LASF2
 156 003a 02       		.uleb128 0x2
 157 003b 02       		.byte	0x2
 158 003c 07       		.byte	0x7
 159 003d 60010000 		.4byte	.LASF3
 160 0041 02       		.uleb128 0x2
ARM GAS  C:\Users\RECEPC~1\AppData\Local\Temp\ccSb3PN0.s 			page 7


 161 0042 04       		.byte	0x4
 162 0043 05       		.byte	0x5
 163 0044 50010000 		.4byte	.LASF4
 164 0048 02       		.uleb128 0x2
 165 0049 04       		.byte	0x4
 166 004a 07       		.byte	0x7
 167 004b 64000000 		.4byte	.LASF5
 168 004f 02       		.uleb128 0x2
 169 0050 08       		.byte	0x8
 170 0051 05       		.byte	0x5
 171 0052 00000000 		.4byte	.LASF6
 172 0056 02       		.uleb128 0x2
 173 0057 08       		.byte	0x8
 174 0058 07       		.byte	0x7
 175 0059 98000000 		.4byte	.LASF7
 176 005d 03       		.uleb128 0x3
 177 005e 04       		.byte	0x4
 178 005f 05       		.byte	0x5
 179 0060 696E7400 		.ascii	"int\000"
 180 0064 02       		.uleb128 0x2
 181 0065 04       		.byte	0x4
 182 0066 07       		.byte	0x7
 183 0067 24000000 		.4byte	.LASF8
 184 006b 04       		.uleb128 0x4
 185 006c 5E000000 		.4byte	.LASF12
 186 0070 02       		.byte	0x2
 187 0071 B4       		.byte	0xb4
 188 0072 2C000000 		.4byte	0x2c
 189 0076 02       		.uleb128 0x2
 190 0077 04       		.byte	0x4
 191 0078 04       		.byte	0x4
 192 0079 AF000000 		.4byte	.LASF9
 193 007d 02       		.uleb128 0x2
 194 007e 08       		.byte	0x8
 195 007f 04       		.byte	0x4
 196 0080 59010000 		.4byte	.LASF10
 197 0084 02       		.uleb128 0x2
 198 0085 01       		.byte	0x1
 199 0086 08       		.byte	0x8
 200 0087 4B010000 		.4byte	.LASF11
 201 008b 05       		.uleb128 0x5
 202 008c E8010000 		.4byte	.LASF13
 203 0090 02       		.byte	0x2
 204 0091 5E01     		.2byte	0x15e
 205 0093 97000000 		.4byte	0x97
 206 0097 06       		.uleb128 0x6
 207 0098 6B000000 		.4byte	0x6b
 208 009c 02       		.uleb128 0x2
 209 009d 04       		.byte	0x4
 210 009e 07       		.byte	0x7
 211 009f F6010000 		.4byte	.LASF14
 212 00a3 07       		.uleb128 0x7
 213 00a4 55000000 		.4byte	.LASF25
 214 00a8 01       		.byte	0x1
 215 00a9 42       		.byte	0x42
 216 00aa 00000000 		.4byte	.LFB0
 217 00ae 88000000 		.4byte	.LFE0-.LFB0
ARM GAS  C:\Users\RECEPC~1\AppData\Local\Temp\ccSb3PN0.s 			page 8


 218 00b2 01       		.uleb128 0x1
 219 00b3 9C       		.byte	0x9c
 220 00b4 D7000000 		.4byte	0xd7
 221 00b8 08       		.uleb128 0x8
 222 00b9 ED010000 		.4byte	.LASF15
 223 00bd 01       		.byte	0x1
 224 00be 44       		.byte	0x44
 225 00bf 6B000000 		.4byte	0x6b
 226 00c3 00000000 		.4byte	.LLST0
 227 00c7 08       		.uleb128 0x8
 228 00c8 7F010000 		.4byte	.LASF16
 229 00cc 01       		.byte	0x1
 230 00cd 45       		.byte	0x45
 231 00ce 6B000000 		.4byte	0x6b
 232 00d2 1E000000 		.4byte	.LLST1
 233 00d6 00       		.byte	0
 234 00d7 09       		.uleb128 0x9
 235 00d8 6B000000 		.4byte	0x6b
 236 00dc E7000000 		.4byte	0xe7
 237 00e0 0A       		.uleb128 0xa
 238 00e1 9C000000 		.4byte	0x9c
 239 00e5 63       		.byte	0x63
 240 00e6 00       		.byte	0
 241 00e7 0B       		.uleb128 0xb
 242 00e8 B5000000 		.4byte	.LASF17
 243 00ec 03       		.byte	0x3
 244 00ed 5201     		.2byte	0x152
 245 00ef F3000000 		.4byte	0xf3
 246 00f3 06       		.uleb128 0x6
 247 00f4 D7000000 		.4byte	0xd7
 248 00f8 0B       		.uleb128 0xb
 249 00f9 31000000 		.4byte	.LASF18
 250 00fd 03       		.byte	0x3
 251 00fe 5301     		.2byte	0x153
 252 0100 97000000 		.4byte	0x97
 253 0104 0B       		.uleb128 0xb
 254 0105 CD010000 		.4byte	.LASF19
 255 0109 03       		.byte	0x3
 256 010a 5401     		.2byte	0x154
 257 010c 97000000 		.4byte	0x97
 258 0110 0B       		.uleb128 0xb
 259 0111 0E000000 		.4byte	.LASF20
 260 0115 03       		.byte	0x3
 261 0116 5501     		.2byte	0x155
 262 0118 97000000 		.4byte	0x97
 263 011c 0B       		.uleb128 0xb
 264 011d 41000000 		.4byte	.LASF21
 265 0121 03       		.byte	0x3
 266 0122 5601     		.2byte	0x156
 267 0124 97000000 		.4byte	0x97
 268 0128 00       		.byte	0
 269              		.section	.debug_abbrev,"",%progbits
 270              	.Ldebug_abbrev0:
 271 0000 01       		.uleb128 0x1
 272 0001 11       		.uleb128 0x11
 273 0002 01       		.byte	0x1
 274 0003 25       		.uleb128 0x25
ARM GAS  C:\Users\RECEPC~1\AppData\Local\Temp\ccSb3PN0.s 			page 9


 275 0004 0E       		.uleb128 0xe
 276 0005 13       		.uleb128 0x13
 277 0006 0B       		.uleb128 0xb
 278 0007 03       		.uleb128 0x3
 279 0008 0E       		.uleb128 0xe
 280 0009 1B       		.uleb128 0x1b
 281 000a 0E       		.uleb128 0xe
 282 000b 55       		.uleb128 0x55
 283 000c 17       		.uleb128 0x17
 284 000d 11       		.uleb128 0x11
 285 000e 01       		.uleb128 0x1
 286 000f 10       		.uleb128 0x10
 287 0010 17       		.uleb128 0x17
 288 0011 00       		.byte	0
 289 0012 00       		.byte	0
 290 0013 02       		.uleb128 0x2
 291 0014 24       		.uleb128 0x24
 292 0015 00       		.byte	0
 293 0016 0B       		.uleb128 0xb
 294 0017 0B       		.uleb128 0xb
 295 0018 3E       		.uleb128 0x3e
 296 0019 0B       		.uleb128 0xb
 297 001a 03       		.uleb128 0x3
 298 001b 0E       		.uleb128 0xe
 299 001c 00       		.byte	0
 300 001d 00       		.byte	0
 301 001e 03       		.uleb128 0x3
 302 001f 24       		.uleb128 0x24
 303 0020 00       		.byte	0
 304 0021 0B       		.uleb128 0xb
 305 0022 0B       		.uleb128 0xb
 306 0023 3E       		.uleb128 0x3e
 307 0024 0B       		.uleb128 0xb
 308 0025 03       		.uleb128 0x3
 309 0026 08       		.uleb128 0x8
 310 0027 00       		.byte	0
 311 0028 00       		.byte	0
 312 0029 04       		.uleb128 0x4
 313 002a 16       		.uleb128 0x16
 314 002b 00       		.byte	0
 315 002c 03       		.uleb128 0x3
 316 002d 0E       		.uleb128 0xe
 317 002e 3A       		.uleb128 0x3a
 318 002f 0B       		.uleb128 0xb
 319 0030 3B       		.uleb128 0x3b
 320 0031 0B       		.uleb128 0xb
 321 0032 49       		.uleb128 0x49
 322 0033 13       		.uleb128 0x13
 323 0034 00       		.byte	0
 324 0035 00       		.byte	0
 325 0036 05       		.uleb128 0x5
 326 0037 16       		.uleb128 0x16
 327 0038 00       		.byte	0
 328 0039 03       		.uleb128 0x3
 329 003a 0E       		.uleb128 0xe
 330 003b 3A       		.uleb128 0x3a
 331 003c 0B       		.uleb128 0xb
ARM GAS  C:\Users\RECEPC~1\AppData\Local\Temp\ccSb3PN0.s 			page 10


 332 003d 3B       		.uleb128 0x3b
 333 003e 05       		.uleb128 0x5
 334 003f 49       		.uleb128 0x49
 335 0040 13       		.uleb128 0x13
 336 0041 00       		.byte	0
 337 0042 00       		.byte	0
 338 0043 06       		.uleb128 0x6
 339 0044 35       		.uleb128 0x35
 340 0045 00       		.byte	0
 341 0046 49       		.uleb128 0x49
 342 0047 13       		.uleb128 0x13
 343 0048 00       		.byte	0
 344 0049 00       		.byte	0
 345 004a 07       		.uleb128 0x7
 346 004b 2E       		.uleb128 0x2e
 347 004c 01       		.byte	0x1
 348 004d 3F       		.uleb128 0x3f
 349 004e 19       		.uleb128 0x19
 350 004f 03       		.uleb128 0x3
 351 0050 0E       		.uleb128 0xe
 352 0051 3A       		.uleb128 0x3a
 353 0052 0B       		.uleb128 0xb
 354 0053 3B       		.uleb128 0x3b
 355 0054 0B       		.uleb128 0xb
 356 0055 27       		.uleb128 0x27
 357 0056 19       		.uleb128 0x19
 358 0057 11       		.uleb128 0x11
 359 0058 01       		.uleb128 0x1
 360 0059 12       		.uleb128 0x12
 361 005a 06       		.uleb128 0x6
 362 005b 40       		.uleb128 0x40
 363 005c 18       		.uleb128 0x18
 364 005d 9742     		.uleb128 0x2117
 365 005f 19       		.uleb128 0x19
 366 0060 01       		.uleb128 0x1
 367 0061 13       		.uleb128 0x13
 368 0062 00       		.byte	0
 369 0063 00       		.byte	0
 370 0064 08       		.uleb128 0x8
 371 0065 34       		.uleb128 0x34
 372 0066 00       		.byte	0
 373 0067 03       		.uleb128 0x3
 374 0068 0E       		.uleb128 0xe
 375 0069 3A       		.uleb128 0x3a
 376 006a 0B       		.uleb128 0xb
 377 006b 3B       		.uleb128 0x3b
 378 006c 0B       		.uleb128 0xb
 379 006d 49       		.uleb128 0x49
 380 006e 13       		.uleb128 0x13
 381 006f 02       		.uleb128 0x2
 382 0070 17       		.uleb128 0x17
 383 0071 00       		.byte	0
 384 0072 00       		.byte	0
 385 0073 09       		.uleb128 0x9
 386 0074 01       		.uleb128 0x1
 387 0075 01       		.byte	0x1
 388 0076 49       		.uleb128 0x49
ARM GAS  C:\Users\RECEPC~1\AppData\Local\Temp\ccSb3PN0.s 			page 11


 389 0077 13       		.uleb128 0x13
 390 0078 01       		.uleb128 0x1
 391 0079 13       		.uleb128 0x13
 392 007a 00       		.byte	0
 393 007b 00       		.byte	0
 394 007c 0A       		.uleb128 0xa
 395 007d 21       		.uleb128 0x21
 396 007e 00       		.byte	0
 397 007f 49       		.uleb128 0x49
 398 0080 13       		.uleb128 0x13
 399 0081 2F       		.uleb128 0x2f
 400 0082 0B       		.uleb128 0xb
 401 0083 00       		.byte	0
 402 0084 00       		.byte	0
 403 0085 0B       		.uleb128 0xb
 404 0086 34       		.uleb128 0x34
 405 0087 00       		.byte	0
 406 0088 03       		.uleb128 0x3
 407 0089 0E       		.uleb128 0xe
 408 008a 3A       		.uleb128 0x3a
 409 008b 0B       		.uleb128 0xb
 410 008c 3B       		.uleb128 0x3b
 411 008d 05       		.uleb128 0x5
 412 008e 49       		.uleb128 0x49
 413 008f 13       		.uleb128 0x13
 414 0090 3F       		.uleb128 0x3f
 415 0091 19       		.uleb128 0x19
 416 0092 3C       		.uleb128 0x3c
 417 0093 19       		.uleb128 0x19
 418 0094 00       		.byte	0
 419 0095 00       		.byte	0
 420 0096 00       		.byte	0
 421              		.section	.debug_loc,"",%progbits
 422              	.Ldebug_loc0:
 423              	.LLST0:
 424 0000 0A000000 		.4byte	.LVL1
 425 0004 26000000 		.4byte	.LVL3
 426 0008 0100     		.2byte	0x1
 427 000a 52       		.byte	0x52
 428 000b 60000000 		.4byte	.LVL5
 429 000f 88000000 		.4byte	.LFE0
 430 0013 0100     		.2byte	0x1
 431 0015 52       		.byte	0x52
 432 0016 00000000 		.4byte	0
 433 001a 00000000 		.4byte	0
 434              	.LLST1:
 435 001e 04000000 		.4byte	.LVL0
 436 0022 24000000 		.4byte	.LVL2
 437 0026 0200     		.2byte	0x2
 438 0028 30       		.byte	0x30
 439 0029 9F       		.byte	0x9f
 440 002a 2E000000 		.4byte	.LVL4
 441 002e 60000000 		.4byte	.LVL5
 442 0032 0200     		.2byte	0x2
 443 0034 31       		.byte	0x31
 444 0035 9F       		.byte	0x9f
 445 0036 00000000 		.4byte	0
ARM GAS  C:\Users\RECEPC~1\AppData\Local\Temp\ccSb3PN0.s 			page 12


 446 003a 00000000 		.4byte	0
 447              		.section	.debug_aranges,"",%progbits
 448 0000 1C000000 		.4byte	0x1c
 449 0004 0200     		.2byte	0x2
 450 0006 00000000 		.4byte	.Ldebug_info0
 451 000a 04       		.byte	0x4
 452 000b 00       		.byte	0
 453 000c 0000     		.2byte	0
 454 000e 0000     		.2byte	0
 455 0010 00000000 		.4byte	.LFB0
 456 0014 88000000 		.4byte	.LFE0-.LFB0
 457 0018 00000000 		.4byte	0
 458 001c 00000000 		.4byte	0
 459              		.section	.debug_ranges,"",%progbits
 460              	.Ldebug_ranges0:
 461 0000 00000000 		.4byte	.LFB0
 462 0004 88000000 		.4byte	.LFE0
 463 0008 00000000 		.4byte	0
 464 000c 00000000 		.4byte	0
 465              		.section	.debug_line,"",%progbits
 466              	.Ldebug_line0:
 467 0000 8C000000 		.section	.debug_str,"MS",%progbits,1
 467      02004D00 
 467      00000201 
 467      FB0E0D00 
 467      01010101 
 468              	.LASF6:
 469 0000 6C6F6E67 		.ascii	"long long int\000"
 469      206C6F6E 
 469      6720696E 
 469      7400
 470              	.LASF20:
 471 000e 50435F72 		.ascii	"PC_rxBufferLoopDetect\000"
 471      78427566 
 471      6665724C 
 471      6F6F7044 
 471      65746563 
 472              	.LASF8:
 473 0024 756E7369 		.ascii	"unsigned int\000"
 473      676E6564 
 473      20696E74 
 473      00
 474              	.LASF18:
 475 0031 50435F72 		.ascii	"PC_rxBufferRead\000"
 475      78427566 
 475      66657252 
 475      65616400 
 476              	.LASF21:
 477 0041 50435F72 		.ascii	"PC_rxBufferOverflow\000"
 477      78427566 
 477      6665724F 
 477      76657266 
 477      6C6F7700 
 478              	.LASF25:
 479 0055 50435F52 		.ascii	"PC_RXISR\000"
 479      58495352 
 479      00
ARM GAS  C:\Users\RECEPC~1\AppData\Local\Temp\ccSb3PN0.s 			page 13


 480              	.LASF12:
 481 005e 75696E74 		.ascii	"uint8\000"
 481      3800
 482              	.LASF5:
 483 0064 6C6F6E67 		.ascii	"long unsigned int\000"
 483      20756E73 
 483      69676E65 
 483      6420696E 
 483      7400
 484              	.LASF23:
 485 0076 2E5C4765 		.ascii	".\\Generated_Source\\PSoC5\\PC_INT.c\000"
 485      6E657261 
 485      7465645F 
 485      536F7572 
 485      63655C50 
 486              	.LASF7:
 487 0098 6C6F6E67 		.ascii	"long long unsigned int\000"
 487      206C6F6E 
 487      6720756E 
 487      7369676E 
 487      65642069 
 488              	.LASF9:
 489 00af 666C6F61 		.ascii	"float\000"
 489      7400
 490              	.LASF17:
 491 00b5 50435F72 		.ascii	"PC_rxBuffer\000"
 491      78427566 
 491      66657200 
 492              	.LASF1:
 493 00c1 756E7369 		.ascii	"unsigned char\000"
 493      676E6564 
 493      20636861 
 493      7200
 494              	.LASF22:
 495 00cf 474E5520 		.ascii	"GNU C 4.8.4 20140526 (release) [ARM/embedded-4_8-br"
 495      4320342E 
 495      382E3420 
 495      32303134 
 495      30353236 
 496 0102 616E6368 		.ascii	"anch revision 211358] -mcpu=cortex-m3 -mthumb -g -O"
 496      20726576 
 496      6973696F 
 496      6E203231 
 496      31333538 
 497 0135 67202D66 		.ascii	"g -ffunction-sections\000"
 497      66756E63 
 497      74696F6E 
 497      2D736563 
 497      74696F6E 
 498              	.LASF11:
 499 014b 63686172 		.ascii	"char\000"
 499      00
 500              	.LASF4:
 501 0150 6C6F6E67 		.ascii	"long int\000"
 501      20696E74 
 501      00
 502              	.LASF10:
ARM GAS  C:\Users\RECEPC~1\AppData\Local\Temp\ccSb3PN0.s 			page 14


 503 0159 646F7562 		.ascii	"double\000"
 503      6C6500
 504              	.LASF3:
 505 0160 73686F72 		.ascii	"short unsigned int\000"
 505      7420756E 
 505      7369676E 
 505      65642069 
 505      6E7400
 506              	.LASF0:
 507 0173 7369676E 		.ascii	"signed char\000"
 507      65642063 
 507      68617200 
 508              	.LASF16:
 509 017f 696E6372 		.ascii	"increment_pointer\000"
 509      656D656E 
 509      745F706F 
 509      696E7465 
 509      7200
 510              	.LASF24:
 511 0191 433A5C55 		.ascii	"C:\\Users\\Recepcion\\Documents\\NMUX\\Unificada\\U"
 511      73657273 
 511      5C526563 
 511      65706369 
 511      6F6E5C44 
 512 01be 6E696669 		.ascii	"nificada.cydsn\000"
 512      63616461 
 512      2E637964 
 512      736E00
 513              	.LASF19:
 514 01cd 50435F72 		.ascii	"PC_rxBufferWrite\000"
 514      78427566 
 514      66657257 
 514      72697465 
 514      00
 515              	.LASF2:
 516 01de 73686F72 		.ascii	"short int\000"
 516      7420696E 
 516      7400
 517              	.LASF13:
 518 01e8 72656738 		.ascii	"reg8\000"
 518      00
 519              	.LASF15:
 520 01ed 72656164 		.ascii	"readData\000"
 520      44617461 
 520      00
 521              	.LASF14:
 522 01f6 73697A65 		.ascii	"sizetype\000"
 522      74797065 
 522      00
 523              		.ident	"GCC: (GNU Tools for ARM Embedded Processors) 4.8.4 20140526 (release) [ARM/embedded-4_8-br
