ARM GAS  C:\Users\RECEPC~1\AppData\Local\Temp\ccRFav9V.s 			page 1


   1              		.syntax unified
   2              		.cpu cortex-m3
   3              		.fpu softvfp
   4              		.eabi_attribute 20, 1
   5              		.eabi_attribute 21, 1
   6              		.eabi_attribute 23, 3
   7              		.eabi_attribute 24, 1
   8              		.eabi_attribute 25, 1
   9              		.eabi_attribute 26, 1
  10              		.eabi_attribute 30, 1
  11              		.eabi_attribute 34, 1
  12              		.eabi_attribute 18, 4
  13              		.thumb
  14              		.file	"Surtidor_INT.c"
  15              		.text
  16              	.Ltext0:
  17              		.cfi_sections	.debug_frame
  18              		.section	.text.Surtidor_RXISR,"ax",%progbits
  19              		.align	2
  20              		.global	Surtidor_RXISR
  21              		.thumb
  22              		.thumb_func
  23              		.type	Surtidor_RXISR, %function
  24              	Surtidor_RXISR:
  25              	.LFB0:
  26              		.file 1 ".\\Generated_Source\\PSoC5\\Surtidor_INT.c"
   1:.\Generated_Source\PSoC5/Surtidor_INT.c **** /*******************************************************************************
   2:.\Generated_Source\PSoC5/Surtidor_INT.c **** * File Name: Surtidor_INT.c
   3:.\Generated_Source\PSoC5/Surtidor_INT.c **** * Version 2.30
   4:.\Generated_Source\PSoC5/Surtidor_INT.c **** *
   5:.\Generated_Source\PSoC5/Surtidor_INT.c **** * Description:
   6:.\Generated_Source\PSoC5/Surtidor_INT.c **** *  This file provides all Interrupt Service functionality of the UART component
   7:.\Generated_Source\PSoC5/Surtidor_INT.c **** *
   8:.\Generated_Source\PSoC5/Surtidor_INT.c **** * Note:
   9:.\Generated_Source\PSoC5/Surtidor_INT.c **** *  Any unusual or non-standard behavior should be noted here. Other-
  10:.\Generated_Source\PSoC5/Surtidor_INT.c **** *  wise, this section should remain blank.
  11:.\Generated_Source\PSoC5/Surtidor_INT.c **** *
  12:.\Generated_Source\PSoC5/Surtidor_INT.c **** ********************************************************************************
  13:.\Generated_Source\PSoC5/Surtidor_INT.c **** * Copyright 2008-2012, Cypress Semiconductor Corporation.  All rights reserved.
  14:.\Generated_Source\PSoC5/Surtidor_INT.c **** * You may use this file only in accordance with the license, terms, conditions,
  15:.\Generated_Source\PSoC5/Surtidor_INT.c **** * disclaimers, and limitations in the end user license agreement accompanying
  16:.\Generated_Source\PSoC5/Surtidor_INT.c **** * the software package with which this file was provided.
  17:.\Generated_Source\PSoC5/Surtidor_INT.c **** *******************************************************************************/
  18:.\Generated_Source\PSoC5/Surtidor_INT.c **** 
  19:.\Generated_Source\PSoC5/Surtidor_INT.c **** #include "Surtidor.h"
  20:.\Generated_Source\PSoC5/Surtidor_INT.c **** #include "CyLib.h"
  21:.\Generated_Source\PSoC5/Surtidor_INT.c **** 
  22:.\Generated_Source\PSoC5/Surtidor_INT.c **** 
  23:.\Generated_Source\PSoC5/Surtidor_INT.c **** /***************************************
  24:.\Generated_Source\PSoC5/Surtidor_INT.c **** * Custom Declratations
  25:.\Generated_Source\PSoC5/Surtidor_INT.c **** ***************************************/
  26:.\Generated_Source\PSoC5/Surtidor_INT.c **** /* `#START CUSTOM_DECLARATIONS` Place your declaration here */
  27:.\Generated_Source\PSoC5/Surtidor_INT.c **** 
  28:.\Generated_Source\PSoC5/Surtidor_INT.c **** /* `#END` */
  29:.\Generated_Source\PSoC5/Surtidor_INT.c **** 
  30:.\Generated_Source\PSoC5/Surtidor_INT.c **** #if( (Surtidor_RX_ENABLED || Surtidor_HD_ENABLED) && \
  31:.\Generated_Source\PSoC5/Surtidor_INT.c ****      (Surtidor_RXBUFFERSIZE > Surtidor_FIFO_LENGTH))
ARM GAS  C:\Users\RECEPC~1\AppData\Local\Temp\ccRFav9V.s 			page 2


  32:.\Generated_Source\PSoC5/Surtidor_INT.c **** 
  33:.\Generated_Source\PSoC5/Surtidor_INT.c **** 
  34:.\Generated_Source\PSoC5/Surtidor_INT.c ****     /*******************************************************************************
  35:.\Generated_Source\PSoC5/Surtidor_INT.c ****     * Function Name: Surtidor_RXISR
  36:.\Generated_Source\PSoC5/Surtidor_INT.c ****     ********************************************************************************
  37:.\Generated_Source\PSoC5/Surtidor_INT.c ****     *
  38:.\Generated_Source\PSoC5/Surtidor_INT.c ****     * Summary:
  39:.\Generated_Source\PSoC5/Surtidor_INT.c ****     *  Interrupt Service Routine for RX portion of the UART
  40:.\Generated_Source\PSoC5/Surtidor_INT.c ****     *
  41:.\Generated_Source\PSoC5/Surtidor_INT.c ****     * Parameters:
  42:.\Generated_Source\PSoC5/Surtidor_INT.c ****     *  None.
  43:.\Generated_Source\PSoC5/Surtidor_INT.c ****     *
  44:.\Generated_Source\PSoC5/Surtidor_INT.c ****     * Return:
  45:.\Generated_Source\PSoC5/Surtidor_INT.c ****     *  None.
  46:.\Generated_Source\PSoC5/Surtidor_INT.c ****     *
  47:.\Generated_Source\PSoC5/Surtidor_INT.c ****     * Global Variables:
  48:.\Generated_Source\PSoC5/Surtidor_INT.c ****     *  Surtidor_rxBuffer - RAM buffer pointer for save received data.
  49:.\Generated_Source\PSoC5/Surtidor_INT.c ****     *  Surtidor_rxBufferWrite - cyclic index for write to rxBuffer,
  50:.\Generated_Source\PSoC5/Surtidor_INT.c ****     *     increments after each byte saved to buffer.
  51:.\Generated_Source\PSoC5/Surtidor_INT.c ****     *  Surtidor_rxBufferRead - cyclic index for read from rxBuffer,
  52:.\Generated_Source\PSoC5/Surtidor_INT.c ****     *     checked to detect overflow condition.
  53:.\Generated_Source\PSoC5/Surtidor_INT.c ****     *  Surtidor_rxBufferOverflow - software overflow flag. Set to one
  54:.\Generated_Source\PSoC5/Surtidor_INT.c ****     *     when Surtidor_rxBufferWrite index overtakes
  55:.\Generated_Source\PSoC5/Surtidor_INT.c ****     *     Surtidor_rxBufferRead index.
  56:.\Generated_Source\PSoC5/Surtidor_INT.c ****     *  Surtidor_rxBufferLoopDetect - additional variable to detect overflow.
  57:.\Generated_Source\PSoC5/Surtidor_INT.c ****     *     Set to one when Surtidor_rxBufferWrite is equal to
  58:.\Generated_Source\PSoC5/Surtidor_INT.c ****     *    Surtidor_rxBufferRead
  59:.\Generated_Source\PSoC5/Surtidor_INT.c ****     *  Surtidor_rxAddressMode - this variable contains the Address mode,
  60:.\Generated_Source\PSoC5/Surtidor_INT.c ****     *     selected in customizer or set by UART_SetRxAddressMode() API.
  61:.\Generated_Source\PSoC5/Surtidor_INT.c ****     *  Surtidor_rxAddressDetected - set to 1 when correct address received,
  62:.\Generated_Source\PSoC5/Surtidor_INT.c ****     *     and analysed to store following addressed data bytes to the buffer.
  63:.\Generated_Source\PSoC5/Surtidor_INT.c ****     *     When not correct address received, set to 0 to skip following data bytes.
  64:.\Generated_Source\PSoC5/Surtidor_INT.c ****     *
  65:.\Generated_Source\PSoC5/Surtidor_INT.c ****     *******************************************************************************/
  66:.\Generated_Source\PSoC5/Surtidor_INT.c ****     CY_ISR(Surtidor_RXISR)
  67:.\Generated_Source\PSoC5/Surtidor_INT.c ****     {
  27              		.loc 1 67 0
  28              		.cfi_startproc
  29              		@ args = 0, pretend = 0, frame = 0
  30              		@ frame_needed = 0, uses_anonymous_args = 0
  31              		@ link register save eliminated.
  32 0000 2DE9F003 		push	{r4, r5, r6, r7, r8, r9}
  33              		.cfi_def_cfa_offset 24
  34              		.cfi_offset 4, -24
  35              		.cfi_offset 5, -20
  36              		.cfi_offset 6, -16
  37              		.cfi_offset 7, -12
  38              		.cfi_offset 8, -8
  39              		.cfi_offset 9, -4
  40              	.LVL0:
  68:.\Generated_Source\PSoC5/Surtidor_INT.c ****         uint8 readData;
  69:.\Generated_Source\PSoC5/Surtidor_INT.c ****         uint8 increment_pointer = 0u;
  70:.\Generated_Source\PSoC5/Surtidor_INT.c ****         #if(CY_PSOC3)
  71:.\Generated_Source\PSoC5/Surtidor_INT.c ****             uint8 int_en;
  72:.\Generated_Source\PSoC5/Surtidor_INT.c ****         #endif /* CY_PSOC3 */
  73:.\Generated_Source\PSoC5/Surtidor_INT.c **** 
  74:.\Generated_Source\PSoC5/Surtidor_INT.c ****         /* User code required at start of ISR */
ARM GAS  C:\Users\RECEPC~1\AppData\Local\Temp\ccRFav9V.s 			page 3


  75:.\Generated_Source\PSoC5/Surtidor_INT.c ****         /* `#START Surtidor_RXISR_START` */
  76:.\Generated_Source\PSoC5/Surtidor_INT.c **** 
  77:.\Generated_Source\PSoC5/Surtidor_INT.c ****         /* `#END` */
  78:.\Generated_Source\PSoC5/Surtidor_INT.c **** 
  79:.\Generated_Source\PSoC5/Surtidor_INT.c ****         #if(CY_PSOC3)   /* Make sure nested interrupt is enabled */
  80:.\Generated_Source\PSoC5/Surtidor_INT.c ****             int_en = EA;
  81:.\Generated_Source\PSoC5/Surtidor_INT.c ****             CyGlobalIntEnable;
  82:.\Generated_Source\PSoC5/Surtidor_INT.c ****         #endif /* CY_PSOC3 */
  83:.\Generated_Source\PSoC5/Surtidor_INT.c **** 
  84:.\Generated_Source\PSoC5/Surtidor_INT.c ****         readData = Surtidor_RXSTATUS_REG;
  41              		.loc 1 84 0
  42 0004 1A4B     		ldr	r3, .L7
  43 0006 1A78     		ldrb	r2, [r3]	@ zero_extendqisi2
  44 0008 D2B2     		uxtb	r2, r2
  45              	.LVL1:
  85:.\Generated_Source\PSoC5/Surtidor_INT.c **** 
  86:.\Generated_Source\PSoC5/Surtidor_INT.c ****         if((readData & (Surtidor_RX_STS_BREAK | Surtidor_RX_STS_PAR_ERROR |
  87:.\Generated_Source\PSoC5/Surtidor_INT.c ****                         Surtidor_RX_STS_STOP_ERROR | Surtidor_RX_STS_OVERRUN)) != 0u)
  88:.\Generated_Source\PSoC5/Surtidor_INT.c ****         {
  89:.\Generated_Source\PSoC5/Surtidor_INT.c ****             /* ERROR handling. */
  90:.\Generated_Source\PSoC5/Surtidor_INT.c ****             /* `#START Surtidor_RXISR_ERROR` */
  91:.\Generated_Source\PSoC5/Surtidor_INT.c **** 
  92:.\Generated_Source\PSoC5/Surtidor_INT.c ****             /* `#END` */
  93:.\Generated_Source\PSoC5/Surtidor_INT.c ****         }
  94:.\Generated_Source\PSoC5/Surtidor_INT.c **** 
  95:.\Generated_Source\PSoC5/Surtidor_INT.c ****         while((readData & Surtidor_RX_STS_FIFO_NOTEMPTY) != 0u)
  96:.\Generated_Source\PSoC5/Surtidor_INT.c ****         {
  97:.\Generated_Source\PSoC5/Surtidor_INT.c **** 
  98:.\Generated_Source\PSoC5/Surtidor_INT.c ****             #if (Surtidor_RXHW_ADDRESS_ENABLED)
  99:.\Generated_Source\PSoC5/Surtidor_INT.c ****                 if(Surtidor_rxAddressMode == (uint8)Surtidor__B_UART__AM_SW_DETECT_TO_BUFFER)
 100:.\Generated_Source\PSoC5/Surtidor_INT.c ****                 {
 101:.\Generated_Source\PSoC5/Surtidor_INT.c ****                     if((readData & Surtidor_RX_STS_MRKSPC) != 0u)
 102:.\Generated_Source\PSoC5/Surtidor_INT.c ****                     {
 103:.\Generated_Source\PSoC5/Surtidor_INT.c ****                         if ((readData & Surtidor_RX_STS_ADDR_MATCH) != 0u)
 104:.\Generated_Source\PSoC5/Surtidor_INT.c ****                         {
 105:.\Generated_Source\PSoC5/Surtidor_INT.c ****                             Surtidor_rxAddressDetected = 1u;
 106:.\Generated_Source\PSoC5/Surtidor_INT.c ****                         }
 107:.\Generated_Source\PSoC5/Surtidor_INT.c ****                         else
 108:.\Generated_Source\PSoC5/Surtidor_INT.c ****                         {
 109:.\Generated_Source\PSoC5/Surtidor_INT.c ****                             Surtidor_rxAddressDetected = 0u;
 110:.\Generated_Source\PSoC5/Surtidor_INT.c ****                         }
 111:.\Generated_Source\PSoC5/Surtidor_INT.c ****                     }
 112:.\Generated_Source\PSoC5/Surtidor_INT.c **** 
 113:.\Generated_Source\PSoC5/Surtidor_INT.c ****                     readData = Surtidor_RXDATA_REG;
 114:.\Generated_Source\PSoC5/Surtidor_INT.c ****                     if(Surtidor_rxAddressDetected != 0u)
 115:.\Generated_Source\PSoC5/Surtidor_INT.c ****                     {   /* store only addressed data */
 116:.\Generated_Source\PSoC5/Surtidor_INT.c ****                         Surtidor_rxBuffer[Surtidor_rxBufferWrite] = readData;
 117:.\Generated_Source\PSoC5/Surtidor_INT.c ****                         increment_pointer = 1u;
 118:.\Generated_Source\PSoC5/Surtidor_INT.c ****                     }
 119:.\Generated_Source\PSoC5/Surtidor_INT.c ****                 }
 120:.\Generated_Source\PSoC5/Surtidor_INT.c ****                 else /* without software addressing */
 121:.\Generated_Source\PSoC5/Surtidor_INT.c ****                 {
 122:.\Generated_Source\PSoC5/Surtidor_INT.c ****                     Surtidor_rxBuffer[Surtidor_rxBufferWrite] = Surtidor_RXDATA_REG;
 123:.\Generated_Source\PSoC5/Surtidor_INT.c ****                     increment_pointer = 1u;
 124:.\Generated_Source\PSoC5/Surtidor_INT.c ****                 }
 125:.\Generated_Source\PSoC5/Surtidor_INT.c ****             #else  /* without addressing */
 126:.\Generated_Source\PSoC5/Surtidor_INT.c ****                 Surtidor_rxBuffer[Surtidor_rxBufferWrite] = Surtidor_RXDATA_REG;
ARM GAS  C:\Users\RECEPC~1\AppData\Local\Temp\ccRFav9V.s 			page 4


  46              		.loc 1 126 0
  47 000a 1A4B     		ldr	r3, .L7+4
  48 000c 1A4F     		ldr	r7, .L7+8
  49 000e 1B4E     		ldr	r6, .L7+12
 127:.\Generated_Source\PSoC5/Surtidor_INT.c ****                 increment_pointer = 1u;
 128:.\Generated_Source\PSoC5/Surtidor_INT.c ****             #endif /* End SW_DETECT_TO_BUFFER */
 129:.\Generated_Source\PSoC5/Surtidor_INT.c **** 
 130:.\Generated_Source\PSoC5/Surtidor_INT.c ****             /* do not increment buffer pointer when skip not adderessed data */
 131:.\Generated_Source\PSoC5/Surtidor_INT.c ****             if( increment_pointer != 0u )
 132:.\Generated_Source\PSoC5/Surtidor_INT.c ****             {
 133:.\Generated_Source\PSoC5/Surtidor_INT.c ****                 if(Surtidor_rxBufferLoopDetect != 0u)
  50              		.loc 1 133 0
  51 0010 1B48     		ldr	r0, .L7+16
 134:.\Generated_Source\PSoC5/Surtidor_INT.c ****                 {   /* Set Software Buffer status Overflow */
 135:.\Generated_Source\PSoC5/Surtidor_INT.c ****                     Surtidor_rxBufferOverflow = 1u;
  52              		.loc 1 135 0
  53 0012 DFF87490 		ldr	r9, .L7+24
  54 0016 4FF0010C 		mov	ip, #1
 136:.\Generated_Source\PSoC5/Surtidor_INT.c ****                 }
 137:.\Generated_Source\PSoC5/Surtidor_INT.c ****                 /* Set next pointer. */
 138:.\Generated_Source\PSoC5/Surtidor_INT.c ****                 Surtidor_rxBufferWrite++;
 139:.\Generated_Source\PSoC5/Surtidor_INT.c **** 
 140:.\Generated_Source\PSoC5/Surtidor_INT.c ****                 /* Check pointer for a loop condition */
 141:.\Generated_Source\PSoC5/Surtidor_INT.c ****                 if(Surtidor_rxBufferWrite >= Surtidor_RXBUFFERSIZE)
 142:.\Generated_Source\PSoC5/Surtidor_INT.c ****                 {
 143:.\Generated_Source\PSoC5/Surtidor_INT.c ****                     Surtidor_rxBufferWrite = 0u;
  55              		.loc 1 143 0
  56 001a 4FF00008 		mov	r8, #0
 144:.\Generated_Source\PSoC5/Surtidor_INT.c ****                 }
 145:.\Generated_Source\PSoC5/Surtidor_INT.c ****                 /* Detect pre-overload condition and set flag */
 146:.\Generated_Source\PSoC5/Surtidor_INT.c ****                 if(Surtidor_rxBufferWrite == Surtidor_rxBufferRead)
  57              		.loc 1 146 0
  58 001e 194D     		ldr	r5, .L7+20
 147:.\Generated_Source\PSoC5/Surtidor_INT.c ****                 {
 148:.\Generated_Source\PSoC5/Surtidor_INT.c ****                     Surtidor_rxBufferLoopDetect = 1u;
 149:.\Generated_Source\PSoC5/Surtidor_INT.c ****                     /* When Hardware Flow Control selected */
 150:.\Generated_Source\PSoC5/Surtidor_INT.c ****                     #if(Surtidor_FLOW_CONTROL != 0u)
 151:.\Generated_Source\PSoC5/Surtidor_INT.c ****                     /* Disable RX interrupt mask, it will be enabled when user read data from the b
 152:.\Generated_Source\PSoC5/Surtidor_INT.c ****                         Surtidor_RXSTATUS_MASK_REG  &= (uint8)~Surtidor_RX_STS_FIFO_NOTEMPTY;
 153:.\Generated_Source\PSoC5/Surtidor_INT.c ****                         CyIntClearPending(Surtidor_RX_VECT_NUM);
 154:.\Generated_Source\PSoC5/Surtidor_INT.c ****                         break; /* Break the reading of the FIFO loop, leave the data there for gene
 155:.\Generated_Source\PSoC5/Surtidor_INT.c ****                     #endif /* End Surtidor_FLOW_CONTROL != 0 */
 156:.\Generated_Source\PSoC5/Surtidor_INT.c ****                 }
 157:.\Generated_Source\PSoC5/Surtidor_INT.c ****             }
 158:.\Generated_Source\PSoC5/Surtidor_INT.c **** 
 159:.\Generated_Source\PSoC5/Surtidor_INT.c ****             /* Check again if there is data. */
 160:.\Generated_Source\PSoC5/Surtidor_INT.c ****             readData = Surtidor_RXSTATUS_REG;
  59              		.loc 1 160 0
  60 0020 134C     		ldr	r4, .L7
  95:.\Generated_Source\PSoC5/Surtidor_INT.c ****         while((readData & Surtidor_RX_STS_FIFO_NOTEMPTY) != 0u)
  61              		.loc 1 95 0
  62 0022 1EE0     		b	.L2
  63              	.LVL2:
  64              	.L6:
 126:.\Generated_Source\PSoC5/Surtidor_INT.c ****                 Surtidor_rxBuffer[Surtidor_rxBufferWrite] = Surtidor_RXDATA_REG;
  65              		.loc 1 126 0
  66 0024 1A88     		ldrh	r2, [r3]
ARM GAS  C:\Users\RECEPC~1\AppData\Local\Temp\ccRFav9V.s 			page 5


  67              	.LVL3:
  68 0026 92B2     		uxth	r2, r2
  69 0028 3978     		ldrb	r1, [r7]	@ zero_extendqisi2
  70 002a C9B2     		uxtb	r1, r1
  71 002c B154     		strb	r1, [r6, r2]
  72              	.LVL4:
 133:.\Generated_Source\PSoC5/Surtidor_INT.c ****                 if(Surtidor_rxBufferLoopDetect != 0u)
  73              		.loc 1 133 0
  74 002e 0278     		ldrb	r2, [r0]	@ zero_extendqisi2
  75 0030 12F0FF0F 		tst	r2, #255
  76 0034 01D0     		beq	.L3
 135:.\Generated_Source\PSoC5/Surtidor_INT.c ****                     Surtidor_rxBufferOverflow = 1u;
  77              		.loc 1 135 0
  78 0036 89F800C0 		strb	ip, [r9]
  79              	.L3:
 138:.\Generated_Source\PSoC5/Surtidor_INT.c ****                 Surtidor_rxBufferWrite++;
  80              		.loc 1 138 0
  81 003a 1A88     		ldrh	r2, [r3]
  82 003c 0132     		adds	r2, r2, #1
  83 003e 92B2     		uxth	r2, r2
  84 0040 1A80     		strh	r2, [r3]	@ movhi
 141:.\Generated_Source\PSoC5/Surtidor_INT.c ****                 if(Surtidor_rxBufferWrite >= Surtidor_RXBUFFERSIZE)
  85              		.loc 1 141 0
  86 0042 1A88     		ldrh	r2, [r3]
  87 0044 92B2     		uxth	r2, r2
  88 0046 FF2A     		cmp	r2, #255
  89 0048 01D9     		bls	.L4
 143:.\Generated_Source\PSoC5/Surtidor_INT.c ****                     Surtidor_rxBufferWrite = 0u;
  90              		.loc 1 143 0
  91 004a A3F80080 		strh	r8, [r3]	@ movhi
  92              	.L4:
 146:.\Generated_Source\PSoC5/Surtidor_INT.c ****                 if(Surtidor_rxBufferWrite == Surtidor_rxBufferRead)
  93              		.loc 1 146 0
  94 004e 1988     		ldrh	r1, [r3]
  95 0050 89B2     		uxth	r1, r1
  96 0052 2A88     		ldrh	r2, [r5]
  97 0054 92B2     		uxth	r2, r2
  98 0056 9142     		cmp	r1, r2
  99 0058 01D1     		bne	.L5
 148:.\Generated_Source\PSoC5/Surtidor_INT.c ****                     Surtidor_rxBufferLoopDetect = 1u;
 100              		.loc 1 148 0
 101 005a 80F800C0 		strb	ip, [r0]
 102              	.L5:
 103              		.loc 1 160 0
 104 005e 2278     		ldrb	r2, [r4]	@ zero_extendqisi2
 105 0060 D2B2     		uxtb	r2, r2
 106              	.LVL5:
 107              	.L2:
  95:.\Generated_Source\PSoC5/Surtidor_INT.c ****         while((readData & Surtidor_RX_STS_FIFO_NOTEMPTY) != 0u)
 108              		.loc 1 95 0 discriminator 1
 109 0062 12F0200F 		tst	r2, #32
 110 0066 DDD1     		bne	.L6
 161:.\Generated_Source\PSoC5/Surtidor_INT.c ****         }
 162:.\Generated_Source\PSoC5/Surtidor_INT.c **** 
 163:.\Generated_Source\PSoC5/Surtidor_INT.c ****         /* User code required at end of ISR (Optional) */
 164:.\Generated_Source\PSoC5/Surtidor_INT.c ****         /* `#START Surtidor_RXISR_END` */
 165:.\Generated_Source\PSoC5/Surtidor_INT.c **** 
ARM GAS  C:\Users\RECEPC~1\AppData\Local\Temp\ccRFav9V.s 			page 6


 166:.\Generated_Source\PSoC5/Surtidor_INT.c ****         /* `#END` */
 167:.\Generated_Source\PSoC5/Surtidor_INT.c **** 
 168:.\Generated_Source\PSoC5/Surtidor_INT.c ****         #if(CY_PSOC3)
 169:.\Generated_Source\PSoC5/Surtidor_INT.c ****             EA = int_en;
 170:.\Generated_Source\PSoC5/Surtidor_INT.c ****         #endif /* CY_PSOC3 */
 171:.\Generated_Source\PSoC5/Surtidor_INT.c **** 
 172:.\Generated_Source\PSoC5/Surtidor_INT.c ****     }
 111              		.loc 1 172 0
 112 0068 BDE8F003 		pop	{r4, r5, r6, r7, r8, r9}
 113 006c 7047     		bx	lr
 114              	.L8:
 115 006e 00BF     		.align	2
 116              	.L7:
 117 0070 6B640040 		.word	1073767531
 118 0074 00000000 		.word	Surtidor_rxBufferWrite
 119 0078 4C640040 		.word	1073767500
 120 007c 00000000 		.word	Surtidor_rxBuffer
 121 0080 00000000 		.word	Surtidor_rxBufferLoopDetect
 122 0084 00000000 		.word	Surtidor_rxBufferRead
 123 0088 00000000 		.word	Surtidor_rxBufferOverflow
 124              		.cfi_endproc
 125              	.LFE0:
 126              		.size	Surtidor_RXISR, .-Surtidor_RXISR
 127              		.text
 128              	.Letext0:
 129              		.file 2 ".\\Generated_Source\\PSoC5\\cytypes.h"
 130              		.file 3 ".\\Generated_Source\\PSoC5\\Surtidor.h"
 131              		.section	.debug_info,"",%progbits
 132              	.Ldebug_info0:
 133 0000 35010000 		.4byte	0x135
 134 0004 0400     		.2byte	0x4
 135 0006 00000000 		.4byte	.Ldebug_abbrev0
 136 000a 04       		.byte	0x4
 137 000b 01       		.uleb128 0x1
 138 000c 8B000000 		.4byte	.LASF23
 139 0010 01       		.byte	0x1
 140 0011 15010000 		.4byte	.LASF24
 141 0015 AB010000 		.4byte	.LASF25
 142 0019 00000000 		.4byte	.Ldebug_ranges0+0
 143 001d 00000000 		.4byte	0
 144 0021 00000000 		.4byte	.Ldebug_line0
 145 0025 02       		.uleb128 0x2
 146 0026 01       		.byte	0x1
 147 0027 06       		.byte	0x6
 148 0028 57010000 		.4byte	.LASF0
 149 002c 02       		.uleb128 0x2
 150 002d 01       		.byte	0x1
 151 002e 08       		.byte	0x8
 152 002f 7D000000 		.4byte	.LASF1
 153 0033 02       		.uleb128 0x2
 154 0034 02       		.byte	0x2
 155 0035 05       		.byte	0x5
 156 0036 E7010000 		.4byte	.LASF2
 157 003a 02       		.uleb128 0x2
 158 003b 02       		.byte	0x2
 159 003c 07       		.byte	0x7
 160 003d 44010000 		.4byte	.LASF3
ARM GAS  C:\Users\RECEPC~1\AppData\Local\Temp\ccRFav9V.s 			page 7


 161 0041 02       		.uleb128 0x2
 162 0042 04       		.byte	0x4
 163 0043 05       		.byte	0x5
 164 0044 0C010000 		.4byte	.LASF4
 165 0048 02       		.uleb128 0x2
 166 0049 04       		.byte	0x4
 167 004a 07       		.byte	0x7
 168 004b 4E000000 		.4byte	.LASF5
 169 004f 02       		.uleb128 0x2
 170 0050 08       		.byte	0x8
 171 0051 05       		.byte	0x5
 172 0052 00000000 		.4byte	.LASF6
 173 0056 02       		.uleb128 0x2
 174 0057 08       		.byte	0x8
 175 0058 07       		.byte	0x7
 176 0059 60000000 		.4byte	.LASF7
 177 005d 03       		.uleb128 0x3
 178 005e 04       		.byte	0x4
 179 005f 05       		.byte	0x5
 180 0060 696E7400 		.ascii	"int\000"
 181 0064 02       		.uleb128 0x2
 182 0065 04       		.byte	0x4
 183 0066 07       		.byte	0x7
 184 0067 0E000000 		.4byte	.LASF8
 185 006b 04       		.uleb128 0x4
 186 006c 48000000 		.4byte	.LASF9
 187 0070 02       		.byte	0x2
 188 0071 B4       		.byte	0xb4
 189 0072 2C000000 		.4byte	0x2c
 190 0076 04       		.uleb128 0x4
 191 0077 F1010000 		.4byte	.LASF10
 192 007b 02       		.byte	0x2
 193 007c B5       		.byte	0xb5
 194 007d 3A000000 		.4byte	0x3a
 195 0081 02       		.uleb128 0x2
 196 0082 04       		.byte	0x4
 197 0083 04       		.byte	0x4
 198 0084 77000000 		.4byte	.LASF11
 199 0088 02       		.uleb128 0x2
 200 0089 08       		.byte	0x8
 201 008a 04       		.byte	0x4
 202 008b 3D010000 		.4byte	.LASF12
 203 008f 02       		.uleb128 0x2
 204 0090 01       		.byte	0x1
 205 0091 08       		.byte	0x8
 206 0092 07010000 		.4byte	.LASF13
 207 0096 05       		.uleb128 0x5
 208 0097 43000000 		.4byte	.LASF14
 209 009b 02       		.byte	0x2
 210 009c 5E01     		.2byte	0x15e
 211 009e A2000000 		.4byte	0xa2
 212 00a2 06       		.uleb128 0x6
 213 00a3 6B000000 		.4byte	0x6b
 214 00a7 06       		.uleb128 0x6
 215 00a8 76000000 		.4byte	0x76
 216 00ac 02       		.uleb128 0x2
 217 00ad 04       		.byte	0x4
ARM GAS  C:\Users\RECEPC~1\AppData\Local\Temp\ccRFav9V.s 			page 8


 218 00ae 07       		.byte	0x7
 219 00af 27020000 		.4byte	.LASF15
 220 00b3 07       		.uleb128 0x7
 221 00b4 0F020000 		.4byte	.LASF26
 222 00b8 01       		.byte	0x1
 223 00b9 42       		.byte	0x42
 224 00ba 00000000 		.4byte	.LFB0
 225 00be 8C000000 		.4byte	.LFE0-.LFB0
 226 00c2 01       		.uleb128 0x1
 227 00c3 9C       		.byte	0x9c
 228 00c4 E7000000 		.4byte	0xe7
 229 00c8 08       		.uleb128 0x8
 230 00c9 1E020000 		.4byte	.LASF16
 231 00cd 01       		.byte	0x1
 232 00ce 44       		.byte	0x44
 233 00cf 6B000000 		.4byte	0x6b
 234 00d3 00000000 		.4byte	.LLST0
 235 00d7 08       		.uleb128 0x8
 236 00d8 1B000000 		.4byte	.LASF17
 237 00dc 01       		.byte	0x1
 238 00dd 45       		.byte	0x45
 239 00de 6B000000 		.4byte	0x6b
 240 00e2 1E000000 		.4byte	.LLST1
 241 00e6 00       		.byte	0
 242 00e7 09       		.uleb128 0x9
 243 00e8 6B000000 		.4byte	0x6b
 244 00ec F7000000 		.4byte	0xf7
 245 00f0 0A       		.uleb128 0xa
 246 00f1 AC000000 		.4byte	0xac
 247 00f5 FF       		.byte	0xff
 248 00f6 00       		.byte	0
 249 00f7 0B       		.uleb128 0xb
 250 00f8 99010000 		.4byte	.LASF18
 251 00fc 03       		.byte	0x3
 252 00fd 5201     		.2byte	0x152
 253 00ff 03010000 		.4byte	0x103
 254 0103 06       		.uleb128 0x6
 255 0104 E7000000 		.4byte	0xe7
 256 0108 0B       		.uleb128 0xb
 257 0109 2D000000 		.4byte	.LASF19
 258 010d 03       		.byte	0x3
 259 010e 5301     		.2byte	0x153
 260 0110 A7000000 		.4byte	0xa7
 261 0114 0B       		.uleb128 0xb
 262 0115 F8010000 		.4byte	.LASF20
 263 0119 03       		.byte	0x3
 264 011a 5401     		.2byte	0x154
 265 011c A7000000 		.4byte	0xa7
 266 0120 0B       		.uleb128 0xb
 267 0121 7D010000 		.4byte	.LASF21
 268 0125 03       		.byte	0x3
 269 0126 5501     		.2byte	0x155
 270 0128 A2000000 		.4byte	0xa2
 271 012c 0B       		.uleb128 0xb
 272 012d 63010000 		.4byte	.LASF22
 273 0131 03       		.byte	0x3
 274 0132 5601     		.2byte	0x156
ARM GAS  C:\Users\RECEPC~1\AppData\Local\Temp\ccRFav9V.s 			page 9


 275 0134 A2000000 		.4byte	0xa2
 276 0138 00       		.byte	0
 277              		.section	.debug_abbrev,"",%progbits
 278              	.Ldebug_abbrev0:
 279 0000 01       		.uleb128 0x1
 280 0001 11       		.uleb128 0x11
 281 0002 01       		.byte	0x1
 282 0003 25       		.uleb128 0x25
 283 0004 0E       		.uleb128 0xe
 284 0005 13       		.uleb128 0x13
 285 0006 0B       		.uleb128 0xb
 286 0007 03       		.uleb128 0x3
 287 0008 0E       		.uleb128 0xe
 288 0009 1B       		.uleb128 0x1b
 289 000a 0E       		.uleb128 0xe
 290 000b 55       		.uleb128 0x55
 291 000c 17       		.uleb128 0x17
 292 000d 11       		.uleb128 0x11
 293 000e 01       		.uleb128 0x1
 294 000f 10       		.uleb128 0x10
 295 0010 17       		.uleb128 0x17
 296 0011 00       		.byte	0
 297 0012 00       		.byte	0
 298 0013 02       		.uleb128 0x2
 299 0014 24       		.uleb128 0x24
 300 0015 00       		.byte	0
 301 0016 0B       		.uleb128 0xb
 302 0017 0B       		.uleb128 0xb
 303 0018 3E       		.uleb128 0x3e
 304 0019 0B       		.uleb128 0xb
 305 001a 03       		.uleb128 0x3
 306 001b 0E       		.uleb128 0xe
 307 001c 00       		.byte	0
 308 001d 00       		.byte	0
 309 001e 03       		.uleb128 0x3
 310 001f 24       		.uleb128 0x24
 311 0020 00       		.byte	0
 312 0021 0B       		.uleb128 0xb
 313 0022 0B       		.uleb128 0xb
 314 0023 3E       		.uleb128 0x3e
 315 0024 0B       		.uleb128 0xb
 316 0025 03       		.uleb128 0x3
 317 0026 08       		.uleb128 0x8
 318 0027 00       		.byte	0
 319 0028 00       		.byte	0
 320 0029 04       		.uleb128 0x4
 321 002a 16       		.uleb128 0x16
 322 002b 00       		.byte	0
 323 002c 03       		.uleb128 0x3
 324 002d 0E       		.uleb128 0xe
 325 002e 3A       		.uleb128 0x3a
 326 002f 0B       		.uleb128 0xb
 327 0030 3B       		.uleb128 0x3b
 328 0031 0B       		.uleb128 0xb
 329 0032 49       		.uleb128 0x49
 330 0033 13       		.uleb128 0x13
 331 0034 00       		.byte	0
ARM GAS  C:\Users\RECEPC~1\AppData\Local\Temp\ccRFav9V.s 			page 10


 332 0035 00       		.byte	0
 333 0036 05       		.uleb128 0x5
 334 0037 16       		.uleb128 0x16
 335 0038 00       		.byte	0
 336 0039 03       		.uleb128 0x3
 337 003a 0E       		.uleb128 0xe
 338 003b 3A       		.uleb128 0x3a
 339 003c 0B       		.uleb128 0xb
 340 003d 3B       		.uleb128 0x3b
 341 003e 05       		.uleb128 0x5
 342 003f 49       		.uleb128 0x49
 343 0040 13       		.uleb128 0x13
 344 0041 00       		.byte	0
 345 0042 00       		.byte	0
 346 0043 06       		.uleb128 0x6
 347 0044 35       		.uleb128 0x35
 348 0045 00       		.byte	0
 349 0046 49       		.uleb128 0x49
 350 0047 13       		.uleb128 0x13
 351 0048 00       		.byte	0
 352 0049 00       		.byte	0
 353 004a 07       		.uleb128 0x7
 354 004b 2E       		.uleb128 0x2e
 355 004c 01       		.byte	0x1
 356 004d 3F       		.uleb128 0x3f
 357 004e 19       		.uleb128 0x19
 358 004f 03       		.uleb128 0x3
 359 0050 0E       		.uleb128 0xe
 360 0051 3A       		.uleb128 0x3a
 361 0052 0B       		.uleb128 0xb
 362 0053 3B       		.uleb128 0x3b
 363 0054 0B       		.uleb128 0xb
 364 0055 27       		.uleb128 0x27
 365 0056 19       		.uleb128 0x19
 366 0057 11       		.uleb128 0x11
 367 0058 01       		.uleb128 0x1
 368 0059 12       		.uleb128 0x12
 369 005a 06       		.uleb128 0x6
 370 005b 40       		.uleb128 0x40
 371 005c 18       		.uleb128 0x18
 372 005d 9742     		.uleb128 0x2117
 373 005f 19       		.uleb128 0x19
 374 0060 01       		.uleb128 0x1
 375 0061 13       		.uleb128 0x13
 376 0062 00       		.byte	0
 377 0063 00       		.byte	0
 378 0064 08       		.uleb128 0x8
 379 0065 34       		.uleb128 0x34
 380 0066 00       		.byte	0
 381 0067 03       		.uleb128 0x3
 382 0068 0E       		.uleb128 0xe
 383 0069 3A       		.uleb128 0x3a
 384 006a 0B       		.uleb128 0xb
 385 006b 3B       		.uleb128 0x3b
 386 006c 0B       		.uleb128 0xb
 387 006d 49       		.uleb128 0x49
 388 006e 13       		.uleb128 0x13
ARM GAS  C:\Users\RECEPC~1\AppData\Local\Temp\ccRFav9V.s 			page 11


 389 006f 02       		.uleb128 0x2
 390 0070 17       		.uleb128 0x17
 391 0071 00       		.byte	0
 392 0072 00       		.byte	0
 393 0073 09       		.uleb128 0x9
 394 0074 01       		.uleb128 0x1
 395 0075 01       		.byte	0x1
 396 0076 49       		.uleb128 0x49
 397 0077 13       		.uleb128 0x13
 398 0078 01       		.uleb128 0x1
 399 0079 13       		.uleb128 0x13
 400 007a 00       		.byte	0
 401 007b 00       		.byte	0
 402 007c 0A       		.uleb128 0xa
 403 007d 21       		.uleb128 0x21
 404 007e 00       		.byte	0
 405 007f 49       		.uleb128 0x49
 406 0080 13       		.uleb128 0x13
 407 0081 2F       		.uleb128 0x2f
 408 0082 0B       		.uleb128 0xb
 409 0083 00       		.byte	0
 410 0084 00       		.byte	0
 411 0085 0B       		.uleb128 0xb
 412 0086 34       		.uleb128 0x34
 413 0087 00       		.byte	0
 414 0088 03       		.uleb128 0x3
 415 0089 0E       		.uleb128 0xe
 416 008a 3A       		.uleb128 0x3a
 417 008b 0B       		.uleb128 0xb
 418 008c 3B       		.uleb128 0x3b
 419 008d 05       		.uleb128 0x5
 420 008e 49       		.uleb128 0x49
 421 008f 13       		.uleb128 0x13
 422 0090 3F       		.uleb128 0x3f
 423 0091 19       		.uleb128 0x19
 424 0092 3C       		.uleb128 0x3c
 425 0093 19       		.uleb128 0x19
 426 0094 00       		.byte	0
 427 0095 00       		.byte	0
 428 0096 00       		.byte	0
 429              		.section	.debug_loc,"",%progbits
 430              	.Ldebug_loc0:
 431              	.LLST0:
 432 0000 0A000000 		.4byte	.LVL1
 433 0004 26000000 		.4byte	.LVL3
 434 0008 0100     		.2byte	0x1
 435 000a 52       		.byte	0x52
 436 000b 62000000 		.4byte	.LVL5
 437 000f 8C000000 		.4byte	.LFE0
 438 0013 0100     		.2byte	0x1
 439 0015 52       		.byte	0x52
 440 0016 00000000 		.4byte	0
 441 001a 00000000 		.4byte	0
 442              	.LLST1:
 443 001e 04000000 		.4byte	.LVL0
 444 0022 24000000 		.4byte	.LVL2
 445 0026 0200     		.2byte	0x2
ARM GAS  C:\Users\RECEPC~1\AppData\Local\Temp\ccRFav9V.s 			page 12


 446 0028 30       		.byte	0x30
 447 0029 9F       		.byte	0x9f
 448 002a 2E000000 		.4byte	.LVL4
 449 002e 62000000 		.4byte	.LVL5
 450 0032 0200     		.2byte	0x2
 451 0034 31       		.byte	0x31
 452 0035 9F       		.byte	0x9f
 453 0036 00000000 		.4byte	0
 454 003a 00000000 		.4byte	0
 455              		.section	.debug_aranges,"",%progbits
 456 0000 1C000000 		.4byte	0x1c
 457 0004 0200     		.2byte	0x2
 458 0006 00000000 		.4byte	.Ldebug_info0
 459 000a 04       		.byte	0x4
 460 000b 00       		.byte	0
 461 000c 0000     		.2byte	0
 462 000e 0000     		.2byte	0
 463 0010 00000000 		.4byte	.LFB0
 464 0014 8C000000 		.4byte	.LFE0-.LFB0
 465 0018 00000000 		.4byte	0
 466 001c 00000000 		.4byte	0
 467              		.section	.debug_ranges,"",%progbits
 468              	.Ldebug_ranges0:
 469 0000 00000000 		.4byte	.LFB0
 470 0004 8C000000 		.4byte	.LFE0
 471 0008 00000000 		.4byte	0
 472 000c 00000000 		.4byte	0
 473              		.section	.debug_line,"",%progbits
 474              	.Ldebug_line0:
 475 0000 99000000 		.section	.debug_str,"MS",%progbits,1
 475      02005900 
 475      00000201 
 475      FB0E0D00 
 475      01010101 
 476              	.LASF6:
 477 0000 6C6F6E67 		.ascii	"long long int\000"
 477      206C6F6E 
 477      6720696E 
 477      7400
 478              	.LASF8:
 479 000e 756E7369 		.ascii	"unsigned int\000"
 479      676E6564 
 479      20696E74 
 479      00
 480              	.LASF17:
 481 001b 696E6372 		.ascii	"increment_pointer\000"
 481      656D656E 
 481      745F706F 
 481      696E7465 
 481      7200
 482              	.LASF19:
 483 002d 53757274 		.ascii	"Surtidor_rxBufferRead\000"
 483      69646F72 
 483      5F727842 
 483      75666665 
 483      72526561 
 484              	.LASF14:
ARM GAS  C:\Users\RECEPC~1\AppData\Local\Temp\ccRFav9V.s 			page 13


 485 0043 72656738 		.ascii	"reg8\000"
 485      00
 486              	.LASF9:
 487 0048 75696E74 		.ascii	"uint8\000"
 487      3800
 488              	.LASF5:
 489 004e 6C6F6E67 		.ascii	"long unsigned int\000"
 489      20756E73 
 489      69676E65 
 489      6420696E 
 489      7400
 490              	.LASF7:
 491 0060 6C6F6E67 		.ascii	"long long unsigned int\000"
 491      206C6F6E 
 491      6720756E 
 491      7369676E 
 491      65642069 
 492              	.LASF11:
 493 0077 666C6F61 		.ascii	"float\000"
 493      7400
 494              	.LASF1:
 495 007d 756E7369 		.ascii	"unsigned char\000"
 495      676E6564 
 495      20636861 
 495      7200
 496              	.LASF23:
 497 008b 474E5520 		.ascii	"GNU C 4.8.4 20140526 (release) [ARM/embedded-4_8-br"
 497      4320342E 
 497      382E3420 
 497      32303134 
 497      30353236 
 498 00be 616E6368 		.ascii	"anch revision 211358] -mcpu=cortex-m3 -mthumb -g -O"
 498      20726576 
 498      6973696F 
 498      6E203231 
 498      31333538 
 499 00f1 67202D66 		.ascii	"g -ffunction-sections\000"
 499      66756E63 
 499      74696F6E 
 499      2D736563 
 499      74696F6E 
 500              	.LASF13:
 501 0107 63686172 		.ascii	"char\000"
 501      00
 502              	.LASF4:
 503 010c 6C6F6E67 		.ascii	"long int\000"
 503      20696E74 
 503      00
 504              	.LASF24:
 505 0115 2E5C4765 		.ascii	".\\Generated_Source\\PSoC5\\Surtidor_INT.c\000"
 505      6E657261 
 505      7465645F 
 505      536F7572 
 505      63655C50 
 506              	.LASF12:
 507 013d 646F7562 		.ascii	"double\000"
 507      6C6500
ARM GAS  C:\Users\RECEPC~1\AppData\Local\Temp\ccRFav9V.s 			page 14


 508              	.LASF3:
 509 0144 73686F72 		.ascii	"short unsigned int\000"
 509      7420756E 
 509      7369676E 
 509      65642069 
 509      6E7400
 510              	.LASF0:
 511 0157 7369676E 		.ascii	"signed char\000"
 511      65642063 
 511      68617200 
 512              	.LASF22:
 513 0163 53757274 		.ascii	"Surtidor_rxBufferOverflow\000"
 513      69646F72 
 513      5F727842 
 513      75666665 
 513      724F7665 
 514              	.LASF21:
 515 017d 53757274 		.ascii	"Surtidor_rxBufferLoopDetect\000"
 515      69646F72 
 515      5F727842 
 515      75666665 
 515      724C6F6F 
 516              	.LASF18:
 517 0199 53757274 		.ascii	"Surtidor_rxBuffer\000"
 517      69646F72 
 517      5F727842 
 517      75666665 
 517      7200
 518              	.LASF25:
 519 01ab 433A5C55 		.ascii	"C:\\Users\\Recepcion\\Documents\\NMUX\\Unificada\\U"
 519      73657273 
 519      5C526563 
 519      65706369 
 519      6F6E5C44 
 520 01d8 6E696669 		.ascii	"nificada.cydsn\000"
 520      63616461 
 520      2E637964 
 520      736E00
 521              	.LASF2:
 522 01e7 73686F72 		.ascii	"short int\000"
 522      7420696E 
 522      7400
 523              	.LASF10:
 524 01f1 75696E74 		.ascii	"uint16\000"
 524      313600
 525              	.LASF20:
 526 01f8 53757274 		.ascii	"Surtidor_rxBufferWrite\000"
 526      69646F72 
 526      5F727842 
 526      75666665 
 526      72577269 
 527              	.LASF26:
 528 020f 53757274 		.ascii	"Surtidor_RXISR\000"
 528      69646F72 
 528      5F525849 
 528      535200
 529              	.LASF16:
ARM GAS  C:\Users\RECEPC~1\AppData\Local\Temp\ccRFav9V.s 			page 15


 530 021e 72656164 		.ascii	"readData\000"
 530      44617461 
 530      00
 531              	.LASF15:
 532 0227 73697A65 		.ascii	"sizetype\000"
 532      74797065 
 532      00
 533              		.ident	"GCC: (GNU Tools for ARM Embedded Processors) 4.8.4 20140526 (release) [ARM/embedded-4_8-br
