Archive member included because of file (symbol)

.\CortexM3\ARM_GCC_484\Debug\Unificada.a(cyfitter_cfg.o)
                              .\CortexM3\ARM_GCC_484\Debug\Cm3Start.o (cyfitter_cfg)
.\CortexM3\ARM_GCC_484\Debug\Unificada.a(Surtidor.o)
                              .\CortexM3\ARM_GCC_484\Debug\main.o (Surtidor_Start)
.\CortexM3\ARM_GCC_484\Debug\Unificada.a(Surtidor_INT.o)
                              .\CortexM3\ARM_GCC_484\Debug\Unificada.a(Surtidor.o) (Surtidor_RXISR)
.\CortexM3\ARM_GCC_484\Debug\Unificada.a(Impresora.o)
                              .\CortexM3\ARM_GCC_484\Debug\main.o (Impresora_Start)
.\CortexM3\ARM_GCC_484\Debug\Unificada.a(Impresora_INT.o)
                              .\CortexM3\ARM_GCC_484\Debug\Unificada.a(Impresora.o) (Impresora_RXISR)
.\CortexM3\ARM_GCC_484\Debug\Unificada.a(PC.o)
                              .\CortexM3\ARM_GCC_484\Debug\main.o (PC_Start)
.\CortexM3\ARM_GCC_484\Debug\Unificada.a(PC_INT.o)
                              .\CortexM3\ARM_GCC_484\Debug\Unificada.a(PC.o) (PC_RXISR)
.\CortexM3\ARM_GCC_484\Debug\Unificada.a(I2C_1.o)
                              .\CortexM3\ARM_GCC_484\Debug\main.o (I2C_1_Start)
.\CortexM3\ARM_GCC_484\Debug\Unificada.a(I2C_1_INT.o)
                              .\CortexM3\ARM_GCC_484\Debug\Unificada.a(I2C_1.o) (I2C_1_ISR)
.\CortexM3\ARM_GCC_484\Debug\Unificada.a(I2C_1_PM.o)
                              .\CortexM3\ARM_GCC_484\Debug\Unificada.a(I2C_1.o) (I2C_1_backup)
.\CortexM3\ARM_GCC_484\Debug\Unificada.a(I2C_1_MASTER.o)
                              .\CortexM3\ARM_GCC_484\Debug\Unificada.a(I2C_1_INT.o) (I2C_1_mstrStatus)
.\CortexM3\ARM_GCC_484\Debug\Unificada.a(Pin_WP.o)
                              .\CortexM3\ARM_GCC_484\Debug\I2C.o (Pin_WP_Write)
.\CortexM3\ARM_GCC_484\Debug\Unificada.a(LCD_1.o)
                              .\CortexM3\ARM_GCC_484\Debug\main.o (LCD_1_Start)
.\CortexM3\ARM_GCC_484\Debug\Unificada.a(LCD_1_INT.o)
                              .\CortexM3\ARM_GCC_484\Debug\Unificada.a(LCD_1.o) (LCD_1_RXISR)
.\CortexM3\ARM_GCC_484\Debug\Unificada.a(LCD_2.o)
                              .\CortexM3\ARM_GCC_484\Debug\main.o (LCD_2_Start)
.\CortexM3\ARM_GCC_484\Debug\Unificada.a(LCD_2_INT.o)
                              .\CortexM3\ARM_GCC_484\Debug\Unificada.a(LCD_2.o) (LCD_2_RXISR)
.\CortexM3\ARM_GCC_484\Debug\Unificada.a(IB1.o)
                              .\CortexM3\ARM_GCC_484\Debug\ibuton.o (IB1_Write)
.\CortexM3\ARM_GCC_484\Debug\Unificada.a(IB2.o)
                              .\CortexM3\ARM_GCC_484\Debug\ibuton.o (IB2_Write)
.\CortexM3\ARM_GCC_484\Debug\Unificada.a(Timer_Animacion.o)
                              .\CortexM3\ARM_GCC_484\Debug\main.o (Timer_Animacion_Stop)
.\CortexM3\ARM_GCC_484\Debug\Unificada.a(isr_3.o)
                              .\CortexM3\ARM_GCC_484\Debug\main.o (isr_3_StartEx)
.\CortexM3\ARM_GCC_484\Debug\Unificada.a(Timer_Animacion2.o)
                              .\CortexM3\ARM_GCC_484\Debug\main.o (Timer_Animacion2_Stop)
.\CortexM3\ARM_GCC_484\Debug\Unificada.a(isr_4.o)
                              .\CortexM3\ARM_GCC_484\Debug\main.o (isr_4_StartEx)
.\CortexM3\ARM_GCC_484\Debug\Unificada.a(Timer_1.o)
                              .\CortexM3\ARM_GCC_484\Debug\Sonido.o (Timer_1_Stop)
.\CortexM3\ARM_GCC_484\Debug\Unificada.a(isr_1.o)
                              .\CortexM3\ARM_GCC_484\Debug\Sonido.o (isr_1_StartEx)
.\CortexM3\ARM_GCC_484\Debug\Unificada.a(VDAC8_1.o)
                              .\CortexM3\ARM_GCC_484\Debug\Sonido.o (VDAC8_1_Stop)
.\CortexM3\ARM_GCC_484\Debug\Unificada.a(Timer_2.o)
                              .\CortexM3\ARM_GCC_484\Debug\Sonido.o (Timer_2_Stop)
.\CortexM3\ARM_GCC_484\Debug\Unificada.a(isr_2.o)
                              .\CortexM3\ARM_GCC_484\Debug\Sonido.o (isr_2_StartEx)
.\CortexM3\ARM_GCC_484\Debug\Unificada.a(VDAC8_2.o)
                              .\CortexM3\ARM_GCC_484\Debug\Sonido.o (VDAC8_2_Stop)
.\CortexM3\ARM_GCC_484\Debug\Unificada.a(VDAC8_3.o)
                              .\CortexM3\ARM_GCC_484\Debug\main.o (VDAC8_3_Start)
.\CortexM3\ARM_GCC_484\Debug\Unificada.a(SDown.o)
                              .\CortexM3\ARM_GCC_484\Debug\main.o (SDown_Write)
.\CortexM3\ARM_GCC_484\Debug\Unificada.a(Impresora_IntClock.o)
                              .\CortexM3\ARM_GCC_484\Debug\Unificada.a(Impresora.o) (Impresora_IntClock_Start)
.\CortexM3\ARM_GCC_484\Debug\Unificada.a(PC_IntClock.o)
                              .\CortexM3\ARM_GCC_484\Debug\Unificada.a(PC.o) (PC_IntClock_Start)
.\CortexM3\ARM_GCC_484\Debug\Unificada.a(LCD_1_IntClock.o)
                              .\CortexM3\ARM_GCC_484\Debug\Unificada.a(LCD_1.o) (LCD_1_IntClock_Start)
.\CortexM3\ARM_GCC_484\Debug\Unificada.a(LCD_2_IntClock.o)
                              .\CortexM3\ARM_GCC_484\Debug\Unificada.a(LCD_2.o) (LCD_2_IntClock_Start)
.\CortexM3\ARM_GCC_484\Debug\Unificada.a(CyBootAsmGnu.o)
[...]
Memory Configuration

Name             Origin             Length             Attributes
rom              0x00000000         0x00040000         xr
ram              0x1fff8000         0x00010000         xrw
*default*        0x00000000         0xffffffff

Linker script and memory map

LOAD c:/program files (x86)/cypress/psoc creator/3.2/psoc creator/import/gnu/arm/4.8.4/bin/../lib/gcc/arm-none-eabi/4.8.4/armv7-m/crti.o
LOAD c:/program files (x86)/cypress/psoc creator/3.2/psoc creator/import/gnu/arm/4.8.4/bin/../lib/gcc/arm-none-eabi/4.8.4/armv7-m/crtbegin.o
LOAD c:/program files (x86)/cypress/psoc creator/3.2/psoc creator/import/gnu/arm/4.8.4/bin/../lib/gcc/arm-none-eabi/4.8.4/../../../../arm-none-eabi/lib/armv7-m/crt0.o
START GROUP
LOAD .\CortexM3\ARM_GCC_484\Debug\main.o
LOAD .\CortexM3\ARM_GCC_484\Debug\I2C.o
LOAD .\CortexM3\ARM_GCC_484\Debug\ibuton.o
LOAD .\CortexM3\ARM_GCC_484\Debug\LCD.o
LOAD .\CortexM3\ARM_GCC_484\Debug\Print.o
LOAD .\CortexM3\ARM_GCC_484\Debug\Protocolo.o
LOAD .\CortexM3\ARM_GCC_484\Debug\Sonido.o
LOAD .\CortexM3\ARM_GCC_484\Debug\cybootloader.o
LOAD .\CortexM3\ARM_GCC_484\Debug\cymetadata.o
LOAD .\CortexM3\ARM_GCC_484\Debug\Cm3Start.o
LOAD .\CortexM3\ARM_GCC_484\Debug\Unificada.a
LOAD C:\Program Files (x86)\Cypress\PSoC Creator\3.2\PSoC Creator\psoc\content\cycomponentlibrary\CyComponentLibrary.cylib\CortexM3\ARM_GCC_484\Debug\CyComponentLibrary.a
END GROUP
START GROUP
LOAD c:/program files (x86)/cypress/psoc creator/3.2/psoc creator/import/gnu/arm/4.8.4/bin/../lib/gcc/arm-none-eabi/4.8.4/armv7-m\libgcc.a
LOAD c:/program files (x86)/cypress/psoc creator/3.2/psoc creator/import/gnu/arm/4.8.4/bin/../lib/gcc/arm-none-eabi/4.8.4/../../../../arm-none-eabi/lib/armv7-m\libg_s.a
LOAD c:/program files (x86)/cypress/psoc creator/3.2/psoc creator/import/gnu/arm/4.8.4/bin/../lib/gcc/arm-none-eabi/4.8.4/../../../../arm-none-eabi/lib/armv7-m\libc_s.a
END GROUP
START GROUP
LOAD c:/program files (x86)/cypress/psoc creator/3.2/psoc creator/import/gnu/arm/4.8.4/bin/../lib/gcc/arm-none-eabi/4.8.4/armv7-m\libgcc.a
LOAD c:/program files (x86)/cypress/psoc creator/3.2/psoc creator/import/gnu/arm/4.8.4/bin/../lib/gcc/arm-none-eabi/4.8.4/../../../../arm-none-eabi/lib/armv7-m\libc_s.a
END GROUP
LOAD c:/program files (x86)/cypress/psoc creator/3.2/psoc creator/import/gnu/arm/4.8.4/bin/../lib/gcc/arm-none-eabi/4.8.4/armv7-m/crtend.o
LOAD c:/program files (x86)/cypress/psoc creator/3.2/psoc creator/import/gnu/arm/4.8.4/bin/../lib/gcc/arm-none-eabi/4.8.4/armv7-m/crtn.o
START GROUP
LOAD c:/program files (x86)/cypress/psoc creator/3.2/psoc creator/import/gnu/arm/4.8.4/bin/../lib/gcc/arm-none-eabi/4.8.4/armv7-m\libgcc.a
LOAD c:/program files (x86)/cypress/psoc creator/3.2/psoc creator/import/gnu/arm/4.8.4/bin/../lib/gcc/arm-none-eabi/4.8.4/../../../../arm-none-eabi/lib/armv7-m\libc.a
LOAD c:/program files (x86)/cypress/psoc creator/3.2/psoc creator/import/gnu/arm/4.8.4/bin/../lib/gcc/arm-none-eabi/4.8.4/../../../../arm-none-eabi/lib/armv7-m\libnosys.a
END GROUP
                0x00000000                CY_APPL_ORIGIN = 0x0
                0x00000100                CY_FLASH_ROW_SIZE = 0x100
                0x00000020                CY_ECC_ROW_SIZE = 0x20
                0x00000000                CY_EE_IN_BTLDR = 0x0
                0x00000001                CY_APPL_LOADABLE = 0x1
                0x00000800                CY_EE_SIZE = 0x800
                0x00000001                CY_APPL_NUM = 0x1
                0x00000001                CY_APPL_MAX = 0x1
                0x00000040                CY_METADATA_SIZE = 0x40
                0x1fff8af0                PROVIDE (__cy_heap_start, _end)
                0x00000001                PROVIDE (__cy_region_num, ((__cy_regions_end - __cy_regions) / 0x10))
                0x20008000                PROVIDE (__cy_stack, (ORIGIN (ram) + 0x10000))
                0x20007800                PROVIDE (__cy_heap_end, (__cy_stack - 0x800))

.cybootloader   0x00000000     0x2200
 *(.cybootloader)
 .cybootloader  0x00000000     0x2200 .\CortexM3\ARM_GCC_484\Debug\cybootloader.o
                0x00000000                cy_bootloader
                0x00002200                appl1_start = CY_APPL_ORIGIN?CY_APPL_ORIGIN:ALIGN (CY_FLASH_ROW_SIZE)
                0x00021000                appl2_start = (appl1_start + ALIGN ((((0x40000 - appl1_start) - (0x2 * CY_FLASH_ROW_SIZE)) / 0x2), CY_FLASH_ROW_SIZE))
                0x00002200                appl_start = (CY_APPL_NUM == 0x1)?appl1_start:appl2_start
                0x00000440                ecc_offset = ((appl_start / CY_FLASH_ROW_SIZE) * CY_ECC_ROW_SIZE)
                0x00000000                ee_offset = (CY_APPL_LOADABLE && ! (CY_EE_IN_BTLDR))?((CY_EE_SIZE / CY_APPL_MAX) * (CY_APPL_NUM - 0x1)):0x0
                0x00000800                ee_size = (CY_APPL_LOADABLE && ! (CY_EE_IN_BTLDR))?(CY_EE_SIZE / CY_APPL_MAX):CY_EE_SIZE
                0x00000440                PROVIDE (CY_ECC_OFFSET, ecc_offset)

.text           0x00002200    0x106fa
 CREATE_OBJECT_SYMBOLS
                0x00002200                PROVIDE (__cy_interrupt_vector, RomVectors)
 *(.romvectors)
 .romvectors    0x00002200       0x10 .\CortexM3\ARM_GCC_484\Debug\Cm3Start.o
                0x00002200                RomVectors
                0x00000001                ASSERT ((. != __cy_interrupt_vector), No interrupt vector)
                0x00000001                ASSERT (CY_APPL_ORIGIN?(SIZEOF (.cybootloader) <= CY_APPL_ORIGIN):0x1, Wrong image location)
                0x00002210                PROVIDE (__cy_reset, Reset)
 *(.text.Reset)
 .text.Reset    0x00002210        0x8 .\CortexM3\ARM_GCC_484\Debug\Cm3Start.o
                0x00002210                Reset
                0x00000001                ASSERT ((. != __cy_reset), No reset code)
 *(.dma_init)
                0x00000001                ASSERT ((((appl_start + .) <= 0x10000) || 0x1), DMA Init must be within the first 64k of flash)
 *(.text .text.* .gnu.linkonce.t.*)
 .text          0x00002218       0x54 c:/program files (x86)/cypress/psoc creator/3.2/psoc creator/import/gnu/arm/4.8.4/bin/../lib/gcc/arm-none-eabi/4.8.4/armv7-m/crtbegin.o
 .text.animacion
                0x0000226c       0x4c .\CortexM3\ARM_GCC_484\Debug\main.o
                0x0000226c                animacion
 .text.animacion2
                0x000022b8       0x4c .\CortexM3\ARM_GCC_484\Debug\main.o
                0x000022b8                animacion2
 .text.init     0x00002304      0x4a0 .\CortexM3\ARM_GCC_484\Debug\main.o
                0x00002304                init
 .text.init_surt
                0x000027a4       0x3c .\CortexM3\ARM_GCC_484\Debug\main.o
                0x000027a4                init_surt
 .text.error_op
                0x000027e0       0x5c .\CortexM3\ARM_GCC_484\Debug\main.o
                0x000027e0                error_op
 .text.polling_LCD1
                0x0000283c     0x3a9c .\CortexM3\ARM_GCC_484\Debug\main.o
                0x0000283c                polling_LCD1
 .text.polling_LCD2
                0x000062d8     0x3aec .\CortexM3\ARM_GCC_484\Debug\main.o
                0x000062d8                polling_LCD2
 .text.main     0x00009dc4       0x14 .\CortexM3\ARM_GCC_484\Debug\main.o
                0x00009dc4                main
 .text.leer_hora
                0x00009dd8       0x70 .\CortexM3\ARM_GCC_484\Debug\I2C.o
                0x00009dd8                leer_hora
 .text.leer_fecha
                0x00009e48       0x70 .\CortexM3\ARM_GCC_484\Debug\I2C.o
                0x00009e48                leer_fecha
 .text.write_hora
                0x00009eb8       0x5c .\CortexM3\ARM_GCC_484\Debug\I2C.o
                0x00009eb8                write_hora
 .text.write_fecha
                0x00009f14       0x64 .\CortexM3\ARM_GCC_484\Debug\I2C.o
                0x00009f14                write_fecha
 .text.write_eeprom
                0x00009f78       0x80 .\CortexM3\ARM_GCC_484\Debug\I2C.o
                0x00009f78                write_eeprom
 .text.leer_eeprom
                0x00009ff8       0x9c .\CortexM3\ARM_GCC_484\Debug\I2C.o
                0x00009ff8                leer_eeprom
 .text.write_psoc1
                0x0000a094       0x48 .\CortexM3\ARM_GCC_484\Debug\I2C.o
                0x0000a094                write_psoc1
 .text.touch_present
                0x0000a0dc       0x84 .\CortexM3\ARM_GCC_484\Debug\ibuton.o
                0x0000a0dc                touch_present
 .text.touch_write
                0x0000a160       0xe4 .\CortexM3\ARM_GCC_484\Debug\ibuton.o
                0x0000a160                touch_write
 .text.touch_read_byte
                0x0000a244       0x88 .\CortexM3\ARM_GCC_484\Debug\ibuton.o
                0x0000a244                touch_read_byte
 .text.touch_read_memoria
                0x0000a2cc      0x1b4 .\CortexM3\ARM_GCC_484\Debug\ibuton.o
                0x0000a2cc                touch_read_memoria
 .text.touch_write_memoria
                0x0000a480      0x320 .\CortexM3\ARM_GCC_484\Debug\ibuton.o
                0x0000a480                touch_write_memoria
 .text.crc_check
                0x0000a7a0       0x20 .\CortexM3\ARM_GCC_484\Debug\ibuton.o
                0x0000a7a0                crc_check
 .text.set_imagen
                0x0000a7c0       0x6c .\CortexM3\ARM_GCC_484\Debug\LCD.o
                0x0000a7c0                set_imagen
 .text.write_LCD
                0x0000a82c      0x100 .\CortexM3\ARM_GCC_484\Debug\LCD.o
                0x0000a82c                write_LCD
 .text.Hora_LCD
                0x0000a92c       0xb8 .\CortexM3\ARM_GCC_484\Debug\LCD.o
                0x0000a92c                Hora_LCD
 .text.Fecha_LCD
                0x0000a9e4       0xc4 .\CortexM3\ARM_GCC_484\Debug\LCD.o
                0x0000a9e4                Fecha_LCD
 .text.Nombre_LCD
                0x0000aaa8       0xf8 .\CortexM3\ARM_GCC_484\Debug\LCD.o
                0x0000aaa8                Nombre_LCD
 .text.Precio_LCD
                0x0000aba0       0xc0 .\CortexM3\ARM_GCC_484\Debug\LCD.o
                0x0000aba0                Precio_LCD
 .text.Grado_LCD
                0x0000ac60       0xb8 .\CortexM3\ARM_GCC_484\Debug\LCD.o
                0x0000ac60                Grado_LCD
 .text.direccion_LCD
                0x0000ad18      0x100 .\CortexM3\ARM_GCC_484\Debug\LCD.o
                0x0000ad18                direccion_LCD
 .text.lema1_LCD
                0x0000ae18      0x100 .\CortexM3\ARM_GCC_484\Debug\LCD.o
                0x0000ae18                lema1_LCD
 .text.lema2_LCD
                0x0000af18      0x100 .\CortexM3\ARM_GCC_484\Debug\LCD.o
                0x0000af18                lema2_LCD
 .text.telefono_LCD
                0x0000b018      0x100 .\CortexM3\ARM_GCC_484\Debug\LCD.o
                0x0000b018                telefono_LCD
 .text.nit_LCD  0x0000b118      0x100 .\CortexM3\ARM_GCC_484\Debug\LCD.o
                0x0000b118                nit_LCD
 .text.Cuenta_LCD
                0x0000b218       0xf8 .\CortexM3\ARM_GCC_484\Debug\LCD.o
                0x0000b218                Cuenta_LCD
 .text.Placa_LCD
                0x0000b310       0xfc .\CortexM3\ARM_GCC_484\Debug\LCD.o
                0x0000b310                Placa_LCD
 .text.writemini_LCD
                0x0000b40c      0x108 .\CortexM3\ARM_GCC_484\Debug\LCD.o
                0x0000b40c                writemini_LCD
 .text.operacion
                0x0000b514      0x140 .\CortexM3\ARM_GCC_484\Debug\Print.o
                0x0000b514                operacion
 .text.print_logo_k
                0x0000b654      0x210 .\CortexM3\ARM_GCC_484\Debug\Print.o
                0x0000b654                print_logo_k
 .text.print_logo_p
                0x0000b864      0x200 .\CortexM3\ARM_GCC_484\Debug\Print.o
                0x0000b864                print_logo_p
 .text.print_totales
                0x0000ba64      0x100 .\CortexM3\ARM_GCC_484\Debug\Print.o
                0x0000ba64                print_totales
 .text.print_totalesac
                0x0000bb64      0x120 .\CortexM3\ARM_GCC_484\Debug\Print.o
                0x0000bb64                print_totalesac
 .text.print_valor
                0x0000bc84       0x64 .\CortexM3\ARM_GCC_484\Debug\Print.o
                0x0000bc84                print_valor
 .text.imprimir
                0x0000bce8      0xfe4 .\CortexM3\ARM_GCC_484\Debug\Print.o
                0x0000bce8                imprimir
 .text.imprimir_corte
                0x0000cccc      0x730 .\CortexM3\ARM_GCC_484\Debug\Print.o
                0x0000cccc                imprimir_corte
 .text.ver_pos  0x0000d3fc       0x7c .\CortexM3\ARM_GCC_484\Debug\Protocolo.o
                0x0000d3fc                ver_pos
 .text.get_estado
                0x0000d478       0x28 .\CortexM3\ARM_GCC_484\Debug\Protocolo.o
                0x0000d478                get_estado
 .text.estado_ex
                0x0000d4a0       0xe8 .\CortexM3\ARM_GCC_484\Debug\Protocolo.o
                0x0000d4a0                estado_ex
 .text.venta    0x0000d588      0x1e8 .\CortexM3\ARM_GCC_484\Debug\Protocolo.o
                0x0000d588                venta
 .text.get_totales
                0x0000d770     0x2cf0 .\CortexM3\ARM_GCC_484\Debug\Protocolo.o
                0x0000d770                get_totales
 .text.programar
                0x00010460      0x4b4 .\CortexM3\ARM_GCC_484\Debug\Protocolo.o
                0x00010460                programar
 .text.cambiar_precio
                0x00010914      0x2b4 .\CortexM3\ARM_GCC_484\Debug\Protocolo.o
                0x00010914                cambiar_precio
 .text.Interrupcion_1
                0x00010bc8       0xd8 .\CortexM3\ARM_GCC_484\Debug\Sonido.o
                0x00010bc8                Interrupcion_1
 .text.Interrupcion_2
                0x00010ca0       0xe0 .\CortexM3\ARM_GCC_484\Debug\Sonido.o
                0x00010ca0                Interrupcion_2
 .text.sonido   0x00010d80       0x60 .\CortexM3\ARM_GCC_484\Debug\Sonido.o
                0x00010d80                sonido
 .text.IntDefaultHandler
                0x00010de0        0x4 .\CortexM3\ARM_GCC_484\Debug\Cm3Start.o
                0x00010de0                IntDefaultHandler
 .text.Start_c  0x00010de4       0x4c .\CortexM3\ARM_GCC_484\Debug\Cm3Start.o
                0x00010de4                Start_c
 .text.initialize_psoc
                0x00010e30       0x70 .\CortexM3\ARM_GCC_484\Debug\Cm3Start.o
                0x00010e30                initialize_psoc
 .text.CyClockStartupError
                0x00010ea0        0x4 .\CortexM3\ARM_GCC_484\Debug\Unificada.a(cyfitter_cfg.o)
 .text.cfg_write_bytes32
                0x00010ea4       0x34 .\CortexM3\ARM_GCC_484\Debug\Unificada.a(cyfitter_cfg.o)
 .text.AnalogSetDefault
                0x00010ed8       0x54 .\CortexM3\ARM_GCC_484\Debug\Unificada.a(cyfitter_cfg.o)
 .text.CYMEMZERO
                0x00010f2c        0xc .\CortexM3\ARM_GCC_484\Debug\Unificada.a(cyfitter_cfg.o)
 .text.ClockSetup
                0x00010f38      0x108 .\CortexM3\ARM_GCC_484\Debug\Unificada.a(cyfitter_cfg.o)
 .text.CYCONFIGCPY
                0x00011040        0x8 .\CortexM3\ARM_GCC_484\Debug\Unificada.a(cyfitter_cfg.o)
 .text.cyfitter_cfg
                0x00011048      0x17c .\CortexM3\ARM_GCC_484\Debug\Unificada.a(cyfitter_cfg.o)
                0x00011048                cyfitter_cfg
 .text.Surtidor_Init
                0x000111c4       0x3c .\CortexM3\ARM_GCC_484\Debug\Unificada.a(Surtidor.o)
                0x000111c4                Surtidor_Init
 .text.Surtidor_Enable
                0x00011200       0x3c .\CortexM3\ARM_GCC_484\Debug\Unificada.a(Surtidor.o)
                0x00011200                Surtidor_Enable
 .text.Surtidor_Start
                0x0001123c       0x1c .\CortexM3\ARM_GCC_484\Debug\Unificada.a(Surtidor.o)
                0x0001123c                Surtidor_Start
 .text.Surtidor_EnableRxInt
                0x00011258        0xc .\CortexM3\ARM_GCC_484\Debug\Unificada.a(Surtidor.o)
                0x00011258                Surtidor_EnableRxInt
 .text.Surtidor_DisableRxInt
                0x00011264        0xc .\CortexM3\ARM_GCC_484\Debug\Unificada.a(Surtidor.o)
                0x00011264                Surtidor_DisableRxInt
 .text.Surtidor_ReadRxData
                0x00011270       0x5c .\CortexM3\ARM_GCC_484\Debug\Unificada.a(Surtidor.o)
                0x00011270                Surtidor_ReadRxData
 .text.Surtidor_GetRxBufferSize
                0x000112cc       0x60 .\CortexM3\ARM_GCC_484\Debug\Unificada.a(Surtidor.o)
                0x000112cc                Surtidor_GetRxBufferSize
 .text.Surtidor_ClearRxBuffer
                0x0001132c       0x3c .\CortexM3\ARM_GCC_484\Debug\Unificada.a(Surtidor.o)
                0x0001132c                Surtidor_ClearRxBuffer
 .text.Surtidor_PutChar
                0x00011368       0x18 .\CortexM3\ARM_GCC_484\Debug\Unificada.a(Surtidor.o)
                0x00011368                Surtidor_PutChar
 .text.Surtidor_RXISR
                0x00011380       0x8c .\CortexM3\ARM_GCC_484\Debug\Unificada.a(Surtidor_INT.o)
                0x00011380                Surtidor_RXISR
 .text.Impresora_Init
                0x0001140c       0x3c .\CortexM3\ARM_GCC_484\Debug\Unificada.a(Impresora.o)
                0x0001140c                Impresora_Init
 .text.Impresora_Enable
                0x00011448       0x44 .\CortexM3\ARM_GCC_484\Debug\Unificada.a(Impresora.o)
                0x00011448                Impresora_Enable
 .text.Impresora_Start
                0x0001148c       0x1c .\CortexM3\ARM_GCC_484\Debug\Unificada.a(Impresora.o)
                0x0001148c                Impresora_Start
 .text.Impresora_EnableRxInt
                0x000114a8        0xc .\CortexM3\ARM_GCC_484\Debug\Unificada.a(Impresora.o)
                0x000114a8                Impresora_EnableRxInt
 .text.Impresora_RXISR
                0x000114b4       0x88 .\CortexM3\ARM_GCC_484\Debug\Unificada.a(Impresora_INT.o)
                0x000114b4                Impresora_RXISR
 .text.PC_Init  0x0001153c       0x3c .\CortexM3\ARM_GCC_484\Debug\Unificada.a(PC.o)
                0x0001153c                PC_Init
 .text.PC_Enable
                0x00011578       0x44 .\CortexM3\ARM_GCC_484\Debug\Unificada.a(PC.o)
                0x00011578                PC_Enable
 .text.PC_Start
                0x000115bc       0x1c .\CortexM3\ARM_GCC_484\Debug\Unificada.a(PC.o)
                0x000115bc                PC_Start
 .text.PC_EnableRxInt
                0x000115d8        0xc .\CortexM3\ARM_GCC_484\Debug\Unificada.a(PC.o)
                0x000115d8                PC_EnableRxInt
 .text.PC_RXISR
                0x000115e4       0x88 .\CortexM3\ARM_GCC_484\Debug\Unificada.a(PC_INT.o)
                0x000115e4                PC_RXISR
 .text.I2C_1_Init
                0x0001166c       0x58 .\CortexM3\ARM_GCC_484\Debug\Unificada.a(I2C_1.o)
                0x0001166c                I2C_1_Init
 .text.I2C_1_Enable
                0x000116c4       0x24 .\CortexM3\ARM_GCC_484\Debug\Unificada.a(I2C_1.o)
                0x000116c4                I2C_1_Enable
 .text.I2C_1_Start
                0x000116e8       0x28 .\CortexM3\ARM_GCC_484\Debug\Unificada.a(I2C_1.o)
                0x000116e8                I2C_1_Start
 .text.I2C_1_ISR
                0x00011710      0x2cc .\CortexM3\ARM_GCC_484\Debug\Unificada.a(I2C_1_INT.o)
                0x00011710                I2C_1_ISR
 .text.I2C_1_MasterSendStart
                0x000119dc       0x80 .\CortexM3\ARM_GCC_484\Debug\Unificada.a(I2C_1_MASTER.o)
                0x000119dc                I2C_1_MasterSendStart
 .text.I2C_1_MasterSendStop
                0x00011a5c       0x38 .\CortexM3\ARM_GCC_484\Debug\Unificada.a(I2C_1_MASTER.o)
                0x00011a5c                I2C_1_MasterSendStop
 .text.I2C_1_MasterWriteByte
                0x00011a94       0x58 .\CortexM3\ARM_GCC_484\Debug\Unificada.a(I2C_1_MASTER.o)
                0x00011a94                I2C_1_MasterWriteByte
 .text.I2C_1_MasterReadByte
                0x00011aec       0x58 .\CortexM3\ARM_GCC_484\Debug\Unificada.a(I2C_1_MASTER.o)
                0x00011aec                I2C_1_MasterReadByte
 .text.I2C_1_MasterClearStatus
                0x00011b44       0x10 .\CortexM3\ARM_GCC_484\Debug\Unificada.a(I2C_1_MASTER.o)
                0x00011b44                I2C_1_MasterClearStatus
 .text.I2C_1_MasterClearReadBuf
                0x00011b54       0x1c .\CortexM3\ARM_GCC_484\Debug\Unificada.a(I2C_1_MASTER.o)
                0x00011b54                I2C_1_MasterClearReadBuf
 .text.I2C_1_MasterClearWriteBuf
                0x00011b70       0x1c .\CortexM3\ARM_GCC_484\Debug\Unificada.a(I2C_1_MASTER.o)
                0x00011b70                I2C_1_MasterClearWriteBuf
 .text.I2C_1_Workaround
                0x00011b8c        0x4 .\CortexM3\ARM_GCC_484\Debug\Unificada.a(I2C_1_MASTER.o)
                0x00011b8c                I2C_1_Workaround
 .text.Pin_WP_Write
                0x00011b90       0x18 .\CortexM3\ARM_GCC_484\Debug\Unificada.a(Pin_WP.o)
                0x00011b90                Pin_WP_Write
 .text.LCD_1_Init
                0x00011ba8       0x3c .\CortexM3\ARM_GCC_484\Debug\Unificada.a(LCD_1.o)
                0x00011ba8                LCD_1_Init
 .text.LCD_1_Enable
                0x00011be4       0x44 .\CortexM3\ARM_GCC_484\Debug\Unificada.a(LCD_1.o)
                0x00011be4                LCD_1_Enable
 .text.LCD_1_Start
                0x00011c28       0x1c .\CortexM3\ARM_GCC_484\Debug\Unificada.a(LCD_1.o)
                0x00011c28                LCD_1_Start
 .text.LCD_1_EnableRxInt
                0x00011c44        0xc .\CortexM3\ARM_GCC_484\Debug\Unificada.a(LCD_1.o)
                0x00011c44                LCD_1_EnableRxInt
 .text.LCD_1_DisableRxInt
                0x00011c50        0xc .\CortexM3\ARM_GCC_484\Debug\Unificada.a(LCD_1.o)
                0x00011c50                LCD_1_DisableRxInt
 .text.LCD_1_GetRxBufferSize
                0x00011c5c       0x54 .\CortexM3\ARM_GCC_484\Debug\Unificada.a(LCD_1.o)
                0x00011c5c                LCD_1_GetRxBufferSize
 .text.LCD_1_ClearRxBuffer
                0x00011cb0       0x3c .\CortexM3\ARM_GCC_484\Debug\Unificada.a(LCD_1.o)
                0x00011cb0                LCD_1_ClearRxBuffer
 .text.LCD_1_PutChar
                0x00011cec       0x18 .\CortexM3\ARM_GCC_484\Debug\Unificada.a(LCD_1.o)
                0x00011cec                LCD_1_PutChar
 .text.LCD_1_RXISR
                0x00011d04       0x88 .\CortexM3\ARM_GCC_484\Debug\Unificada.a(LCD_1_INT.o)
                0x00011d04                LCD_1_RXISR
 .text.LCD_2_Init
                0x00011d8c       0x3c .\CortexM3\ARM_GCC_484\Debug\Unificada.a(LCD_2.o)
                0x00011d8c                LCD_2_Init
 .text.LCD_2_Enable
                0x00011dc8       0x44 .\CortexM3\ARM_GCC_484\Debug\Unificada.a(LCD_2.o)
                0x00011dc8                LCD_2_Enable
 .text.LCD_2_Start
                0x00011e0c       0x1c .\CortexM3\ARM_GCC_484\Debug\Unificada.a(LCD_2.o)
                0x00011e0c                LCD_2_Start
 .text.LCD_2_EnableRxInt
                0x00011e28        0xc .\CortexM3\ARM_GCC_484\Debug\Unificada.a(LCD_2.o)
                0x00011e28                LCD_2_EnableRxInt
 .text.LCD_2_DisableRxInt
                0x00011e34        0xc .\CortexM3\ARM_GCC_484\Debug\Unificada.a(LCD_2.o)
                0x00011e34                LCD_2_DisableRxInt
 .text.LCD_2_GetRxBufferSize
                0x00011e40       0x54 .\CortexM3\ARM_GCC_484\Debug\Unificada.a(LCD_2.o)
                0x00011e40                LCD_2_GetRxBufferSize
 .text.LCD_2_ClearRxBuffer
                0x00011e94       0x3c .\CortexM3\ARM_GCC_484\Debug\Unificada.a(LCD_2.o)
                0x00011e94                LCD_2_ClearRxBuffer
 .text.LCD_2_PutChar
                0x00011ed0       0x18 .\CortexM3\ARM_GCC_484\Debug\Unificada.a(LCD_2.o)
                0x00011ed0                LCD_2_PutChar
 .text.LCD_2_RXISR
                0x00011ee8       0x88 .\CortexM3\ARM_GCC_484\Debug\Unificada.a(LCD_2_INT.o)
                0x00011ee8                LCD_2_RXISR
 .text.IB1_Write
                0x00011f70       0x18 .\CortexM3\ARM_GCC_484\Debug\Unificada.a(IB1.o)
                0x00011f70                IB1_Write
 .text.IB1_Read
                0x00011f88       0x10 .\CortexM3\ARM_GCC_484\Debug\Unificada.a(IB1.o)
                0x00011f88                IB1_Read
 .text.IB2_Write
                0x00011f98       0x18 .\CortexM3\ARM_GCC_484\Debug\Unificada.a(IB2.o)
                0x00011f98                IB2_Write
 .text.IB2_Read
                0x00011fb0        0xc .\CortexM3\ARM_GCC_484\Debug\Unificada.a(IB2.o)
                0x00011fb0                IB2_Read
 .text.Timer_Animacion_Enable
                0x00011fbc       0x28 .\CortexM3\ARM_GCC_484\Debug\Unificada.a(Timer_Animacion.o)
                0x00011fbc                Timer_Animacion_Enable
 .text.Timer_Animacion_Stop
                0x00011fe4       0x28 .\CortexM3\ARM_GCC_484\Debug\Unificada.a(Timer_Animacion.o)
                0x00011fe4                Timer_Animacion_Stop
 .text.Timer_Animacion_SetInterruptMode
                0x0001200c        0xc .\CortexM3\ARM_GCC_484\Debug\Unificada.a(Timer_Animacion.o)
                0x0001200c                Timer_Animacion_SetInterruptMode
 .text.Timer_Animacion_ReadStatusRegister
                0x00012018        0xc .\CortexM3\ARM_GCC_484\Debug\Unificada.a(Timer_Animacion.o)
                0x00012018                Timer_Animacion_ReadStatusRegister
 .text.Timer_Animacion_WritePeriod
                0x00012024        0xc .\CortexM3\ARM_GCC_484\Debug\Unificada.a(Timer_Animacion.o)
                0x00012024                Timer_Animacion_WritePeriod
 .text.Timer_Animacion_WriteCounter
                0x00012030        0xc .\CortexM3\ARM_GCC_484\Debug\Unificada.a(Timer_Animacion.o)
                0x00012030                Timer_Animacion_WriteCounter
 .text.Timer_Animacion_Init
                0x0001203c       0x60 .\CortexM3\ARM_GCC_484\Debug\Unificada.a(Timer_Animacion.o)
                0x0001203c                Timer_Animacion_Init
 .text.Timer_Animacion_Start
                0x0001209c       0x1c .\CortexM3\ARM_GCC_484\Debug\Unificada.a(Timer_Animacion.o)
                0x0001209c                Timer_Animacion_Start
 .text.isr_3_SetVector
                0x000120b8       0x10 .\CortexM3\ARM_GCC_484\Debug\Unificada.a(isr_3.o)
                0x000120b8                isr_3_SetVector
 .text.isr_3_SetPriority
                0x000120c8       0x10 .\CortexM3\ARM_GCC_484\Debug\Unificada.a(isr_3.o)
                0x000120c8                isr_3_SetPriority
 .text.isr_3_Enable
                0x000120d8       0x10 .\CortexM3\ARM_GCC_484\Debug\Unificada.a(isr_3.o)
                0x000120d8                isr_3_Enable
 .text.isr_3_Disable
                0x000120e8       0x10 .\CortexM3\ARM_GCC_484\Debug\Unificada.a(isr_3.o)
                0x000120e8                isr_3_Disable
 .text.isr_3_StartEx
                0x000120f8       0x1c .\CortexM3\ARM_GCC_484\Debug\Unificada.a(isr_3.o)
                0x000120f8                isr_3_StartEx
 .text.isr_3_Stop
                0x00012114       0x14 .\CortexM3\ARM_GCC_484\Debug\Unificada.a(isr_3.o)
                0x00012114                isr_3_Stop
 .text.Timer_Animacion2_Enable
                0x00012128       0x28 .\CortexM3\ARM_GCC_484\Debug\Unificada.a(Timer_Animacion2.o)
                0x00012128                Timer_Animacion2_Enable
 .text.Timer_Animacion2_Stop
                0x00012150       0x28 .\CortexM3\ARM_GCC_484\Debug\Unificada.a(Timer_Animacion2.o)
                0x00012150                Timer_Animacion2_Stop
 .text.Timer_Animacion2_SetInterruptMode
                0x00012178        0xc .\CortexM3\ARM_GCC_484\Debug\Unificada.a(Timer_Animacion2.o)
                0x00012178                Timer_Animacion2_SetInterruptMode
 .text.Timer_Animacion2_ReadStatusRegister
                0x00012184        0xc .\CortexM3\ARM_GCC_484\Debug\Unificada.a(Timer_Animacion2.o)
                0x00012184                Timer_Animacion2_ReadStatusRegister
 .text.Timer_Animacion2_WritePeriod
                0x00012190        0xc .\CortexM3\ARM_GCC_484\Debug\Unificada.a(Timer_Animacion2.o)
                0x00012190                Timer_Animacion2_WritePeriod
 .text.Timer_Animacion2_WriteCounter
                0x0001219c        0xc .\CortexM3\ARM_GCC_484\Debug\Unificada.a(Timer_Animacion2.o)
                0x0001219c                Timer_Animacion2_WriteCounter
 .text.Timer_Animacion2_Init
                0x000121a8       0x60 .\CortexM3\ARM_GCC_484\Debug\Unificada.a(Timer_Animacion2.o)
                0x000121a8                Timer_Animacion2_Init
 .text.Timer_Animacion2_Start
                0x00012208       0x1c .\CortexM3\ARM_GCC_484\Debug\Unificada.a(Timer_Animacion2.o)
                0x00012208                Timer_Animacion2_Start
 .text.isr_4_SetVector
                0x00012224       0x10 .\CortexM3\ARM_GCC_484\Debug\Unificada.a(isr_4.o)
                0x00012224                isr_4_SetVector
 .text.isr_4_SetPriority
                0x00012234       0x10 .\CortexM3\ARM_GCC_484\Debug\Unificada.a(isr_4.o)
                0x00012234                isr_4_SetPriority
 .text.isr_4_Enable
                0x00012244       0x10 .\CortexM3\ARM_GCC_484\Debug\Unificada.a(isr_4.o)
                0x00012244                isr_4_Enable
 .text.isr_4_Disable
                0x00012254       0x10 .\CortexM3\ARM_GCC_484\Debug\Unificada.a(isr_4.o)
                0x00012254                isr_4_Disable
 .text.isr_4_StartEx
                0x00012264       0x1c .\CortexM3\ARM_GCC_484\Debug\Unificada.a(isr_4.o)
                0x00012264                isr_4_StartEx
 .text.isr_4_Stop
                0x00012280       0x14 .\CortexM3\ARM_GCC_484\Debug\Unificada.a(isr_4.o)
                0x00012280                isr_4_Stop
 .text.Timer_1_Enable
                0x00012294       0x10 .\CortexM3\ARM_GCC_484\Debug\Unificada.a(Timer_1.o)
                0x00012294                Timer_1_Enable
 .text.Timer_1_Stop
                0x000122a4       0x10 .\CortexM3\ARM_GCC_484\Debug\Unificada.a(Timer_1.o)
                0x000122a4                Timer_1_Stop
 .text.Timer_1_SetInterruptMode
                0x000122b4        0xc .\CortexM3\ARM_GCC_484\Debug\Unificada.a(Timer_1.o)
                0x000122b4                Timer_1_SetInterruptMode
 .text.Timer_1_ReadStatusRegister
                0x000122c0        0xc .\CortexM3\ARM_GCC_484\Debug\Unificada.a(Timer_1.o)
                0x000122c0                Timer_1_ReadStatusRegister
 .text.Timer_1_WritePeriod
                0x000122cc        0xc .\CortexM3\ARM_GCC_484\Debug\Unificada.a(Timer_1.o)
                0x000122cc                Timer_1_WritePeriod
 .text.Timer_1_ReadCapture
                0x000122d8        0xc .\CortexM3\ARM_GCC_484\Debug\Unificada.a(Timer_1.o)
                0x000122d8                Timer_1_ReadCapture
 .text.Timer_1_WriteCounter
                0x000122e4        0xc .\CortexM3\ARM_GCC_484\Debug\Unificada.a(Timer_1.o)
                0x000122e4                Timer_1_WriteCounter
 .text.Timer_1_ClearFIFO
                0x000122f0       0x14 .\CortexM3\ARM_GCC_484\Debug\Unificada.a(Timer_1.o)
                0x000122f0                Timer_1_ClearFIFO
 .text.Timer_1_Init
                0x00012304       0x30 .\CortexM3\ARM_GCC_484\Debug\Unificada.a(Timer_1.o)
                0x00012304                Timer_1_Init
 .text.Timer_1_Start
                0x00012334       0x1c .\CortexM3\ARM_GCC_484\Debug\Unificada.a(Timer_1.o)
                0x00012334                Timer_1_Start
 .text.isr_1_SetVector
                0x00012350        0xc .\CortexM3\ARM_GCC_484\Debug\Unificada.a(isr_1.o)
                0x00012350                isr_1_SetVector
 .text.isr_1_SetPriority
                0x0001235c       0x10 .\CortexM3\ARM_GCC_484\Debug\Unificada.a(isr_1.o)
                0x0001235c                isr_1_SetPriority
 .text.isr_1_Enable
                0x0001236c        0xc .\CortexM3\ARM_GCC_484\Debug\Unificada.a(isr_1.o)
                0x0001236c                isr_1_Enable
 .text.isr_1_Disable
                0x00012378        0xc .\CortexM3\ARM_GCC_484\Debug\Unificada.a(isr_1.o)
                0x00012378                isr_1_Disable
 .text.isr_1_StartEx
                0x00012384       0x1c .\CortexM3\ARM_GCC_484\Debug\Unificada.a(isr_1.o)
                0x00012384                isr_1_StartEx
 .text.VDAC8_1_Enable
                0x000123a0       0x1c .\CortexM3\ARM_GCC_484\Debug\Unificada.a(VDAC8_1.o)
                0x000123a0                VDAC8_1_Enable
 .text.VDAC8_1_Stop
                0x000123bc       0x1c .\CortexM3\ARM_GCC_484\Debug\Unificada.a(VDAC8_1.o)
                0x000123bc                VDAC8_1_Stop
 .text.VDAC8_1_SetSpeed
                0x000123d8       0x1c .\CortexM3\ARM_GCC_484\Debug\Unificada.a(VDAC8_1.o)
                0x000123d8                VDAC8_1_SetSpeed
 .text.VDAC8_1_SetValue
                0x000123f4        0xc .\CortexM3\ARM_GCC_484\Debug\Unificada.a(VDAC8_1.o)
                0x000123f4                VDAC8_1_SetValue
 .text.VDAC8_1_DacTrim
                0x00012400       0x20 .\CortexM3\ARM_GCC_484\Debug\Unificada.a(VDAC8_1.o)
                0x00012400                VDAC8_1_DacTrim
 .text.VDAC8_1_SetRange
                0x00012420       0x20 .\CortexM3\ARM_GCC_484\Debug\Unificada.a(VDAC8_1.o)
                0x00012420                VDAC8_1_SetRange
 .text.VDAC8_1_Init
                0x00012440       0x20 .\CortexM3\ARM_GCC_484\Debug\Unificada.a(VDAC8_1.o)
                0x00012440                VDAC8_1_Init
 .text.VDAC8_1_Start
                0x00012460       0x24 .\CortexM3\ARM_GCC_484\Debug\Unificada.a(VDAC8_1.o)
                0x00012460                VDAC8_1_Start
 .text.Timer_2_Enable
                0x00012484       0x10 .\CortexM3\ARM_GCC_484\Debug\Unificada.a(Timer_2.o)
                0x00012484                Timer_2_Enable
 .text.Timer_2_Stop
                0x00012494       0x10 .\CortexM3\ARM_GCC_484\Debug\Unificada.a(Timer_2.o)
                0x00012494                Timer_2_Stop
 .text.Timer_2_SetInterruptMode
                0x000124a4        0xc .\CortexM3\ARM_GCC_484\Debug\Unificada.a(Timer_2.o)
                0x000124a4                Timer_2_SetInterruptMode
 .text.Timer_2_ReadStatusRegister
                0x000124b0        0xc .\CortexM3\ARM_GCC_484\Debug\Unificada.a(Timer_2.o)
                0x000124b0                Timer_2_ReadStatusRegister
 .text.Timer_2_WritePeriod
                0x000124bc        0xc .\CortexM3\ARM_GCC_484\Debug\Unificada.a(Timer_2.o)
                0x000124bc                Timer_2_WritePeriod
 .text.Timer_2_ReadCapture
                0x000124c8        0xc .\CortexM3\ARM_GCC_484\Debug\Unificada.a(Timer_2.o)
                0x000124c8                Timer_2_ReadCapture
 .text.Timer_2_WriteCounter
                0x000124d4        0xc .\CortexM3\ARM_GCC_484\Debug\Unificada.a(Timer_2.o)
                0x000124d4                Timer_2_WriteCounter
 .text.Timer_2_ClearFIFO
                0x000124e0       0x14 .\CortexM3\ARM_GCC_484\Debug\Unificada.a(Timer_2.o)
                0x000124e0                Timer_2_ClearFIFO
 .text.Timer_2_Init
                0x000124f4       0x30 .\CortexM3\ARM_GCC_484\Debug\Unificada.a(Timer_2.o)
                0x000124f4                Timer_2_Init
 .text.Timer_2_Start
                0x00012524       0x1c .\CortexM3\ARM_GCC_484\Debug\Unificada.a(Timer_2.o)
                0x00012524                Timer_2_Start
 .text.isr_2_SetVector
                0x00012540        0xc .\CortexM3\ARM_GCC_484\Debug\Unificada.a(isr_2.o)
                0x00012540                isr_2_SetVector
 .text.isr_2_SetPriority
                0x0001254c       0x10 .\CortexM3\ARM_GCC_484\Debug\Unificada.a(isr_2.o)
                0x0001254c                isr_2_SetPriority
 .text.isr_2_Enable
                0x0001255c        0xc .\CortexM3\ARM_GCC_484\Debug\Unificada.a(isr_2.o)
                0x0001255c                isr_2_Enable
 .text.isr_2_Disable
                0x00012568        0xc .\CortexM3\ARM_GCC_484\Debug\Unificada.a(isr_2.o)
                0x00012568                isr_2_Disable
 .text.isr_2_StartEx
                0x00012574       0x1c .\CortexM3\ARM_GCC_484\Debug\Unificada.a(isr_2.o)
                0x00012574                isr_2_StartEx
 .text.VDAC8_2_Enable
                0x00012590       0x1c .\CortexM3\ARM_GCC_484\Debug\Unificada.a(VDAC8_2.o)
                0x00012590                VDAC8_2_Enable
 .text.VDAC8_2_Stop
                0x000125ac       0x1c .\CortexM3\ARM_GCC_484\Debug\Unificada.a(VDAC8_2.o)
                0x000125ac                VDAC8_2_Stop
 .text.VDAC8_2_SetSpeed
                0x000125c8       0x1c .\CortexM3\ARM_GCC_484\Debug\Unificada.a(VDAC8_2.o)
                0x000125c8                VDAC8_2_SetSpeed
 .text.VDAC8_2_SetValue
                0x000125e4        0xc .\CortexM3\ARM_GCC_484\Debug\Unificada.a(VDAC8_2.o)
                0x000125e4                VDAC8_2_SetValue
 .text.VDAC8_2_DacTrim
                0x000125f0       0x20 .\CortexM3\ARM_GCC_484\Debug\Unificada.a(VDAC8_2.o)
                0x000125f0                VDAC8_2_DacTrim
 .text.VDAC8_2_SetRange
                0x00012610       0x20 .\CortexM3\ARM_GCC_484\Debug\Unificada.a(VDAC8_2.o)
                0x00012610                VDAC8_2_SetRange
 .text.VDAC8_2_Init
                0x00012630       0x20 .\CortexM3\ARM_GCC_484\Debug\Unificada.a(VDAC8_2.o)
                0x00012630                VDAC8_2_Init
 .text.VDAC8_2_Start
                0x00012650       0x24 .\CortexM3\ARM_GCC_484\Debug\Unificada.a(VDAC8_2.o)
                0x00012650                VDAC8_2_Start
 .text.VDAC8_3_Enable
                0x00012674       0x1c .\CortexM3\ARM_GCC_484\Debug\Unificada.a(VDAC8_3.o)
                0x00012674                VDAC8_3_Enable
 .text.VDAC8_3_SetSpeed
                0x00012690       0x1c .\CortexM3\ARM_GCC_484\Debug\Unificada.a(VDAC8_3.o)
                0x00012690                VDAC8_3_SetSpeed
 .text.VDAC8_3_SetValue
                0x000126ac        0xc .\CortexM3\ARM_GCC_484\Debug\Unificada.a(VDAC8_3.o)
                0x000126ac                VDAC8_3_SetValue
 .text.VDAC8_3_DacTrim
                0x000126b8       0x20 .\CortexM3\ARM_GCC_484\Debug\Unificada.a(VDAC8_3.o)
                0x000126b8                VDAC8_3_DacTrim
 .text.VDAC8_3_SetRange
                0x000126d8       0x20 .\CortexM3\ARM_GCC_484\Debug\Unificada.a(VDAC8_3.o)
                0x000126d8                VDAC8_3_SetRange
 .text.VDAC8_3_Init
                0x000126f8       0x20 .\CortexM3\ARM_GCC_484\Debug\Unificada.a(VDAC8_3.o)
                0x000126f8                VDAC8_3_Init
 .text.VDAC8_3_Start
                0x00012718       0x24 .\CortexM3\ARM_GCC_484\Debug\Unificada.a(VDAC8_3.o)
                0x00012718                VDAC8_3_Start
 .text.SDown_Write
                0x0001273c       0x18 .\CortexM3\ARM_GCC_484\Debug\Unificada.a(SDown.o)
                0x0001273c                SDown_Write
 .text.Impresora_IntClock_Start
                0x00012754       0x1c .\CortexM3\ARM_GCC_484\Debug\Unificada.a(Impresora_IntClock.o)
                0x00012754                Impresora_IntClock_Start
 .text.PC_IntClock_Start
                0x00012770       0x1c .\CortexM3\ARM_GCC_484\Debug\Unificada.a(PC_IntClock.o)
                0x00012770                PC_IntClock_Start
 .text.LCD_1_IntClock_Start
                0x0001278c       0x1c .\CortexM3\ARM_GCC_484\Debug\Unificada.a(LCD_1_IntClock.o)
                0x0001278c                LCD_1_IntClock_Start
 .text.LCD_2_IntClock_Start
                0x000127a8       0x1c .\CortexM3\ARM_GCC_484\Debug\Unificada.a(LCD_2_IntClock.o)
                0x000127a8                LCD_2_IntClock_Start
 *fill*         0x000127c4        0x4 
 .text          0x000127c8       0x28 .\CortexM3\ARM_GCC_484\Debug\Unificada.a(CyBootAsmGnu.o)
                0x000127c8                CyDelayCycles
                0x000127dc                CyEnterCriticalSection
                0x000127e4                CyExitCriticalSection
 .text.CyHalt   0x000127f0        0x4 .\CortexM3\ARM_GCC_484\Debug\Unificada.a(CyLib.o)
                0x000127f0                CyHalt
 .text.CyDelay  0x000127f4       0x2c .\CortexM3\ARM_GCC_484\Debug\Unificada.a(CyLib.o)
                0x000127f4                CyDelay
 .text.CyDelayUs
                0x00012820       0x14 .\CortexM3\ARM_GCC_484\Debug\Unificada.a(CyLib.o)
                0x00012820                CyDelayUs
 .text.CyIntSetVector
                0x00012834       0x28 .\CortexM3\ARM_GCC_484\Debug\Unificada.a(CyLib.o)
                0x00012834                CyIntSetVector
 .text.CyIntSetPriority
                0x0001285c       0x30 .\CortexM3\ARM_GCC_484\Debug\Unificada.a(CyLib.o)
                0x0001285c                CyIntSetPriority
 .text.__libc_init_array
                0x0001288c       0x4c c:/program files (x86)/cypress/psoc creator/3.2/psoc creator/import/gnu/arm/4.8.4/bin/../lib/gcc/arm-none-eabi/4.8.4/../../../../arm-none-eabi/lib/armv7-m\libg_s.a(lib_a-init.o)
                0x0001288c                __libc_init_array
 .text.memcpy   0x000128d8       0x12 c:/program files (x86)/cypress/psoc creator/3.2/psoc creator/import/gnu/arm/4.8.4/bin/../lib/gcc/arm-none-eabi/4.8.4/../../../../arm-none-eabi/lib/armv7-m\libg_s.a(lib_a-memcpy-stub.o)
                0x000128d8                memcpy
 .text.memset   0x000128ea       0x10 c:/program files (x86)/cypress/psoc creator/3.2/psoc creator/import/gnu/arm/4.8.4/bin/../lib/gcc/arm-none-eabi/4.8.4/../../../../arm-none-eabi/lib/armv7-m\libg_s.a(lib_a-memset.o)
                0x000128ea                memset
 *(.plt)
 *(.gnu.warning)
 *(.glue_7t)
 .glue_7t       0x00000000        0x0 linker stubs
 *(.glue_7)
 .glue_7        0x00000000        0x0 linker stubs
 *(.vfp11_veneer)
 .vfp11_veneer  0x00000000        0x0 linker stubs
 *(.bootloader)
 *(.ARM.extab* .gnu.linkonce.armextab.*)
 *(.gcc_except_table)

.v4_bx          0x000128fc        0x0
 .v4_bx         0x00000000        0x0 linker stubs

.iplt           0x000128fc        0x0
 .iplt          0x00000000        0x0 c:/program files (x86)/cypress/psoc creator/3.2/psoc creator/import/gnu/arm/4.8.4/bin/../lib/gcc/arm-none-eabi/4.8.4/armv7-m/crtbegin.o

.eh_frame_hdr
 *(.eh_frame_hdr)

.eh_frame       0x000128fc        0x4
 *(.eh_frame)
 .eh_frame      0x000128fc        0x0 c:/program files (x86)/cypress/psoc creator/3.2/psoc creator/import/gnu/arm/4.8.4/bin/../lib/gcc/arm-none-eabi/4.8.4/armv7-m/crtbegin.o
 .eh_frame      0x000128fc        0x4 c:/program files (x86)/cypress/psoc creator/3.2/psoc creator/import/gnu/arm/4.8.4/bin/../lib/gcc/arm-none-eabi/4.8.4/armv7-m/crtend.o
                0x00012900                PROVIDE (__exidx_start, .)

.ARM.exidx
 *(.ARM.exidx* .gnu.linkonce.armexidx.*)
                0x00012900                __exidx_end = .

.rodata         0x00012900     0xeac8
 *(.rodata .rodata.* .gnu.linkonce.r.*)
 .rodata        0x00012900      0x100 .\CortexM3\ARM_GCC_484\Debug\LCD.o
 .rodata        0x00012a00     0x8370 .\CortexM3\ARM_GCC_484\Debug\Print.o
                0x00012a0c                biomax
                0x00012ff4                brio
                0x000135dc                cencosud
                0x00013bc4                ecospetrol
                0x000141ac                esso
                0x00014794                gulf
                0x00014d7c                mineroil
                0x00015130                mobil
                0x000154e4                petrobras
                0x00015acc                plus
                0x00015dc0                terpel
                0x000163a8                texaco
                0x00016990                zeus
                0x00016c84                petromil
                0x0001726c                biomax1
                0x0001761c                brio1
                0x000179cc                cencosud1
                0x00017d7c                ecospetrol1
                0x0001812c                esso1
                0x000184dc                gulf1
                0x0001888c                mineroil1
                0x00018c3c                mobil1
                0x00018fec                petrobras1
                0x0001939c                plus1
                0x0001974c                terpel1
                0x00019afc                texaco1
                0x00019eac                zeus1
                0x0001a25c                petromil1
                0x0001a60c                exito1
                0x0001a9bc                exito
 .rodata        0x0001ad70        0xc .\CortexM3\ARM_GCC_484\Debug\Protocolo.o
 .rodata        0x0001ad7c     0x65a8 .\CortexM3\ARM_GCC_484\Debug\Sonido.o
                0x0001ad7c                Extra
                0x0001cb94                Corriente
                0x0001f29c                Diesel
 .rodata        0x00021324       0x6c .\CortexM3\ARM_GCC_484\Debug\Unificada.a(cyfitter_cfg.o)
                0x00021390                . = ALIGN (0x4)
 *(.init)
 .init          0x00021390        0x4 c:/program files (x86)/cypress/psoc creator/3.2/psoc creator/import/gnu/arm/4.8.4/bin/../lib/gcc/arm-none-eabi/4.8.4/armv7-m/crti.o
                0x00021390                _init
 .init          0x00021394        0x8 c:/program files (x86)/cypress/psoc creator/3.2/psoc creator/import/gnu/arm/4.8.4/bin/../lib/gcc/arm-none-eabi/4.8.4/armv7-m/crtn.o
                0x0002139c                . = ALIGN (0x4)
                0x0002139c                __preinit_array_start = .
 *(.preinit_array)
                0x0002139c                __preinit_array_end = .
                0x0002139c                . = ALIGN (0x4)
                0x0002139c                __init_array_start = .
 *(SORT(.init_array.*))
 *(.init_array)
 .init_array    0x0002139c        0x4 c:/program files (x86)/cypress/psoc creator/3.2/psoc creator/import/gnu/arm/4.8.4/bin/../lib/gcc/arm-none-eabi/4.8.4/armv7-m/crtbegin.o
 .init_array    0x000213a0        0x4 .\CortexM3\ARM_GCC_484\Debug\Cm3Start.o
                0x000213a4                __init_array_end = .
                0x000213a4                . = ALIGN (0x4)
 *(.fini)
 .fini          0x000213a4        0x4 c:/program files (x86)/cypress/psoc creator/3.2/psoc creator/import/gnu/arm/4.8.4/bin/../lib/gcc/arm-none-eabi/4.8.4/armv7-m/crti.o
                0x000213a4                _fini
 .fini          0x000213a8        0x8 c:/program files (x86)/cypress/psoc creator/3.2/psoc creator/import/gnu/arm/4.8.4/bin/../lib/gcc/arm-none-eabi/4.8.4/armv7-m/crtn.o
                0x000213b0                . = ALIGN (0x4)
                0x000213b0                __fini_array_start = .
 *(.fini_array)
 .fini_array    0x000213b0        0x4 c:/program files (x86)/cypress/psoc creator/3.2/psoc creator/import/gnu/arm/4.8.4/bin/../lib/gcc/arm-none-eabi/4.8.4/armv7-m/crtbegin.o
 *(SORT(.fini_array.*))
                0x000213b4                __fini_array_end = .
                0x000213b4                . = ALIGN (0x4)
 *crtbegin.o(.ctors)
 *(EXCLUDE_FILE(*crtend.o) .ctors)
 *(SORT(.ctors.*))
 *crtend.o(.ctors)
                0x000213b4                . = ALIGN (0x4)
 *crtbegin.o(.dtors)
 *(EXCLUDE_FILE(*crtend.o) .dtors)
 *(SORT(.dtors.*))
 *crtend.o(.dtors)
                0x000213b4                . = ALIGN (0x4)
                0x000213b4                __cy_regions = .
                0x000213b4        0x4 LONG 0x213c8 __cy_region_init_ram
                0x000213b8        0x4 LONG 0x1fff8108 __cy_region_start_data
                0x000213bc        0x4 LONG 0x248 __cy_region_init_size_ram
                0x000213c0        0x4 LONG 0x7a0 __cy_region_zero_size_ram
                0x000213c4                __cy_regions_end = .
                0x000213c8                . = ALIGN (0x8)
 *fill*         0x000213c4        0x4 
                0x000213c8                _etext = .

.ramvectors     0x1fff8000      0x100
                0x1fff8000                __cy_region_start_ram = .
 *(.ramvectors)
 .ramvectors    0x1fff8000      0x100 .\CortexM3\ARM_GCC_484\Debug\Cm3Start.o
                0x1fff8000                CyRamVectors

.noinit         0x1fff8100        0x5
 *(.noinit)
 .noinit        0x1fff8100        0x4 .\CortexM3\ARM_GCC_484\Debug\Cm3Start.o
 .noinit        0x1fff8104        0x1 .\CortexM3\ARM_GCC_484\Debug\Unificada.a(CyLib.o)
                0x1fff8104                CyResetStatus

.data           0x1fff8108      0x248 load address 0x000213c8
                0x1fff8108                __cy_region_start_data = .
 *(.jcr)
 .jcr           0x1fff8108        0x0 c:/program files (x86)/cypress/psoc creator/3.2/psoc creator/import/gnu/arm/4.8.4/bin/../lib/gcc/arm-none-eabi/4.8.4/armv7-m/crtbegin.o
 .jcr           0x1fff8108        0x4 c:/program files (x86)/cypress/psoc creator/3.2/psoc creator/import/gnu/arm/4.8.4/bin/../lib/gcc/arm-none-eabi/4.8.4/armv7-m/crtend.o
 *(.got.plt)
 *(.got)
 *(.shdata)
 *(.data .data.* .gnu.linkonce.d.*)
 .data          0x1fff810c       0x54 .\CortexM3\ARM_GCC_484\Debug\main.o
                0x1fff810c                pasword_corte
                0x1fff8114                letras
                0x1fff8130                puk
                0x1fff8138                test
                0x1fff814c                serial
 .data          0x1fff8160      0x158 .\CortexM3\ARM_GCC_484\Debug\Print.o
                0x1fff8160                msn_din
                0x1fff8170                msn_vol
                0x1fff8180                msn_eds
                0x1fff8194                msn_nit
                0x1fff8198                msn_tel
                0x1fff819c                msn_numero
                0x1fff81a4                msn_fecha
                0x1fff81ac                msn_hora
                0x1fff81b4                msn_copia
                0x1fff81bc                msn_pos
                0x1fff81c8                msn_producto
                0x1fff81d4                msn_extra
                0x1fff81e0                msn_corriente
                0x1fff81ec                msn_diesel
                0x1fff81f8                msn_kero
                0x1fff8200                msn_ppu
                0x1fff8210                msn_placa
                0x1fff821c                msn_cuenta
                0x1fff8228                msn_km
                0x1fff8234                msn_id
                0x1fff8240                msn_idcorte
                0x1fff8250                msn_fcorte
                0x1fff8260                msn_hcorte
                0x1fff8270                msn_ufcorte
                0x1fff8288                msn_uhcorte
                0x1fff82a0                msn_consecutivo
 .data          0x1fff82b8       0x88 .\CortexM3\ARM_GCC_484\Debug\Protocolo.o
                0x1fff82b8                msn_tc
                0x1fff82cc                msn_lecact
                0x1fff82dc                msn_lecaan
                0x1fff82f0                msn_tventas
                0x1fff8304                msn_td
                0x1fff8314                msn_te
                0x1fff8324                msn_tk
                0x1fff8330                msn_totalcero
 .data          0x1fff8340       0x10 .\CortexM3\ARM_GCC_484\Debug\Unificada.a(CyLib.o)
                0x1fff8340                cydelay_32k_ms
                0x1fff8344                cydelay_freq_khz
                0x1fff8348                cydelay_freq_mhz
                0x1fff834c                cydelay_freq_hz
                0x1fff8350                . = ALIGN (0x8)
 *(.ram)
                0x1fff8350                _edata = .

.igot.plt       0x1fff8350        0x0 load address 0x00021610
 .igot.plt      0x00000000        0x0 c:/program files (x86)/cypress/psoc creator/3.2/psoc creator/import/gnu/arm/4.8.4/bin/../lib/gcc/arm-none-eabi/4.8.4/armv7-m/crtbegin.o

.bss            0x1fff8350      0x7a0 load address 0x00021610
                0x1fff8350                PROVIDE (__bss_start__, .)
 *(.shbss)
 *(.bss .bss.* .gnu.linkonce.b.*)
 .bss           0x1fff8350       0x1c c:/program files (x86)/cypress/psoc creator/3.2/psoc creator/import/gnu/arm/4.8.4/bin/../lib/gcc/arm-none-eabi/4.8.4/armv7-m/crtbegin.o
 .bss           0x1fff836c        0xa .\CortexM3\ARM_GCC_484\Debug\Unificada.a(Surtidor.o)
                0x1fff836c                Surtidor_initVar
                0x1fff836e                Surtidor_rxBufferRead
                0x1fff8370                Surtidor_rxBufferWrite
                0x1fff8372                Surtidor_rxBufferLoopDetect
                0x1fff8373                Surtidor_rxBufferOverflow
 .bss           0x1fff8376        0x6 .\CortexM3\ARM_GCC_484\Debug\Unificada.a(Impresora.o)
                0x1fff8376                Impresora_initVar
                0x1fff8377                Impresora_rxBufferRead
                0x1fff8378                Impresora_rxBufferWrite
                0x1fff8379                Impresora_rxBufferLoopDetect
                0x1fff837a                Impresora_rxBufferOverflow
 .bss           0x1fff837c        0x6 .\CortexM3\ARM_GCC_484\Debug\Unificada.a(PC.o)
                0x1fff837c                PC_initVar
                0x1fff837d                PC_rxBufferRead
                0x1fff837e                PC_rxBufferWrite
                0x1fff837f                PC_rxBufferLoopDetect
                0x1fff8380                PC_rxBufferOverflow
 .bss           0x1fff8382        0x1 .\CortexM3\ARM_GCC_484\Debug\Unificada.a(I2C_1.o)
                0x1fff8382                I2C_1_initVar
 .bss           0x1fff8383        0x6 .\CortexM3\ARM_GCC_484\Debug\Unificada.a(LCD_1.o)
                0x1fff8383                LCD_1_initVar
                0x1fff8384                LCD_1_rxBufferRead
                0x1fff8385                LCD_1_rxBufferWrite
                0x1fff8386                LCD_1_rxBufferLoopDetect
                0x1fff8387                LCD_1_rxBufferOverflow
 .bss           0x1fff8389        0x6 .\CortexM3\ARM_GCC_484\Debug\Unificada.a(LCD_2.o)
                0x1fff8389                LCD_2_initVar
                0x1fff838a                LCD_2_rxBufferRead
                0x1fff838b                LCD_2_rxBufferWrite
                0x1fff838c                LCD_2_rxBufferLoopDetect
                0x1fff838d                LCD_2_rxBufferOverflow
 .bss           0x1fff838f        0x1 .\CortexM3\ARM_GCC_484\Debug\Unificada.a(Timer_Animacion.o)
                0x1fff838f                Timer_Animacion_initVar
 .bss           0x1fff8390        0x1 .\CortexM3\ARM_GCC_484\Debug\Unificada.a(Timer_Animacion2.o)
                0x1fff8390                Timer_Animacion2_initVar
 .bss           0x1fff8391        0x1 .\CortexM3\ARM_GCC_484\Debug\Unificada.a(Timer_1.o)
                0x1fff8391                Timer_1_initVar
 .bss           0x1fff8392        0x1 .\CortexM3\ARM_GCC_484\Debug\Unificada.a(VDAC8_1.o)
                0x1fff8392                VDAC8_1_initVar
 .bss           0x1fff8393        0x1 .\CortexM3\ARM_GCC_484\Debug\Unificada.a(Timer_2.o)
                0x1fff8393                Timer_2_initVar
 .bss           0x1fff8394        0x1 .\CortexM3\ARM_GCC_484\Debug\Unificada.a(VDAC8_2.o)
                0x1fff8394                VDAC8_2_initVar
 .bss           0x1fff8395        0x1 .\CortexM3\ARM_GCC_484\Debug\Unificada.a(VDAC8_3.o)
                0x1fff8395                VDAC8_3_initVar
 *(COMMON)
 *fill*         0x1fff8396        0x2 
 COMMON         0x1fff8398      0x53d .\CortexM3\ARM_GCC_484\Debug\main.o
                0x1fff8398                lado
                0x1fff83a0                copia_recibo
                0x1fff83a2                flujo_LCD
                0x1fff83a3                comas1
                0x1fff83a4                kero
                0x1fff83a5                decimalD
                0x1fff83a8                x
                0x1fff83ac                modulo
                0x1fff853c                ok_LCD1
                0x1fff853e                id_corte
                0x1fff8540                extra2
                0x1fff8541                count_protector2
                0x1fff8542                ok_LCD2
                0x1fff8543                version
                0x1fff8544                versurt
                0x1fff8545                crc_total
                0x1fff8548                w
                0x1fff854c                bandera
                0x1fff854e                estado_0
                0x1fff854f                flujo_LCD2
                0x1fff8550                diesel
                0x1fff8551                teclas1
                0x1fff8552                comas2
                0x1fff8553                producto
                0x1fff8554                z
                0x1fff8558                buffer_i2c
                0x1fff8598                cont1
                0x1fff8599                teclado2
                0x1fff859a                count_protector
                0x1fff859b                teclado
                0x1fff859c                pos_ibutton
                0x1fff85a0                id_venta
                0x1fff85a6                ppux10
                0x1fff85a8                y
                0x1fff85ac                rventa2
                0x1fff8690                tipo_imp
                0x1fff8692                corriente2
                0x1fff8694                print1
                0x1fff8696                producto2
                0x1fff8697                diesel2
                0x1fff8698                Buffer_LCD1
                0x1fff8730                kero2
                0x1fff8731                teclas2
                0x1fff8734                print2
                0x1fff8738                rventa
                0x1fff881c                fecha_corte
                0x1fff8822                extra
                0x1fff8823                decimalV
                0x1fff8824                resultado
                0x1fff8834                no_venta
                0x1fff8838                producto1
                0x1fff883c                Buffer_LCD2
                0x1fff88d4                corriente
 *fill*         0x1fff88d5        0x3 
 COMMON         0x1fff88d8       0x10 .\CortexM3\ARM_GCC_484\Debug\Sonido.o
                0x1fff88d8                NextSample_2
                0x1fff88dc                i2
                0x1fff88e0                NextSample_1
                0x1fff88e4                i1
 COMMON         0x1fff88e8      0x100 .\CortexM3\ARM_GCC_484\Debug\Unificada.a(Surtidor.o)
                0x1fff88e8                Surtidor_rxBuffer
 COMMON         0x1fff89e8       0x64 .\CortexM3\ARM_GCC_484\Debug\Unificada.a(Impresora.o)
                0x1fff89e8                Impresora_rxBuffer
 COMMON         0x1fff8a4c       0x64 .\CortexM3\ARM_GCC_484\Debug\Unificada.a(PC.o)
                0x1fff8a4c                PC_rxBuffer
 COMMON         0x1fff8ab0        0x1 .\CortexM3\ARM_GCC_484\Debug\Unificada.a(I2C_1.o)
                0x1fff8ab0                I2C_1_state
 *fill*         0x1fff8ab1        0x3 
 COMMON         0x1fff8ab4       0x11 .\CortexM3\ARM_GCC_484\Debug\Unificada.a(I2C_1_MASTER.o)
                0x1fff8ab4                I2C_1_mstrWrBufIndex
                0x1fff8ab5                I2C_1_mstrControl
                0x1fff8ab6                I2C_1_mstrStatus
                0x1fff8ab7                I2C_1_mstrWrBufSize
                0x1fff8ab8                I2C_1_mstrRdBufIndex
                0x1fff8abc                I2C_1_mstrWrBufPtr
                0x1fff8ac0                I2C_1_mstrRdBufPtr
                0x1fff8ac4                I2C_1_mstrRdBufSize
 *fill*         0x1fff8ac5        0x3 
 COMMON         0x1fff8ac8       0x14 .\CortexM3\ARM_GCC_484\Debug\Unificada.a(LCD_1.o)
                0x1fff8ac8                LCD_1_rxBuffer
 COMMON         0x1fff8adc       0x14 .\CortexM3\ARM_GCC_484\Debug\Unificada.a(LCD_2.o)
                0x1fff8adc                LCD_2_rxBuffer
                0x1fff8af0                . = ALIGN (0x8)
 *(.ram.b)
                0x1fff8af0                _end = .
                0x1fff8af0                __end = .
                0x1fff8af0                PROVIDE (end, .)
                0x1fff8af0                PROVIDE (__bss_end__, .)
                0x000213c8                __cy_region_init_ram = LOADADDR (.data)
                0x00000248                __cy_region_init_size_ram = (_edata - ADDR (.data))
                0x000007a0                __cy_region_zero_size_ram = (_end - _edata)

.heap           0x1fff8af0       0x80 load address 0x00021610
                0x1fff8af0                . = _end
                0x1fff8b70                . = (. + 0x80)
 *fill*         0x1fff8af0       0x80 
                0x1fff8b70                __cy_heap_limit = .

.stack          0x20007800      0x800
                0x20007800                __cy_stack_limit = .
                0x20008000                . = (. + 0x800)
 *fill*         0x20007800      0x800 
                0x00000001                ASSERT ((__cy_stack_limit >= __cy_heap_limit), region RAM overflowed with stack)

.cyloadermeta   0xf0000000       0x40
 *(.cyloadermeta)
 .cyloadermeta  0xf0000000       0x40 .\CortexM3\ARM_GCC_484\Debug\cybootloader.o
                0xf0000000                cy_meta_loader

.cyloadablemeta
                0x0003ffc0       0x40
 *(.cyloadablemeta)
 .cyloadablemeta
                0x0003ffc0       0x40 .\CortexM3\ARM_GCC_484\Debug\cymetadata.o
                0x0003ffc0                cy_meta_loadable

.cyconfigecc    0x80000440     0x1068
 *(.cyconfigecc)
 .cyconfigecc   0x80000440     0x1068 .\CortexM3\ARM_GCC_484\Debug\cymetadata.o
                0x80000440                cy_meta_configecc

.cycustnvl      0x90000000        0x4
 *(.cycustnvl)
 .cycustnvl     0x90000000        0x4 .\CortexM3\ARM_GCC_484\Debug\cybootloader.o
                0x90000000                cy_meta_custnvl

.cywolatch      0x90100000        0x4
 *(.cywolatch)
 .cywolatch     0x90100000        0x4 .\CortexM3\ARM_GCC_484\Debug\cybootloader.o
                0x90100000                cy_meta_wonvl

.cyeeprom       0x90200000        0x0
 *(.cyeeprom)
                0x00000001                ASSERT ((. <= ((0x90200000 + ee_offset) + ee_size)), .cyeeprom data will not fit in EEPROM)

.cyflashprotect
                0x90400000      0x100
 *(.cyflashprotect)
 .cyflashprotect
                0x90400000      0x100 .\CortexM3\ARM_GCC_484\Debug\cybootloader.o
                0x90400000                cy_meta_flashprotect

.cymeta         0x90500000        0xc
 *(.cymeta)
 .cymeta        0x90500000        0xc .\CortexM3\ARM_GCC_484\Debug\cybootloader.o
                0x90500000                cy_metadata

.rel.dyn        0x00040000        0x0 load address 0x9050000c
 .rel.iplt      0x00000000        0x0 c:/program files (x86)/cypress/psoc creator/3.2/psoc creator/import/gnu/arm/4.8.4/bin/../lib/gcc/arm-none-eabi/4.8.4/armv7-m/crtbegin.o

.stab
 *(.stab)

.stabstr
 *(.stabstr)

.debug
 *(.debug)

.line
 *(.line)

.debug_srcinfo
 *(.debug_srcinfo)

.debug_sfnames
 *(.debug_sfnames)

.debug_aranges  0x00000000     0x1610
 *(.debug_aranges)
 .debug_aranges
                0x00000000       0x58 .\CortexM3\ARM_GCC_484\Debug\main.o
 .debug_aranges
                0x00000058       0x50 .\CortexM3\ARM_GCC_484\Debug\I2C.o
 .debug_aranges
                0x000000a8       0x48 .\CortexM3\ARM_GCC_484\Debug\ibuton.o
 .debug_aranges
                0x000000f0       0x90 .\CortexM3\ARM_GCC_484\Debug\LCD.o
 .debug_aranges
                0x00000180       0x58 .\CortexM3\ARM_GCC_484\Debug\Print.o
 .debug_aranges
                0x000001d8       0x60 .\CortexM3\ARM_GCC_484\Debug\Protocolo.o
 .debug_aranges
                0x00000238       0x30 .\CortexM3\ARM_GCC_484\Debug\Sonido.o
 .debug_aranges
                0x00000268       0x18 .\CortexM3\ARM_GCC_484\Debug\cybootloader.o
 .debug_aranges
                0x00000280       0x18 .\CortexM3\ARM_GCC_484\Debug\cymetadata.o
 .debug_aranges
                0x00000298       0x48 .\CortexM3\ARM_GCC_484\Debug\Cm3Start.o
 .debug_aranges
                0x000002e0       0x58 .\CortexM3\ARM_GCC_484\Debug\Unificada.a(cyfitter_cfg.o)
 .debug_aranges
                0x00000338      0x100 .\CortexM3\ARM_GCC_484\Debug\Unificada.a(Surtidor.o)
 .debug_aranges
                0x00000438       0x20 .\CortexM3\ARM_GCC_484\Debug\Unificada.a(Surtidor_INT.o)
 .debug_aranges
                0x00000458      0x100 .\CortexM3\ARM_GCC_484\Debug\Unificada.a(Impresora.o)
 .debug_aranges
                0x00000558       0x20 .\CortexM3\ARM_GCC_484\Debug\Unificada.a(Impresora_INT.o)
 .debug_aranges
                0x00000578      0x100 .\CortexM3\ARM_GCC_484\Debug\Unificada.a(PC.o)
 .debug_aranges
                0x00000678       0x20 .\CortexM3\ARM_GCC_484\Debug\Unificada.a(PC_INT.o)
 .debug_aranges
                0x00000698       0x38 .\CortexM3\ARM_GCC_484\Debug\Unificada.a(I2C_1.o)
 .debug_aranges
                0x000006d0       0x20 .\CortexM3\ARM_GCC_484\Debug\Unificada.a(I2C_1_INT.o)
 .debug_aranges
                0x000006f0       0x38 .\CortexM3\ARM_GCC_484\Debug\Unificada.a(I2C_1_PM.o)
 .debug_aranges
                0x00000728       0x88 .\CortexM3\ARM_GCC_484\Debug\Unificada.a(I2C_1_MASTER.o)
 .debug_aranges
                0x000007b0       0x38 .\CortexM3\ARM_GCC_484\Debug\Unificada.a(Pin_WP.o)
 .debug_aranges
                0x000007e8      0x100 .\CortexM3\ARM_GCC_484\Debug\Unificada.a(LCD_1.o)
 .debug_aranges
                0x000008e8       0x20 .\CortexM3\ARM_GCC_484\Debug\Unificada.a(LCD_1_INT.o)
 .debug_aranges
                0x00000908      0x100 .\CortexM3\ARM_GCC_484\Debug\Unificada.a(LCD_2.o)
 .debug_aranges
                0x00000a08       0x20 .\CortexM3\ARM_GCC_484\Debug\Unificada.a(LCD_2_INT.o)
 .debug_aranges
                0x00000a28       0x38 .\CortexM3\ARM_GCC_484\Debug\Unificada.a(IB1.o)
 .debug_aranges
                0x00000a60       0x38 .\CortexM3\ARM_GCC_484\Debug\Unificada.a(IB2.o)
 .debug_aranges
                0x00000a98       0x88 .\CortexM3\ARM_GCC_484\Debug\Unificada.a(Timer_Animacion.o)
 .debug_aranges
                0x00000b20       0x80 .\CortexM3\ARM_GCC_484\Debug\Unificada.a(isr_3.o)
 .debug_aranges
                0x00000ba0       0x88 .\CortexM3\ARM_GCC_484\Debug\Unificada.a(Timer_Animacion2.o)
 .debug_aranges
                0x00000c28       0x80 .\CortexM3\ARM_GCC_484\Debug\Unificada.a(isr_4.o)
 .debug_aranges
                0x00000ca8       0x90 .\CortexM3\ARM_GCC_484\Debug\Unificada.a(Timer_1.o)
 .debug_aranges
                0x00000d38       0x80 .\CortexM3\ARM_GCC_484\Debug\Unificada.a(isr_1.o)
 .debug_aranges
                0x00000db8       0x58 .\CortexM3\ARM_GCC_484\Debug\Unificada.a(VDAC8_1.o)
 .debug_aranges
                0x00000e10       0x90 .\CortexM3\ARM_GCC_484\Debug\Unificada.a(Timer_2.o)
 .debug_aranges
                0x00000ea0       0x80 .\CortexM3\ARM_GCC_484\Debug\Unificada.a(isr_2.o)
 .debug_aranges
                0x00000f20       0x58 .\CortexM3\ARM_GCC_484\Debug\Unificada.a(VDAC8_2.o)
 .debug_aranges
                0x00000f78       0x58 .\CortexM3\ARM_GCC_484\Debug\Unificada.a(VDAC8_3.o)
 .debug_aranges
                0x00000fd0       0x38 .\CortexM3\ARM_GCC_484\Debug\Unificada.a(SDown.o)
 .debug_aranges
                0x00001008       0x70 .\CortexM3\ARM_GCC_484\Debug\Unificada.a(Impresora_IntClock.o)
 .debug_aranges
                0x00001078       0x70 .\CortexM3\ARM_GCC_484\Debug\Unificada.a(PC_IntClock.o)
 .debug_aranges
                0x000010e8       0x70 .\CortexM3\ARM_GCC_484\Debug\Unificada.a(LCD_1_IntClock.o)
 .debug_aranges
                0x00001158       0x70 .\CortexM3\ARM_GCC_484\Debug\Unificada.a(LCD_2_IntClock.o)
 .debug_aranges
                0x000011c8       0x20 .\CortexM3\ARM_GCC_484\Debug\Unificada.a(CyBootAsmGnu.o)
 .debug_aranges
                0x000011e8      0x298 .\CortexM3\ARM_GCC_484\Debug\Unificada.a(CyLib.o)
 .debug_aranges
                0x00001480       0x98 .\CortexM3\ARM_GCC_484\Debug\Unificada.a(cyPm.o)
 .debug_aranges
                0x00001518       0x80 .\CortexM3\ARM_GCC_484\Debug\Unificada.a(CyFlash.o)
 .debug_aranges
                0x00001598       0x78 .\CortexM3\ARM_GCC_484\Debug\Unificada.a(CySpc.o)

.debug_pubnames
 *(.debug_pubnames)

.debug_info     0x00000000    0x1b1ff
 *(.debug_info .gnu.linkonce.wi.*)
 .debug_info    0x00000000     0x7c64 .\CortexM3\ARM_GCC_484\Debug\main.o
 .debug_info    0x00007c64      0xd1b .\CortexM3\ARM_GCC_484\Debug\I2C.o
 .debug_info    0x0000897f     0x139a .\CortexM3\ARM_GCC_484\Debug\ibuton.o
 .debug_info    0x00009d19     0x130c .\CortexM3\ARM_GCC_484\Debug\LCD.o
 .debug_info    0x0000b025     0x2a55 .\CortexM3\ARM_GCC_484\Debug\Print.o
 .debug_info    0x0000da7a     0x3798 .\CortexM3\ARM_GCC_484\Debug\Protocolo.o
 .debug_info    0x00011212      0x9fc .\CortexM3\ARM_GCC_484\Debug\Sonido.o
 .debug_info    0x00011c0e      0x164 .\CortexM3\ARM_GCC_484\Debug\cybootloader.o
 .debug_info    0x00011d72       0xd8 .\CortexM3\ARM_GCC_484\Debug\cymetadata.o
 .debug_info    0x00011e4a      0x39f .\CortexM3\ARM_GCC_484\Debug\Cm3Start.o
 .debug_info    0x000121e9      0x660 .\CortexM3\ARM_GCC_484\Debug\Unificada.a(cyfitter_cfg.o)
 .debug_info    0x00012849      0x788 .\CortexM3\ARM_GCC_484\Debug\Unificada.a(Surtidor.o)
 .debug_info    0x00012fd1      0x139 .\CortexM3\ARM_GCC_484\Debug\Unificada.a(Surtidor_INT.o)
 .debug_info    0x0001310a      0x7ae .\CortexM3\ARM_GCC_484\Debug\Unificada.a(Impresora.o)
 .debug_info    0x000138b8      0x129 .\CortexM3\ARM_GCC_484\Debug\Unificada.a(Impresora_INT.o)
 .debug_info    0x000139e1      0x7ae .\CortexM3\ARM_GCC_484\Debug\Unificada.a(PC.o)
 .debug_info    0x0001418f      0x129 .\CortexM3\ARM_GCC_484\Debug\Unificada.a(PC_INT.o)
 .debug_info    0x000142b8      0x2d4 .\CortexM3\ARM_GCC_484\Debug\Unificada.a(I2C_1.o)
 .debug_info    0x0001458c      0x191 .\CortexM3\ARM_GCC_484\Debug\Unificada.a(I2C_1_INT.o)
 .debug_info    0x0001471d      0x1ef .\CortexM3\ARM_GCC_484\Debug\Unificada.a(I2C_1_PM.o)
 .debug_info    0x0001490c      0x410 .\CortexM3\ARM_GCC_484\Debug\Unificada.a(I2C_1_MASTER.o)
 .debug_info    0x00014d1c      0x120 .\CortexM3\ARM_GCC_484\Debug\Unificada.a(Pin_WP.o)
 .debug_info    0x00014e3c      0x7ae .\CortexM3\ARM_GCC_484\Debug\Unificada.a(LCD_1.o)
 .debug_info    0x000155ea      0x129 .\CortexM3\ARM_GCC_484\Debug\Unificada.a(LCD_1_INT.o)
 .debug_info    0x00015713      0x7ae .\CortexM3\ARM_GCC_484\Debug\Unificada.a(LCD_2.o)
 .debug_info    0x00015ec1      0x129 .\CortexM3\ARM_GCC_484\Debug\Unificada.a(LCD_2_INT.o)
 .debug_info    0x00015fea      0x120 .\CortexM3\ARM_GCC_484\Debug\Unificada.a(IB1.o)
 .debug_info    0x0001610a      0x120 .\CortexM3\ARM_GCC_484\Debug\Unificada.a(IB2.o)
 .debug_info    0x0001622a      0x28c .\CortexM3\ARM_GCC_484\Debug\Unificada.a(Timer_Animacion.o)
 .debug_info    0x000164b6      0x2c7 .\CortexM3\ARM_GCC_484\Debug\Unificada.a(isr_3.o)
 .debug_info    0x0001677d      0x28c .\CortexM3\ARM_GCC_484\Debug\Unificada.a(Timer_Animacion2.o)
 .debug_info    0x00016a09      0x2c7 .\CortexM3\ARM_GCC_484\Debug\Unificada.a(isr_4.o)
 .debug_info    0x00016cd0      0x2c9 .\CortexM3\ARM_GCC_484\Debug\Unificada.a(Timer_1.o)
 .debug_info    0x00016f99      0x2c7 .\CortexM3\ARM_GCC_484\Debug\Unificada.a(isr_1.o)
 .debug_info    0x00017260      0x1dc .\CortexM3\ARM_GCC_484\Debug\Unificada.a(VDAC8_1.o)
 .debug_info    0x0001743c      0x2c9 .\CortexM3\ARM_GCC_484\Debug\Unificada.a(Timer_2.o)
 .debug_info    0x00017705      0x2c7 .\CortexM3\ARM_GCC_484\Debug\Unificada.a(isr_2.o)
 .debug_info    0x000179cc      0x1dc .\CortexM3\ARM_GCC_484\Debug\Unificada.a(VDAC8_2.o)
 .debug_info    0x00017ba8      0x1de .\CortexM3\ARM_GCC_484\Debug\Unificada.a(VDAC8_3.o)
 .debug_info    0x00017d86      0x120 .\CortexM3\ARM_GCC_484\Debug\Unificada.a(SDown.o)
 .debug_info    0x00017ea6      0x283 .\CortexM3\ARM_GCC_484\Debug\Unificada.a(Impresora_IntClock.o)
 .debug_info    0x00018129      0x283 .\CortexM3\ARM_GCC_484\Debug\Unificada.a(PC_IntClock.o)
 .debug_info    0x000183ac      0x283 .\CortexM3\ARM_GCC_484\Debug\Unificada.a(LCD_1_IntClock.o)
 .debug_info    0x0001862f      0x283 .\CortexM3\ARM_GCC_484\Debug\Unificada.a(LCD_2_IntClock.o)
 .debug_info    0x000188b2       0x8c .\CortexM3\ARM_GCC_484\Debug\Unificada.a(CyBootAsmGnu.o)
 .debug_info    0x0001893e     0x1373 .\CortexM3\ARM_GCC_484\Debug\Unificada.a(CyLib.o)
 .debug_info    0x00019cb1      0xa56 .\CortexM3\ARM_GCC_484\Debug\Unificada.a(cyPm.o)
 .debug_info    0x0001a707      0x60a .\CortexM3\ARM_GCC_484\Debug\Unificada.a(CyFlash.o)
 .debug_info    0x0001ad11      0x4ee .\CortexM3\ARM_GCC_484\Debug\Unificada.a(CySpc.o)

.debug_abbrev   0x00000000     0x406e
 *(.debug_abbrev)
 .debug_abbrev  0x00000000      0x1f3 .\CortexM3\ARM_GCC_484\Debug\main.o
 .debug_abbrev  0x000001f3      0x214 .\CortexM3\ARM_GCC_484\Debug\I2C.o
 .debug_abbrev  0x00000407      0x1f4 .\CortexM3\ARM_GCC_484\Debug\ibuton.o
 .debug_abbrev  0x000005fb      0x1a9 .\CortexM3\ARM_GCC_484\Debug\LCD.o
 .debug_abbrev  0x000007a4      0x209 .\CortexM3\ARM_GCC_484\Debug\Print.o
 .debug_abbrev  0x000009ad      0x241 .\CortexM3\ARM_GCC_484\Debug\Protocolo.o
 .debug_abbrev  0x00000bee      0x177 .\CortexM3\ARM_GCC_484\Debug\Sonido.o
 .debug_abbrev  0x00000d65       0x77 .\CortexM3\ARM_GCC_484\Debug\cybootloader.o
 .debug_abbrev  0x00000ddc       0x66 .\CortexM3\ARM_GCC_484\Debug\cymetadata.o
 .debug_abbrev  0x00000e42      0x20d .\CortexM3\ARM_GCC_484\Debug\Cm3Start.o
 .debug_abbrev  0x0000104f      0x22c .\CortexM3\ARM_GCC_484\Debug\Unificada.a(cyfitter_cfg.o)
 .debug_abbrev  0x0000127b      0x1dd .\CortexM3\ARM_GCC_484\Debug\Unificada.a(Surtidor.o)
 .debug_abbrev  0x00001458       0x97 .\CortexM3\ARM_GCC_484\Debug\Unificada.a(Surtidor_INT.o)
 .debug_abbrev  0x000014ef      0x1dd .\CortexM3\ARM_GCC_484\Debug\Unificada.a(Impresora.o)
 .debug_abbrev  0x000016cc       0x97 .\CortexM3\ARM_GCC_484\Debug\Unificada.a(Impresora_INT.o)
 .debug_abbrev  0x00001763      0x1dd .\CortexM3\ARM_GCC_484\Debug\Unificada.a(PC.o)
 .debug_abbrev  0x00001940       0x97 .\CortexM3\ARM_GCC_484\Debug\Unificada.a(PC_INT.o)
 .debug_abbrev  0x000019d7      0x159 .\CortexM3\ARM_GCC_484\Debug\Unificada.a(I2C_1.o)
 .debug_abbrev  0x00001b30       0xe8 .\CortexM3\ARM_GCC_484\Debug\Unificada.a(I2C_1_INT.o)
 .debug_abbrev  0x00001c18      0x12b .\CortexM3\ARM_GCC_484\Debug\Unificada.a(I2C_1_PM.o)
 .debug_abbrev  0x00001d43      0x149 .\CortexM3\ARM_GCC_484\Debug\Unificada.a(I2C_1_MASTER.o)
 .debug_abbrev  0x00001e8c       0x9d .\CortexM3\ARM_GCC_484\Debug\Unificada.a(Pin_WP.o)
 .debug_abbrev  0x00001f29      0x1dd .\CortexM3\ARM_GCC_484\Debug\Unificada.a(LCD_1.o)
 .debug_abbrev  0x00002106       0x97 .\CortexM3\ARM_GCC_484\Debug\Unificada.a(LCD_1_INT.o)
 .debug_abbrev  0x0000219d      0x1dd .\CortexM3\ARM_GCC_484\Debug\Unificada.a(LCD_2.o)
 .debug_abbrev  0x0000237a       0x97 .\CortexM3\ARM_GCC_484\Debug\Unificada.a(LCD_2_INT.o)
 .debug_abbrev  0x00002411       0x9d .\CortexM3\ARM_GCC_484\Debug\Unificada.a(IB1.o)
 .debug_abbrev  0x000024ae       0x9d .\CortexM3\ARM_GCC_484\Debug\Unificada.a(IB2.o)
 .debug_abbrev  0x0000254b      0x127 .\CortexM3\ARM_GCC_484\Debug\Unificada.a(Timer_Animacion.o)
 .debug_abbrev  0x00002672      0x157 .\CortexM3\ARM_GCC_484\Debug\Unificada.a(isr_3.o)
 .debug_abbrev  0x000027c9      0x127 .\CortexM3\ARM_GCC_484\Debug\Unificada.a(Timer_Animacion2.o)
 .debug_abbrev  0x000028f0      0x157 .\CortexM3\ARM_GCC_484\Debug\Unificada.a(isr_4.o)
 .debug_abbrev  0x00002a47      0x152 .\CortexM3\ARM_GCC_484\Debug\Unificada.a(Timer_1.o)
 .debug_abbrev  0x00002b99      0x157 .\CortexM3\ARM_GCC_484\Debug\Unificada.a(isr_1.o)
 .debug_abbrev  0x00002cf0      0x104 .\CortexM3\ARM_GCC_484\Debug\Unificada.a(VDAC8_1.o)
 .debug_abbrev  0x00002df4      0x152 .\CortexM3\ARM_GCC_484\Debug\Unificada.a(Timer_2.o)
 .debug_abbrev  0x00002f46      0x157 .\CortexM3\ARM_GCC_484\Debug\Unificada.a(isr_2.o)
 .debug_abbrev  0x0000309d      0x104 .\CortexM3\ARM_GCC_484\Debug\Unificada.a(VDAC8_2.o)
 .debug_abbrev  0x000031a1      0x104 .\CortexM3\ARM_GCC_484\Debug\Unificada.a(VDAC8_3.o)
 .debug_abbrev  0x000032a5       0x9d .\CortexM3\ARM_GCC_484\Debug\Unificada.a(SDown.o)
 .debug_abbrev  0x00003342      0x137 .\CortexM3\ARM_GCC_484\Debug\Unificada.a(Impresora_IntClock.o)
 .debug_abbrev  0x00003479      0x137 .\CortexM3\ARM_GCC_484\Debug\Unificada.a(PC_IntClock.o)
 .debug_abbrev  0x000035b0      0x137 .\CortexM3\ARM_GCC_484\Debug\Unificada.a(LCD_1_IntClock.o)
 .debug_abbrev  0x000036e7      0x137 .\CortexM3\ARM_GCC_484\Debug\Unificada.a(LCD_2_IntClock.o)
 .debug_abbrev  0x0000381e       0x14 .\CortexM3\ARM_GCC_484\Debug\Unificada.a(CyBootAsmGnu.o)
 .debug_abbrev  0x00003832      0x296 .\CortexM3\ARM_GCC_484\Debug\Unificada.a(CyLib.o)
 .debug_abbrev  0x00003ac8      0x1fa .\CortexM3\ARM_GCC_484\Debug\Unificada.a(cyPm.o)
 .debug_abbrev  0x00003cc2      0x1de .\CortexM3\ARM_GCC_484\Debug\Unificada.a(CyFlash.o)
 .debug_abbrev  0x00003ea0      0x1ce .\CortexM3\ARM_GCC_484\Debug\Unificada.a(CySpc.o)

.debug_line     0x00000000     0x8b01
 *(.debug_line)
 .debug_line    0x00000000     0x1587 .\CortexM3\ARM_GCC_484\Debug\main.o
 .debug_line    0x00001587      0x312 .\CortexM3\ARM_GCC_484\Debug\I2C.o
 .debug_line    0x00001899      0x3cd .\CortexM3\ARM_GCC_484\Debug\ibuton.o
 .debug_line    0x00001c66      0x62e .\CortexM3\ARM_GCC_484\Debug\LCD.o
 .debug_line    0x00002294      0xcd4 .\CortexM3\ARM_GCC_484\Debug\Print.o
 .debug_line    0x00002f68     0x15cb .\CortexM3\ARM_GCC_484\Debug\Protocolo.o
 .debug_line    0x00004533      0x259 .\CortexM3\ARM_GCC_484\Debug\Sonido.o
 .debug_line    0x0000478c       0x55 .\CortexM3\ARM_GCC_484\Debug\cybootloader.o
 .debug_line    0x000047e1       0x53 .\CortexM3\ARM_GCC_484\Debug\cymetadata.o
 .debug_line    0x00004834      0x237 .\CortexM3\ARM_GCC_484\Debug\Cm3Start.o
 .debug_line    0x00004a6b      0x216 .\CortexM3\ARM_GCC_484\Debug\Unificada.a(cyfitter_cfg.o)
 .debug_line    0x00004c81      0x324 .\CortexM3\ARM_GCC_484\Debug\Unificada.a(Surtidor.o)
 .debug_line    0x00004fa5       0x9d .\CortexM3\ARM_GCC_484\Debug\Unificada.a(Surtidor_INT.o)
 .debug_line    0x00005042      0x33d .\CortexM3\ARM_GCC_484\Debug\Unificada.a(Impresora.o)
 .debug_line    0x0000537f       0x9e .\CortexM3\ARM_GCC_484\Debug\Unificada.a(Impresora_INT.o)
 .debug_line    0x0000541d      0x32f .\CortexM3\ARM_GCC_484\Debug\Unificada.a(PC.o)
 .debug_line    0x0000574c       0x90 .\CortexM3\ARM_GCC_484\Debug\Unificada.a(PC_INT.o)
 .debug_line    0x000057dc       0xde .\CortexM3\ARM_GCC_484\Debug\Unificada.a(I2C_1.o)
 .debug_line    0x000058ba      0x12a .\CortexM3\ARM_GCC_484\Debug\Unificada.a(I2C_1_INT.o)
 .debug_line    0x000059e4       0xc4 .\CortexM3\ARM_GCC_484\Debug\Unificada.a(I2C_1_PM.o)
 .debug_line    0x00005aa8      0x20f .\CortexM3\ARM_GCC_484\Debug\Unificada.a(I2C_1_MASTER.o)
 .debug_line    0x00005cb7       0x95 .\CortexM3\ARM_GCC_484\Debug\Unificada.a(Pin_WP.o)
 .debug_line    0x00005d4c      0x335 .\CortexM3\ARM_GCC_484\Debug\Unificada.a(LCD_1.o)
 .debug_line    0x00006081       0x96 .\CortexM3\ARM_GCC_484\Debug\Unificada.a(LCD_1_INT.o)
 .debug_line    0x00006117      0x335 .\CortexM3\ARM_GCC_484\Debug\Unificada.a(LCD_2.o)
 .debug_line    0x0000644c       0x96 .\CortexM3\ARM_GCC_484\Debug\Unificada.a(LCD_2_INT.o)
 .debug_line    0x000064e2       0x92 .\CortexM3\ARM_GCC_484\Debug\Unificada.a(IB1.o)
 .debug_line    0x00006574       0x92 .\CortexM3\ARM_GCC_484\Debug\Unificada.a(IB2.o)
 .debug_line    0x00006606      0x15f .\CortexM3\ARM_GCC_484\Debug\Unificada.a(Timer_Animacion.o)
 .debug_line    0x00006765      0x14b .\CortexM3\ARM_GCC_484\Debug\Unificada.a(isr_3.o)
 .debug_line    0x000068b0      0x160 .\CortexM3\ARM_GCC_484\Debug\Unificada.a(Timer_Animacion2.o)
 .debug_line    0x00006a10      0x14b .\CortexM3\ARM_GCC_484\Debug\Unificada.a(isr_4.o)
 .debug_line    0x00006b5b      0x178 .\CortexM3\ARM_GCC_484\Debug\Unificada.a(Timer_1.o)
 .debug_line    0x00006cd3      0x14b .\CortexM3\ARM_GCC_484\Debug\Unificada.a(isr_1.o)
 .debug_line    0x00006e1e       0xe6 .\CortexM3\ARM_GCC_484\Debug\Unificada.a(VDAC8_1.o)
 .debug_line    0x00006f04      0x178 .\CortexM3\ARM_GCC_484\Debug\Unificada.a(Timer_2.o)
 .debug_line    0x0000707c      0x14b .\CortexM3\ARM_GCC_484\Debug\Unificada.a(isr_2.o)
 .debug_line    0x000071c7       0xe6 .\CortexM3\ARM_GCC_484\Debug\Unificada.a(VDAC8_2.o)
 .debug_line    0x000072ad       0xe6 .\CortexM3\ARM_GCC_484\Debug\Unificada.a(VDAC8_3.o)
 .debug_line    0x00007393       0x94 .\CortexM3\ARM_GCC_484\Debug\Unificada.a(SDown.o)
 .debug_line    0x00007427      0x1a2 .\CortexM3\ARM_GCC_484\Debug\Unificada.a(Impresora_IntClock.o)
 .debug_line    0x000075c9      0x19b .\CortexM3\ARM_GCC_484\Debug\Unificada.a(PC_IntClock.o)
 .debug_line    0x00007764      0x19e .\CortexM3\ARM_GCC_484\Debug\Unificada.a(LCD_1_IntClock.o)
 .debug_line    0x00007902      0x19e .\CortexM3\ARM_GCC_484\Debug\Unificada.a(LCD_2_IntClock.o)
 .debug_line    0x00007aa0       0x68 .\CortexM3\ARM_GCC_484\Debug\Unificada.a(CyBootAsmGnu.o)
 .debug_line    0x00007b08      0x818 .\CortexM3\ARM_GCC_484\Debug\Unificada.a(CyLib.o)
 .debug_line    0x00008320      0x366 .\CortexM3\ARM_GCC_484\Debug\Unificada.a(cyPm.o)
 .debug_line    0x00008686      0x233 .\CortexM3\ARM_GCC_484\Debug\Unificada.a(CyFlash.o)
 .debug_line    0x000088b9      0x248 .\CortexM3\ARM_GCC_484\Debug\Unificada.a(CySpc.o)

.debug_frame    0x00000000     0x3578
 *(.debug_frame)
 .debug_frame   0x00000000      0x118 .\CortexM3\ARM_GCC_484\Debug\main.o
 .debug_frame   0x00000118      0x100 .\CortexM3\ARM_GCC_484\Debug\I2C.o
 .debug_frame   0x00000218       0xe8 .\CortexM3\ARM_GCC_484\Debug\ibuton.o
 .debug_frame   0x00000300      0x224 .\CortexM3\ARM_GCC_484\Debug\LCD.o
 .debug_frame   0x00000524      0x154 .\CortexM3\ARM_GCC_484\Debug\Print.o
 .debug_frame   0x00000678      0x13c .\CortexM3\ARM_GCC_484\Debug\Protocolo.o
 .debug_frame   0x000007b4       0x64 .\CortexM3\ARM_GCC_484\Debug\Sonido.o
 .debug_frame   0x00000818       0xac .\CortexM3\ARM_GCC_484\Debug\Cm3Start.o
 .debug_frame   0x000008c4       0xe0 .\CortexM3\ARM_GCC_484\Debug\Unificada.a(cyfitter_cfg.o)
 .debug_frame   0x000009a4      0x284 .\CortexM3\ARM_GCC_484\Debug\Unificada.a(Surtidor.o)
 .debug_frame   0x00000c28       0x38 .\CortexM3\ARM_GCC_484\Debug\Unificada.a(Surtidor_INT.o)
 .debug_frame   0x00000c60      0x284 .\CortexM3\ARM_GCC_484\Debug\Unificada.a(Impresora.o)
 .debug_frame   0x00000ee4       0x38 .\CortexM3\ARM_GCC_484\Debug\Unificada.a(Impresora_INT.o)
 .debug_frame   0x00000f1c      0x284 .\CortexM3\ARM_GCC_484\Debug\Unificada.a(PC.o)
 .debug_frame   0x000011a0       0x38 .\CortexM3\ARM_GCC_484\Debug\Unificada.a(PC_INT.o)
 .debug_frame   0x000011d8       0x8c .\CortexM3\ARM_GCC_484\Debug\Unificada.a(I2C_1.o)
 .debug_frame   0x00001264       0x30 .\CortexM3\ARM_GCC_484\Debug\Unificada.a(I2C_1_INT.o)
 .debug_frame   0x00001294       0x74 .\CortexM3\ARM_GCC_484\Debug\Unificada.a(I2C_1_PM.o)
 .debug_frame   0x00001308      0x108 .\CortexM3\ARM_GCC_484\Debug\Unificada.a(I2C_1_MASTER.o)
 .debug_frame   0x00001410       0x50 .\CortexM3\ARM_GCC_484\Debug\Unificada.a(Pin_WP.o)
 .debug_frame   0x00001460      0x284 .\CortexM3\ARM_GCC_484\Debug\Unificada.a(LCD_1.o)
 .debug_frame   0x000016e4       0x38 .\CortexM3\ARM_GCC_484\Debug\Unificada.a(LCD_1_INT.o)
 .debug_frame   0x0000171c      0x284 .\CortexM3\ARM_GCC_484\Debug\Unificada.a(LCD_2.o)
 .debug_frame   0x000019a0       0x38 .\CortexM3\ARM_GCC_484\Debug\Unificada.a(LCD_2_INT.o)
 .debug_frame   0x000019d8       0x50 .\CortexM3\ARM_GCC_484\Debug\Unificada.a(IB1.o)
 .debug_frame   0x00001a28       0x50 .\CortexM3\ARM_GCC_484\Debug\Unificada.a(IB2.o)
 .debug_frame   0x00001a78      0x108 .\CortexM3\ARM_GCC_484\Debug\Unificada.a(Timer_Animacion.o)
 .debug_frame   0x00001b80      0x104 .\CortexM3\ARM_GCC_484\Debug\Unificada.a(isr_3.o)
 .debug_frame   0x00001c84      0x108 .\CortexM3\ARM_GCC_484\Debug\Unificada.a(Timer_Animacion2.o)
 .debug_frame   0x00001d8c      0x104 .\CortexM3\ARM_GCC_484\Debug\Unificada.a(isr_4.o)
 .debug_frame   0x00001e90      0x124 .\CortexM3\ARM_GCC_484\Debug\Unificada.a(Timer_1.o)
 .debug_frame   0x00001fb4      0x104 .\CortexM3\ARM_GCC_484\Debug\Unificada.a(isr_1.o)
 .debug_frame   0x000020b8       0xb4 .\CortexM3\ARM_GCC_484\Debug\Unificada.a(VDAC8_1.o)
 .debug_frame   0x0000216c      0x124 .\CortexM3\ARM_GCC_484\Debug\Unificada.a(Timer_2.o)
 .debug_frame   0x00002290      0x104 .\CortexM3\ARM_GCC_484\Debug\Unificada.a(isr_2.o)
 .debug_frame   0x00002394       0xb4 .\CortexM3\ARM_GCC_484\Debug\Unificada.a(VDAC8_2.o)
 .debug_frame   0x00002448       0xb4 .\CortexM3\ARM_GCC_484\Debug\Unificada.a(VDAC8_3.o)
 .debug_frame   0x000024fc       0x50 .\CortexM3\ARM_GCC_484\Debug\Unificada.a(SDown.o)
 .debug_frame   0x0000254c       0xe0 .\CortexM3\ARM_GCC_484\Debug\Unificada.a(Impresora_IntClock.o)
 .debug_frame   0x0000262c       0xe0 .\CortexM3\ARM_GCC_484\Debug\Unificada.a(PC_IntClock.o)
 .debug_frame   0x0000270c       0xe0 .\CortexM3\ARM_GCC_484\Debug\Unificada.a(LCD_1_IntClock.o)
 .debug_frame   0x000027ec       0xe0 .\CortexM3\ARM_GCC_484\Debug\Unificada.a(LCD_2_IntClock.o)
 .debug_frame   0x000028cc      0x730 .\CortexM3\ARM_GCC_484\Debug\Unificada.a(CyLib.o)
 .debug_frame   0x00002ffc      0x1fc .\CortexM3\ARM_GCC_484\Debug\Unificada.a(cyPm.o)
 .debug_frame   0x000031f8      0x17c .\CortexM3\ARM_GCC_484\Debug\Unificada.a(CyFlash.o)
 .debug_frame   0x00003374      0x148 .\CortexM3\ARM_GCC_484\Debug\Unificada.a(CySpc.o)
 .debug_frame   0x000034bc       0x20 c:/program files (x86)/cypress/psoc creator/3.2/psoc creator/import/gnu/arm/4.8.4/bin/../lib/gcc/arm-none-eabi/4.8.4/../../../../arm-none-eabi/lib/armv7-m\libg_s.a(lib_a-errno.o)
 .debug_frame   0x000034dc       0x28 c:/program files (x86)/cypress/psoc creator/3.2/psoc creator/import/gnu/arm/4.8.4/bin/../lib/gcc/arm-none-eabi/4.8.4/../../../../arm-none-eabi/lib/armv7-m\libg_s.a(lib_a-exit.o)
 .debug_frame   0x00003504       0x2c c:/program files (x86)/cypress/psoc creator/3.2/psoc creator/import/gnu/arm/4.8.4/bin/../lib/gcc/arm-none-eabi/4.8.4/../../../../arm-none-eabi/lib/armv7-m\libg_s.a(lib_a-init.o)
 .debug_frame   0x00003530       0x28 c:/program files (x86)/cypress/psoc creator/3.2/psoc creator/import/gnu/arm/4.8.4/bin/../lib/gcc/arm-none-eabi/4.8.4/../../../../arm-none-eabi/lib/armv7-m\libg_s.a(lib_a-memcpy-stub.o)
 .debug_frame   0x00003558       0x20 c:/program files (x86)/cypress/psoc creator/3.2/psoc creator/import/gnu/arm/4.8.4/bin/../lib/gcc/arm-none-eabi/4.8.4/../../../../arm-none-eabi/lib/armv7-m\libg_s.a(lib_a-memset.o)

.debug_str      0x00000000     0x41f6
 *(.debug_str)
 .debug_str     0x00000000      0x7d8 .\CortexM3\ARM_GCC_484\Debug\main.o
                                0x889 (size before relaxing)
 .debug_str     0x000007d8       0x94 .\CortexM3\ARM_GCC_484\Debug\I2C.o
                                0x50e (size before relaxing)
 .debug_str     0x0000086c       0x44 .\CortexM3\ARM_GCC_484\Debug\ibuton.o
                                0x4dc (size before relaxing)
 .debug_str     0x000008b0        0x8 .\CortexM3\ARM_GCC_484\Debug\LCD.o
                                0x4f8 (size before relaxing)
 .debug_str     0x000008b8      0x286 .\CortexM3\ARM_GCC_484\Debug\Print.o
                                0x6f8 (size before relaxing)
 .debug_str     0x00000b3e      0x104 .\CortexM3\ARM_GCC_484\Debug\Protocolo.o
                                0x5e3 (size before relaxing)
 .debug_str     0x00000c42      0x13a .\CortexM3\ARM_GCC_484\Debug\Sonido.o
                                0x57c (size before relaxing)
 .debug_str     0x00000d7c       0x84 .\CortexM3\ARM_GCC_484\Debug\cybootloader.o
                                0x1e1 (size before relaxing)
 .debug_str     0x00000e00       0x49 .\CortexM3\ARM_GCC_484\Debug\cymetadata.o
                                0x1a6 (size before relaxing)
 .debug_str     0x00000e49      0x153 .\CortexM3\ARM_GCC_484\Debug\Cm3Start.o
                                0x2e8 (size before relaxing)
 .debug_str     0x00000f9c      0x199 .\CortexM3\ARM_GCC_484\Debug\Unificada.a(cyfitter_cfg.o)
                                0x330 (size before relaxing)
 .debug_str     0x00001135      0x37d .\CortexM3\ARM_GCC_484\Debug\Unificada.a(Surtidor.o)
                                0x59f (size before relaxing)
 .debug_str     0x000014b2       0x52 .\CortexM3\ARM_GCC_484\Debug\Unificada.a(Surtidor_INT.o)
                                0x230 (size before relaxing)
 .debug_str     0x00001504      0x345 .\CortexM3\ARM_GCC_484\Debug\Unificada.a(Impresora.o)
                                0x5f4 (size before relaxing)
 .debug_str     0x00001849       0x39 .\CortexM3\ARM_GCC_484\Debug\Unificada.a(Impresora_INT.o)
                                0x230 (size before relaxing)
 .debug_str     0x00001882      0x249 .\CortexM3\ARM_GCC_484\Debug\Unificada.a(PC.o)
                                0x4ea (size before relaxing)
 .debug_str     0x00001acb       0x2b .\CortexM3\ARM_GCC_484\Debug\Unificada.a(PC_INT.o)
                                0x1ff (size before relaxing)
 .debug_str     0x00001af6       0xd3 .\CortexM3\ARM_GCC_484\Debug\Unificada.a(I2C_1.o)
                                0x2e2 (size before relaxing)
 .debug_str     0x00001bc9       0xe2 .\CortexM3\ARM_GCC_484\Debug\Unificada.a(I2C_1_INT.o)
                                0x264 (size before relaxing)
 .debug_str     0x00001cab       0x62 .\CortexM3\ARM_GCC_484\Debug\Unificada.a(I2C_1_PM.o)
                                0x270 (size before relaxing)
 .debug_str     0x00001d0d       0xf2 .\CortexM3\ARM_GCC_484\Debug\Unificada.a(I2C_1_MASTER.o)
                                0x3c1 (size before relaxing)
 .debug_str     0x00001dff       0x60 .\CortexM3\ARM_GCC_484\Debug\Unificada.a(Pin_WP.o)
                                0x1d1 (size before relaxing)
 .debug_str     0x00001e5f      0x26e .\CortexM3\ARM_GCC_484\Debug\Unificada.a(LCD_1.o)
                                0x55c (size before relaxing)
 .debug_str     0x000020cd       0x31 .\CortexM3\ARM_GCC_484\Debug\Unificada.a(LCD_1_INT.o)
                                0x214 (size before relaxing)
 .debug_str     0x000020fe      0x26e .\CortexM3\ARM_GCC_484\Debug\Unificada.a(LCD_2.o)
                                0x55c (size before relaxing)
 .debug_str     0x0000236c       0x31 .\CortexM3\ARM_GCC_484\Debug\Unificada.a(LCD_2_INT.o)
                                0x214 (size before relaxing)
 .debug_str     0x0000239d       0x40 .\CortexM3\ARM_GCC_484\Debug\Unificada.a(IB1.o)
                                0x1c2 (size before relaxing)
 .debug_str     0x000023dd       0x40 .\CortexM3\ARM_GCC_484\Debug\Unificada.a(IB2.o)
                                0x1c2 (size before relaxing)
 .debug_str     0x0000241d      0x1a7 .\CortexM3\ARM_GCC_484\Debug\Unificada.a(Timer_Animacion.o)
                                0x373 (size before relaxing)
 .debug_str     0x000025c4       0xe7 .\CortexM3\ARM_GCC_484\Debug\Unificada.a(isr_3.o)
                                0x284 (size before relaxing)
 .debug_str     0x000026ab      0x192 .\CortexM3\ARM_GCC_484\Debug\Unificada.a(Timer_Animacion2.o)
                                0x383 (size before relaxing)
 .debug_str     0x0000283d       0xcf .\CortexM3\ARM_GCC_484\Debug\Unificada.a(isr_4.o)
                                0x284 (size before relaxing)
 .debug_str     0x0000290c      0x146 .\CortexM3\ARM_GCC_484\Debug\Unificada.a(Timer_1.o)
                                0x330 (size before relaxing)
 .debug_str     0x00002a52       0xda .\CortexM3\ARM_GCC_484\Debug\Unificada.a(isr_1.o)
                                0x284 (size before relaxing)
 .debug_str     0x00002b2c       0x8d .\CortexM3\ARM_GCC_484\Debug\Unificada.a(VDAC8_1.o)
                                0x21d (size before relaxing)
 .debug_str     0x00002bb9      0x146 .\CortexM3\ARM_GCC_484\Debug\Unificada.a(Timer_2.o)
                                0x330 (size before relaxing)
 .debug_str     0x00002cff       0xda .\CortexM3\ARM_GCC_484\Debug\Unificada.a(isr_2.o)
                                0x284 (size before relaxing)
 .debug_str     0x00002dd9       0x81 .\CortexM3\ARM_GCC_484\Debug\Unificada.a(VDAC8_2.o)
                                0x21d (size before relaxing)
 .debug_str     0x00002e5a       0x9f .\CortexM3\ARM_GCC_484\Debug\Unificada.a(VDAC8_3.o)
                                0x21d (size before relaxing)
 .debug_str     0x00002ef9       0x51 .\CortexM3\ARM_GCC_484\Debug\Unificada.a(SDown.o)
                                0x1cc (size before relaxing)
 .debug_str     0x00002f4a      0x1b7 .\CortexM3\ARM_GCC_484\Debug\Unificada.a(Impresora_IntClock.o)
                                0x35c (size before relaxing)
 .debug_str     0x00003101      0x126 .\CortexM3\ARM_GCC_484\Debug\Unificada.a(PC_IntClock.o)
                                0x308 (size before relaxing)
 .debug_str     0x00003227      0x144 .\CortexM3\ARM_GCC_484\Debug\Unificada.a(LCD_1_IntClock.o)
                                0x32c (size before relaxing)
 .debug_str     0x0000336b      0x144 .\CortexM3\ARM_GCC_484\Debug\Unificada.a(LCD_2_IntClock.o)
                                0x32c (size before relaxing)
 .debug_str     0x000034af      0x7a7 .\CortexM3\ARM_GCC_484\Debug\Unificada.a(CyLib.o)
                                0xa0d (size before relaxing)
 .debug_str     0x00003c56      0x35b .\CortexM3\ARM_GCC_484\Debug\Unificada.a(cyPm.o)
                                0x705 (size before relaxing)
 .debug_str     0x00003fb1      0x197 .\CortexM3\ARM_GCC_484\Debug\Unificada.a(CyFlash.o)
                                0x37f (size before relaxing)
 .debug_str     0x00004148       0xae .\CortexM3\ARM_GCC_484\Debug\Unificada.a(CySpc.o)
                                0x308 (size before relaxing)

.debug_loc      0x00000000     0x661f
 *(.debug_loc)
 .debug_loc     0x00000000       0x59 .\CortexM3\ARM_GCC_484\Debug\main.o
 .debug_loc     0x00000059      0x44d .\CortexM3\ARM_GCC_484\Debug\I2C.o
 .debug_loc     0x000004a6      0x71c .\CortexM3\ARM_GCC_484\Debug\ibuton.o
 .debug_loc     0x00000bc2      0x422 .\CortexM3\ARM_GCC_484\Debug\LCD.o
 .debug_loc     0x00000fe4      0xf96 .\CortexM3\ARM_GCC_484\Debug\Print.o
 .debug_loc     0x00001f7a      0xb43 .\CortexM3\ARM_GCC_484\Debug\Protocolo.o
 .debug_loc     0x00002abd       0x21 .\CortexM3\ARM_GCC_484\Debug\Sonido.o
 .debug_loc     0x00002ade      0x14f .\CortexM3\ARM_GCC_484\Debug\Cm3Start.o