ARM GAS  C:\Users\RECEPC~1\AppData\Local\Temp\ccGWD2HN.s 			page 1


   1              		.syntax unified
   2              		.cpu cortex-m3
   3              		.fpu softvfp
   4              		.eabi_attribute 20, 1
   5              		.eabi_attribute 21, 1
   6              		.eabi_attribute 23, 3
   7              		.eabi_attribute 24, 1
   8              		.eabi_attribute 25, 1
   9              		.eabi_attribute 26, 1
  10              		.eabi_attribute 30, 1
  11              		.eabi_attribute 34, 1
  12              		.eabi_attribute 18, 4
  13              		.thumb
  14              		.file	"VDAC8_2.c"
  15              		.text
  16              	.Ltext0:
  17              		.cfi_sections	.debug_frame
  18              		.section	.text.VDAC8_2_Enable,"ax",%progbits
  19              		.align	2
  20              		.global	VDAC8_2_Enable
  21              		.thumb
  22              		.thumb_func
  23              		.type	VDAC8_2_Enable, %function
  24              	VDAC8_2_Enable:
  25              	.LFB1:
  26              		.file 1 ".\\Generated_Source\\PSoC5\\VDAC8_2.c"
   1:.\Generated_Source\PSoC5/VDAC8_2.c **** /*******************************************************************************
   2:.\Generated_Source\PSoC5/VDAC8_2.c **** * File Name: VDAC8_2.c  
   3:.\Generated_Source\PSoC5/VDAC8_2.c **** * Version 1.90
   4:.\Generated_Source\PSoC5/VDAC8_2.c **** *
   5:.\Generated_Source\PSoC5/VDAC8_2.c **** * Description:
   6:.\Generated_Source\PSoC5/VDAC8_2.c **** *  This file provides the source code to the API for the 8-bit Voltage DAC 
   7:.\Generated_Source\PSoC5/VDAC8_2.c **** *  (VDAC8) User Module.
   8:.\Generated_Source\PSoC5/VDAC8_2.c **** *
   9:.\Generated_Source\PSoC5/VDAC8_2.c **** * Note:
  10:.\Generated_Source\PSoC5/VDAC8_2.c **** *  Any unusual or non-standard behavior should be noted here. Other-
  11:.\Generated_Source\PSoC5/VDAC8_2.c **** *  wise, this section should remain blank.
  12:.\Generated_Source\PSoC5/VDAC8_2.c **** *
  13:.\Generated_Source\PSoC5/VDAC8_2.c **** ********************************************************************************
  14:.\Generated_Source\PSoC5/VDAC8_2.c **** * Copyright 2008-2012, Cypress Semiconductor Corporation.  All rights reserved.
  15:.\Generated_Source\PSoC5/VDAC8_2.c **** * You may use this file only in accordance with the license, terms, conditions, 
  16:.\Generated_Source\PSoC5/VDAC8_2.c **** * disclaimers, and limitations in the end user license agreement accompanying 
  17:.\Generated_Source\PSoC5/VDAC8_2.c **** * the software package with which this file was provided.
  18:.\Generated_Source\PSoC5/VDAC8_2.c **** *******************************************************************************/
  19:.\Generated_Source\PSoC5/VDAC8_2.c **** 
  20:.\Generated_Source\PSoC5/VDAC8_2.c **** #include "cytypes.h"
  21:.\Generated_Source\PSoC5/VDAC8_2.c **** #include "VDAC8_2.h"
  22:.\Generated_Source\PSoC5/VDAC8_2.c **** 
  23:.\Generated_Source\PSoC5/VDAC8_2.c **** #if (CY_PSOC5A)
  24:.\Generated_Source\PSoC5/VDAC8_2.c **** #include <CyLib.h>
  25:.\Generated_Source\PSoC5/VDAC8_2.c **** #endif /* CY_PSOC5A */
  26:.\Generated_Source\PSoC5/VDAC8_2.c **** 
  27:.\Generated_Source\PSoC5/VDAC8_2.c **** uint8 VDAC8_2_initVar = 0u;
  28:.\Generated_Source\PSoC5/VDAC8_2.c **** 
  29:.\Generated_Source\PSoC5/VDAC8_2.c **** #if (CY_PSOC5A)
  30:.\Generated_Source\PSoC5/VDAC8_2.c ****     static uint8 VDAC8_2_restoreVal = 0u;
  31:.\Generated_Source\PSoC5/VDAC8_2.c **** #endif /* CY_PSOC5A */
ARM GAS  C:\Users\RECEPC~1\AppData\Local\Temp\ccGWD2HN.s 			page 2


  32:.\Generated_Source\PSoC5/VDAC8_2.c **** 
  33:.\Generated_Source\PSoC5/VDAC8_2.c **** #if (CY_PSOC5A)
  34:.\Generated_Source\PSoC5/VDAC8_2.c ****     static VDAC8_2_backupStruct VDAC8_2_backup;
  35:.\Generated_Source\PSoC5/VDAC8_2.c **** #endif /* CY_PSOC5A */
  36:.\Generated_Source\PSoC5/VDAC8_2.c **** 
  37:.\Generated_Source\PSoC5/VDAC8_2.c **** 
  38:.\Generated_Source\PSoC5/VDAC8_2.c **** /*******************************************************************************
  39:.\Generated_Source\PSoC5/VDAC8_2.c **** * Function Name: VDAC8_2_Init
  40:.\Generated_Source\PSoC5/VDAC8_2.c **** ********************************************************************************
  41:.\Generated_Source\PSoC5/VDAC8_2.c **** * Summary:
  42:.\Generated_Source\PSoC5/VDAC8_2.c **** *  Initialize to the schematic state.
  43:.\Generated_Source\PSoC5/VDAC8_2.c **** * 
  44:.\Generated_Source\PSoC5/VDAC8_2.c **** * Parameters:
  45:.\Generated_Source\PSoC5/VDAC8_2.c **** *  void:
  46:.\Generated_Source\PSoC5/VDAC8_2.c **** *
  47:.\Generated_Source\PSoC5/VDAC8_2.c **** * Return:
  48:.\Generated_Source\PSoC5/VDAC8_2.c **** *  void
  49:.\Generated_Source\PSoC5/VDAC8_2.c **** *
  50:.\Generated_Source\PSoC5/VDAC8_2.c **** * Theory:
  51:.\Generated_Source\PSoC5/VDAC8_2.c **** *
  52:.\Generated_Source\PSoC5/VDAC8_2.c **** * Side Effects:
  53:.\Generated_Source\PSoC5/VDAC8_2.c **** *
  54:.\Generated_Source\PSoC5/VDAC8_2.c **** *******************************************************************************/
  55:.\Generated_Source\PSoC5/VDAC8_2.c **** void VDAC8_2_Init(void) 
  56:.\Generated_Source\PSoC5/VDAC8_2.c **** {
  57:.\Generated_Source\PSoC5/VDAC8_2.c ****     VDAC8_2_CR0 = (VDAC8_2_MODE_V );
  58:.\Generated_Source\PSoC5/VDAC8_2.c **** 
  59:.\Generated_Source\PSoC5/VDAC8_2.c ****     /* Set default data source */
  60:.\Generated_Source\PSoC5/VDAC8_2.c ****     #if(VDAC8_2_DEFAULT_DATA_SRC != 0 )
  61:.\Generated_Source\PSoC5/VDAC8_2.c ****         VDAC8_2_CR1 = (VDAC8_2_DEFAULT_CNTL | VDAC8_2_DACBUS_ENABLE) ;
  62:.\Generated_Source\PSoC5/VDAC8_2.c ****     #else
  63:.\Generated_Source\PSoC5/VDAC8_2.c ****         VDAC8_2_CR1 = (VDAC8_2_DEFAULT_CNTL | VDAC8_2_DACBUS_DISABLE) ;
  64:.\Generated_Source\PSoC5/VDAC8_2.c ****     #endif /* (VDAC8_2_DEFAULT_DATA_SRC != 0 ) */
  65:.\Generated_Source\PSoC5/VDAC8_2.c **** 
  66:.\Generated_Source\PSoC5/VDAC8_2.c ****     /* Set default strobe mode */
  67:.\Generated_Source\PSoC5/VDAC8_2.c ****     #if(VDAC8_2_DEFAULT_STRB != 0)
  68:.\Generated_Source\PSoC5/VDAC8_2.c ****         VDAC8_2_Strobe |= VDAC8_2_STRB_EN ;
  69:.\Generated_Source\PSoC5/VDAC8_2.c ****     #endif/* (VDAC8_2_DEFAULT_STRB != 0) */
  70:.\Generated_Source\PSoC5/VDAC8_2.c **** 
  71:.\Generated_Source\PSoC5/VDAC8_2.c ****     /* Set default range */
  72:.\Generated_Source\PSoC5/VDAC8_2.c ****     VDAC8_2_SetRange(VDAC8_2_DEFAULT_RANGE); 
  73:.\Generated_Source\PSoC5/VDAC8_2.c **** 
  74:.\Generated_Source\PSoC5/VDAC8_2.c ****     /* Set default speed */
  75:.\Generated_Source\PSoC5/VDAC8_2.c ****     VDAC8_2_SetSpeed(VDAC8_2_DEFAULT_SPEED);
  76:.\Generated_Source\PSoC5/VDAC8_2.c **** }
  77:.\Generated_Source\PSoC5/VDAC8_2.c **** 
  78:.\Generated_Source\PSoC5/VDAC8_2.c **** 
  79:.\Generated_Source\PSoC5/VDAC8_2.c **** /*******************************************************************************
  80:.\Generated_Source\PSoC5/VDAC8_2.c **** * Function Name: VDAC8_2_Enable
  81:.\Generated_Source\PSoC5/VDAC8_2.c **** ********************************************************************************
  82:.\Generated_Source\PSoC5/VDAC8_2.c **** * Summary:
  83:.\Generated_Source\PSoC5/VDAC8_2.c **** *  Enable the VDAC8
  84:.\Generated_Source\PSoC5/VDAC8_2.c **** * 
  85:.\Generated_Source\PSoC5/VDAC8_2.c **** * Parameters:
  86:.\Generated_Source\PSoC5/VDAC8_2.c **** *  void
  87:.\Generated_Source\PSoC5/VDAC8_2.c **** *
  88:.\Generated_Source\PSoC5/VDAC8_2.c **** * Return:
ARM GAS  C:\Users\RECEPC~1\AppData\Local\Temp\ccGWD2HN.s 			page 3


  89:.\Generated_Source\PSoC5/VDAC8_2.c **** *  void
  90:.\Generated_Source\PSoC5/VDAC8_2.c **** *
  91:.\Generated_Source\PSoC5/VDAC8_2.c **** * Theory:
  92:.\Generated_Source\PSoC5/VDAC8_2.c **** *
  93:.\Generated_Source\PSoC5/VDAC8_2.c **** * Side Effects:
  94:.\Generated_Source\PSoC5/VDAC8_2.c **** *
  95:.\Generated_Source\PSoC5/VDAC8_2.c **** *******************************************************************************/
  96:.\Generated_Source\PSoC5/VDAC8_2.c **** void VDAC8_2_Enable(void) 
  97:.\Generated_Source\PSoC5/VDAC8_2.c **** {
  27              		.loc 1 97 0
  28              		.cfi_startproc
  29              		@ args = 0, pretend = 0, frame = 0
  30              		@ frame_needed = 0, uses_anonymous_args = 0
  31              		@ link register save eliminated.
  98:.\Generated_Source\PSoC5/VDAC8_2.c ****     VDAC8_2_PWRMGR |= VDAC8_2_ACT_PWR_EN;
  32              		.loc 1 98 0
  33 0000 054B     		ldr	r3, .L2
  34 0002 1A78     		ldrb	r2, [r3]	@ zero_extendqisi2
  35 0004 42F00402 		orr	r2, r2, #4
  36 0008 1A70     		strb	r2, [r3]
  99:.\Generated_Source\PSoC5/VDAC8_2.c ****     VDAC8_2_STBY_PWRMGR |= VDAC8_2_STBY_PWR_EN;
  37              		.loc 1 99 0
  38 000a 1033     		adds	r3, r3, #16
  39 000c 1A78     		ldrb	r2, [r3]	@ zero_extendqisi2
  40 000e 42F00402 		orr	r2, r2, #4
  41 0012 1A70     		strb	r2, [r3]
  42 0014 7047     		bx	lr
  43              	.L3:
  44 0016 00BF     		.align	2
  45              	.L2:
  46 0018 A8430040 		.word	1073759144
  47              		.cfi_endproc
  48              	.LFE1:
  49              		.size	VDAC8_2_Enable, .-VDAC8_2_Enable
  50              		.section	.text.VDAC8_2_Stop,"ax",%progbits
  51              		.align	2
  52              		.global	VDAC8_2_Stop
  53              		.thumb
  54              		.thumb_func
  55              		.type	VDAC8_2_Stop, %function
  56              	VDAC8_2_Stop:
  57              	.LFB3:
 100:.\Generated_Source\PSoC5/VDAC8_2.c **** 
 101:.\Generated_Source\PSoC5/VDAC8_2.c ****     /*This is to restore the value of register CR0 ,
 102:.\Generated_Source\PSoC5/VDAC8_2.c ****     which is modified  in Stop API , this prevents misbehaviour of VDAC */
 103:.\Generated_Source\PSoC5/VDAC8_2.c ****     #if (CY_PSOC5A)
 104:.\Generated_Source\PSoC5/VDAC8_2.c ****         if(VDAC8_2_restoreVal == 1u) 
 105:.\Generated_Source\PSoC5/VDAC8_2.c ****         {
 106:.\Generated_Source\PSoC5/VDAC8_2.c ****              VDAC8_2_CR0 = VDAC8_2_backup.data_value;
 107:.\Generated_Source\PSoC5/VDAC8_2.c ****              VDAC8_2_restoreVal = 0u;
 108:.\Generated_Source\PSoC5/VDAC8_2.c ****         }
 109:.\Generated_Source\PSoC5/VDAC8_2.c ****     #endif /* CY_PSOC5A */
 110:.\Generated_Source\PSoC5/VDAC8_2.c **** }
 111:.\Generated_Source\PSoC5/VDAC8_2.c **** 
 112:.\Generated_Source\PSoC5/VDAC8_2.c **** 
 113:.\Generated_Source\PSoC5/VDAC8_2.c **** /*******************************************************************************
 114:.\Generated_Source\PSoC5/VDAC8_2.c **** * Function Name: VDAC8_2_Start
ARM GAS  C:\Users\RECEPC~1\AppData\Local\Temp\ccGWD2HN.s 			page 4


 115:.\Generated_Source\PSoC5/VDAC8_2.c **** ********************************************************************************
 116:.\Generated_Source\PSoC5/VDAC8_2.c **** *
 117:.\Generated_Source\PSoC5/VDAC8_2.c **** * Summary:
 118:.\Generated_Source\PSoC5/VDAC8_2.c **** *  The start function initializes the voltage DAC with the default values, 
 119:.\Generated_Source\PSoC5/VDAC8_2.c **** *  and sets the power to the given level.  A power level of 0, is the same as
 120:.\Generated_Source\PSoC5/VDAC8_2.c **** *  executing the stop function.
 121:.\Generated_Source\PSoC5/VDAC8_2.c **** *
 122:.\Generated_Source\PSoC5/VDAC8_2.c **** * Parameters:
 123:.\Generated_Source\PSoC5/VDAC8_2.c **** *  Power: Sets power level between off (0) and (3) high power
 124:.\Generated_Source\PSoC5/VDAC8_2.c **** *
 125:.\Generated_Source\PSoC5/VDAC8_2.c **** * Return:
 126:.\Generated_Source\PSoC5/VDAC8_2.c **** *  void 
 127:.\Generated_Source\PSoC5/VDAC8_2.c **** *
 128:.\Generated_Source\PSoC5/VDAC8_2.c **** * Global variables:
 129:.\Generated_Source\PSoC5/VDAC8_2.c **** *  VDAC8_2_initVar: Is modified when this function is called for the 
 130:.\Generated_Source\PSoC5/VDAC8_2.c **** *  first time. Is used to ensure that initialization happens only once.
 131:.\Generated_Source\PSoC5/VDAC8_2.c **** *
 132:.\Generated_Source\PSoC5/VDAC8_2.c **** *******************************************************************************/
 133:.\Generated_Source\PSoC5/VDAC8_2.c **** void VDAC8_2_Start(void)  
 134:.\Generated_Source\PSoC5/VDAC8_2.c **** {
 135:.\Generated_Source\PSoC5/VDAC8_2.c ****     /* Hardware initiazation only needs to occure the first time */
 136:.\Generated_Source\PSoC5/VDAC8_2.c ****     if(VDAC8_2_initVar == 0u)
 137:.\Generated_Source\PSoC5/VDAC8_2.c ****     { 
 138:.\Generated_Source\PSoC5/VDAC8_2.c ****         VDAC8_2_Init();
 139:.\Generated_Source\PSoC5/VDAC8_2.c ****         VDAC8_2_initVar = 1u;
 140:.\Generated_Source\PSoC5/VDAC8_2.c ****     }
 141:.\Generated_Source\PSoC5/VDAC8_2.c **** 
 142:.\Generated_Source\PSoC5/VDAC8_2.c ****     /* Enable power to DAC */
 143:.\Generated_Source\PSoC5/VDAC8_2.c ****     VDAC8_2_Enable();
 144:.\Generated_Source\PSoC5/VDAC8_2.c **** 
 145:.\Generated_Source\PSoC5/VDAC8_2.c ****     /* Set default value */
 146:.\Generated_Source\PSoC5/VDAC8_2.c ****     VDAC8_2_SetValue(VDAC8_2_DEFAULT_DATA); 
 147:.\Generated_Source\PSoC5/VDAC8_2.c **** }
 148:.\Generated_Source\PSoC5/VDAC8_2.c **** 
 149:.\Generated_Source\PSoC5/VDAC8_2.c **** 
 150:.\Generated_Source\PSoC5/VDAC8_2.c **** /*******************************************************************************
 151:.\Generated_Source\PSoC5/VDAC8_2.c **** * Function Name: VDAC8_2_Stop
 152:.\Generated_Source\PSoC5/VDAC8_2.c **** ********************************************************************************
 153:.\Generated_Source\PSoC5/VDAC8_2.c **** *
 154:.\Generated_Source\PSoC5/VDAC8_2.c **** * Summary:
 155:.\Generated_Source\PSoC5/VDAC8_2.c **** *  Powers down DAC to lowest power state.
 156:.\Generated_Source\PSoC5/VDAC8_2.c **** *
 157:.\Generated_Source\PSoC5/VDAC8_2.c **** * Parameters:
 158:.\Generated_Source\PSoC5/VDAC8_2.c **** *  void
 159:.\Generated_Source\PSoC5/VDAC8_2.c **** *
 160:.\Generated_Source\PSoC5/VDAC8_2.c **** * Return:
 161:.\Generated_Source\PSoC5/VDAC8_2.c **** *  void
 162:.\Generated_Source\PSoC5/VDAC8_2.c **** *
 163:.\Generated_Source\PSoC5/VDAC8_2.c **** * Theory:
 164:.\Generated_Source\PSoC5/VDAC8_2.c **** *
 165:.\Generated_Source\PSoC5/VDAC8_2.c **** * Side Effects:
 166:.\Generated_Source\PSoC5/VDAC8_2.c **** *
 167:.\Generated_Source\PSoC5/VDAC8_2.c **** *******************************************************************************/
 168:.\Generated_Source\PSoC5/VDAC8_2.c **** void VDAC8_2_Stop(void) 
 169:.\Generated_Source\PSoC5/VDAC8_2.c **** {
  58              		.loc 1 169 0
  59              		.cfi_startproc
ARM GAS  C:\Users\RECEPC~1\AppData\Local\Temp\ccGWD2HN.s 			page 5


  60              		@ args = 0, pretend = 0, frame = 0
  61              		@ frame_needed = 0, uses_anonymous_args = 0
  62              		@ link register save eliminated.
 170:.\Generated_Source\PSoC5/VDAC8_2.c ****     /* Disble power to DAC */
 171:.\Generated_Source\PSoC5/VDAC8_2.c ****     VDAC8_2_PWRMGR &= (uint8)(~VDAC8_2_ACT_PWR_EN);
  63              		.loc 1 171 0
  64 0000 054B     		ldr	r3, .L5
  65 0002 1A78     		ldrb	r2, [r3]	@ zero_extendqisi2
  66 0004 02F0FB02 		and	r2, r2, #251
  67 0008 1A70     		strb	r2, [r3]
 172:.\Generated_Source\PSoC5/VDAC8_2.c ****     VDAC8_2_STBY_PWRMGR &= (uint8)(~VDAC8_2_STBY_PWR_EN);
  68              		.loc 1 172 0
  69 000a 1033     		adds	r3, r3, #16
  70 000c 1A78     		ldrb	r2, [r3]	@ zero_extendqisi2
  71 000e 02F0FB02 		and	r2, r2, #251
  72 0012 1A70     		strb	r2, [r3]
  73 0014 7047     		bx	lr
  74              	.L6:
  75 0016 00BF     		.align	2
  76              	.L5:
  77 0018 A8430040 		.word	1073759144
  78              		.cfi_endproc
  79              	.LFE3:
  80              		.size	VDAC8_2_Stop, .-VDAC8_2_Stop
  81              		.section	.text.VDAC8_2_SetSpeed,"ax",%progbits
  82              		.align	2
  83              		.global	VDAC8_2_SetSpeed
  84              		.thumb
  85              		.thumb_func
  86              		.type	VDAC8_2_SetSpeed, %function
  87              	VDAC8_2_SetSpeed:
  88              	.LFB4:
 173:.\Generated_Source\PSoC5/VDAC8_2.c **** 
 174:.\Generated_Source\PSoC5/VDAC8_2.c ****     /* This is a work around for PSoC5A  ,
 175:.\Generated_Source\PSoC5/VDAC8_2.c ****     this sets VDAC to current mode with output off */
 176:.\Generated_Source\PSoC5/VDAC8_2.c ****     #if (CY_PSOC5A)
 177:.\Generated_Source\PSoC5/VDAC8_2.c ****         VDAC8_2_backup.data_value = VDAC8_2_CR0;
 178:.\Generated_Source\PSoC5/VDAC8_2.c ****         VDAC8_2_CR0 = VDAC8_2_CUR_MODE_OUT_OFF;
 179:.\Generated_Source\PSoC5/VDAC8_2.c ****         VDAC8_2_restoreVal = 1u;
 180:.\Generated_Source\PSoC5/VDAC8_2.c ****     #endif /* CY_PSOC5A */
 181:.\Generated_Source\PSoC5/VDAC8_2.c **** }
 182:.\Generated_Source\PSoC5/VDAC8_2.c **** 
 183:.\Generated_Source\PSoC5/VDAC8_2.c **** 
 184:.\Generated_Source\PSoC5/VDAC8_2.c **** /*******************************************************************************
 185:.\Generated_Source\PSoC5/VDAC8_2.c **** * Function Name: VDAC8_2_SetSpeed
 186:.\Generated_Source\PSoC5/VDAC8_2.c **** ********************************************************************************
 187:.\Generated_Source\PSoC5/VDAC8_2.c **** *
 188:.\Generated_Source\PSoC5/VDAC8_2.c **** * Summary:
 189:.\Generated_Source\PSoC5/VDAC8_2.c **** *  Set DAC speed
 190:.\Generated_Source\PSoC5/VDAC8_2.c **** *
 191:.\Generated_Source\PSoC5/VDAC8_2.c **** * Parameters:
 192:.\Generated_Source\PSoC5/VDAC8_2.c **** *  power: Sets speed value
 193:.\Generated_Source\PSoC5/VDAC8_2.c **** *
 194:.\Generated_Source\PSoC5/VDAC8_2.c **** * Return:
 195:.\Generated_Source\PSoC5/VDAC8_2.c **** *  void
 196:.\Generated_Source\PSoC5/VDAC8_2.c **** *
 197:.\Generated_Source\PSoC5/VDAC8_2.c **** * Theory:
ARM GAS  C:\Users\RECEPC~1\AppData\Local\Temp\ccGWD2HN.s 			page 6


 198:.\Generated_Source\PSoC5/VDAC8_2.c **** *
 199:.\Generated_Source\PSoC5/VDAC8_2.c **** * Side Effects:
 200:.\Generated_Source\PSoC5/VDAC8_2.c **** *
 201:.\Generated_Source\PSoC5/VDAC8_2.c **** *******************************************************************************/
 202:.\Generated_Source\PSoC5/VDAC8_2.c **** void VDAC8_2_SetSpeed(uint8 speed) 
 203:.\Generated_Source\PSoC5/VDAC8_2.c **** {
  89              		.loc 1 203 0
  90              		.cfi_startproc
  91              		@ args = 0, pretend = 0, frame = 0
  92              		@ frame_needed = 0, uses_anonymous_args = 0
  93              		@ link register save eliminated.
  94              	.LVL0:
 204:.\Generated_Source\PSoC5/VDAC8_2.c ****     /* Clear power mask then write in new value */
 205:.\Generated_Source\PSoC5/VDAC8_2.c ****     VDAC8_2_CR0 &= (uint8)(~VDAC8_2_HS_MASK);
  95              		.loc 1 205 0
  96 0000 054B     		ldr	r3, .L8
  97 0002 1A78     		ldrb	r2, [r3]	@ zero_extendqisi2
  98 0004 02F0FD02 		and	r2, r2, #253
  99 0008 1A70     		strb	r2, [r3]
 206:.\Generated_Source\PSoC5/VDAC8_2.c ****     VDAC8_2_CR0 |=  (speed & VDAC8_2_HS_MASK);
 100              		.loc 1 206 0
 101 000a 1A78     		ldrb	r2, [r3]	@ zero_extendqisi2
 102 000c 00F00200 		and	r0, r0, #2
 103              	.LVL1:
 104 0010 0243     		orrs	r2, r2, r0
 105 0012 1A70     		strb	r2, [r3]
 106 0014 7047     		bx	lr
 107              	.L9:
 108 0016 00BF     		.align	2
 109              	.L8:
 110 0018 28580040 		.word	1073764392
 111              		.cfi_endproc
 112              	.LFE4:
 113              		.size	VDAC8_2_SetSpeed, .-VDAC8_2_SetSpeed
 114              		.section	.text.VDAC8_2_SetValue,"ax",%progbits
 115              		.align	2
 116              		.global	VDAC8_2_SetValue
 117              		.thumb
 118              		.thumb_func
 119              		.type	VDAC8_2_SetValue, %function
 120              	VDAC8_2_SetValue:
 121              	.LFB6:
 207:.\Generated_Source\PSoC5/VDAC8_2.c **** }
 208:.\Generated_Source\PSoC5/VDAC8_2.c **** 
 209:.\Generated_Source\PSoC5/VDAC8_2.c **** 
 210:.\Generated_Source\PSoC5/VDAC8_2.c **** /*******************************************************************************
 211:.\Generated_Source\PSoC5/VDAC8_2.c **** * Function Name: VDAC8_2_SetRange
 212:.\Generated_Source\PSoC5/VDAC8_2.c **** ********************************************************************************
 213:.\Generated_Source\PSoC5/VDAC8_2.c **** *
 214:.\Generated_Source\PSoC5/VDAC8_2.c **** * Summary:
 215:.\Generated_Source\PSoC5/VDAC8_2.c **** *  Set one of three current ranges.
 216:.\Generated_Source\PSoC5/VDAC8_2.c **** *
 217:.\Generated_Source\PSoC5/VDAC8_2.c **** * Parameters:
 218:.\Generated_Source\PSoC5/VDAC8_2.c **** *  Range: Sets one of Three valid ranges.
 219:.\Generated_Source\PSoC5/VDAC8_2.c **** *
 220:.\Generated_Source\PSoC5/VDAC8_2.c **** * Return:
 221:.\Generated_Source\PSoC5/VDAC8_2.c **** *  void 
ARM GAS  C:\Users\RECEPC~1\AppData\Local\Temp\ccGWD2HN.s 			page 7


 222:.\Generated_Source\PSoC5/VDAC8_2.c **** *
 223:.\Generated_Source\PSoC5/VDAC8_2.c **** * Theory:
 224:.\Generated_Source\PSoC5/VDAC8_2.c **** *
 225:.\Generated_Source\PSoC5/VDAC8_2.c **** * Side Effects:
 226:.\Generated_Source\PSoC5/VDAC8_2.c **** *
 227:.\Generated_Source\PSoC5/VDAC8_2.c **** *******************************************************************************/
 228:.\Generated_Source\PSoC5/VDAC8_2.c **** void VDAC8_2_SetRange(uint8 range) 
 229:.\Generated_Source\PSoC5/VDAC8_2.c **** {
 230:.\Generated_Source\PSoC5/VDAC8_2.c ****     VDAC8_2_CR0 &= (uint8)(~VDAC8_2_RANGE_MASK);      /* Clear existing mode */
 231:.\Generated_Source\PSoC5/VDAC8_2.c ****     VDAC8_2_CR0 |= (range & VDAC8_2_RANGE_MASK);      /*  Set Range  */
 232:.\Generated_Source\PSoC5/VDAC8_2.c ****     VDAC8_2_DacTrim();
 233:.\Generated_Source\PSoC5/VDAC8_2.c **** }
 234:.\Generated_Source\PSoC5/VDAC8_2.c **** 
 235:.\Generated_Source\PSoC5/VDAC8_2.c **** 
 236:.\Generated_Source\PSoC5/VDAC8_2.c **** /*******************************************************************************
 237:.\Generated_Source\PSoC5/VDAC8_2.c **** * Function Name: VDAC8_2_SetValue
 238:.\Generated_Source\PSoC5/VDAC8_2.c **** ********************************************************************************
 239:.\Generated_Source\PSoC5/VDAC8_2.c **** *
 240:.\Generated_Source\PSoC5/VDAC8_2.c **** * Summary:
 241:.\Generated_Source\PSoC5/VDAC8_2.c **** *  Set 8-bit DAC value
 242:.\Generated_Source\PSoC5/VDAC8_2.c **** *
 243:.\Generated_Source\PSoC5/VDAC8_2.c **** * Parameters:  
 244:.\Generated_Source\PSoC5/VDAC8_2.c **** *  value:  Sets DAC value between 0 and 255.
 245:.\Generated_Source\PSoC5/VDAC8_2.c **** *
 246:.\Generated_Source\PSoC5/VDAC8_2.c **** * Return: 
 247:.\Generated_Source\PSoC5/VDAC8_2.c **** *  void 
 248:.\Generated_Source\PSoC5/VDAC8_2.c **** *
 249:.\Generated_Source\PSoC5/VDAC8_2.c **** * Theory: 
 250:.\Generated_Source\PSoC5/VDAC8_2.c **** *
 251:.\Generated_Source\PSoC5/VDAC8_2.c **** * Side Effects:
 252:.\Generated_Source\PSoC5/VDAC8_2.c **** *
 253:.\Generated_Source\PSoC5/VDAC8_2.c **** *******************************************************************************/
 254:.\Generated_Source\PSoC5/VDAC8_2.c **** void VDAC8_2_SetValue(uint8 value) 
 255:.\Generated_Source\PSoC5/VDAC8_2.c **** {
 122              		.loc 1 255 0
 123              		.cfi_startproc
 124              		@ args = 0, pretend = 0, frame = 0
 125              		@ frame_needed = 0, uses_anonymous_args = 0
 126              		@ link register save eliminated.
 127              	.LVL2:
 256:.\Generated_Source\PSoC5/VDAC8_2.c ****     #if (CY_PSOC5A)
 257:.\Generated_Source\PSoC5/VDAC8_2.c ****         uint8 VDAC8_2_intrStatus = CyEnterCriticalSection();
 258:.\Generated_Source\PSoC5/VDAC8_2.c ****     #endif /* CY_PSOC5A */
 259:.\Generated_Source\PSoC5/VDAC8_2.c **** 
 260:.\Generated_Source\PSoC5/VDAC8_2.c ****     VDAC8_2_Data = value;                /*  Set Value  */
 128              		.loc 1 260 0
 129 0000 014B     		ldr	r3, .L11
 130 0002 1870     		strb	r0, [r3]
 131 0004 7047     		bx	lr
 132              	.L12:
 133 0006 00BF     		.align	2
 134              	.L11:
 135 0008 825B0040 		.word	1073765250
 136              		.cfi_endproc
 137              	.LFE6:
 138              		.size	VDAC8_2_SetValue, .-VDAC8_2_SetValue
 139              		.section	.text.VDAC8_2_DacTrim,"ax",%progbits
ARM GAS  C:\Users\RECEPC~1\AppData\Local\Temp\ccGWD2HN.s 			page 8


 140              		.align	2
 141              		.global	VDAC8_2_DacTrim
 142              		.thumb
 143              		.thumb_func
 144              		.type	VDAC8_2_DacTrim, %function
 145              	VDAC8_2_DacTrim:
 146              	.LFB7:
 261:.\Generated_Source\PSoC5/VDAC8_2.c **** 
 262:.\Generated_Source\PSoC5/VDAC8_2.c ****     /* PSOC5A requires a double write */
 263:.\Generated_Source\PSoC5/VDAC8_2.c ****     /* Exit Critical Section */
 264:.\Generated_Source\PSoC5/VDAC8_2.c ****     #if (CY_PSOC5A)
 265:.\Generated_Source\PSoC5/VDAC8_2.c ****         VDAC8_2_Data = value;
 266:.\Generated_Source\PSoC5/VDAC8_2.c ****         CyExitCriticalSection(VDAC8_2_intrStatus);
 267:.\Generated_Source\PSoC5/VDAC8_2.c ****     #endif /* CY_PSOC5A */
 268:.\Generated_Source\PSoC5/VDAC8_2.c **** }
 269:.\Generated_Source\PSoC5/VDAC8_2.c **** 
 270:.\Generated_Source\PSoC5/VDAC8_2.c **** 
 271:.\Generated_Source\PSoC5/VDAC8_2.c **** /*******************************************************************************
 272:.\Generated_Source\PSoC5/VDAC8_2.c **** * Function Name: VDAC8_2_DacTrim
 273:.\Generated_Source\PSoC5/VDAC8_2.c **** ********************************************************************************
 274:.\Generated_Source\PSoC5/VDAC8_2.c **** *
 275:.\Generated_Source\PSoC5/VDAC8_2.c **** * Summary:
 276:.\Generated_Source\PSoC5/VDAC8_2.c **** *  Set the trim value for the given range.
 277:.\Generated_Source\PSoC5/VDAC8_2.c **** *
 278:.\Generated_Source\PSoC5/VDAC8_2.c **** * Parameters:
 279:.\Generated_Source\PSoC5/VDAC8_2.c **** *  range:  1V or 4V range.  See constants.
 280:.\Generated_Source\PSoC5/VDAC8_2.c **** *
 281:.\Generated_Source\PSoC5/VDAC8_2.c **** * Return:
 282:.\Generated_Source\PSoC5/VDAC8_2.c **** *  void
 283:.\Generated_Source\PSoC5/VDAC8_2.c **** *
 284:.\Generated_Source\PSoC5/VDAC8_2.c **** * Theory: 
 285:.\Generated_Source\PSoC5/VDAC8_2.c **** *
 286:.\Generated_Source\PSoC5/VDAC8_2.c **** * Side Effects:
 287:.\Generated_Source\PSoC5/VDAC8_2.c **** *
 288:.\Generated_Source\PSoC5/VDAC8_2.c **** *******************************************************************************/
 289:.\Generated_Source\PSoC5/VDAC8_2.c **** void VDAC8_2_DacTrim(void) 
 290:.\Generated_Source\PSoC5/VDAC8_2.c **** {
 147              		.loc 1 290 0
 148              		.cfi_startproc
 149              		@ args = 0, pretend = 0, frame = 0
 150              		@ frame_needed = 0, uses_anonymous_args = 0
 151              		@ link register save eliminated.
 291:.\Generated_Source\PSoC5/VDAC8_2.c ****     uint8 mode;
 292:.\Generated_Source\PSoC5/VDAC8_2.c **** 
 293:.\Generated_Source\PSoC5/VDAC8_2.c ****     mode = (uint8)((VDAC8_2_CR0 & VDAC8_2_RANGE_MASK) >> 2) + VDAC8_2_TRIM_M7_1V_RNG_OFFSET;
 152              		.loc 1 293 0
 153 0000 054B     		ldr	r3, .L14
 154 0002 1B78     		ldrb	r3, [r3]	@ zero_extendqisi2
 155 0004 C3F38103 		ubfx	r3, r3, #2, #2
 156              	.LVL3:
 294:.\Generated_Source\PSoC5/VDAC8_2.c ****     VDAC8_2_TR = CY_GET_XTND_REG8((uint8 *)(VDAC8_2_DAC_TRIM_BASE + mode));
 157              		.loc 1 294 0
 158 0008 03F19243 		add	r3, r3, #1224736768
 159              	.LVL4:
 160 000c 93F82E21 		ldrb	r2, [r3, #302]	@ zero_extendqisi2
 161 0010 D2B2     		uxtb	r2, r2
 162 0012 024B     		ldr	r3, .L14+4
ARM GAS  C:\Users\RECEPC~1\AppData\Local\Temp\ccGWD2HN.s 			page 9


 163              	.LVL5:
 164 0014 1A70     		strb	r2, [r3]
 165 0016 7047     		bx	lr
 166              	.L15:
 167              		.align	2
 168              	.L14:
 169 0018 28580040 		.word	1073764392
 170 001c 0A460040 		.word	1073759754
 171              		.cfi_endproc
 172              	.LFE7:
 173              		.size	VDAC8_2_DacTrim, .-VDAC8_2_DacTrim
 174              		.section	.text.VDAC8_2_SetRange,"ax",%progbits
 175              		.align	2
 176              		.global	VDAC8_2_SetRange
 177              		.thumb
 178              		.thumb_func
 179              		.type	VDAC8_2_SetRange, %function
 180              	VDAC8_2_SetRange:
 181              	.LFB5:
 229:.\Generated_Source\PSoC5/VDAC8_2.c **** {
 182              		.loc 1 229 0
 183              		.cfi_startproc
 184              		@ args = 0, pretend = 0, frame = 0
 185              		@ frame_needed = 0, uses_anonymous_args = 0
 186              	.LVL6:
 187 0000 08B5     		push	{r3, lr}
 188              		.cfi_def_cfa_offset 8
 189              		.cfi_offset 3, -8
 190              		.cfi_offset 14, -4
 230:.\Generated_Source\PSoC5/VDAC8_2.c ****     VDAC8_2_CR0 &= (uint8)(~VDAC8_2_RANGE_MASK);      /* Clear existing mode */
 191              		.loc 1 230 0
 192 0002 064B     		ldr	r3, .L17
 193 0004 1A78     		ldrb	r2, [r3]	@ zero_extendqisi2
 194 0006 02F0F302 		and	r2, r2, #243
 195 000a 1A70     		strb	r2, [r3]
 231:.\Generated_Source\PSoC5/VDAC8_2.c ****     VDAC8_2_CR0 |= (range & VDAC8_2_RANGE_MASK);      /*  Set Range  */
 196              		.loc 1 231 0
 197 000c 1A78     		ldrb	r2, [r3]	@ zero_extendqisi2
 198 000e 00F00C00 		and	r0, r0, #12
 199              	.LVL7:
 200 0012 0243     		orrs	r2, r2, r0
 201 0014 1A70     		strb	r2, [r3]
 232:.\Generated_Source\PSoC5/VDAC8_2.c ****     VDAC8_2_DacTrim();
 202              		.loc 1 232 0
 203 0016 FFF7FEFF 		bl	VDAC8_2_DacTrim
 204              	.LVL8:
 205 001a 08BD     		pop	{r3, pc}
 206              	.L18:
 207              		.align	2
 208              	.L17:
 209 001c 28580040 		.word	1073764392
 210              		.cfi_endproc
 211              	.LFE5:
 212              		.size	VDAC8_2_SetRange, .-VDAC8_2_SetRange
 213              		.section	.text.VDAC8_2_Init,"ax",%progbits
 214              		.align	2
 215              		.global	VDAC8_2_Init
ARM GAS  C:\Users\RECEPC~1\AppData\Local\Temp\ccGWD2HN.s 			page 10


 216              		.thumb
 217              		.thumb_func
 218              		.type	VDAC8_2_Init, %function
 219              	VDAC8_2_Init:
 220              	.LFB0:
  56:.\Generated_Source\PSoC5/VDAC8_2.c **** {
 221              		.loc 1 56 0
 222              		.cfi_startproc
 223              		@ args = 0, pretend = 0, frame = 0
 224              		@ frame_needed = 0, uses_anonymous_args = 0
 225 0000 08B5     		push	{r3, lr}
 226              		.cfi_def_cfa_offset 8
 227              		.cfi_offset 3, -8
 228              		.cfi_offset 14, -4
  57:.\Generated_Source\PSoC5/VDAC8_2.c ****     VDAC8_2_CR0 = (VDAC8_2_MODE_V );
 229              		.loc 1 57 0
 230 0002 0023     		movs	r3, #0
 231 0004 054A     		ldr	r2, .L20
 232 0006 1370     		strb	r3, [r2]
  63:.\Generated_Source\PSoC5/VDAC8_2.c ****         VDAC8_2_CR1 = (VDAC8_2_DEFAULT_CNTL | VDAC8_2_DACBUS_DISABLE) ;
 233              		.loc 1 63 0
 234 0008 0132     		adds	r2, r2, #1
 235 000a 1370     		strb	r3, [r2]
  72:.\Generated_Source\PSoC5/VDAC8_2.c ****     VDAC8_2_SetRange(VDAC8_2_DEFAULT_RANGE); 
 236              		.loc 1 72 0
 237 000c 0420     		movs	r0, #4
 238 000e FFF7FEFF 		bl	VDAC8_2_SetRange
 239              	.LVL9:
  75:.\Generated_Source\PSoC5/VDAC8_2.c ****     VDAC8_2_SetSpeed(VDAC8_2_DEFAULT_SPEED);
 240              		.loc 1 75 0
 241 0012 0220     		movs	r0, #2
 242 0014 FFF7FEFF 		bl	VDAC8_2_SetSpeed
 243              	.LVL10:
 244 0018 08BD     		pop	{r3, pc}
 245              	.L21:
 246 001a 00BF     		.align	2
 247              	.L20:
 248 001c 28580040 		.word	1073764392
 249              		.cfi_endproc
 250              	.LFE0:
 251              		.size	VDAC8_2_Init, .-VDAC8_2_Init
 252              		.section	.text.VDAC8_2_Start,"ax",%progbits
 253              		.align	2
 254              		.global	VDAC8_2_Start
 255              		.thumb
 256              		.thumb_func
 257              		.type	VDAC8_2_Start, %function
 258              	VDAC8_2_Start:
 259              	.LFB2:
 134:.\Generated_Source\PSoC5/VDAC8_2.c **** {
 260              		.loc 1 134 0
 261              		.cfi_startproc
 262              		@ args = 0, pretend = 0, frame = 0
 263              		@ frame_needed = 0, uses_anonymous_args = 0
 264 0000 08B5     		push	{r3, lr}
 265              		.cfi_def_cfa_offset 8
 266              		.cfi_offset 3, -8
ARM GAS  C:\Users\RECEPC~1\AppData\Local\Temp\ccGWD2HN.s 			page 11


 267              		.cfi_offset 14, -4
 136:.\Generated_Source\PSoC5/VDAC8_2.c ****     if(VDAC8_2_initVar == 0u)
 268              		.loc 1 136 0
 269 0002 074B     		ldr	r3, .L24
 270 0004 1B78     		ldrb	r3, [r3]	@ zero_extendqisi2
 271 0006 23B9     		cbnz	r3, .L23
 138:.\Generated_Source\PSoC5/VDAC8_2.c ****         VDAC8_2_Init();
 272              		.loc 1 138 0
 273 0008 FFF7FEFF 		bl	VDAC8_2_Init
 274              	.LVL11:
 139:.\Generated_Source\PSoC5/VDAC8_2.c ****         VDAC8_2_initVar = 1u;
 275              		.loc 1 139 0
 276 000c 0122     		movs	r2, #1
 277 000e 044B     		ldr	r3, .L24
 278 0010 1A70     		strb	r2, [r3]
 279              	.L23:
 143:.\Generated_Source\PSoC5/VDAC8_2.c ****     VDAC8_2_Enable();
 280              		.loc 1 143 0
 281 0012 FFF7FEFF 		bl	VDAC8_2_Enable
 282              	.LVL12:
 146:.\Generated_Source\PSoC5/VDAC8_2.c ****     VDAC8_2_SetValue(VDAC8_2_DEFAULT_DATA); 
 283              		.loc 1 146 0
 284 0016 0120     		movs	r0, #1
 285 0018 FFF7FEFF 		bl	VDAC8_2_SetValue
 286              	.LVL13:
 287 001c 08BD     		pop	{r3, pc}
 288              	.L25:
 289 001e 00BF     		.align	2
 290              	.L24:
 291 0020 00000000 		.word	.LANCHOR0
 292              		.cfi_endproc
 293              	.LFE2:
 294              		.size	VDAC8_2_Start, .-VDAC8_2_Start
 295              		.global	VDAC8_2_initVar
 296              		.bss
 297              		.set	.LANCHOR0,. + 0
 298              		.type	VDAC8_2_initVar, %object
 299              		.size	VDAC8_2_initVar, 1
 300              	VDAC8_2_initVar:
 301 0000 00       		.space	1
 302              		.text
 303              	.Letext0:
 304              		.file 2 ".\\Generated_Source\\PSoC5\\cytypes.h"
 305              		.section	.debug_info,"",%progbits
 306              	.Ldebug_info0:
 307 0000 D8010000 		.4byte	0x1d8
 308 0004 0400     		.2byte	0x4
 309 0006 00000000 		.4byte	.Ldebug_abbrev0
 310 000a 04       		.byte	0x4
 311 000b 01       		.uleb128 0x1
 312 000c 52010000 		.4byte	.LASF25
 313 0010 01       		.byte	0x1
 314 0011 FA010000 		.4byte	.LASF26
 315 0015 5B000000 		.4byte	.LASF27
 316 0019 00000000 		.4byte	.Ldebug_ranges0+0
 317 001d 00000000 		.4byte	0
 318 0021 00000000 		.4byte	.Ldebug_line0
ARM GAS  C:\Users\RECEPC~1\AppData\Local\Temp\ccGWD2HN.s 			page 12


 319 0025 02       		.uleb128 0x2
 320 0026 01       		.byte	0x1
 321 0027 06       		.byte	0x6
 322 0028 4F000000 		.4byte	.LASF0
 323 002c 02       		.uleb128 0x2
 324 002d 01       		.byte	0x1
 325 002e 08       		.byte	0x8
 326 002f 97000000 		.4byte	.LASF1
 327 0033 02       		.uleb128 0x2
 328 0034 02       		.byte	0x2
 329 0035 05       		.byte	0x5
 330 0036 E1010000 		.4byte	.LASF2
 331 003a 02       		.uleb128 0x2
 332 003b 02       		.byte	0x2
 333 003c 07       		.byte	0x7
 334 003d BC000000 		.4byte	.LASF3
 335 0041 02       		.uleb128 0x2
 336 0042 04       		.byte	0x4
 337 0043 05       		.byte	0x5
 338 0044 F1010000 		.4byte	.LASF4
 339 0048 02       		.uleb128 0x2
 340 0049 04       		.byte	0x4
 341 004a 07       		.byte	0x7
 342 004b AA000000 		.4byte	.LASF5
 343 004f 02       		.uleb128 0x2
 344 0050 08       		.byte	0x8
 345 0051 05       		.byte	0x5
 346 0052 CE010000 		.4byte	.LASF6
 347 0056 02       		.uleb128 0x2
 348 0057 08       		.byte	0x8
 349 0058 07       		.byte	0x7
 350 0059 36010000 		.4byte	.LASF7
 351 005d 03       		.uleb128 0x3
 352 005e 04       		.byte	0x4
 353 005f 05       		.byte	0x5
 354 0060 696E7400 		.ascii	"int\000"
 355 0064 02       		.uleb128 0x2
 356 0065 04       		.byte	0x4
 357 0066 07       		.byte	0x7
 358 0067 29010000 		.4byte	.LASF8
 359 006b 04       		.uleb128 0x4
 360 006c EB010000 		.4byte	.LASF12
 361 0070 02       		.byte	0x2
 362 0071 B4       		.byte	0xb4
 363 0072 2C000000 		.4byte	0x2c
 364 0076 02       		.uleb128 0x2
 365 0077 04       		.byte	0x4
 366 0078 04       		.byte	0x4
 367 0079 49000000 		.4byte	.LASF9
 368 007d 02       		.uleb128 0x2
 369 007e 08       		.byte	0x8
 370 007f 04       		.byte	0x4
 371 0080 03010000 		.4byte	.LASF10
 372 0084 02       		.uleb128 0x2
 373 0085 01       		.byte	0x1
 374 0086 08       		.byte	0x8
 375 0087 DC010000 		.4byte	.LASF11
ARM GAS  C:\Users\RECEPC~1\AppData\Local\Temp\ccGWD2HN.s 			page 13


 376 008b 05       		.uleb128 0x5
 377 008c A5000000 		.4byte	.LASF13
 378 0090 02       		.byte	0x2
 379 0091 5E01     		.2byte	0x15e
 380 0093 97000000 		.4byte	0x97
 381 0097 06       		.uleb128 0x6
 382 0098 6B000000 		.4byte	0x6b
 383 009c 07       		.uleb128 0x7
 384 009d 3A000000 		.4byte	.LASF14
 385 00a1 01       		.byte	0x1
 386 00a2 60       		.byte	0x60
 387 00a3 00000000 		.4byte	.LFB1
 388 00a7 1C000000 		.4byte	.LFE1-.LFB1
 389 00ab 01       		.uleb128 0x1
 390 00ac 9C       		.byte	0x9c
 391 00ad 07       		.uleb128 0x7
 392 00ae DF000000 		.4byte	.LASF15
 393 00b2 01       		.byte	0x1
 394 00b3 A8       		.byte	0xa8
 395 00b4 00000000 		.4byte	.LFB3
 396 00b8 1C000000 		.4byte	.LFE3-.LFB3
 397 00bc 01       		.uleb128 0x1
 398 00bd 9C       		.byte	0x9c
 399 00be 08       		.uleb128 0x8
 400 00bf 06000000 		.4byte	.LASF16
 401 00c3 01       		.byte	0x1
 402 00c4 CA       		.byte	0xca
 403 00c5 00000000 		.4byte	.LFB4
 404 00c9 1C000000 		.4byte	.LFE4-.LFB4
 405 00cd 01       		.uleb128 0x1
 406 00ce 9C       		.byte	0x9c
 407 00cf E3000000 		.4byte	0xe3
 408 00d3 09       		.uleb128 0x9
 409 00d4 00000000 		.4byte	.LASF18
 410 00d8 01       		.byte	0x1
 411 00d9 CA       		.byte	0xca
 412 00da 6B000000 		.4byte	0x6b
 413 00de 00000000 		.4byte	.LLST0
 414 00e2 00       		.byte	0
 415 00e3 08       		.uleb128 0x8
 416 00e4 0A010000 		.4byte	.LASF17
 417 00e8 01       		.byte	0x1
 418 00e9 FE       		.byte	0xfe
 419 00ea 00000000 		.4byte	.LFB6
 420 00ee 0C000000 		.4byte	.LFE6-.LFB6
 421 00f2 01       		.uleb128 0x1
 422 00f3 9C       		.byte	0x9c
 423 00f4 06010000 		.4byte	0x106
 424 00f8 0A       		.uleb128 0xa
 425 00f9 24000000 		.4byte	.LASF19
 426 00fd 01       		.byte	0x1
 427 00fe FE       		.byte	0xfe
 428 00ff 6B000000 		.4byte	0x6b
 429 0103 01       		.uleb128 0x1
 430 0104 50       		.byte	0x50
 431 0105 00       		.byte	0
 432 0106 0B       		.uleb128 0xb
ARM GAS  C:\Users\RECEPC~1\AppData\Local\Temp\ccGWD2HN.s 			page 14


 433 0107 CF000000 		.4byte	.LASF20
 434 010b 01       		.byte	0x1
 435 010c 2101     		.2byte	0x121
 436 010e 00000000 		.4byte	.LFB7
 437 0112 20000000 		.4byte	.LFE7-.LFB7
 438 0116 01       		.uleb128 0x1
 439 0117 9C       		.byte	0x9c
 440 0118 2D010000 		.4byte	0x12d
 441 011c 0C       		.uleb128 0xc
 442 011d 4D010000 		.4byte	.LASF28
 443 0121 01       		.byte	0x1
 444 0122 2301     		.2byte	0x123
 445 0124 6B000000 		.4byte	0x6b
 446 0128 21000000 		.4byte	.LLST1
 447 012c 00       		.byte	0
 448 012d 08       		.uleb128 0x8
 449 012e F2000000 		.4byte	.LASF21
 450 0132 01       		.byte	0x1
 451 0133 E4       		.byte	0xe4
 452 0134 00000000 		.4byte	.LFB5
 453 0138 20000000 		.4byte	.LFE5-.LFB5
 454 013c 01       		.uleb128 0x1
 455 013d 9C       		.byte	0x9c
 456 013e 5B010000 		.4byte	0x15b
 457 0142 09       		.uleb128 0x9
 458 0143 EC000000 		.4byte	.LASF22
 459 0147 01       		.byte	0x1
 460 0148 E4       		.byte	0xe4
 461 0149 6B000000 		.4byte	0x6b
 462 014d 47000000 		.4byte	.LLST2
 463 0151 0D       		.uleb128 0xd
 464 0152 1A000000 		.4byte	.LVL8
 465 0156 06010000 		.4byte	0x106
 466 015a 00       		.byte	0
 467 015b 08       		.uleb128 0x8
 468 015c 17000000 		.4byte	.LASF23
 469 0160 01       		.byte	0x1
 470 0161 37       		.byte	0x37
 471 0162 00000000 		.4byte	.LFB0
 472 0166 20000000 		.4byte	.LFE0-.LFB0
 473 016a 01       		.uleb128 0x1
 474 016b 9C       		.byte	0x9c
 475 016c 93010000 		.4byte	0x193
 476 0170 0E       		.uleb128 0xe
 477 0171 12000000 		.4byte	.LVL9
 478 0175 2D010000 		.4byte	0x12d
 479 0179 83010000 		.4byte	0x183
 480 017d 0F       		.uleb128 0xf
 481 017e 01       		.uleb128 0x1
 482 017f 50       		.byte	0x50
 483 0180 01       		.uleb128 0x1
 484 0181 34       		.byte	0x34
 485 0182 00       		.byte	0
 486 0183 10       		.uleb128 0x10
 487 0184 18000000 		.4byte	.LVL10
 488 0188 BE000000 		.4byte	0xbe
 489 018c 0F       		.uleb128 0xf
ARM GAS  C:\Users\RECEPC~1\AppData\Local\Temp\ccGWD2HN.s 			page 15


 490 018d 01       		.uleb128 0x1
 491 018e 50       		.byte	0x50
 492 018f 01       		.uleb128 0x1
 493 0190 32       		.byte	0x32
 494 0191 00       		.byte	0
 495 0192 00       		.byte	0
 496 0193 08       		.uleb128 0x8
 497 0194 1B010000 		.4byte	.LASF24
 498 0198 01       		.byte	0x1
 499 0199 85       		.byte	0x85
 500 019a 00000000 		.4byte	.LFB2
 501 019e 24000000 		.4byte	.LFE2-.LFB2
 502 01a2 01       		.uleb128 0x1
 503 01a3 9C       		.byte	0x9c
 504 01a4 CA010000 		.4byte	0x1ca
 505 01a8 0D       		.uleb128 0xd
 506 01a9 0C000000 		.4byte	.LVL11
 507 01ad 5B010000 		.4byte	0x15b
 508 01b1 0D       		.uleb128 0xd
 509 01b2 16000000 		.4byte	.LVL12
 510 01b6 9C000000 		.4byte	0x9c
 511 01ba 10       		.uleb128 0x10
 512 01bb 1C000000 		.4byte	.LVL13
 513 01bf E3000000 		.4byte	0xe3
 514 01c3 0F       		.uleb128 0xf
 515 01c4 01       		.uleb128 0x1
 516 01c5 50       		.byte	0x50
 517 01c6 01       		.uleb128 0x1
 518 01c7 31       		.byte	0x31
 519 01c8 00       		.byte	0
 520 01c9 00       		.byte	0
 521 01ca 11       		.uleb128 0x11
 522 01cb 2A000000 		.4byte	.LASF29
 523 01cf 01       		.byte	0x1
 524 01d0 1B       		.byte	0x1b
 525 01d1 6B000000 		.4byte	0x6b
 526 01d5 05       		.uleb128 0x5
 527 01d6 03       		.byte	0x3
 528 01d7 00000000 		.4byte	VDAC8_2_initVar
 529 01db 00       		.byte	0
 530              		.section	.debug_abbrev,"",%progbits
 531              	.Ldebug_abbrev0:
 532 0000 01       		.uleb128 0x1
 533 0001 11       		.uleb128 0x11
 534 0002 01       		.byte	0x1
 535 0003 25       		.uleb128 0x25
 536 0004 0E       		.uleb128 0xe
 537 0005 13       		.uleb128 0x13
 538 0006 0B       		.uleb128 0xb
 539 0007 03       		.uleb128 0x3
 540 0008 0E       		.uleb128 0xe
 541 0009 1B       		.uleb128 0x1b
 542 000a 0E       		.uleb128 0xe
 543 000b 55       		.uleb128 0x55
 544 000c 17       		.uleb128 0x17
 545 000d 11       		.uleb128 0x11
 546 000e 01       		.uleb128 0x1
ARM GAS  C:\Users\RECEPC~1\AppData\Local\Temp\ccGWD2HN.s 			page 16


 547 000f 10       		.uleb128 0x10
 548 0010 17       		.uleb128 0x17
 549 0011 00       		.byte	0
 550 0012 00       		.byte	0
 551 0013 02       		.uleb128 0x2
 552 0014 24       		.uleb128 0x24
 553 0015 00       		.byte	0
 554 0016 0B       		.uleb128 0xb
 555 0017 0B       		.uleb128 0xb
 556 0018 3E       		.uleb128 0x3e
 557 0019 0B       		.uleb128 0xb
 558 001a 03       		.uleb128 0x3
 559 001b 0E       		.uleb128 0xe
 560 001c 00       		.byte	0
 561 001d 00       		.byte	0
 562 001e 03       		.uleb128 0x3
 563 001f 24       		.uleb128 0x24
 564 0020 00       		.byte	0
 565 0021 0B       		.uleb128 0xb
 566 0022 0B       		.uleb128 0xb
 567 0023 3E       		.uleb128 0x3e
 568 0024 0B       		.uleb128 0xb
 569 0025 03       		.uleb128 0x3
 570 0026 08       		.uleb128 0x8
 571 0027 00       		.byte	0
 572 0028 00       		.byte	0
 573 0029 04       		.uleb128 0x4
 574 002a 16       		.uleb128 0x16
 575 002b 00       		.byte	0
 576 002c 03       		.uleb128 0x3
 577 002d 0E       		.uleb128 0xe
 578 002e 3A       		.uleb128 0x3a
 579 002f 0B       		.uleb128 0xb
 580 0030 3B       		.uleb128 0x3b
 581 0031 0B       		.uleb128 0xb
 582 0032 49       		.uleb128 0x49
 583 0033 13       		.uleb128 0x13
 584 0034 00       		.byte	0
 585 0035 00       		.byte	0
 586 0036 05       		.uleb128 0x5
 587 0037 16       		.uleb128 0x16
 588 0038 00       		.byte	0
 589 0039 03       		.uleb128 0x3
 590 003a 0E       		.uleb128 0xe
 591 003b 3A       		.uleb128 0x3a
 592 003c 0B       		.uleb128 0xb
 593 003d 3B       		.uleb128 0x3b
 594 003e 05       		.uleb128 0x5
 595 003f 49       		.uleb128 0x49
 596 0040 13       		.uleb128 0x13
 597 0041 00       		.byte	0
 598 0042 00       		.byte	0
 599 0043 06       		.uleb128 0x6
 600 0044 35       		.uleb128 0x35
 601 0045 00       		.byte	0
 602 0046 49       		.uleb128 0x49
 603 0047 13       		.uleb128 0x13
ARM GAS  C:\Users\RECEPC~1\AppData\Local\Temp\ccGWD2HN.s 			page 17


 604 0048 00       		.byte	0
 605 0049 00       		.byte	0
 606 004a 07       		.uleb128 0x7
 607 004b 2E       		.uleb128 0x2e
 608 004c 00       		.byte	0
 609 004d 3F       		.uleb128 0x3f
 610 004e 19       		.uleb128 0x19
 611 004f 03       		.uleb128 0x3
 612 0050 0E       		.uleb128 0xe
 613 0051 3A       		.uleb128 0x3a
 614 0052 0B       		.uleb128 0xb
 615 0053 3B       		.uleb128 0x3b
 616 0054 0B       		.uleb128 0xb
 617 0055 27       		.uleb128 0x27
 618 0056 19       		.uleb128 0x19
 619 0057 11       		.uleb128 0x11
 620 0058 01       		.uleb128 0x1
 621 0059 12       		.uleb128 0x12
 622 005a 06       		.uleb128 0x6
 623 005b 40       		.uleb128 0x40
 624 005c 18       		.uleb128 0x18
 625 005d 9742     		.uleb128 0x2117
 626 005f 19       		.uleb128 0x19
 627 0060 00       		.byte	0
 628 0061 00       		.byte	0
 629 0062 08       		.uleb128 0x8
 630 0063 2E       		.uleb128 0x2e
 631 0064 01       		.byte	0x1
 632 0065 3F       		.uleb128 0x3f
 633 0066 19       		.uleb128 0x19
 634 0067 03       		.uleb128 0x3
 635 0068 0E       		.uleb128 0xe
 636 0069 3A       		.uleb128 0x3a
 637 006a 0B       		.uleb128 0xb
 638 006b 3B       		.uleb128 0x3b
 639 006c 0B       		.uleb128 0xb
 640 006d 27       		.uleb128 0x27
 641 006e 19       		.uleb128 0x19
 642 006f 11       		.uleb128 0x11
 643 0070 01       		.uleb128 0x1
 644 0071 12       		.uleb128 0x12
 645 0072 06       		.uleb128 0x6
 646 0073 40       		.uleb128 0x40
 647 0074 18       		.uleb128 0x18
 648 0075 9742     		.uleb128 0x2117
 649 0077 19       		.uleb128 0x19
 650 0078 01       		.uleb128 0x1
 651 0079 13       		.uleb128 0x13
 652 007a 00       		.byte	0
 653 007b 00       		.byte	0
 654 007c 09       		.uleb128 0x9
 655 007d 05       		.uleb128 0x5
 656 007e 00       		.byte	0
 657 007f 03       		.uleb128 0x3
 658 0080 0E       		.uleb128 0xe
 659 0081 3A       		.uleb128 0x3a
 660 0082 0B       		.uleb128 0xb
ARM GAS  C:\Users\RECEPC~1\AppData\Local\Temp\ccGWD2HN.s 			page 18


 661 0083 3B       		.uleb128 0x3b
 662 0084 0B       		.uleb128 0xb
 663 0085 49       		.uleb128 0x49
 664 0086 13       		.uleb128 0x13
 665 0087 02       		.uleb128 0x2
 666 0088 17       		.uleb128 0x17
 667 0089 00       		.byte	0
 668 008a 00       		.byte	0
 669 008b 0A       		.uleb128 0xa
 670 008c 05       		.uleb128 0x5
 671 008d 00       		.byte	0
 672 008e 03       		.uleb128 0x3
 673 008f 0E       		.uleb128 0xe
 674 0090 3A       		.uleb128 0x3a
 675 0091 0B       		.uleb128 0xb
 676 0092 3B       		.uleb128 0x3b
 677 0093 0B       		.uleb128 0xb
 678 0094 49       		.uleb128 0x49
 679 0095 13       		.uleb128 0x13
 680 0096 02       		.uleb128 0x2
 681 0097 18       		.uleb128 0x18
 682 0098 00       		.byte	0
 683 0099 00       		.byte	0
 684 009a 0B       		.uleb128 0xb
 685 009b 2E       		.uleb128 0x2e
 686 009c 01       		.byte	0x1
 687 009d 3F       		.uleb128 0x3f
 688 009e 19       		.uleb128 0x19
 689 009f 03       		.uleb128 0x3
 690 00a0 0E       		.uleb128 0xe
 691 00a1 3A       		.uleb128 0x3a
 692 00a2 0B       		.uleb128 0xb
 693 00a3 3B       		.uleb128 0x3b
 694 00a4 05       		.uleb128 0x5
 695 00a5 27       		.uleb128 0x27
 696 00a6 19       		.uleb128 0x19
 697 00a7 11       		.uleb128 0x11
 698 00a8 01       		.uleb128 0x1
 699 00a9 12       		.uleb128 0x12
 700 00aa 06       		.uleb128 0x6
 701 00ab 40       		.uleb128 0x40
 702 00ac 18       		.uleb128 0x18
 703 00ad 9742     		.uleb128 0x2117
 704 00af 19       		.uleb128 0x19
 705 00b0 01       		.uleb128 0x1
 706 00b1 13       		.uleb128 0x13
 707 00b2 00       		.byte	0
 708 00b3 00       		.byte	0
 709 00b4 0C       		.uleb128 0xc
 710 00b5 34       		.uleb128 0x34
 711 00b6 00       		.byte	0
 712 00b7 03       		.uleb128 0x3
 713 00b8 0E       		.uleb128 0xe
 714 00b9 3A       		.uleb128 0x3a
 715 00ba 0B       		.uleb128 0xb
 716 00bb 3B       		.uleb128 0x3b
 717 00bc 05       		.uleb128 0x5
ARM GAS  C:\Users\RECEPC~1\AppData\Local\Temp\ccGWD2HN.s 			page 19


 718 00bd 49       		.uleb128 0x49
 719 00be 13       		.uleb128 0x13
 720 00bf 02       		.uleb128 0x2
 721 00c0 17       		.uleb128 0x17
 722 00c1 00       		.byte	0
 723 00c2 00       		.byte	0
 724 00c3 0D       		.uleb128 0xd
 725 00c4 898201   		.uleb128 0x4109
 726 00c7 00       		.byte	0
 727 00c8 11       		.uleb128 0x11
 728 00c9 01       		.uleb128 0x1
 729 00ca 31       		.uleb128 0x31
 730 00cb 13       		.uleb128 0x13
 731 00cc 00       		.byte	0
 732 00cd 00       		.byte	0
 733 00ce 0E       		.uleb128 0xe
 734 00cf 898201   		.uleb128 0x4109
 735 00d2 01       		.byte	0x1
 736 00d3 11       		.uleb128 0x11
 737 00d4 01       		.uleb128 0x1
 738 00d5 31       		.uleb128 0x31
 739 00d6 13       		.uleb128 0x13
 740 00d7 01       		.uleb128 0x1
 741 00d8 13       		.uleb128 0x13
 742 00d9 00       		.byte	0
 743 00da 00       		.byte	0
 744 00db 0F       		.uleb128 0xf
 745 00dc 8A8201   		.uleb128 0x410a
 746 00df 00       		.byte	0
 747 00e0 02       		.uleb128 0x2
 748 00e1 18       		.uleb128 0x18
 749 00e2 9142     		.uleb128 0x2111
 750 00e4 18       		.uleb128 0x18
 751 00e5 00       		.byte	0
 752 00e6 00       		.byte	0
 753 00e7 10       		.uleb128 0x10
 754 00e8 898201   		.uleb128 0x4109
 755 00eb 01       		.byte	0x1
 756 00ec 11       		.uleb128 0x11
 757 00ed 01       		.uleb128 0x1
 758 00ee 31       		.uleb128 0x31
 759 00ef 13       		.uleb128 0x13
 760 00f0 00       		.byte	0
 761 00f1 00       		.byte	0
 762 00f2 11       		.uleb128 0x11
 763 00f3 34       		.uleb128 0x34
 764 00f4 00       		.byte	0
 765 00f5 03       		.uleb128 0x3
 766 00f6 0E       		.uleb128 0xe
 767 00f7 3A       		.uleb128 0x3a
 768 00f8 0B       		.uleb128 0xb
 769 00f9 3B       		.uleb128 0x3b
 770 00fa 0B       		.uleb128 0xb
 771 00fb 49       		.uleb128 0x49
 772 00fc 13       		.uleb128 0x13
 773 00fd 3F       		.uleb128 0x3f
 774 00fe 19       		.uleb128 0x19
ARM GAS  C:\Users\RECEPC~1\AppData\Local\Temp\ccGWD2HN.s 			page 20


 775 00ff 02       		.uleb128 0x2
 776 0100 18       		.uleb128 0x18
 777 0101 00       		.byte	0
 778 0102 00       		.byte	0
 779 0103 00       		.byte	0
 780              		.section	.debug_loc,"",%progbits
 781              	.Ldebug_loc0:
 782              	.LLST0:
 783 0000 00000000 		.4byte	.LVL0
 784 0004 10000000 		.4byte	.LVL1
 785 0008 0100     		.2byte	0x1
 786 000a 50       		.byte	0x50
 787 000b 10000000 		.4byte	.LVL1
 788 000f 1C000000 		.4byte	.LFE4
 789 0013 0400     		.2byte	0x4
 790 0015 F3       		.byte	0xf3
 791 0016 01       		.uleb128 0x1
 792 0017 50       		.byte	0x50
 793 0018 9F       		.byte	0x9f
 794 0019 00000000 		.4byte	0
 795 001d 00000000 		.4byte	0
 796              	.LLST1:
 797 0021 08000000 		.4byte	.LVL3
 798 0025 0C000000 		.4byte	.LVL4
 799 0029 0300     		.2byte	0x3
 800 002b 73       		.byte	0x73
 801 002c 06       		.sleb128 6
 802 002d 9F       		.byte	0x9f
 803 002e 0C000000 		.4byte	.LVL4
 804 0032 14000000 		.4byte	.LVL5
 805 0036 0700     		.2byte	0x7
 806 0038 73       		.byte	0x73
 807 0039 868080B8 		.sleb128 -1224736762
 807      7B
 808 003e 9F       		.byte	0x9f
 809 003f 00000000 		.4byte	0
 810 0043 00000000 		.4byte	0
 811              	.LLST2:
 812 0047 00000000 		.4byte	.LVL6
 813 004b 12000000 		.4byte	.LVL7
 814 004f 0100     		.2byte	0x1
 815 0051 50       		.byte	0x50
 816 0052 12000000 		.4byte	.LVL7
 817 0056 20000000 		.4byte	.LFE5
 818 005a 0400     		.2byte	0x4
 819 005c F3       		.byte	0xf3
 820 005d 01       		.uleb128 0x1
 821 005e 50       		.byte	0x50
 822 005f 9F       		.byte	0x9f
 823 0060 00000000 		.4byte	0
 824 0064 00000000 		.4byte	0
 825              		.section	.debug_aranges,"",%progbits
 826 0000 54000000 		.4byte	0x54
 827 0004 0200     		.2byte	0x2
 828 0006 00000000 		.4byte	.Ldebug_info0
 829 000a 04       		.byte	0x4
 830 000b 00       		.byte	0
ARM GAS  C:\Users\RECEPC~1\AppData\Local\Temp\ccGWD2HN.s 			page 21


 831 000c 0000     		.2byte	0
 832 000e 0000     		.2byte	0
 833 0010 00000000 		.4byte	.LFB1
 834 0014 1C000000 		.4byte	.LFE1-.LFB1
 835 0018 00000000 		.4byte	.LFB3
 836 001c 1C000000 		.4byte	.LFE3-.LFB3
 837 0020 00000000 		.4byte	.LFB4
 838 0024 1C000000 		.4byte	.LFE4-.LFB4
 839 0028 00000000 		.4byte	.LFB6
 840 002c 0C000000 		.4byte	.LFE6-.LFB6
 841 0030 00000000 		.4byte	.LFB7
 842 0034 20000000 		.4byte	.LFE7-.LFB7
 843 0038 00000000 		.4byte	.LFB5
 844 003c 20000000 		.4byte	.LFE5-.LFB5
 845 0040 00000000 		.4byte	.LFB0
 846 0044 20000000 		.4byte	.LFE0-.LFB0
 847 0048 00000000 		.4byte	.LFB2
 848 004c 24000000 		.4byte	.LFE2-.LFB2
 849 0050 00000000 		.4byte	0
 850 0054 00000000 		.4byte	0
 851              		.section	.debug_ranges,"",%progbits
 852              	.Ldebug_ranges0:
 853 0000 00000000 		.4byte	.LFB1
 854 0004 1C000000 		.4byte	.LFE1
 855 0008 00000000 		.4byte	.LFB3
 856 000c 1C000000 		.4byte	.LFE3
 857 0010 00000000 		.4byte	.LFB4
 858 0014 1C000000 		.4byte	.LFE4
 859 0018 00000000 		.4byte	.LFB6
 860 001c 0C000000 		.4byte	.LFE6
 861 0020 00000000 		.4byte	.LFB7
 862 0024 20000000 		.4byte	.LFE7
 863 0028 00000000 		.4byte	.LFB5
 864 002c 20000000 		.4byte	.LFE5
 865 0030 00000000 		.4byte	.LFB0
 866 0034 20000000 		.4byte	.LFE0
 867 0038 00000000 		.4byte	.LFB2
 868 003c 24000000 		.4byte	.LFE2
 869 0040 00000000 		.4byte	0
 870 0044 00000000 		.4byte	0
 871              		.section	.debug_line,"",%progbits
 872              	.Ldebug_line0:
 873 0000 E2000000 		.section	.debug_str,"MS",%progbits,1
 873      02004600 
 873      00000201 
 873      FB0E0D00 
 873      01010101 
 874              	.LASF18:
 875 0000 73706565 		.ascii	"speed\000"
 875      6400
 876              	.LASF16:
 877 0006 56444143 		.ascii	"VDAC8_2_SetSpeed\000"
 877      385F325F 
 877      53657453 
 877      70656564 
 877      00
 878              	.LASF23:
ARM GAS  C:\Users\RECEPC~1\AppData\Local\Temp\ccGWD2HN.s 			page 22


 879 0017 56444143 		.ascii	"VDAC8_2_Init\000"
 879      385F325F 
 879      496E6974 
 879      00
 880              	.LASF19:
 881 0024 76616C75 		.ascii	"value\000"
 881      6500
 882              	.LASF29:
 883 002a 56444143 		.ascii	"VDAC8_2_initVar\000"
 883      385F325F 
 883      696E6974 
 883      56617200 
 884              	.LASF14:
 885 003a 56444143 		.ascii	"VDAC8_2_Enable\000"
 885      385F325F 
 885      456E6162 
 885      6C6500
 886              	.LASF9:
 887 0049 666C6F61 		.ascii	"float\000"
 887      7400
 888              	.LASF0:
 889 004f 7369676E 		.ascii	"signed char\000"
 889      65642063 
 889      68617200 
 890              	.LASF27:
 891 005b 433A5C55 		.ascii	"C:\\Users\\Recepcion\\Documents\\NMUX\\Unificada\\U"
 891      73657273 
 891      5C526563 
 891      65706369 
 891      6F6E5C44 
 892 0088 6E696669 		.ascii	"nificada.cydsn\000"
 892      63616461 
 892      2E637964 
 892      736E00
 893              	.LASF1:
 894 0097 756E7369 		.ascii	"unsigned char\000"
 894      676E6564 
 894      20636861 
 894      7200
 895              	.LASF13:
 896 00a5 72656738 		.ascii	"reg8\000"
 896      00
 897              	.LASF5:
 898 00aa 6C6F6E67 		.ascii	"long unsigned int\000"
 898      20756E73 
 898      69676E65 
 898      6420696E 
 898      7400
 899              	.LASF3:
 900 00bc 73686F72 		.ascii	"short unsigned int\000"
 900      7420756E 
 900      7369676E 
 900      65642069 
 900      6E7400
 901              	.LASF20:
 902 00cf 56444143 		.ascii	"VDAC8_2_DacTrim\000"
 902      385F325F 
ARM GAS  C:\Users\RECEPC~1\AppData\Local\Temp\ccGWD2HN.s 			page 23


 902      44616354 
 902      72696D00 
 903              	.LASF15:
 904 00df 56444143 		.ascii	"VDAC8_2_Stop\000"
 904      385F325F 
 904      53746F70 
 904      00
 905              	.LASF22:
 906 00ec 72616E67 		.ascii	"range\000"
 906      6500
 907              	.LASF21:
 908 00f2 56444143 		.ascii	"VDAC8_2_SetRange\000"
 908      385F325F 
 908      53657452 
 908      616E6765 
 908      00
 909              	.LASF10:
 910 0103 646F7562 		.ascii	"double\000"
 910      6C6500
 911              	.LASF17:
 912 010a 56444143 		.ascii	"VDAC8_2_SetValue\000"
 912      385F325F 
 912      53657456 
 912      616C7565 
 912      00
 913              	.LASF24:
 914 011b 56444143 		.ascii	"VDAC8_2_Start\000"
 914      385F325F 
 914      53746172 
 914      7400
 915              	.LASF8:
 916 0129 756E7369 		.ascii	"unsigned int\000"
 916      676E6564 
 916      20696E74 
 916      00
 917              	.LASF7:
 918 0136 6C6F6E67 		.ascii	"long long unsigned int\000"
 918      206C6F6E 
 918      6720756E 
 918      7369676E 
 918      65642069 
 919              	.LASF28:
 920 014d 6D6F6465 		.ascii	"mode\000"
 920      00
 921              	.LASF25:
 922 0152 474E5520 		.ascii	"GNU C 4.8.4 20140526 (release) [ARM/embedded-4_8-br"
 922      4320342E 
 922      382E3420 
 922      32303134 
 922      30353236 
 923 0185 616E6368 		.ascii	"anch revision 211358] -mcpu=cortex-m3 -mthumb -g -O"
 923      20726576 
 923      6973696F 
 923      6E203231 
 923      31333538 
 924 01b8 67202D66 		.ascii	"g -ffunction-sections\000"
 924      66756E63 
ARM GAS  C:\Users\RECEPC~1\AppData\Local\Temp\ccGWD2HN.s 			page 24


 924      74696F6E 
 924      2D736563 
 924      74696F6E 
 925              	.LASF6:
 926 01ce 6C6F6E67 		.ascii	"long long int\000"
 926      206C6F6E 
 926      6720696E 
 926      7400
 927              	.LASF11:
 928 01dc 63686172 		.ascii	"char\000"
 928      00
 929              	.LASF2:
 930 01e1 73686F72 		.ascii	"short int\000"
 930      7420696E 
 930      7400
 931              	.LASF12:
 932 01eb 75696E74 		.ascii	"uint8\000"
 932      3800
 933              	.LASF4:
 934 01f1 6C6F6E67 		.ascii	"long int\000"
 934      20696E74 
 934      00
 935              	.LASF26:
 936 01fa 2E5C4765 		.ascii	".\\Generated_Source\\PSoC5\\VDAC8_2.c\000"
 936      6E657261 
 936      7465645F 
 936      536F7572 
 936      63655C50 
 937              		.ident	"GCC: (GNU Tools for ARM Embedded Processors) 4.8.4 20140526 (release) [ARM/embedded-4_8-br
