ARM GAS  C:\Users\RECEPC~1\AppData\Local\Temp\cciyjUDC.s 			page 1


   1              		.syntax unified
   2              		.cpu cortex-m3
   3              		.fpu softvfp
   4              		.eabi_attribute 20, 1
   5              		.eabi_attribute 21, 1
   6              		.eabi_attribute 23, 3
   7              		.eabi_attribute 24, 1
   8              		.eabi_attribute 25, 1
   9              		.eabi_attribute 26, 1
  10              		.eabi_attribute 30, 1
  11              		.eabi_attribute 34, 1
  12              		.eabi_attribute 18, 4
  13              		.thumb
  14              		.file	"PC_INT.c"
  15              		.text
  16              	.Ltext0:
  17              		.cfi_sections	.debug_frame
  18              		.section	.text.PC_RXISR,"ax",%progbits
  19              		.align	2
  20              		.global	PC_RXISR
  21              		.thumb
  22              		.thumb_func
  23              		.type	PC_RXISR, %function
  24              	PC_RXISR:
  25              	.LFB0:
  26              		.file 1 ".\\Generated_Source\\PSoC5\\PC_INT.c"
   1:.\Generated_Source\PSoC5/PC_INT.c **** /*******************************************************************************
   2:.\Generated_Source\PSoC5/PC_INT.c **** * File Name: PC_INT.c
   3:.\Generated_Source\PSoC5/PC_INT.c **** * Version 2.30
   4:.\Generated_Source\PSoC5/PC_INT.c **** *
   5:.\Generated_Source\PSoC5/PC_INT.c **** * Description:
   6:.\Generated_Source\PSoC5/PC_INT.c **** *  This file provides all Interrupt Service functionality of the UART component
   7:.\Generated_Source\PSoC5/PC_INT.c **** *
   8:.\Generated_Source\PSoC5/PC_INT.c **** * Note:
   9:.\Generated_Source\PSoC5/PC_INT.c **** *  Any unusual or non-standard behavior should be noted here. Other-
  10:.\Generated_Source\PSoC5/PC_INT.c **** *  wise, this section should remain blank.
  11:.\Generated_Source\PSoC5/PC_INT.c **** *
  12:.\Generated_Source\PSoC5/PC_INT.c **** ********************************************************************************
  13:.\Generated_Source\PSoC5/PC_INT.c **** * Copyright 2008-2012, Cypress Semiconductor Corporation.  All rights reserved.
  14:.\Generated_Source\PSoC5/PC_INT.c **** * You may use this file only in accordance with the license, terms, conditions,
  15:.\Generated_Source\PSoC5/PC_INT.c **** * disclaimers, and limitations in the end user license agreement accompanying
  16:.\Generated_Source\PSoC5/PC_INT.c **** * the software package with which this file was provided.
  17:.\Generated_Source\PSoC5/PC_INT.c **** *******************************************************************************/
  18:.\Generated_Source\PSoC5/PC_INT.c **** 
  19:.\Generated_Source\PSoC5/PC_INT.c **** #include "PC.h"
  20:.\Generated_Source\PSoC5/PC_INT.c **** #include "CyLib.h"
  21:.\Generated_Source\PSoC5/PC_INT.c **** 
  22:.\Generated_Source\PSoC5/PC_INT.c **** 
  23:.\Generated_Source\PSoC5/PC_INT.c **** /***************************************
  24:.\Generated_Source\PSoC5/PC_INT.c **** * Custom Declratations
  25:.\Generated_Source\PSoC5/PC_INT.c **** ***************************************/
  26:.\Generated_Source\PSoC5/PC_INT.c **** /* `#START CUSTOM_DECLARATIONS` Place your declaration here */
  27:.\Generated_Source\PSoC5/PC_INT.c **** 
  28:.\Generated_Source\PSoC5/PC_INT.c **** /* `#END` */
  29:.\Generated_Source\PSoC5/PC_INT.c **** 
  30:.\Generated_Source\PSoC5/PC_INT.c **** #if( (PC_RX_ENABLED || PC_HD_ENABLED) && \
  31:.\Generated_Source\PSoC5/PC_INT.c ****      (PC_RXBUFFERSIZE > PC_FIFO_LENGTH))
ARM GAS  C:\Users\RECEPC~1\AppData\Local\Temp\cciyjUDC.s 			page 2


  32:.\Generated_Source\PSoC5/PC_INT.c **** 
  33:.\Generated_Source\PSoC5/PC_INT.c **** 
  34:.\Generated_Source\PSoC5/PC_INT.c ****     /*******************************************************************************
  35:.\Generated_Source\PSoC5/PC_INT.c ****     * Function Name: PC_RXISR
  36:.\Generated_Source\PSoC5/PC_INT.c ****     ********************************************************************************
  37:.\Generated_Source\PSoC5/PC_INT.c ****     *
  38:.\Generated_Source\PSoC5/PC_INT.c ****     * Summary:
  39:.\Generated_Source\PSoC5/PC_INT.c ****     *  Interrupt Service Routine for RX portion of the UART
  40:.\Generated_Source\PSoC5/PC_INT.c ****     *
  41:.\Generated_Source\PSoC5/PC_INT.c ****     * Parameters:
  42:.\Generated_Source\PSoC5/PC_INT.c ****     *  None.
  43:.\Generated_Source\PSoC5/PC_INT.c ****     *
  44:.\Generated_Source\PSoC5/PC_INT.c ****     * Return:
  45:.\Generated_Source\PSoC5/PC_INT.c ****     *  None.
  46:.\Generated_Source\PSoC5/PC_INT.c ****     *
  47:.\Generated_Source\PSoC5/PC_INT.c ****     * Global Variables:
  48:.\Generated_Source\PSoC5/PC_INT.c ****     *  PC_rxBuffer - RAM buffer pointer for save received data.
  49:.\Generated_Source\PSoC5/PC_INT.c ****     *  PC_rxBufferWrite - cyclic index for write to rxBuffer,
  50:.\Generated_Source\PSoC5/PC_INT.c ****     *     increments after each byte saved to buffer.
  51:.\Generated_Source\PSoC5/PC_INT.c ****     *  PC_rxBufferRead - cyclic index for read from rxBuffer,
  52:.\Generated_Source\PSoC5/PC_INT.c ****     *     checked to detect overflow condition.
  53:.\Generated_Source\PSoC5/PC_INT.c ****     *  PC_rxBufferOverflow - software overflow flag. Set to one
  54:.\Generated_Source\PSoC5/PC_INT.c ****     *     when PC_rxBufferWrite index overtakes
  55:.\Generated_Source\PSoC5/PC_INT.c ****     *     PC_rxBufferRead index.
  56:.\Generated_Source\PSoC5/PC_INT.c ****     *  PC_rxBufferLoopDetect - additional variable to detect overflow.
  57:.\Generated_Source\PSoC5/PC_INT.c ****     *     Set to one when PC_rxBufferWrite is equal to
  58:.\Generated_Source\PSoC5/PC_INT.c ****     *    PC_rxBufferRead
  59:.\Generated_Source\PSoC5/PC_INT.c ****     *  PC_rxAddressMode - this variable contains the Address mode,
  60:.\Generated_Source\PSoC5/PC_INT.c ****     *     selected in customizer or set by UART_SetRxAddressMode() API.
  61:.\Generated_Source\PSoC5/PC_INT.c ****     *  PC_rxAddressDetected - set to 1 when correct address received,
  62:.\Generated_Source\PSoC5/PC_INT.c ****     *     and analysed to store following addressed data bytes to the buffer.
  63:.\Generated_Source\PSoC5/PC_INT.c ****     *     When not correct address received, set to 0 to skip following data bytes.
  64:.\Generated_Source\PSoC5/PC_INT.c ****     *
  65:.\Generated_Source\PSoC5/PC_INT.c ****     *******************************************************************************/
  66:.\Generated_Source\PSoC5/PC_INT.c ****     CY_ISR(PC_RXISR)
  67:.\Generated_Source\PSoC5/PC_INT.c ****     {
  27              		.loc 1 67 0
  28              		.cfi_startproc
  29              		@ args = 0, pretend = 0, frame = 0
  30              		@ frame_needed = 0, uses_anonymous_args = 0
  31              		@ link register save eliminated.
  32              	.LVL0:
  68:.\Generated_Source\PSoC5/PC_INT.c ****         uint8 readData;
  69:.\Generated_Source\PSoC5/PC_INT.c ****         uint8 increment_pointer = 0u;
  70:.\Generated_Source\PSoC5/PC_INT.c ****         #if(CY_PSOC3)
  71:.\Generated_Source\PSoC5/PC_INT.c ****             uint8 int_en;
  72:.\Generated_Source\PSoC5/PC_INT.c ****         #endif /* CY_PSOC3 */
  73:.\Generated_Source\PSoC5/PC_INT.c **** 
  74:.\Generated_Source\PSoC5/PC_INT.c ****         /* User code required at start of ISR */
  75:.\Generated_Source\PSoC5/PC_INT.c ****         /* `#START PC_RXISR_START` */
  76:.\Generated_Source\PSoC5/PC_INT.c **** 
  77:.\Generated_Source\PSoC5/PC_INT.c ****         /* `#END` */
  78:.\Generated_Source\PSoC5/PC_INT.c **** 
  79:.\Generated_Source\PSoC5/PC_INT.c ****         #if(CY_PSOC3)   /* Make sure nested interrupt is enabled */
  80:.\Generated_Source\PSoC5/PC_INT.c ****             int_en = EA;
  81:.\Generated_Source\PSoC5/PC_INT.c ****             CyGlobalIntEnable;
  82:.\Generated_Source\PSoC5/PC_INT.c ****         #endif /* CY_PSOC3 */
ARM GAS  C:\Users\RECEPC~1\AppData\Local\Temp\cciyjUDC.s 			page 3


  83:.\Generated_Source\PSoC5/PC_INT.c **** 
  84:.\Generated_Source\PSoC5/PC_INT.c ****         readData = PC_RXSTATUS_REG;
  33              		.loc 1 84 0
  34 0000 184B     		ldr	r3, .L7
  35 0002 1B78     		ldrb	r3, [r3]	@ zero_extendqisi2
  36 0004 DBB2     		uxtb	r3, r3
  37              	.LVL1:
  85:.\Generated_Source\PSoC5/PC_INT.c **** 
  86:.\Generated_Source\PSoC5/PC_INT.c ****         if((readData & (PC_RX_STS_BREAK | PC_RX_STS_PAR_ERROR |
  87:.\Generated_Source\PSoC5/PC_INT.c ****                         PC_RX_STS_STOP_ERROR | PC_RX_STS_OVERRUN)) != 0u)
  88:.\Generated_Source\PSoC5/PC_INT.c ****         {
  89:.\Generated_Source\PSoC5/PC_INT.c ****             /* ERROR handling. */
  90:.\Generated_Source\PSoC5/PC_INT.c ****             /* `#START PC_RXISR_ERROR` */
  91:.\Generated_Source\PSoC5/PC_INT.c **** 
  92:.\Generated_Source\PSoC5/PC_INT.c ****             /* `#END` */
  93:.\Generated_Source\PSoC5/PC_INT.c ****         }
  94:.\Generated_Source\PSoC5/PC_INT.c **** 
  95:.\Generated_Source\PSoC5/PC_INT.c ****         while((readData & PC_RX_STS_FIFO_NOTEMPTY) != 0u)
  38              		.loc 1 95 0
  39 0006 28E0     		b	.L2
  40              	.LVL2:
  41              	.L6:
  96:.\Generated_Source\PSoC5/PC_INT.c ****         {
  97:.\Generated_Source\PSoC5/PC_INT.c **** 
  98:.\Generated_Source\PSoC5/PC_INT.c ****             #if (PC_RXHW_ADDRESS_ENABLED)
  99:.\Generated_Source\PSoC5/PC_INT.c ****                 if(PC_rxAddressMode == (uint8)PC__B_UART__AM_SW_DETECT_TO_BUFFER)
 100:.\Generated_Source\PSoC5/PC_INT.c ****                 {
 101:.\Generated_Source\PSoC5/PC_INT.c ****                     if((readData & PC_RX_STS_MRKSPC) != 0u)
 102:.\Generated_Source\PSoC5/PC_INT.c ****                     {
 103:.\Generated_Source\PSoC5/PC_INT.c ****                         if ((readData & PC_RX_STS_ADDR_MATCH) != 0u)
 104:.\Generated_Source\PSoC5/PC_INT.c ****                         {
 105:.\Generated_Source\PSoC5/PC_INT.c ****                             PC_rxAddressDetected = 1u;
 106:.\Generated_Source\PSoC5/PC_INT.c ****                         }
 107:.\Generated_Source\PSoC5/PC_INT.c ****                         else
 108:.\Generated_Source\PSoC5/PC_INT.c ****                         {
 109:.\Generated_Source\PSoC5/PC_INT.c ****                             PC_rxAddressDetected = 0u;
 110:.\Generated_Source\PSoC5/PC_INT.c ****                         }
 111:.\Generated_Source\PSoC5/PC_INT.c ****                     }
 112:.\Generated_Source\PSoC5/PC_INT.c **** 
 113:.\Generated_Source\PSoC5/PC_INT.c ****                     readData = PC_RXDATA_REG;
 114:.\Generated_Source\PSoC5/PC_INT.c ****                     if(PC_rxAddressDetected != 0u)
 115:.\Generated_Source\PSoC5/PC_INT.c ****                     {   /* store only addressed data */
 116:.\Generated_Source\PSoC5/PC_INT.c ****                         PC_rxBuffer[PC_rxBufferWrite] = readData;
 117:.\Generated_Source\PSoC5/PC_INT.c ****                         increment_pointer = 1u;
 118:.\Generated_Source\PSoC5/PC_INT.c ****                     }
 119:.\Generated_Source\PSoC5/PC_INT.c ****                 }
 120:.\Generated_Source\PSoC5/PC_INT.c ****                 else /* without software addressing */
 121:.\Generated_Source\PSoC5/PC_INT.c ****                 {
 122:.\Generated_Source\PSoC5/PC_INT.c ****                     PC_rxBuffer[PC_rxBufferWrite] = PC_RXDATA_REG;
 123:.\Generated_Source\PSoC5/PC_INT.c ****                     increment_pointer = 1u;
 124:.\Generated_Source\PSoC5/PC_INT.c ****                 }
 125:.\Generated_Source\PSoC5/PC_INT.c ****             #else  /* without addressing */
 126:.\Generated_Source\PSoC5/PC_INT.c ****                 PC_rxBuffer[PC_rxBufferWrite] = PC_RXDATA_REG;
  42              		.loc 1 126 0
  43 0008 174B     		ldr	r3, .L7+4
  44              	.LVL3:
  45 000a 1B78     		ldrb	r3, [r3]	@ zero_extendqisi2
ARM GAS  C:\Users\RECEPC~1\AppData\Local\Temp\cciyjUDC.s 			page 4


  46 000c DBB2     		uxtb	r3, r3
  47 000e 174A     		ldr	r2, .L7+8
  48 0010 1278     		ldrb	r2, [r2]	@ zero_extendqisi2
  49 0012 D2B2     		uxtb	r2, r2
  50 0014 1649     		ldr	r1, .L7+12
  51 0016 CA54     		strb	r2, [r1, r3]
  52              	.LVL4:
 127:.\Generated_Source\PSoC5/PC_INT.c ****                 increment_pointer = 1u;
 128:.\Generated_Source\PSoC5/PC_INT.c ****             #endif /* End SW_DETECT_TO_BUFFER */
 129:.\Generated_Source\PSoC5/PC_INT.c **** 
 130:.\Generated_Source\PSoC5/PC_INT.c ****             /* do not increment buffer pointer when skip not adderessed data */
 131:.\Generated_Source\PSoC5/PC_INT.c ****             if( increment_pointer != 0u )
 132:.\Generated_Source\PSoC5/PC_INT.c ****             {
 133:.\Generated_Source\PSoC5/PC_INT.c ****                 if(PC_rxBufferLoopDetect != 0u)
  53              		.loc 1 133 0
  54 0018 164B     		ldr	r3, .L7+16
  55 001a 1B78     		ldrb	r3, [r3]	@ zero_extendqisi2
  56 001c 13F0FF0F 		tst	r3, #255
  57 0020 02D0     		beq	.L3
 134:.\Generated_Source\PSoC5/PC_INT.c ****                 {   /* Set Software Buffer status Overflow */
 135:.\Generated_Source\PSoC5/PC_INT.c ****                     PC_rxBufferOverflow = 1u;
  58              		.loc 1 135 0
  59 0022 0122     		movs	r2, #1
  60 0024 144B     		ldr	r3, .L7+20
  61 0026 1A70     		strb	r2, [r3]
  62              	.L3:
 136:.\Generated_Source\PSoC5/PC_INT.c ****                 }
 137:.\Generated_Source\PSoC5/PC_INT.c ****                 /* Set next pointer. */
 138:.\Generated_Source\PSoC5/PC_INT.c ****                 PC_rxBufferWrite++;
  63              		.loc 1 138 0
  64 0028 0F4A     		ldr	r2, .L7+4
  65 002a 1378     		ldrb	r3, [r2]	@ zero_extendqisi2
  66 002c 0133     		adds	r3, r3, #1
  67 002e DBB2     		uxtb	r3, r3
  68 0030 1370     		strb	r3, [r2]
 139:.\Generated_Source\PSoC5/PC_INT.c **** 
 140:.\Generated_Source\PSoC5/PC_INT.c ****                 /* Check pointer for a loop condition */
 141:.\Generated_Source\PSoC5/PC_INT.c ****                 if(PC_rxBufferWrite >= PC_RXBUFFERSIZE)
  69              		.loc 1 141 0
  70 0032 1378     		ldrb	r3, [r2]	@ zero_extendqisi2
  71 0034 DBB2     		uxtb	r3, r3
  72 0036 632B     		cmp	r3, #99
  73 0038 02D9     		bls	.L4
 142:.\Generated_Source\PSoC5/PC_INT.c ****                 {
 143:.\Generated_Source\PSoC5/PC_INT.c ****                     PC_rxBufferWrite = 0u;
  74              		.loc 1 143 0
  75 003a 0022     		movs	r2, #0
  76 003c 0A4B     		ldr	r3, .L7+4
  77 003e 1A70     		strb	r2, [r3]
  78              	.L4:
 144:.\Generated_Source\PSoC5/PC_INT.c ****                 }
 145:.\Generated_Source\PSoC5/PC_INT.c ****                 /* Detect pre-overload condition and set flag */
 146:.\Generated_Source\PSoC5/PC_INT.c ****                 if(PC_rxBufferWrite == PC_rxBufferRead)
  79              		.loc 1 146 0
  80 0040 094B     		ldr	r3, .L7+4
  81 0042 1B78     		ldrb	r3, [r3]	@ zero_extendqisi2
  82 0044 0D4A     		ldr	r2, .L7+24
ARM GAS  C:\Users\RECEPC~1\AppData\Local\Temp\cciyjUDC.s 			page 5


  83 0046 1278     		ldrb	r2, [r2]	@ zero_extendqisi2
  84 0048 DBB2     		uxtb	r3, r3
  85 004a 9342     		cmp	r3, r2
  86 004c 02D1     		bne	.L5
 147:.\Generated_Source\PSoC5/PC_INT.c ****                 {
 148:.\Generated_Source\PSoC5/PC_INT.c ****                     PC_rxBufferLoopDetect = 1u;
  87              		.loc 1 148 0
  88 004e 0122     		movs	r2, #1
  89 0050 084B     		ldr	r3, .L7+16
  90 0052 1A70     		strb	r2, [r3]
  91              	.L5:
 149:.\Generated_Source\PSoC5/PC_INT.c ****                     /* When Hardware Flow Control selected */
 150:.\Generated_Source\PSoC5/PC_INT.c ****                     #if(PC_FLOW_CONTROL != 0u)
 151:.\Generated_Source\PSoC5/PC_INT.c ****                     /* Disable RX interrupt mask, it will be enabled when user read data from the b
 152:.\Generated_Source\PSoC5/PC_INT.c ****                         PC_RXSTATUS_MASK_REG  &= (uint8)~PC_RX_STS_FIFO_NOTEMPTY;
 153:.\Generated_Source\PSoC5/PC_INT.c ****                         CyIntClearPending(PC_RX_VECT_NUM);
 154:.\Generated_Source\PSoC5/PC_INT.c ****                         break; /* Break the reading of the FIFO loop, leave the data there for gene
 155:.\Generated_Source\PSoC5/PC_INT.c ****                     #endif /* End PC_FLOW_CONTROL != 0 */
 156:.\Generated_Source\PSoC5/PC_INT.c ****                 }
 157:.\Generated_Source\PSoC5/PC_INT.c ****             }
 158:.\Generated_Source\PSoC5/PC_INT.c **** 
 159:.\Generated_Source\PSoC5/PC_INT.c ****             /* Check again if there is data. */
 160:.\Generated_Source\PSoC5/PC_INT.c ****             readData = PC_RXSTATUS_REG;
  92              		.loc 1 160 0
  93 0054 034B     		ldr	r3, .L7
  94 0056 1B78     		ldrb	r3, [r3]	@ zero_extendqisi2
  95 0058 DBB2     		uxtb	r3, r3
  96              	.LVL5:
  97              	.L2:
  95:.\Generated_Source\PSoC5/PC_INT.c ****         {
  98              		.loc 1 95 0
  99 005a 13F0200F 		tst	r3, #32
 100 005e D3D1     		bne	.L6
 161:.\Generated_Source\PSoC5/PC_INT.c ****         }
 162:.\Generated_Source\PSoC5/PC_INT.c **** 
 163:.\Generated_Source\PSoC5/PC_INT.c ****         /* User code required at end of ISR (Optional) */
 164:.\Generated_Source\PSoC5/PC_INT.c ****         /* `#START PC_RXISR_END` */
 165:.\Generated_Source\PSoC5/PC_INT.c **** 
 166:.\Generated_Source\PSoC5/PC_INT.c ****         /* `#END` */
 167:.\Generated_Source\PSoC5/PC_INT.c **** 
 168:.\Generated_Source\PSoC5/PC_INT.c ****         #if(CY_PSOC3)
 169:.\Generated_Source\PSoC5/PC_INT.c ****             EA = int_en;
 170:.\Generated_Source\PSoC5/PC_INT.c ****         #endif /* CY_PSOC3 */
 171:.\Generated_Source\PSoC5/PC_INT.c **** 
 172:.\Generated_Source\PSoC5/PC_INT.c ****     }
 101              		.loc 1 172 0
 102 0060 7047     		bx	lr
 103              	.L8:
 104 0062 00BF     		.align	2
 105              	.L7:
 106 0064 64640040 		.word	1073767524
 107 0068 00000000 		.word	PC_rxBufferWrite
 108 006c 4F640040 		.word	1073767503
 109 0070 00000000 		.word	PC_rxBuffer
 110 0074 00000000 		.word	PC_rxBufferLoopDetect
 111 0078 00000000 		.word	PC_rxBufferOverflow
 112 007c 00000000 		.word	PC_rxBufferRead
ARM GAS  C:\Users\RECEPC~1\AppData\Local\Temp\cciyjUDC.s 			page 6


 113              		.cfi_endproc
 114              	.LFE0:
 115              		.size	PC_RXISR, .-PC_RXISR
 116              		.text
 117              	.Letext0:
 118              		.file 2 ".\\Generated_Source\\PSoC5\\cytypes.h"
 119              		.file 3 ".\\Generated_Source\\PSoC5\\PC.h"
 120              		.section	.debug_info,"",%progbits
 121              	.Ldebug_info0:
 122 0000 25010000 		.4byte	0x125
 123 0004 0400     		.2byte	0x4
 124 0006 00000000 		.4byte	.Ldebug_abbrev0
 125 000a 04       		.byte	0x4
 126 000b 01       		.uleb128 0x1
 127 000c AF000000 		.4byte	.LASF22
 128 0010 01       		.byte	0x1
 129 0011 76000000 		.4byte	.LASF23
 130 0015 AE010000 		.4byte	.LASF24
 131 0019 00000000 		.4byte	.Ldebug_ranges0+0
 132 001d 00000000 		.4byte	0
 133 0021 00000000 		.4byte	.Ldebug_line0
 134 0025 02       		.uleb128 0x2
 135 0026 01       		.byte	0x1
 136 0027 06       		.byte	0x6
 137 0028 90010000 		.4byte	.LASF0
 138 002c 02       		.uleb128 0x2
 139 002d 01       		.byte	0x1
 140 002e 08       		.byte	0x8
 141 002f 49010000 		.4byte	.LASF1
 142 0033 02       		.uleb128 0x2
 143 0034 02       		.byte	0x2
 144 0035 05       		.byte	0x5
 145 0036 E9010000 		.4byte	.LASF2
 146 003a 02       		.uleb128 0x2
 147 003b 02       		.byte	0x2
 148 003c 07       		.byte	0x7
 149 003d 7D010000 		.4byte	.LASF3
 150 0041 02       		.uleb128 0x2
 151 0042 04       		.byte	0x4
 152 0043 05       		.byte	0x5
 153 0044 6D010000 		.4byte	.LASF4
 154 0048 02       		.uleb128 0x2
 155 0049 04       		.byte	0x4
 156 004a 07       		.byte	0x7
 157 004b 64000000 		.4byte	.LASF5
 158 004f 02       		.uleb128 0x2
 159 0050 08       		.byte	0x8
 160 0051 05       		.byte	0x5
 161 0052 00000000 		.4byte	.LASF6
 162 0056 02       		.uleb128 0x2
 163 0057 08       		.byte	0x8
 164 0058 07       		.byte	0x7
 165 0059 98000000 		.4byte	.LASF7
 166 005d 03       		.uleb128 0x3
 167 005e 04       		.byte	0x4
 168 005f 05       		.byte	0x5
 169 0060 696E7400 		.ascii	"int\000"
ARM GAS  C:\Users\RECEPC~1\AppData\Local\Temp\cciyjUDC.s 			page 7


 170 0064 02       		.uleb128 0x2
 171 0065 04       		.byte	0x4
 172 0066 07       		.byte	0x7
 173 0067 24000000 		.4byte	.LASF8
 174 006b 04       		.uleb128 0x4
 175 006c 5E000000 		.4byte	.LASF12
 176 0070 02       		.byte	0x2
 177 0071 B4       		.byte	0xb4
 178 0072 2C000000 		.4byte	0x2c
 179 0076 02       		.uleb128 0x2
 180 0077 04       		.byte	0x4
 181 0078 04       		.byte	0x4
 182 0079 E3010000 		.4byte	.LASF9
 183 007d 02       		.uleb128 0x2
 184 007e 08       		.byte	0x8
 185 007f 04       		.byte	0x4
 186 0080 76010000 		.4byte	.LASF10
 187 0084 02       		.uleb128 0x2
 188 0085 01       		.byte	0x1
 189 0086 08       		.byte	0x8
 190 0087 68010000 		.4byte	.LASF11
 191 008b 05       		.uleb128 0x5
 192 008c F3010000 		.4byte	.LASF13
 193 0090 02       		.byte	0x2
 194 0091 5E01     		.2byte	0x15e
 195 0093 97000000 		.4byte	0x97
 196 0097 06       		.uleb128 0x6
 197 0098 6B000000 		.4byte	0x6b
 198 009c 02       		.uleb128 0x2
 199 009d 04       		.byte	0x4
 200 009e 07       		.byte	0x7
 201 009f 01020000 		.4byte	.LASF14
 202 00a3 07       		.uleb128 0x7
 203 00a4 55000000 		.4byte	.LASF25
 204 00a8 01       		.byte	0x1
 205 00a9 42       		.byte	0x42
 206 00aa 00000000 		.4byte	.LFB0
 207 00ae 80000000 		.4byte	.LFE0-.LFB0
 208 00b2 01       		.uleb128 0x1
 209 00b3 9C       		.byte	0x9c
 210 00b4 D7000000 		.4byte	0xd7
 211 00b8 08       		.uleb128 0x8
 212 00b9 F8010000 		.4byte	.LASF15
 213 00bd 01       		.byte	0x1
 214 00be 44       		.byte	0x44
 215 00bf 6B000000 		.4byte	0x6b
 216 00c3 00000000 		.4byte	.LLST0
 217 00c7 08       		.uleb128 0x8
 218 00c8 9C010000 		.4byte	.LASF16
 219 00cc 01       		.byte	0x1
 220 00cd 45       		.byte	0x45
 221 00ce 6B000000 		.4byte	0x6b
 222 00d2 1E000000 		.4byte	.LLST1
 223 00d6 00       		.byte	0
 224 00d7 09       		.uleb128 0x9
 225 00d8 6B000000 		.4byte	0x6b
 226 00dc E7000000 		.4byte	0xe7
ARM GAS  C:\Users\RECEPC~1\AppData\Local\Temp\cciyjUDC.s 			page 8


 227 00e0 0A       		.uleb128 0xa
 228 00e1 9C000000 		.4byte	0x9c
 229 00e5 63       		.byte	0x63
 230 00e6 00       		.byte	0
 231 00e7 0B       		.uleb128 0xb
 232 00e8 3D010000 		.4byte	.LASF17
 233 00ec 03       		.byte	0x3
 234 00ed 5201     		.2byte	0x152
 235 00ef F3000000 		.4byte	0xf3
 236 00f3 06       		.uleb128 0x6
 237 00f4 D7000000 		.4byte	0xd7
 238 00f8 0B       		.uleb128 0xb
 239 00f9 31000000 		.4byte	.LASF18
 240 00fd 03       		.byte	0x3
 241 00fe 5301     		.2byte	0x153
 242 0100 97000000 		.4byte	0x97
 243 0104 0B       		.uleb128 0xb
 244 0105 57010000 		.4byte	.LASF19
 245 0109 03       		.byte	0x3
 246 010a 5401     		.2byte	0x154
 247 010c 97000000 		.4byte	0x97
 248 0110 0B       		.uleb128 0xb
 249 0111 0E000000 		.4byte	.LASF20
 250 0115 03       		.byte	0x3
 251 0116 5501     		.2byte	0x155
 252 0118 97000000 		.4byte	0x97
 253 011c 0B       		.uleb128 0xb
 254 011d 41000000 		.4byte	.LASF21
 255 0121 03       		.byte	0x3
 256 0122 5601     		.2byte	0x156
 257 0124 97000000 		.4byte	0x97
 258 0128 00       		.byte	0
 259              		.section	.debug_abbrev,"",%progbits
 260              	.Ldebug_abbrev0:
 261 0000 01       		.uleb128 0x1
 262 0001 11       		.uleb128 0x11
 263 0002 01       		.byte	0x1
 264 0003 25       		.uleb128 0x25
 265 0004 0E       		.uleb128 0xe
 266 0005 13       		.uleb128 0x13
 267 0006 0B       		.uleb128 0xb
 268 0007 03       		.uleb128 0x3
 269 0008 0E       		.uleb128 0xe
 270 0009 1B       		.uleb128 0x1b
 271 000a 0E       		.uleb128 0xe
 272 000b 55       		.uleb128 0x55
 273 000c 17       		.uleb128 0x17
 274 000d 11       		.uleb128 0x11
 275 000e 01       		.uleb128 0x1
 276 000f 10       		.uleb128 0x10
 277 0010 17       		.uleb128 0x17
 278 0011 00       		.byte	0
 279 0012 00       		.byte	0
 280 0013 02       		.uleb128 0x2
 281 0014 24       		.uleb128 0x24
 282 0015 00       		.byte	0
 283 0016 0B       		.uleb128 0xb
ARM GAS  C:\Users\RECEPC~1\AppData\Local\Temp\cciyjUDC.s 			page 9


 284 0017 0B       		.uleb128 0xb
 285 0018 3E       		.uleb128 0x3e
 286 0019 0B       		.uleb128 0xb
 287 001a 03       		.uleb128 0x3
 288 001b 0E       		.uleb128 0xe
 289 001c 00       		.byte	0
 290 001d 00       		.byte	0
 291 001e 03       		.uleb128 0x3
 292 001f 24       		.uleb128 0x24
 293 0020 00       		.byte	0
 294 0021 0B       		.uleb128 0xb
 295 0022 0B       		.uleb128 0xb
 296 0023 3E       		.uleb128 0x3e
 297 0024 0B       		.uleb128 0xb
 298 0025 03       		.uleb128 0x3
 299 0026 08       		.uleb128 0x8
 300 0027 00       		.byte	0
 301 0028 00       		.byte	0
 302 0029 04       		.uleb128 0x4
 303 002a 16       		.uleb128 0x16
 304 002b 00       		.byte	0
 305 002c 03       		.uleb128 0x3
 306 002d 0E       		.uleb128 0xe
 307 002e 3A       		.uleb128 0x3a
 308 002f 0B       		.uleb128 0xb
 309 0030 3B       		.uleb128 0x3b
 310 0031 0B       		.uleb128 0xb
 311 0032 49       		.uleb128 0x49
 312 0033 13       		.uleb128 0x13
 313 0034 00       		.byte	0
 314 0035 00       		.byte	0
 315 0036 05       		.uleb128 0x5
 316 0037 16       		.uleb128 0x16
 317 0038 00       		.byte	0
 318 0039 03       		.uleb128 0x3
 319 003a 0E       		.uleb128 0xe
 320 003b 3A       		.uleb128 0x3a
 321 003c 0B       		.uleb128 0xb
 322 003d 3B       		.uleb128 0x3b
 323 003e 05       		.uleb128 0x5
 324 003f 49       		.uleb128 0x49
 325 0040 13       		.uleb128 0x13
 326 0041 00       		.byte	0
 327 0042 00       		.byte	0
 328 0043 06       		.uleb128 0x6
 329 0044 35       		.uleb128 0x35
 330 0045 00       		.byte	0
 331 0046 49       		.uleb128 0x49
 332 0047 13       		.uleb128 0x13
 333 0048 00       		.byte	0
 334 0049 00       		.byte	0
 335 004a 07       		.uleb128 0x7
 336 004b 2E       		.uleb128 0x2e
 337 004c 01       		.byte	0x1
 338 004d 3F       		.uleb128 0x3f
 339 004e 19       		.uleb128 0x19
 340 004f 03       		.uleb128 0x3
ARM GAS  C:\Users\RECEPC~1\AppData\Local\Temp\cciyjUDC.s 			page 10


 341 0050 0E       		.uleb128 0xe
 342 0051 3A       		.uleb128 0x3a
 343 0052 0B       		.uleb128 0xb
 344 0053 3B       		.uleb128 0x3b
 345 0054 0B       		.uleb128 0xb
 346 0055 27       		.uleb128 0x27
 347 0056 19       		.uleb128 0x19
 348 0057 11       		.uleb128 0x11
 349 0058 01       		.uleb128 0x1
 350 0059 12       		.uleb128 0x12
 351 005a 06       		.uleb128 0x6
 352 005b 40       		.uleb128 0x40
 353 005c 18       		.uleb128 0x18
 354 005d 9742     		.uleb128 0x2117
 355 005f 19       		.uleb128 0x19
 356 0060 01       		.uleb128 0x1
 357 0061 13       		.uleb128 0x13
 358 0062 00       		.byte	0
 359 0063 00       		.byte	0
 360 0064 08       		.uleb128 0x8
 361 0065 34       		.uleb128 0x34
 362 0066 00       		.byte	0
 363 0067 03       		.uleb128 0x3
 364 0068 0E       		.uleb128 0xe
 365 0069 3A       		.uleb128 0x3a
 366 006a 0B       		.uleb128 0xb
 367 006b 3B       		.uleb128 0x3b
 368 006c 0B       		.uleb128 0xb
 369 006d 49       		.uleb128 0x49
 370 006e 13       		.uleb128 0x13
 371 006f 02       		.uleb128 0x2
 372 0070 17       		.uleb128 0x17
 373 0071 00       		.byte	0
 374 0072 00       		.byte	0
 375 0073 09       		.uleb128 0x9
 376 0074 01       		.uleb128 0x1
 377 0075 01       		.byte	0x1
 378 0076 49       		.uleb128 0x49
 379 0077 13       		.uleb128 0x13
 380 0078 01       		.uleb128 0x1
 381 0079 13       		.uleb128 0x13
 382 007a 00       		.byte	0
 383 007b 00       		.byte	0
 384 007c 0A       		.uleb128 0xa
 385 007d 21       		.uleb128 0x21
 386 007e 00       		.byte	0
 387 007f 49       		.uleb128 0x49
 388 0080 13       		.uleb128 0x13
 389 0081 2F       		.uleb128 0x2f
 390 0082 0B       		.uleb128 0xb
 391 0083 00       		.byte	0
 392 0084 00       		.byte	0
 393 0085 0B       		.uleb128 0xb
 394 0086 34       		.uleb128 0x34
 395 0087 00       		.byte	0
 396 0088 03       		.uleb128 0x3
 397 0089 0E       		.uleb128 0xe
ARM GAS  C:\Users\RECEPC~1\AppData\Local\Temp\cciyjUDC.s 			page 11


 398 008a 3A       		.uleb128 0x3a
 399 008b 0B       		.uleb128 0xb
 400 008c 3B       		.uleb128 0x3b
 401 008d 05       		.uleb128 0x5
 402 008e 49       		.uleb128 0x49
 403 008f 13       		.uleb128 0x13
 404 0090 3F       		.uleb128 0x3f
 405 0091 19       		.uleb128 0x19
 406 0092 3C       		.uleb128 0x3c
 407 0093 19       		.uleb128 0x19
 408 0094 00       		.byte	0
 409 0095 00       		.byte	0
 410 0096 00       		.byte	0
 411              		.section	.debug_loc,"",%progbits
 412              	.Ldebug_loc0:
 413              	.LLST0:
 414 0000 06000000 		.4byte	.LVL1
 415 0004 0A000000 		.4byte	.LVL3
 416 0008 0100     		.2byte	0x1
 417 000a 53       		.byte	0x53
 418 000b 5A000000 		.4byte	.LVL5
 419 000f 80000000 		.4byte	.LFE0
 420 0013 0100     		.2byte	0x1
 421 0015 53       		.byte	0x53
 422 0016 00000000 		.4byte	0
 423 001a 00000000 		.4byte	0
 424              	.LLST1:
 425 001e 00000000 		.4byte	.LVL0
 426 0022 08000000 		.4byte	.LVL2
 427 0026 0200     		.2byte	0x2
 428 0028 30       		.byte	0x30
 429 0029 9F       		.byte	0x9f
 430 002a 18000000 		.4byte	.LVL4
 431 002e 5A000000 		.4byte	.LVL5
 432 0032 0200     		.2byte	0x2
 433 0034 31       		.byte	0x31
 434 0035 9F       		.byte	0x9f
 435 0036 00000000 		.4byte	0
 436 003a 00000000 		.4byte	0
 437              		.section	.debug_aranges,"",%progbits
 438 0000 1C000000 		.4byte	0x1c
 439 0004 0200     		.2byte	0x2
 440 0006 00000000 		.4byte	.Ldebug_info0
 441 000a 04       		.byte	0x4
 442 000b 00       		.byte	0
 443 000c 0000     		.2byte	0
 444 000e 0000     		.2byte	0
 445 0010 00000000 		.4byte	.LFB0
 446 0014 80000000 		.4byte	.LFE0-.LFB0
 447 0018 00000000 		.4byte	0
 448 001c 00000000 		.4byte	0
 449              		.section	.debug_ranges,"",%progbits
 450              	.Ldebug_ranges0:
 451 0000 00000000 		.4byte	.LFB0
 452 0004 80000000 		.4byte	.LFE0
 453 0008 00000000 		.4byte	0
 454 000c 00000000 		.4byte	0
ARM GAS  C:\Users\RECEPC~1\AppData\Local\Temp\cciyjUDC.s 			page 12


 455              		.section	.debug_line,"",%progbits
 456              	.Ldebug_line0:
 457 0000 7E000000 		.section	.debug_str,"MS",%progbits,1
 457      02004D00 
 457      00000201 
 457      FB0E0D00 
 457      01010101 
 458              	.LASF6:
 459 0000 6C6F6E67 		.ascii	"long long int\000"
 459      206C6F6E 
 459      6720696E 
 459      7400
 460              	.LASF20:
 461 000e 50435F72 		.ascii	"PC_rxBufferLoopDetect\000"
 461      78427566 
 461      6665724C 
 461      6F6F7044 
 461      65746563 
 462              	.LASF8:
 463 0024 756E7369 		.ascii	"unsigned int\000"
 463      676E6564 
 463      20696E74 
 463      00
 464              	.LASF18:
 465 0031 50435F72 		.ascii	"PC_rxBufferRead\000"
 465      78427566 
 465      66657252 
 465      65616400 
 466              	.LASF21:
 467 0041 50435F72 		.ascii	"PC_rxBufferOverflow\000"
 467      78427566 
 467      6665724F 
 467      76657266 
 467      6C6F7700 
 468              	.LASF25:
 469 0055 50435F52 		.ascii	"PC_RXISR\000"
 469      58495352 
 469      00
 470              	.LASF12:
 471 005e 75696E74 		.ascii	"uint8\000"
 471      3800
 472              	.LASF5:
 473 0064 6C6F6E67 		.ascii	"long unsigned int\000"
 473      20756E73 
 473      69676E65 
 473      6420696E 
 473      7400
 474              	.LASF23:
 475 0076 2E5C4765 		.ascii	".\\Generated_Source\\PSoC5\\PC_INT.c\000"
 475      6E657261 
 475      7465645F 
 475      536F7572 
 475      63655C50 
 476              	.LASF7:
 477 0098 6C6F6E67 		.ascii	"long long unsigned int\000"
 477      206C6F6E 
 477      6720756E 
ARM GAS  C:\Users\RECEPC~1\AppData\Local\Temp\cciyjUDC.s 			page 13


 477      7369676E 
 477      65642069 
 478              	.LASF22:
 479 00af 474E5520 		.ascii	"GNU C 4.9.3 20150303 (release) [ARM/embedded-4_9-br"
 479      4320342E 
 479      392E3320 
 479      32303135 
 479      30333033 
 480 00e2 616E6368 		.ascii	"anch revision 221220] -mcpu=cortex-m3 -mthumb -g -O"
 480      20726576 
 480      6973696F 
 480      6E203232 
 480      31323230 
 481 0115 67202D66 		.ascii	"g -ffunction-sections -ffat-lto-objects\000"
 481      66756E63 
 481      74696F6E 
 481      2D736563 
 481      74696F6E 
 482              	.LASF17:
 483 013d 50435F72 		.ascii	"PC_rxBuffer\000"
 483      78427566 
 483      66657200 
 484              	.LASF1:
 485 0149 756E7369 		.ascii	"unsigned char\000"
 485      676E6564 
 485      20636861 
 485      7200
 486              	.LASF19:
 487 0157 50435F72 		.ascii	"PC_rxBufferWrite\000"
 487      78427566 
 487      66657257 
 487      72697465 
 487      00
 488              	.LASF11:
 489 0168 63686172 		.ascii	"char\000"
 489      00
 490              	.LASF4:
 491 016d 6C6F6E67 		.ascii	"long int\000"
 491      20696E74 
 491      00
 492              	.LASF10:
 493 0176 646F7562 		.ascii	"double\000"
 493      6C6500
 494              	.LASF3:
 495 017d 73686F72 		.ascii	"short unsigned int\000"
 495      7420756E 
 495      7369676E 
 495      65642069 
 495      6E7400
 496              	.LASF0:
 497 0190 7369676E 		.ascii	"signed char\000"
 497      65642063 
 497      68617200 
 498              	.LASF16:
 499 019c 696E6372 		.ascii	"increment_pointer\000"
 499      656D656E 
 499      745F706F 
ARM GAS  C:\Users\RECEPC~1\AppData\Local\Temp\cciyjUDC.s 			page 14


 499      696E7465 
 499      7200
 500              	.LASF24:
 501 01ae 433A5C55 		.ascii	"C:\\Users\\Recepcion\\Desktop\\Unificada\\Unificada"
 501      73657273 
 501      5C526563 
 501      65706369 
 501      6F6E5C44 
 502 01dc 2E637964 		.ascii	".cydsn\000"
 502      736E00
 503              	.LASF9:
 504 01e3 666C6F61 		.ascii	"float\000"
 504      7400
 505              	.LASF2:
 506 01e9 73686F72 		.ascii	"short int\000"
 506      7420696E 
 506      7400
 507              	.LASF13:
 508 01f3 72656738 		.ascii	"reg8\000"
 508      00
 509              	.LASF15:
 510 01f8 72656164 		.ascii	"readData\000"
 510      44617461 
 510      00
 511              	.LASF14:
 512 0201 73697A65 		.ascii	"sizetype\000"
 512      74797065 
 512      00
 513              		.ident	"GCC: (GNU Tools for ARM Embedded Processors) 4.9.3 20150303 (release) [ARM/embedded-4_9-br
