ARM GAS  C:\Users\Oscar\AppData\Local\Temp\ccKT3DSw.s 			page 1


   1              		.syntax unified
   2              		.cpu cortex-m3
   3              		.fpu softvfp
   4              		.eabi_attribute 20, 1
   5              		.eabi_attribute 21, 1
   6              		.eabi_attribute 23, 3
   7              		.eabi_attribute 24, 1
   8              		.eabi_attribute 25, 1
   9              		.eabi_attribute 26, 1
  10              		.eabi_attribute 30, 1
  11              		.eabi_attribute 34, 1
  12              		.eabi_attribute 18, 4
  13              		.thumb
  14              		.file	"Surtidor_INT.c"
  15              		.text
  16              	.Ltext0:
  17              		.cfi_sections	.debug_frame
  18              		.section	.text.Surtidor_RXISR,"ax",%progbits
  19              		.align	2
  20              		.global	Surtidor_RXISR
  21              		.thumb
  22              		.thumb_func
  23              		.type	Surtidor_RXISR, %function
  24              	Surtidor_RXISR:
  25              	.LFB0:
  26              		.file 1 ".\\Generated_Source\\PSoC5\\Surtidor_INT.c"
   1:.\Generated_Source\PSoC5/Surtidor_INT.c **** /*******************************************************************************
   2:.\Generated_Source\PSoC5/Surtidor_INT.c **** * File Name: Surtidor_INT.c
   3:.\Generated_Source\PSoC5/Surtidor_INT.c **** * Version 2.30
   4:.\Generated_Source\PSoC5/Surtidor_INT.c **** *
   5:.\Generated_Source\PSoC5/Surtidor_INT.c **** * Description:
   6:.\Generated_Source\PSoC5/Surtidor_INT.c **** *  This file provides all Interrupt Service functionality of the UART component
   7:.\Generated_Source\PSoC5/Surtidor_INT.c **** *
   8:.\Generated_Source\PSoC5/Surtidor_INT.c **** * Note:
   9:.\Generated_Source\PSoC5/Surtidor_INT.c **** *  Any unusual or non-standard behavior should be noted here. Other-
  10:.\Generated_Source\PSoC5/Surtidor_INT.c **** *  wise, this section should remain blank.
  11:.\Generated_Source\PSoC5/Surtidor_INT.c **** *
  12:.\Generated_Source\PSoC5/Surtidor_INT.c **** ********************************************************************************
  13:.\Generated_Source\PSoC5/Surtidor_INT.c **** * Copyright 2008-2012, Cypress Semiconductor Corporation.  All rights reserved.
  14:.\Generated_Source\PSoC5/Surtidor_INT.c **** * You may use this file only in accordance with the license, terms, conditions,
  15:.\Generated_Source\PSoC5/Surtidor_INT.c **** * disclaimers, and limitations in the end user license agreement accompanying
  16:.\Generated_Source\PSoC5/Surtidor_INT.c **** * the software package with which this file was provided.
  17:.\Generated_Source\PSoC5/Surtidor_INT.c **** *******************************************************************************/
  18:.\Generated_Source\PSoC5/Surtidor_INT.c **** 
  19:.\Generated_Source\PSoC5/Surtidor_INT.c **** #include "Surtidor.h"
  20:.\Generated_Source\PSoC5/Surtidor_INT.c **** #include "CyLib.h"
  21:.\Generated_Source\PSoC5/Surtidor_INT.c **** 
  22:.\Generated_Source\PSoC5/Surtidor_INT.c **** 
  23:.\Generated_Source\PSoC5/Surtidor_INT.c **** /***************************************
  24:.\Generated_Source\PSoC5/Surtidor_INT.c **** * Custom Declratations
  25:.\Generated_Source\PSoC5/Surtidor_INT.c **** ***************************************/
  26:.\Generated_Source\PSoC5/Surtidor_INT.c **** /* `#START CUSTOM_DECLARATIONS` Place your declaration here */
  27:.\Generated_Source\PSoC5/Surtidor_INT.c **** 
  28:.\Generated_Source\PSoC5/Surtidor_INT.c **** /* `#END` */
  29:.\Generated_Source\PSoC5/Surtidor_INT.c **** 
  30:.\Generated_Source\PSoC5/Surtidor_INT.c **** #if( (Surtidor_RX_ENABLED || Surtidor_HD_ENABLED) && \
  31:.\Generated_Source\PSoC5/Surtidor_INT.c ****      (Surtidor_RXBUFFERSIZE > Surtidor_FIFO_LENGTH))
ARM GAS  C:\Users\Oscar\AppData\Local\Temp\ccKT3DSw.s 			page 2


  32:.\Generated_Source\PSoC5/Surtidor_INT.c **** 
  33:.\Generated_Source\PSoC5/Surtidor_INT.c **** 
  34:.\Generated_Source\PSoC5/Surtidor_INT.c ****     /*******************************************************************************
  35:.\Generated_Source\PSoC5/Surtidor_INT.c ****     * Function Name: Surtidor_RXISR
  36:.\Generated_Source\PSoC5/Surtidor_INT.c ****     ********************************************************************************
  37:.\Generated_Source\PSoC5/Surtidor_INT.c ****     *
  38:.\Generated_Source\PSoC5/Surtidor_INT.c ****     * Summary:
  39:.\Generated_Source\PSoC5/Surtidor_INT.c ****     *  Interrupt Service Routine for RX portion of the UART
  40:.\Generated_Source\PSoC5/Surtidor_INT.c ****     *
  41:.\Generated_Source\PSoC5/Surtidor_INT.c ****     * Parameters:
  42:.\Generated_Source\PSoC5/Surtidor_INT.c ****     *  None.
  43:.\Generated_Source\PSoC5/Surtidor_INT.c ****     *
  44:.\Generated_Source\PSoC5/Surtidor_INT.c ****     * Return:
  45:.\Generated_Source\PSoC5/Surtidor_INT.c ****     *  None.
  46:.\Generated_Source\PSoC5/Surtidor_INT.c ****     *
  47:.\Generated_Source\PSoC5/Surtidor_INT.c ****     * Global Variables:
  48:.\Generated_Source\PSoC5/Surtidor_INT.c ****     *  Surtidor_rxBuffer - RAM buffer pointer for save received data.
  49:.\Generated_Source\PSoC5/Surtidor_INT.c ****     *  Surtidor_rxBufferWrite - cyclic index for write to rxBuffer,
  50:.\Generated_Source\PSoC5/Surtidor_INT.c ****     *     increments after each byte saved to buffer.
  51:.\Generated_Source\PSoC5/Surtidor_INT.c ****     *  Surtidor_rxBufferRead - cyclic index for read from rxBuffer,
  52:.\Generated_Source\PSoC5/Surtidor_INT.c ****     *     checked to detect overflow condition.
  53:.\Generated_Source\PSoC5/Surtidor_INT.c ****     *  Surtidor_rxBufferOverflow - software overflow flag. Set to one
  54:.\Generated_Source\PSoC5/Surtidor_INT.c ****     *     when Surtidor_rxBufferWrite index overtakes
  55:.\Generated_Source\PSoC5/Surtidor_INT.c ****     *     Surtidor_rxBufferRead index.
  56:.\Generated_Source\PSoC5/Surtidor_INT.c ****     *  Surtidor_rxBufferLoopDetect - additional variable to detect overflow.
  57:.\Generated_Source\PSoC5/Surtidor_INT.c ****     *     Set to one when Surtidor_rxBufferWrite is equal to
  58:.\Generated_Source\PSoC5/Surtidor_INT.c ****     *    Surtidor_rxBufferRead
  59:.\Generated_Source\PSoC5/Surtidor_INT.c ****     *  Surtidor_rxAddressMode - this variable contains the Address mode,
  60:.\Generated_Source\PSoC5/Surtidor_INT.c ****     *     selected in customizer or set by UART_SetRxAddressMode() API.
  61:.\Generated_Source\PSoC5/Surtidor_INT.c ****     *  Surtidor_rxAddressDetected - set to 1 when correct address received,
  62:.\Generated_Source\PSoC5/Surtidor_INT.c ****     *     and analysed to store following addressed data bytes to the buffer.
  63:.\Generated_Source\PSoC5/Surtidor_INT.c ****     *     When not correct address received, set to 0 to skip following data bytes.
  64:.\Generated_Source\PSoC5/Surtidor_INT.c ****     *
  65:.\Generated_Source\PSoC5/Surtidor_INT.c ****     *******************************************************************************/
  66:.\Generated_Source\PSoC5/Surtidor_INT.c ****     CY_ISR(Surtidor_RXISR)
  67:.\Generated_Source\PSoC5/Surtidor_INT.c ****     {
  27              		.loc 1 67 0
  28              		.cfi_startproc
  29              		@ args = 0, pretend = 0, frame = 0
  30              		@ frame_needed = 0, uses_anonymous_args = 0
  31              		@ link register save eliminated.
  32              	.LVL0:
  68:.\Generated_Source\PSoC5/Surtidor_INT.c ****         uint8 readData;
  69:.\Generated_Source\PSoC5/Surtidor_INT.c ****         uint8 increment_pointer = 0u;
  70:.\Generated_Source\PSoC5/Surtidor_INT.c ****         #if(CY_PSOC3)
  71:.\Generated_Source\PSoC5/Surtidor_INT.c ****             uint8 int_en;
  72:.\Generated_Source\PSoC5/Surtidor_INT.c ****         #endif /* CY_PSOC3 */
  73:.\Generated_Source\PSoC5/Surtidor_INT.c **** 
  74:.\Generated_Source\PSoC5/Surtidor_INT.c ****         /* User code required at start of ISR */
  75:.\Generated_Source\PSoC5/Surtidor_INT.c ****         /* `#START Surtidor_RXISR_START` */
  76:.\Generated_Source\PSoC5/Surtidor_INT.c **** 
  77:.\Generated_Source\PSoC5/Surtidor_INT.c ****         /* `#END` */
  78:.\Generated_Source\PSoC5/Surtidor_INT.c **** 
  79:.\Generated_Source\PSoC5/Surtidor_INT.c ****         #if(CY_PSOC3)   /* Make sure nested interrupt is enabled */
  80:.\Generated_Source\PSoC5/Surtidor_INT.c ****             int_en = EA;
  81:.\Generated_Source\PSoC5/Surtidor_INT.c ****             CyGlobalIntEnable;
  82:.\Generated_Source\PSoC5/Surtidor_INT.c ****         #endif /* CY_PSOC3 */
ARM GAS  C:\Users\Oscar\AppData\Local\Temp\ccKT3DSw.s 			page 3


  83:.\Generated_Source\PSoC5/Surtidor_INT.c **** 
  84:.\Generated_Source\PSoC5/Surtidor_INT.c ****         readData = Surtidor_RXSTATUS_REG;
  33              		.loc 1 84 0
  34 0000 184B     		ldr	r3, .L7
  35 0002 1B78     		ldrb	r3, [r3]	@ zero_extendqisi2
  36 0004 DBB2     		uxtb	r3, r3
  37              	.LVL1:
  85:.\Generated_Source\PSoC5/Surtidor_INT.c **** 
  86:.\Generated_Source\PSoC5/Surtidor_INT.c ****         if((readData & (Surtidor_RX_STS_BREAK | Surtidor_RX_STS_PAR_ERROR |
  87:.\Generated_Source\PSoC5/Surtidor_INT.c ****                         Surtidor_RX_STS_STOP_ERROR | Surtidor_RX_STS_OVERRUN)) != 0u)
  88:.\Generated_Source\PSoC5/Surtidor_INT.c ****         {
  89:.\Generated_Source\PSoC5/Surtidor_INT.c ****             /* ERROR handling. */
  90:.\Generated_Source\PSoC5/Surtidor_INT.c ****             /* `#START Surtidor_RXISR_ERROR` */
  91:.\Generated_Source\PSoC5/Surtidor_INT.c **** 
  92:.\Generated_Source\PSoC5/Surtidor_INT.c ****             /* `#END` */
  93:.\Generated_Source\PSoC5/Surtidor_INT.c ****         }
  94:.\Generated_Source\PSoC5/Surtidor_INT.c **** 
  95:.\Generated_Source\PSoC5/Surtidor_INT.c ****         while((readData & Surtidor_RX_STS_FIFO_NOTEMPTY) != 0u)
  38              		.loc 1 95 0
  39 0006 29E0     		b	.L2
  40              	.LVL2:
  41              	.L6:
  96:.\Generated_Source\PSoC5/Surtidor_INT.c ****         {
  97:.\Generated_Source\PSoC5/Surtidor_INT.c **** 
  98:.\Generated_Source\PSoC5/Surtidor_INT.c ****             #if (Surtidor_RXHW_ADDRESS_ENABLED)
  99:.\Generated_Source\PSoC5/Surtidor_INT.c ****                 if(Surtidor_rxAddressMode == (uint8)Surtidor__B_UART__AM_SW_DETECT_TO_BUFFER)
 100:.\Generated_Source\PSoC5/Surtidor_INT.c ****                 {
 101:.\Generated_Source\PSoC5/Surtidor_INT.c ****                     if((readData & Surtidor_RX_STS_MRKSPC) != 0u)
 102:.\Generated_Source\PSoC5/Surtidor_INT.c ****                     {
 103:.\Generated_Source\PSoC5/Surtidor_INT.c ****                         if ((readData & Surtidor_RX_STS_ADDR_MATCH) != 0u)
 104:.\Generated_Source\PSoC5/Surtidor_INT.c ****                         {
 105:.\Generated_Source\PSoC5/Surtidor_INT.c ****                             Surtidor_rxAddressDetected = 1u;
 106:.\Generated_Source\PSoC5/Surtidor_INT.c ****                         }
 107:.\Generated_Source\PSoC5/Surtidor_INT.c ****                         else
 108:.\Generated_Source\PSoC5/Surtidor_INT.c ****                         {
 109:.\Generated_Source\PSoC5/Surtidor_INT.c ****                             Surtidor_rxAddressDetected = 0u;
 110:.\Generated_Source\PSoC5/Surtidor_INT.c ****                         }
 111:.\Generated_Source\PSoC5/Surtidor_INT.c ****                     }
 112:.\Generated_Source\PSoC5/Surtidor_INT.c **** 
 113:.\Generated_Source\PSoC5/Surtidor_INT.c ****                     readData = Surtidor_RXDATA_REG;
 114:.\Generated_Source\PSoC5/Surtidor_INT.c ****                     if(Surtidor_rxAddressDetected != 0u)
 115:.\Generated_Source\PSoC5/Surtidor_INT.c ****                     {   /* store only addressed data */
 116:.\Generated_Source\PSoC5/Surtidor_INT.c ****                         Surtidor_rxBuffer[Surtidor_rxBufferWrite] = readData;
 117:.\Generated_Source\PSoC5/Surtidor_INT.c ****                         increment_pointer = 1u;
 118:.\Generated_Source\PSoC5/Surtidor_INT.c ****                     }
 119:.\Generated_Source\PSoC5/Surtidor_INT.c ****                 }
 120:.\Generated_Source\PSoC5/Surtidor_INT.c ****                 else /* without software addressing */
 121:.\Generated_Source\PSoC5/Surtidor_INT.c ****                 {
 122:.\Generated_Source\PSoC5/Surtidor_INT.c ****                     Surtidor_rxBuffer[Surtidor_rxBufferWrite] = Surtidor_RXDATA_REG;
 123:.\Generated_Source\PSoC5/Surtidor_INT.c ****                     increment_pointer = 1u;
 124:.\Generated_Source\PSoC5/Surtidor_INT.c ****                 }
 125:.\Generated_Source\PSoC5/Surtidor_INT.c ****             #else  /* without addressing */
 126:.\Generated_Source\PSoC5/Surtidor_INT.c ****                 Surtidor_rxBuffer[Surtidor_rxBufferWrite] = Surtidor_RXDATA_REG;
  42              		.loc 1 126 0
  43 0008 174B     		ldr	r3, .L7+4
  44              	.LVL3:
  45 000a 1B88     		ldrh	r3, [r3]
ARM GAS  C:\Users\Oscar\AppData\Local\Temp\ccKT3DSw.s 			page 4


  46 000c 9BB2     		uxth	r3, r3
  47 000e 174A     		ldr	r2, .L7+8
  48 0010 1278     		ldrb	r2, [r2]	@ zero_extendqisi2
  49 0012 D2B2     		uxtb	r2, r2
  50 0014 1649     		ldr	r1, .L7+12
  51 0016 CA54     		strb	r2, [r1, r3]
  52              	.LVL4:
 127:.\Generated_Source\PSoC5/Surtidor_INT.c ****                 increment_pointer = 1u;
 128:.\Generated_Source\PSoC5/Surtidor_INT.c ****             #endif /* End SW_DETECT_TO_BUFFER */
 129:.\Generated_Source\PSoC5/Surtidor_INT.c **** 
 130:.\Generated_Source\PSoC5/Surtidor_INT.c ****             /* do not increment buffer pointer when skip not adderessed data */
 131:.\Generated_Source\PSoC5/Surtidor_INT.c ****             if( increment_pointer != 0u )
 132:.\Generated_Source\PSoC5/Surtidor_INT.c ****             {
 133:.\Generated_Source\PSoC5/Surtidor_INT.c ****                 if(Surtidor_rxBufferLoopDetect != 0u)
  53              		.loc 1 133 0
  54 0018 164B     		ldr	r3, .L7+16
  55 001a 1B78     		ldrb	r3, [r3]	@ zero_extendqisi2
  56 001c 13F0FF0F 		tst	r3, #255
  57 0020 02D0     		beq	.L3
 134:.\Generated_Source\PSoC5/Surtidor_INT.c ****                 {   /* Set Software Buffer status Overflow */
 135:.\Generated_Source\PSoC5/Surtidor_INT.c ****                     Surtidor_rxBufferOverflow = 1u;
  58              		.loc 1 135 0
  59 0022 0122     		movs	r2, #1
  60 0024 144B     		ldr	r3, .L7+20
  61 0026 1A70     		strb	r2, [r3]
  62              	.L3:
 136:.\Generated_Source\PSoC5/Surtidor_INT.c ****                 }
 137:.\Generated_Source\PSoC5/Surtidor_INT.c ****                 /* Set next pointer. */
 138:.\Generated_Source\PSoC5/Surtidor_INT.c ****                 Surtidor_rxBufferWrite++;
  63              		.loc 1 138 0
  64 0028 0F4A     		ldr	r2, .L7+4
  65 002a 1388     		ldrh	r3, [r2]
  66 002c 0133     		adds	r3, r3, #1
  67 002e 9BB2     		uxth	r3, r3
  68 0030 1380     		strh	r3, [r2]	@ movhi
 139:.\Generated_Source\PSoC5/Surtidor_INT.c **** 
 140:.\Generated_Source\PSoC5/Surtidor_INT.c ****                 /* Check pointer for a loop condition */
 141:.\Generated_Source\PSoC5/Surtidor_INT.c ****                 if(Surtidor_rxBufferWrite >= Surtidor_RXBUFFERSIZE)
  69              		.loc 1 141 0
  70 0032 1388     		ldrh	r3, [r2]
  71 0034 9BB2     		uxth	r3, r3
  72 0036 FF2B     		cmp	r3, #255
  73 0038 02D9     		bls	.L4
 142:.\Generated_Source\PSoC5/Surtidor_INT.c ****                 {
 143:.\Generated_Source\PSoC5/Surtidor_INT.c ****                     Surtidor_rxBufferWrite = 0u;
  74              		.loc 1 143 0
  75 003a 0022     		movs	r2, #0
  76 003c 0A4B     		ldr	r3, .L7+4
  77 003e 1A80     		strh	r2, [r3]	@ movhi
  78              	.L4:
 144:.\Generated_Source\PSoC5/Surtidor_INT.c ****                 }
 145:.\Generated_Source\PSoC5/Surtidor_INT.c ****                 /* Detect pre-overload condition and set flag */
 146:.\Generated_Source\PSoC5/Surtidor_INT.c ****                 if(Surtidor_rxBufferWrite == Surtidor_rxBufferRead)
  79              		.loc 1 146 0
  80 0040 094B     		ldr	r3, .L7+4
  81 0042 1A88     		ldrh	r2, [r3]
  82 0044 92B2     		uxth	r2, r2
ARM GAS  C:\Users\Oscar\AppData\Local\Temp\ccKT3DSw.s 			page 5


  83 0046 0D4B     		ldr	r3, .L7+24
  84 0048 1B88     		ldrh	r3, [r3]
  85 004a 9BB2     		uxth	r3, r3
  86 004c 9A42     		cmp	r2, r3
  87 004e 02D1     		bne	.L5
 147:.\Generated_Source\PSoC5/Surtidor_INT.c ****                 {
 148:.\Generated_Source\PSoC5/Surtidor_INT.c ****                     Surtidor_rxBufferLoopDetect = 1u;
  88              		.loc 1 148 0
  89 0050 0122     		movs	r2, #1
  90 0052 084B     		ldr	r3, .L7+16
  91 0054 1A70     		strb	r2, [r3]
  92              	.L5:
 149:.\Generated_Source\PSoC5/Surtidor_INT.c ****                     /* When Hardware Flow Control selected */
 150:.\Generated_Source\PSoC5/Surtidor_INT.c ****                     #if(Surtidor_FLOW_CONTROL != 0u)
 151:.\Generated_Source\PSoC5/Surtidor_INT.c ****                     /* Disable RX interrupt mask, it will be enabled when user read data from the b
 152:.\Generated_Source\PSoC5/Surtidor_INT.c ****                         Surtidor_RXSTATUS_MASK_REG  &= (uint8)~Surtidor_RX_STS_FIFO_NOTEMPTY;
 153:.\Generated_Source\PSoC5/Surtidor_INT.c ****                         CyIntClearPending(Surtidor_RX_VECT_NUM);
 154:.\Generated_Source\PSoC5/Surtidor_INT.c ****                         break; /* Break the reading of the FIFO loop, leave the data there for gene
 155:.\Generated_Source\PSoC5/Surtidor_INT.c ****                     #endif /* End Surtidor_FLOW_CONTROL != 0 */
 156:.\Generated_Source\PSoC5/Surtidor_INT.c ****                 }
 157:.\Generated_Source\PSoC5/Surtidor_INT.c ****             }
 158:.\Generated_Source\PSoC5/Surtidor_INT.c **** 
 159:.\Generated_Source\PSoC5/Surtidor_INT.c ****             /* Check again if there is data. */
 160:.\Generated_Source\PSoC5/Surtidor_INT.c ****             readData = Surtidor_RXSTATUS_REG;
  93              		.loc 1 160 0
  94 0056 034B     		ldr	r3, .L7
  95 0058 1B78     		ldrb	r3, [r3]	@ zero_extendqisi2
  96 005a DBB2     		uxtb	r3, r3
  97              	.LVL5:
  98              	.L2:
  95:.\Generated_Source\PSoC5/Surtidor_INT.c ****         {
  99              		.loc 1 95 0
 100 005c 13F0200F 		tst	r3, #32
 101 0060 D2D1     		bne	.L6
 161:.\Generated_Source\PSoC5/Surtidor_INT.c ****         }
 162:.\Generated_Source\PSoC5/Surtidor_INT.c **** 
 163:.\Generated_Source\PSoC5/Surtidor_INT.c ****         /* User code required at end of ISR (Optional) */
 164:.\Generated_Source\PSoC5/Surtidor_INT.c ****         /* `#START Surtidor_RXISR_END` */
 165:.\Generated_Source\PSoC5/Surtidor_INT.c **** 
 166:.\Generated_Source\PSoC5/Surtidor_INT.c ****         /* `#END` */
 167:.\Generated_Source\PSoC5/Surtidor_INT.c **** 
 168:.\Generated_Source\PSoC5/Surtidor_INT.c ****         #if(CY_PSOC3)
 169:.\Generated_Source\PSoC5/Surtidor_INT.c ****             EA = int_en;
 170:.\Generated_Source\PSoC5/Surtidor_INT.c ****         #endif /* CY_PSOC3 */
 171:.\Generated_Source\PSoC5/Surtidor_INT.c **** 
 172:.\Generated_Source\PSoC5/Surtidor_INT.c ****     }
 102              		.loc 1 172 0
 103 0062 7047     		bx	lr
 104              	.L8:
 105              		.align	2
 106              	.L7:
 107 0064 6D640040 		.word	1073767533
 108 0068 00000000 		.word	Surtidor_rxBufferWrite
 109 006c 4E640040 		.word	1073767502
 110 0070 00000000 		.word	Surtidor_rxBuffer
 111 0074 00000000 		.word	Surtidor_rxBufferLoopDetect
 112 0078 00000000 		.word	Surtidor_rxBufferOverflow
ARM GAS  C:\Users\Oscar\AppData\Local\Temp\ccKT3DSw.s 			page 6


 113 007c 00000000 		.word	Surtidor_rxBufferRead
 114              		.cfi_endproc
 115              	.LFE0:
 116              		.size	Surtidor_RXISR, .-Surtidor_RXISR
 117              		.text
 118              	.Letext0:
 119              		.file 2 ".\\Generated_Source\\PSoC5\\cytypes.h"
 120              		.file 3 ".\\Generated_Source\\PSoC5\\Surtidor.h"
 121              		.section	.debug_info,"",%progbits
 122              	.Ldebug_info0:
 123 0000 35010000 		.4byte	0x135
 124 0004 0400     		.2byte	0x4
 125 0006 00000000 		.4byte	.Ldebug_abbrev0
 126 000a 04       		.byte	0x4
 127 000b 01       		.uleb128 0x1
 128 000c 9F000000 		.4byte	.LASF23
 129 0010 01       		.byte	0x1
 130 0011 77000000 		.4byte	.LASF24
 131 0015 2D010000 		.4byte	.LASF25
 132 0019 00000000 		.4byte	.Ldebug_ranges0+0
 133 001d 00000000 		.4byte	0
 134 0021 00000000 		.4byte	.Ldebug_line0
 135 0025 02       		.uleb128 0x2
 136 0026 01       		.byte	0x1
 137 0027 06       		.byte	0x6
 138 0028 8A010000 		.4byte	.LASF0
 139 002c 02       		.uleb128 0x2
 140 002d 01       		.byte	0x1
 141 002e 08       		.byte	0x8
 142 002f 54010000 		.4byte	.LASF1
 143 0033 02       		.uleb128 0x2
 144 0034 02       		.byte	0x2
 145 0035 05       		.byte	0x5
 146 0036 E4010000 		.4byte	.LASF2
 147 003a 02       		.uleb128 0x2
 148 003b 02       		.byte	0x2
 149 003c 07       		.byte	0x7
 150 003d 77010000 		.4byte	.LASF3
 151 0041 02       		.uleb128 0x2
 152 0042 04       		.byte	0x4
 153 0043 05       		.byte	0x5
 154 0044 67010000 		.4byte	.LASF4
 155 0048 02       		.uleb128 0x2
 156 0049 04       		.byte	0x4
 157 004a 07       		.byte	0x7
 158 004b 4E000000 		.4byte	.LASF5
 159 004f 02       		.uleb128 0x2
 160 0050 08       		.byte	0x8
 161 0051 05       		.byte	0x5
 162 0052 00000000 		.4byte	.LASF6
 163 0056 02       		.uleb128 0x2
 164 0057 08       		.byte	0x8
 165 0058 07       		.byte	0x7
 166 0059 60000000 		.4byte	.LASF7
 167 005d 03       		.uleb128 0x3
 168 005e 04       		.byte	0x4
 169 005f 05       		.byte	0x5
ARM GAS  C:\Users\Oscar\AppData\Local\Temp\ccKT3DSw.s 			page 7


 170 0060 696E7400 		.ascii	"int\000"
 171 0064 02       		.uleb128 0x2
 172 0065 04       		.byte	0x4
 173 0066 07       		.byte	0x7
 174 0067 0E000000 		.4byte	.LASF8
 175 006b 04       		.uleb128 0x4
 176 006c 48000000 		.4byte	.LASF9
 177 0070 02       		.byte	0x2
 178 0071 B4       		.byte	0xb4
 179 0072 2C000000 		.4byte	0x2c
 180 0076 04       		.uleb128 0x4
 181 0077 EE010000 		.4byte	.LASF10
 182 007b 02       		.byte	0x2
 183 007c B5       		.byte	0xb5
 184 007d 3A000000 		.4byte	0x3a
 185 0081 02       		.uleb128 0x2
 186 0082 04       		.byte	0x4
 187 0083 04       		.byte	0x4
 188 0084 DE010000 		.4byte	.LASF11
 189 0088 02       		.uleb128 0x2
 190 0089 08       		.byte	0x8
 191 008a 04       		.byte	0x4
 192 008b 70010000 		.4byte	.LASF12
 193 008f 02       		.uleb128 0x2
 194 0090 01       		.byte	0x1
 195 0091 08       		.byte	0x8
 196 0092 62010000 		.4byte	.LASF13
 197 0096 05       		.uleb128 0x5
 198 0097 43000000 		.4byte	.LASF14
 199 009b 02       		.byte	0x2
 200 009c 5E01     		.2byte	0x15e
 201 009e A2000000 		.4byte	0xa2
 202 00a2 06       		.uleb128 0x6
 203 00a3 6B000000 		.4byte	0x6b
 204 00a7 06       		.uleb128 0x6
 205 00a8 76000000 		.4byte	0x76
 206 00ac 02       		.uleb128 0x2
 207 00ad 04       		.byte	0x4
 208 00ae 07       		.byte	0x7
 209 00af 24020000 		.4byte	.LASF15
 210 00b3 07       		.uleb128 0x7
 211 00b4 0C020000 		.4byte	.LASF26
 212 00b8 01       		.byte	0x1
 213 00b9 42       		.byte	0x42
 214 00ba 00000000 		.4byte	.LFB0
 215 00be 80000000 		.4byte	.LFE0-.LFB0
 216 00c2 01       		.uleb128 0x1
 217 00c3 9C       		.byte	0x9c
 218 00c4 E7000000 		.4byte	0xe7
 219 00c8 08       		.uleb128 0x8
 220 00c9 1B020000 		.4byte	.LASF16
 221 00cd 01       		.byte	0x1
 222 00ce 44       		.byte	0x44
 223 00cf 6B000000 		.4byte	0x6b
 224 00d3 00000000 		.4byte	.LLST0
 225 00d7 08       		.uleb128 0x8
 226 00d8 1B000000 		.4byte	.LASF17
ARM GAS  C:\Users\Oscar\AppData\Local\Temp\ccKT3DSw.s 			page 8


 227 00dc 01       		.byte	0x1
 228 00dd 45       		.byte	0x45
 229 00de 6B000000 		.4byte	0x6b
 230 00e2 1E000000 		.4byte	.LLST1
 231 00e6 00       		.byte	0
 232 00e7 09       		.uleb128 0x9
 233 00e8 6B000000 		.4byte	0x6b
 234 00ec F7000000 		.4byte	0xf7
 235 00f0 0A       		.uleb128 0xa
 236 00f1 AC000000 		.4byte	0xac
 237 00f5 FF       		.byte	0xff
 238 00f6 00       		.byte	0
 239 00f7 0B       		.uleb128 0xb
 240 00f8 CC010000 		.4byte	.LASF18
 241 00fc 03       		.byte	0x3
 242 00fd 5201     		.2byte	0x152
 243 00ff 03010000 		.4byte	0x103
 244 0103 06       		.uleb128 0x6
 245 0104 E7000000 		.4byte	0xe7
 246 0108 0B       		.uleb128 0xb
 247 0109 2D000000 		.4byte	.LASF19
 248 010d 03       		.byte	0x3
 249 010e 5301     		.2byte	0x153
 250 0110 A7000000 		.4byte	0xa7
 251 0114 0B       		.uleb128 0xb
 252 0115 F5010000 		.4byte	.LASF20
 253 0119 03       		.byte	0x3
 254 011a 5401     		.2byte	0x154
 255 011c A7000000 		.4byte	0xa7
 256 0120 0B       		.uleb128 0xb
 257 0121 B0010000 		.4byte	.LASF21
 258 0125 03       		.byte	0x3
 259 0126 5501     		.2byte	0x155
 260 0128 A2000000 		.4byte	0xa2
 261 012c 0B       		.uleb128 0xb
 262 012d 96010000 		.4byte	.LASF22
 263 0131 03       		.byte	0x3
 264 0132 5601     		.2byte	0x156
 265 0134 A2000000 		.4byte	0xa2
 266 0138 00       		.byte	0
 267              		.section	.debug_abbrev,"",%progbits
 268              	.Ldebug_abbrev0:
 269 0000 01       		.uleb128 0x1
 270 0001 11       		.uleb128 0x11
 271 0002 01       		.byte	0x1
 272 0003 25       		.uleb128 0x25
 273 0004 0E       		.uleb128 0xe
 274 0005 13       		.uleb128 0x13
 275 0006 0B       		.uleb128 0xb
 276 0007 03       		.uleb128 0x3
 277 0008 0E       		.uleb128 0xe
 278 0009 1B       		.uleb128 0x1b
 279 000a 0E       		.uleb128 0xe
 280 000b 55       		.uleb128 0x55
 281 000c 17       		.uleb128 0x17
 282 000d 11       		.uleb128 0x11
 283 000e 01       		.uleb128 0x1
ARM GAS  C:\Users\Oscar\AppData\Local\Temp\ccKT3DSw.s 			page 9


 284 000f 10       		.uleb128 0x10
 285 0010 17       		.uleb128 0x17
 286 0011 00       		.byte	0
 287 0012 00       		.byte	0
 288 0013 02       		.uleb128 0x2
 289 0014 24       		.uleb128 0x24
 290 0015 00       		.byte	0
 291 0016 0B       		.uleb128 0xb
 292 0017 0B       		.uleb128 0xb
 293 0018 3E       		.uleb128 0x3e
 294 0019 0B       		.uleb128 0xb
 295 001a 03       		.uleb128 0x3
 296 001b 0E       		.uleb128 0xe
 297 001c 00       		.byte	0
 298 001d 00       		.byte	0
 299 001e 03       		.uleb128 0x3
 300 001f 24       		.uleb128 0x24
 301 0020 00       		.byte	0
 302 0021 0B       		.uleb128 0xb
 303 0022 0B       		.uleb128 0xb
 304 0023 3E       		.uleb128 0x3e
 305 0024 0B       		.uleb128 0xb
 306 0025 03       		.uleb128 0x3
 307 0026 08       		.uleb128 0x8
 308 0027 00       		.byte	0
 309 0028 00       		.byte	0
 310 0029 04       		.uleb128 0x4
 311 002a 16       		.uleb128 0x16
 312 002b 00       		.byte	0
 313 002c 03       		.uleb128 0x3
 314 002d 0E       		.uleb128 0xe
 315 002e 3A       		.uleb128 0x3a
 316 002f 0B       		.uleb128 0xb
 317 0030 3B       		.uleb128 0x3b
 318 0031 0B       		.uleb128 0xb
 319 0032 49       		.uleb128 0x49
 320 0033 13       		.uleb128 0x13
 321 0034 00       		.byte	0
 322 0035 00       		.byte	0
 323 0036 05       		.uleb128 0x5
 324 0037 16       		.uleb128 0x16
 325 0038 00       		.byte	0
 326 0039 03       		.uleb128 0x3
 327 003a 0E       		.uleb128 0xe
 328 003b 3A       		.uleb128 0x3a
 329 003c 0B       		.uleb128 0xb
 330 003d 3B       		.uleb128 0x3b
 331 003e 05       		.uleb128 0x5
 332 003f 49       		.uleb128 0x49
 333 0040 13       		.uleb128 0x13
 334 0041 00       		.byte	0
 335 0042 00       		.byte	0
 336 0043 06       		.uleb128 0x6
 337 0044 35       		.uleb128 0x35
 338 0045 00       		.byte	0
 339 0046 49       		.uleb128 0x49
 340 0047 13       		.uleb128 0x13
ARM GAS  C:\Users\Oscar\AppData\Local\Temp\ccKT3DSw.s 			page 10


 341 0048 00       		.byte	0
 342 0049 00       		.byte	0
 343 004a 07       		.uleb128 0x7
 344 004b 2E       		.uleb128 0x2e
 345 004c 01       		.byte	0x1
 346 004d 3F       		.uleb128 0x3f
 347 004e 19       		.uleb128 0x19
 348 004f 03       		.uleb128 0x3
 349 0050 0E       		.uleb128 0xe
 350 0051 3A       		.uleb128 0x3a
 351 0052 0B       		.uleb128 0xb
 352 0053 3B       		.uleb128 0x3b
 353 0054 0B       		.uleb128 0xb
 354 0055 27       		.uleb128 0x27
 355 0056 19       		.uleb128 0x19
 356 0057 11       		.uleb128 0x11
 357 0058 01       		.uleb128 0x1
 358 0059 12       		.uleb128 0x12
 359 005a 06       		.uleb128 0x6
 360 005b 40       		.uleb128 0x40
 361 005c 18       		.uleb128 0x18
 362 005d 9742     		.uleb128 0x2117
 363 005f 19       		.uleb128 0x19
 364 0060 01       		.uleb128 0x1
 365 0061 13       		.uleb128 0x13
 366 0062 00       		.byte	0
 367 0063 00       		.byte	0
 368 0064 08       		.uleb128 0x8
 369 0065 34       		.uleb128 0x34
 370 0066 00       		.byte	0
 371 0067 03       		.uleb128 0x3
 372 0068 0E       		.uleb128 0xe
 373 0069 3A       		.uleb128 0x3a
 374 006a 0B       		.uleb128 0xb
 375 006b 3B       		.uleb128 0x3b
 376 006c 0B       		.uleb128 0xb
 377 006d 49       		.uleb128 0x49
 378 006e 13       		.uleb128 0x13
 379 006f 02       		.uleb128 0x2
 380 0070 17       		.uleb128 0x17
 381 0071 00       		.byte	0
 382 0072 00       		.byte	0
 383 0073 09       		.uleb128 0x9
 384 0074 01       		.uleb128 0x1
 385 0075 01       		.byte	0x1
 386 0076 49       		.uleb128 0x49
 387 0077 13       		.uleb128 0x13
 388 0078 01       		.uleb128 0x1
 389 0079 13       		.uleb128 0x13
 390 007a 00       		.byte	0
 391 007b 00       		.byte	0
 392 007c 0A       		.uleb128 0xa
 393 007d 21       		.uleb128 0x21
 394 007e 00       		.byte	0
 395 007f 49       		.uleb128 0x49
 396 0080 13       		.uleb128 0x13
 397 0081 2F       		.uleb128 0x2f
ARM GAS  C:\Users\Oscar\AppData\Local\Temp\ccKT3DSw.s 			page 11


 398 0082 0B       		.uleb128 0xb
 399 0083 00       		.byte	0
 400 0084 00       		.byte	0
 401 0085 0B       		.uleb128 0xb
 402 0086 34       		.uleb128 0x34
 403 0087 00       		.byte	0
 404 0088 03       		.uleb128 0x3
 405 0089 0E       		.uleb128 0xe
 406 008a 3A       		.uleb128 0x3a
 407 008b 0B       		.uleb128 0xb
 408 008c 3B       		.uleb128 0x3b
 409 008d 05       		.uleb128 0x5
 410 008e 49       		.uleb128 0x49
 411 008f 13       		.uleb128 0x13
 412 0090 3F       		.uleb128 0x3f
 413 0091 19       		.uleb128 0x19
 414 0092 3C       		.uleb128 0x3c
 415 0093 19       		.uleb128 0x19
 416 0094 00       		.byte	0
 417 0095 00       		.byte	0
 418 0096 00       		.byte	0
 419              		.section	.debug_loc,"",%progbits
 420              	.Ldebug_loc0:
 421              	.LLST0:
 422 0000 06000000 		.4byte	.LVL1
 423 0004 0A000000 		.4byte	.LVL3
 424 0008 0100     		.2byte	0x1
 425 000a 53       		.byte	0x53
 426 000b 5C000000 		.4byte	.LVL5
 427 000f 80000000 		.4byte	.LFE0
 428 0013 0100     		.2byte	0x1
 429 0015 53       		.byte	0x53
 430 0016 00000000 		.4byte	0
 431 001a 00000000 		.4byte	0
 432              	.LLST1:
 433 001e 00000000 		.4byte	.LVL0
 434 0022 08000000 		.4byte	.LVL2
 435 0026 0200     		.2byte	0x2
 436 0028 30       		.byte	0x30
 437 0029 9F       		.byte	0x9f
 438 002a 18000000 		.4byte	.LVL4
 439 002e 5C000000 		.4byte	.LVL5
 440 0032 0200     		.2byte	0x2
 441 0034 31       		.byte	0x31
 442 0035 9F       		.byte	0x9f
 443 0036 00000000 		.4byte	0
 444 003a 00000000 		.4byte	0
 445              		.section	.debug_aranges,"",%progbits
 446 0000 1C000000 		.4byte	0x1c
 447 0004 0200     		.2byte	0x2
 448 0006 00000000 		.4byte	.Ldebug_info0
 449 000a 04       		.byte	0x4
 450 000b 00       		.byte	0
 451 000c 0000     		.2byte	0
 452 000e 0000     		.2byte	0
 453 0010 00000000 		.4byte	.LFB0
 454 0014 80000000 		.4byte	.LFE0-.LFB0
ARM GAS  C:\Users\Oscar\AppData\Local\Temp\ccKT3DSw.s 			page 12


 455 0018 00000000 		.4byte	0
 456 001c 00000000 		.4byte	0
 457              		.section	.debug_ranges,"",%progbits
 458              	.Ldebug_ranges0:
 459 0000 00000000 		.4byte	.LFB0
 460 0004 80000000 		.4byte	.LFE0
 461 0008 00000000 		.4byte	0
 462 000c 00000000 		.4byte	0
 463              		.section	.debug_line,"",%progbits
 464              	.Ldebug_line0:
 465 0000 8A000000 		.section	.debug_str,"MS",%progbits,1
 465      02005900 
 465      00000201 
 465      FB0E0D00 
 465      01010101 
 466              	.LASF6:
 467 0000 6C6F6E67 		.ascii	"long long int\000"
 467      206C6F6E 
 467      6720696E 
 467      7400
 468              	.LASF8:
 469 000e 756E7369 		.ascii	"unsigned int\000"
 469      676E6564 
 469      20696E74 
 469      00
 470              	.LASF17:
 471 001b 696E6372 		.ascii	"increment_pointer\000"
 471      656D656E 
 471      745F706F 
 471      696E7465 
 471      7200
 472              	.LASF19:
 473 002d 53757274 		.ascii	"Surtidor_rxBufferRead\000"
 473      69646F72 
 473      5F727842 
 473      75666665 
 473      72526561 
 474              	.LASF14:
 475 0043 72656738 		.ascii	"reg8\000"
 475      00
 476              	.LASF9:
 477 0048 75696E74 		.ascii	"uint8\000"
 477      3800
 478              	.LASF5:
 479 004e 6C6F6E67 		.ascii	"long unsigned int\000"
 479      20756E73 
 479      69676E65 
 479      6420696E 
 479      7400
 480              	.LASF7:
 481 0060 6C6F6E67 		.ascii	"long long unsigned int\000"
 481      206C6F6E 
 481      6720756E 
 481      7369676E 
 481      65642069 
 482              	.LASF24:
 483 0077 2E5C4765 		.ascii	".\\Generated_Source\\PSoC5\\Surtidor_INT.c\000"
ARM GAS  C:\Users\Oscar\AppData\Local\Temp\ccKT3DSw.s 			page 13


 483      6E657261 
 483      7465645F 
 483      536F7572 
 483      63655C50 
 484              	.LASF23:
 485 009f 474E5520 		.ascii	"GNU C 4.9.3 20150303 (release) [ARM/embedded-4_9-br"
 485      4320342E 
 485      392E3320 
 485      32303135 
 485      30333033 
 486 00d2 616E6368 		.ascii	"anch revision 221220] -mcpu=cortex-m3 -mthumb -g -O"
 486      20726576 
 486      6973696F 
 486      6E203232 
 486      31323230 
 487 0105 67202D66 		.ascii	"g -ffunction-sections -ffat-lto-objects\000"
 487      66756E63 
 487      74696F6E 
 487      2D736563 
 487      74696F6E 
 488              	.LASF25:
 489 012d 443A5C56 		.ascii	"D:\\Version MUX\\GRP700U\\Unificada.cydsn\000"
 489      65727369 
 489      6F6E204D 
 489      55585C47 
 489      52503730 
 490              	.LASF1:
 491 0154 756E7369 		.ascii	"unsigned char\000"
 491      676E6564 
 491      20636861 
 491      7200
 492              	.LASF13:
 493 0162 63686172 		.ascii	"char\000"
 493      00
 494              	.LASF4:
 495 0167 6C6F6E67 		.ascii	"long int\000"
 495      20696E74 
 495      00
 496              	.LASF12:
 497 0170 646F7562 		.ascii	"double\000"
 497      6C6500
 498              	.LASF3:
 499 0177 73686F72 		.ascii	"short unsigned int\000"
 499      7420756E 
 499      7369676E 
 499      65642069 
 499      6E7400
 500              	.LASF0:
 501 018a 7369676E 		.ascii	"signed char\000"
 501      65642063 
 501      68617200 
 502              	.LASF22:
 503 0196 53757274 		.ascii	"Surtidor_rxBufferOverflow\000"
 503      69646F72 
 503      5F727842 
 503      75666665 
 503      724F7665 
ARM GAS  C:\Users\Oscar\AppData\Local\Temp\ccKT3DSw.s 			page 14


 504              	.LASF21:
 505 01b0 53757274 		.ascii	"Surtidor_rxBufferLoopDetect\000"
 505      69646F72 
 505      5F727842 
 505      75666665 
 505      724C6F6F 
 506              	.LASF18:
 507 01cc 53757274 		.ascii	"Surtidor_rxBuffer\000"
 507      69646F72 
 507      5F727842 
 507      75666665 
 507      7200
 508              	.LASF11:
 509 01de 666C6F61 		.ascii	"float\000"
 509      7400
 510              	.LASF2:
 511 01e4 73686F72 		.ascii	"short int\000"
 511      7420696E 
 511      7400
 512              	.LASF10:
 513 01ee 75696E74 		.ascii	"uint16\000"
 513      313600
 514              	.LASF20:
 515 01f5 53757274 		.ascii	"Surtidor_rxBufferWrite\000"
 515      69646F72 
 515      5F727842 
 515      75666665 
 515      72577269 
 516              	.LASF26:
 517 020c 53757274 		.ascii	"Surtidor_RXISR\000"
 517      69646F72 
 517      5F525849 
 517      535200
 518              	.LASF16:
 519 021b 72656164 		.ascii	"readData\000"
 519      44617461 
 519      00
 520              	.LASF15:
 521 0224 73697A65 		.ascii	"sizetype\000"
 521      74797065 
 521      00
 522              		.ident	"GCC: (GNU Tools for ARM Embedded Processors) 4.9.3 20150303 (release) [ARM/embedded-4_9-br
