Archive member included because of file (symbol)

.\CortexM3\ARM_GCC_493\Debug\Unificada.a(cyfitter_cfg.o)
                              .\CortexM3\ARM_GCC_493\Debug\Cm3Start.o (cyfitter_cfg)
.\CortexM3\ARM_GCC_493\Debug\Unificada.a(Surtidor.o)
                              .\CortexM3\ARM_GCC_493\Debug\main.o (Surtidor_Start)
.\CortexM3\ARM_GCC_493\Debug\Unificada.a(Surtidor_INT.o)
                              .\CortexM3\ARM_GCC_493\Debug\Unificada.a(Surtidor.o) (Surtidor_RXISR)
.\CortexM3\ARM_GCC_493\Debug\Unificada.a(Impresora.o)
                              .\CortexM3\ARM_GCC_493\Debug\main.o (Impresora_Start)
.\CortexM3\ARM_GCC_493\Debug\Unificada.a(Impresora_INT.o)
                              .\CortexM3\ARM_GCC_493\Debug\Unificada.a(Impresora.o) (Impresora_RXISR)
.\CortexM3\ARM_GCC_493\Debug\Unificada.a(PC.o)
                              .\CortexM3\ARM_GCC_493\Debug\main.o (PC_Start)
.\CortexM3\ARM_GCC_493\Debug\Unificada.a(PC_INT.o)
                              .\CortexM3\ARM_GCC_493\Debug\Unificada.a(PC.o) (PC_RXISR)
.\CortexM3\ARM_GCC_493\Debug\Unificada.a(I2C_1.o)
                              .\CortexM3\ARM_GCC_493\Debug\main.o (I2C_1_Start)
.\CortexM3\ARM_GCC_493\Debug\Unificada.a(I2C_1_INT.o)
                              .\CortexM3\ARM_GCC_493\Debug\Unificada.a(I2C_1.o) (I2C_1_ISR)
.\CortexM3\ARM_GCC_493\Debug\Unificada.a(I2C_1_PM.o)
                              .\CortexM3\ARM_GCC_493\Debug\Unificada.a(I2C_1.o) (I2C_1_backup)
.\CortexM3\ARM_GCC_493\Debug\Unificada.a(I2C_1_MASTER.o)
                              .\CortexM3\ARM_GCC_493\Debug\Unificada.a(I2C_1_INT.o) (I2C_1_mstrStatus)
.\CortexM3\ARM_GCC_493\Debug\Unificada.a(Pin_WP.o)
                              .\CortexM3\ARM_GCC_493\Debug\I2C.o (Pin_WP_Write)
.\CortexM3\ARM_GCC_493\Debug\Unificada.a(LCD_1.o)
                              .\CortexM3\ARM_GCC_493\Debug\main.o (LCD_1_Start)
.\CortexM3\ARM_GCC_493\Debug\Unificada.a(LCD_1_INT.o)
                              .\CortexM3\ARM_GCC_493\Debug\Unificada.a(LCD_1.o) (LCD_1_RXISR)
.\CortexM3\ARM_GCC_493\Debug\Unificada.a(LCD_2.o)
                              .\CortexM3\ARM_GCC_493\Debug\main.o (LCD_2_Start)
.\CortexM3\ARM_GCC_493\Debug\Unificada.a(LCD_2_INT.o)
                              .\CortexM3\ARM_GCC_493\Debug\Unificada.a(LCD_2.o) (LCD_2_RXISR)
.\CortexM3\ARM_GCC_493\Debug\Unificada.a(IB1.o)
                              .\CortexM3\ARM_GCC_493\Debug\ibuton.o (IB1_Write)
.\CortexM3\ARM_GCC_493\Debug\Unificada.a(IB2.o)
                              .\CortexM3\ARM_GCC_493\Debug\ibuton.o (IB2_Write)
.\CortexM3\ARM_GCC_493\Debug\Unificada.a(Timer_Animacion.o)
                              .\CortexM3\ARM_GCC_493\Debug\main.o (Timer_Animacion_Stop)
.\CortexM3\ARM_GCC_493\Debug\Unificada.a(isr_3.o)
                              .\CortexM3\ARM_GCC_493\Debug\main.o (isr_3_StartEx)
.\CortexM3\ARM_GCC_493\Debug\Unificada.a(Timer_Animacion2.o)
                              .\CortexM3\ARM_GCC_493\Debug\main.o (Timer_Animacion2_Stop)
.\CortexM3\ARM_GCC_493\Debug\Unificada.a(isr_4.o)
                              .\CortexM3\ARM_GCC_493\Debug\main.o (isr_4_StartEx)
.\CortexM3\ARM_GCC_493\Debug\Unificada.a(Timer_1.o)
                              .\CortexM3\ARM_GCC_493\Debug\Sonido.o (Timer_1_Stop)
.\CortexM3\ARM_GCC_493\Debug\Unificada.a(isr_1.o)
                              .\CortexM3\ARM_GCC_493\Debug\Sonido.o (isr_1_StartEx)
.\CortexM3\ARM_GCC_493\Debug\Unificada.a(VDAC8_1.o)
                              .\CortexM3\ARM_GCC_493\Debug\Sonido.o (VDAC8_1_Stop)
.\CortexM3\ARM_GCC_493\Debug\Unificada.a(Timer_2.o)
                              .\CortexM3\ARM_GCC_493\Debug\Sonido.o (Timer_2_Stop)
.\CortexM3\ARM_GCC_493\Debug\Unificada.a(isr_2.o)
                              .\CortexM3\ARM_GCC_493\Debug\Sonido.o (isr_2_StartEx)
.\CortexM3\ARM_GCC_493\Debug\Unificada.a(VDAC8_2.o)
                              .\CortexM3\ARM_GCC_493\Debug\Sonido.o (VDAC8_2_Stop)
.\CortexM3\ARM_GCC_493\Debug\Unificada.a(VDAC8_3.o)
                              .\CortexM3\ARM_GCC_493\Debug\main.o (VDAC8_3_Start)
.\CortexM3\ARM_GCC_493\Debug\Unificada.a(SDown.o)
                              .\CortexM3\ARM_GCC_493\Debug\main.o (SDown_Write)
.\CortexM3\ARM_GCC_493\Debug\Unificada.a(Impresora_IntClock.o)
                              .\CortexM3\ARM_GCC_493\Debug\Unificada.a(Impresora.o) (Impresora_IntClock_Start)
.\CortexM3\ARM_GCC_493\Debug\Unificada.a(PC_IntClock.o)
                              .\CortexM3\ARM_GCC_493\Debug\Unificada.a(PC.o) (PC_IntClock_Start)
.\CortexM3\ARM_GCC_493\Debug\Unificada.a(LCD_1_IntClock.o)
                              .\CortexM3\ARM_GCC_493\Debug\Unificada.a(LCD_1.o) (LCD_1_IntClock_Start)
.\CortexM3\ARM_GCC_493\Debug\Unificada.a(LCD_2_IntClock.o)
                              .\CortexM3\ARM_GCC_493\Debug\Unificada.a(LCD_2.o) (LCD_2_IntClock_Start)
.\CortexM3\ARM_GCC_493\Debug\Unificada.a(CyBootAsmGnu.o)
[...]
Memory Configuration

Name             Origin             Length             Attributes
rom              0x00000000         0x00040000         xr
ram              0x1fff8000         0x00010000         xrw
*default*        0x00000000         0xffffffff

Linker script and memory map

LOAD c:/program files (x86)/cypress/psoc creator/3.3/psoc creator/import/gnu/arm/4.9.3/bin/../lib/gcc/arm-none-eabi/4.9.3/armv7-m/crti.o
LOAD c:/program files (x86)/cypress/psoc creator/3.3/psoc creator/import/gnu/arm/4.9.3/bin/../lib/gcc/arm-none-eabi/4.9.3/armv7-m/crtbegin.o
LOAD c:/program files (x86)/cypress/psoc creator/3.3/psoc creator/import/gnu/arm/4.9.3/bin/../lib/gcc/arm-none-eabi/4.9.3/../../../../arm-none-eabi/lib/armv7-m/crt0.o
START GROUP
LOAD .\CortexM3\ARM_GCC_493\Debug\main.o
LOAD .\CortexM3\ARM_GCC_493\Debug\I2C.o
LOAD .\CortexM3\ARM_GCC_493\Debug\ibuton.o
LOAD .\CortexM3\ARM_GCC_493\Debug\LCD.o
LOAD .\CortexM3\ARM_GCC_493\Debug\Print.o
LOAD .\CortexM3\ARM_GCC_493\Debug\Protocolo.o
LOAD .\CortexM3\ARM_GCC_493\Debug\Sonido.o
LOAD .\CortexM3\ARM_GCC_493\Debug\cybootloader.o
LOAD .\CortexM3\ARM_GCC_493\Debug\cymetadata.o
LOAD .\CortexM3\ARM_GCC_493\Debug\Cm3Start.o
LOAD .\CortexM3\ARM_GCC_493\Debug\Unificada.a
LOAD C:\Program Files (x86)\Cypress\PSoC Creator\3.3\PSoC Creator\psoc\content\cycomponentlibrary\CyComponentLibrary.cylib\CortexM3\ARM_GCC_493\Debug\CyComponentLibrary.a
END GROUP
START GROUP
LOAD c:/program files (x86)/cypress/psoc creator/3.3/psoc creator/import/gnu/arm/4.9.3/bin/../lib/gcc/arm-none-eabi/4.9.3/armv7-m\libgcc.a
LOAD c:/program files (x86)/cypress/psoc creator/3.3/psoc creator/import/gnu/arm/4.9.3/bin/../lib/gcc/arm-none-eabi/4.9.3/../../../../arm-none-eabi/lib/armv7-m\libg_nano.a
LOAD c:/program files (x86)/cypress/psoc creator/3.3/psoc creator/import/gnu/arm/4.9.3/bin/../lib/gcc/arm-none-eabi/4.9.3/../../../../arm-none-eabi/lib/armv7-m\libc_nano.a
END GROUP
START GROUP
LOAD c:/program files (x86)/cypress/psoc creator/3.3/psoc creator/import/gnu/arm/4.9.3/bin/../lib/gcc/arm-none-eabi/4.9.3/armv7-m\libgcc.a
LOAD c:/program files (x86)/cypress/psoc creator/3.3/psoc creator/import/gnu/arm/4.9.3/bin/../lib/gcc/arm-none-eabi/4.9.3/../../../../arm-none-eabi/lib/armv7-m\libc_nano.a
END GROUP
LOAD c:/program files (x86)/cypress/psoc creator/3.3/psoc creator/import/gnu/arm/4.9.3/bin/../lib/gcc/arm-none-eabi/4.9.3/armv7-m/crtend.o
LOAD c:/program files (x86)/cypress/psoc creator/3.3/psoc creator/import/gnu/arm/4.9.3/bin/../lib/gcc/arm-none-eabi/4.9.3/armv7-m/crtn.o
START GROUP
LOAD c:/program files (x86)/cypress/psoc creator/3.3/psoc creator/import/gnu/arm/4.9.3/bin/../lib/gcc/arm-none-eabi/4.9.3/armv7-m\libgcc.a
LOAD c:/program files (x86)/cypress/psoc creator/3.3/psoc creator/import/gnu/arm/4.9.3/bin/../lib/gcc/arm-none-eabi/4.9.3/../../../../arm-none-eabi/lib/armv7-m\libc.a
LOAD c:/program files (x86)/cypress/psoc creator/3.3/psoc creator/import/gnu/arm/4.9.3/bin/../lib/gcc/arm-none-eabi/4.9.3/../../../../arm-none-eabi/lib/armv7-m\libnosys.a
END GROUP
                0x00000000                CY_APPL_ORIGIN = 0x0
                0x00000100                CY_FLASH_ROW_SIZE = 0x100
                0x00000020                CY_ECC_ROW_SIZE = 0x20
                0x00000000                CY_EE_IN_BTLDR = 0x0
                0x00000001                CY_APPL_LOADABLE = 0x1
                0x00000800                CY_EE_SIZE = 0x800
                0x00000001                CY_APPL_NUM = 0x1
                0x00000001                CY_APPL_MAX = 0x1
                0x00000040                CY_METADATA_SIZE = 0x40
                0x1fff8af0                PROVIDE (__cy_heap_start, _end)
                0x00000001                PROVIDE (__cy_region_num, ((__cy_regions_end - __cy_regions) / 0x10))
                0x20008000                PROVIDE (__cy_stack, (ORIGIN (ram) + 0x10000))
                0x20007800                PROVIDE (__cy_heap_end, (__cy_stack - 0x800))

.cybootloader   0x00000000     0x2200
 *(.cybootloader)
 .cybootloader  0x00000000     0x2200 .\CortexM3\ARM_GCC_493\Debug\cybootloader.o
                0x00000000                cy_bootloader
                0x00002200                appl1_start = CY_APPL_ORIGIN?CY_APPL_ORIGIN:ALIGN (CY_FLASH_ROW_SIZE)
                0x00021000                appl2_start = (appl1_start + ALIGN ((((0x40000 - appl1_start) - (0x2 * CY_FLASH_ROW_SIZE)) / 0x2), CY_FLASH_ROW_SIZE))
                0x00002200                appl_start = (CY_APPL_NUM == 0x1)?appl1_start:appl2_start
                0x00000440                ecc_offset = ((appl_start / CY_FLASH_ROW_SIZE) * CY_ECC_ROW_SIZE)
                0x00000000                ee_offset = (CY_APPL_LOADABLE && ! (CY_EE_IN_BTLDR))?((CY_EE_SIZE / CY_APPL_MAX) * (CY_APPL_NUM - 0x1)):0x0
                0x00000800                ee_size = (CY_APPL_LOADABLE && ! (CY_EE_IN_BTLDR))?(CY_EE_SIZE / CY_APPL_MAX):CY_EE_SIZE
                0x00000440                PROVIDE (CY_ECC_OFFSET, ecc_offset)

.text           0x00002200    0x10c3e
 CREATE_OBJECT_SYMBOLS
                0x00002200                PROVIDE (__cy_interrupt_vector, RomVectors)
 *(.romvectors)
 .romvectors    0x00002200       0x10 .\CortexM3\ARM_GCC_493\Debug\Cm3Start.o
                0x00002200                RomVectors
                0x00000001                ASSERT ((. != __cy_interrupt_vector), No interrupt vector)
                0x00000001                ASSERT (CY_APPL_ORIGIN?(SIZEOF (.cybootloader) <= CY_APPL_ORIGIN):0x1, Wrong image location)
                0x00002210                PROVIDE (__cy_reset, Reset)
 *(.text.Reset)
 .text.Reset    0x00002210        0x8 .\CortexM3\ARM_GCC_493\Debug\Cm3Start.o
                0x00002210                Reset
                0x00000001                ASSERT ((. != __cy_reset), No reset code)
 *(.dma_init)
                0x00000001                ASSERT ((((appl_start + .) <= 0x10000) || 0x1), DMA Init must be within the first 64k of flash)
 *(.text .text.* .gnu.linkonce.t.*)
 .text          0x00002218       0x5c c:/program files (x86)/cypress/psoc creator/3.3/psoc creator/import/gnu/arm/4.9.3/bin/../lib/gcc/arm-none-eabi/4.9.3/armv7-m/crtbegin.o
 .text.animacion
                0x00002274       0x48 .\CortexM3\ARM_GCC_493\Debug\main.o
                0x00002274                animacion
 .text.animacion2
                0x000022bc       0x48 .\CortexM3\ARM_GCC_493\Debug\main.o
                0x000022bc                animacion2
 .text.init     0x00002304      0x57c .\CortexM3\ARM_GCC_493\Debug\main.o
                0x00002304                init
 .text.init_surt
                0x00002880       0x38 .\CortexM3\ARM_GCC_493\Debug\main.o
                0x00002880                init_surt
 .text.error_op
                0x000028b8       0x5c .\CortexM3\ARM_GCC_493\Debug\main.o
                0x000028b8                error_op
 .text.polling_LCD1
                0x00002914     0x3d94 .\CortexM3\ARM_GCC_493\Debug\main.o
                0x00002914                polling_LCD1
 .text.polling_LCD2
                0x000066a8     0x3b04 .\CortexM3\ARM_GCC_493\Debug\main.o
                0x000066a8                polling_LCD2
 .text.main     0x0000a1ac       0x14 .\CortexM3\ARM_GCC_493\Debug\main.o
                0x0000a1ac                main
 .text.leer_hora
                0x0000a1c0       0x60 .\CortexM3\ARM_GCC_493\Debug\I2C.o
                0x0000a1c0                leer_hora
 .text.leer_fecha
                0x0000a220       0x60 .\CortexM3\ARM_GCC_493\Debug\I2C.o
                0x0000a220                leer_fecha
 .text.write_hora
                0x0000a280       0x5c .\CortexM3\ARM_GCC_493\Debug\I2C.o
                0x0000a280                write_hora
 .text.write_fecha
                0x0000a2dc       0x64 .\CortexM3\ARM_GCC_493\Debug\I2C.o
                0x0000a2dc                write_fecha
 .text.write_eeprom
                0x0000a340       0x7c .\CortexM3\ARM_GCC_493\Debug\I2C.o
                0x0000a340                write_eeprom
 .text.leer_eeprom
                0x0000a3bc       0x94 .\CortexM3\ARM_GCC_493\Debug\I2C.o
                0x0000a3bc                leer_eeprom
 .text.write_psoc1
                0x0000a450       0x48 .\CortexM3\ARM_GCC_493\Debug\I2C.o
                0x0000a450                write_psoc1
 .text.touch_present
                0x0000a498       0x84 .\CortexM3\ARM_GCC_493\Debug\ibuton.o
                0x0000a498                touch_present
 .text.touch_write
                0x0000a51c       0xd4 .\CortexM3\ARM_GCC_493\Debug\ibuton.o
                0x0000a51c                touch_write
 .text.touch_read_byte
                0x0000a5f0       0x78 .\CortexM3\ARM_GCC_493\Debug\ibuton.o
                0x0000a5f0                touch_read_byte
 .text.touch_read_memoria
                0x0000a668      0x1b4 .\CortexM3\ARM_GCC_493\Debug\ibuton.o
                0x0000a668                touch_read_memoria
 .text.touch_write_memoria
                0x0000a81c      0x30c .\CortexM3\ARM_GCC_493\Debug\ibuton.o
                0x0000a81c                touch_write_memoria
 .text.crc_check
                0x0000ab28       0x20 .\CortexM3\ARM_GCC_493\Debug\ibuton.o
                0x0000ab28                crc_check
 .text.set_imagen
                0x0000ab48       0x6c .\CortexM3\ARM_GCC_493\Debug\LCD.o
                0x0000ab48                set_imagen
 .text.write_LCD
                0x0000abb4      0x100 .\CortexM3\ARM_GCC_493\Debug\LCD.o
                0x0000abb4                write_LCD
 .text.Hora_LCD
                0x0000acb4       0xbc .\CortexM3\ARM_GCC_493\Debug\LCD.o
                0x0000acb4                Hora_LCD
 .text.Fecha_LCD
                0x0000ad70       0xc8 .\CortexM3\ARM_GCC_493\Debug\LCD.o
                0x0000ad70                Fecha_LCD
 .text.Nombre_LCD
                0x0000ae38      0x104 .\CortexM3\ARM_GCC_493\Debug\LCD.o
                0x0000ae38                Nombre_LCD
 .text.Precio_LCD
                0x0000af3c       0xc4 .\CortexM3\ARM_GCC_493\Debug\LCD.o
                0x0000af3c                Precio_LCD
 .text.Grado_LCD
                0x0000b000       0xbc .\CortexM3\ARM_GCC_493\Debug\LCD.o
                0x0000b000                Grado_LCD
 .text.direccion_LCD
                0x0000b0bc      0x10c .\CortexM3\ARM_GCC_493\Debug\LCD.o
                0x0000b0bc                direccion_LCD
 .text.lema1_LCD
                0x0000b1c8      0x10c .\CortexM3\ARM_GCC_493\Debug\LCD.o
                0x0000b1c8                lema1_LCD
 .text.lema2_LCD
                0x0000b2d4      0x10c .\CortexM3\ARM_GCC_493\Debug\LCD.o
                0x0000b2d4                lema2_LCD
 .text.telefono_LCD
                0x0000b3e0      0x10c .\CortexM3\ARM_GCC_493\Debug\LCD.o
                0x0000b3e0                telefono_LCD
 .text.nit_LCD  0x0000b4ec      0x10c .\CortexM3\ARM_GCC_493\Debug\LCD.o
                0x0000b4ec                nit_LCD
 .text.Cuenta_LCD
                0x0000b5f8      0x104 .\CortexM3\ARM_GCC_493\Debug\LCD.o
                0x0000b5f8                Cuenta_LCD
 .text.Placa_LCD
                0x0000b6fc      0x108 .\CortexM3\ARM_GCC_493\Debug\LCD.o
                0x0000b6fc                Placa_LCD
 .text.writemini_LCD
                0x0000b804      0x108 .\CortexM3\ARM_GCC_493\Debug\LCD.o
                0x0000b804                writemini_LCD
 .text.operacion
                0x0000b90c      0x128 .\CortexM3\ARM_GCC_493\Debug\Print.o
                0x0000b90c                operacion
 .text.print_logo_k
                0x0000ba34      0x200 .\CortexM3\ARM_GCC_493\Debug\Print.o
                0x0000ba34                print_logo_k
 .text.print_logo_p
                0x0000bc34      0x1f0 .\CortexM3\ARM_GCC_493\Debug\Print.o
                0x0000bc34                print_logo_p
 .text.print_totales
                0x0000be24      0x110 .\CortexM3\ARM_GCC_493\Debug\Print.o
                0x0000be24                print_totales
 .text.print_totalesac
                0x0000bf34      0x114 .\CortexM3\ARM_GCC_493\Debug\Print.o
                0x0000bf34                print_totalesac
 .text.print_valor
                0x0000c048       0x50 .\CortexM3\ARM_GCC_493\Debug\Print.o
                0x0000c048                print_valor
 .text.imprimir
                0x0000c098     0x1018 .\CortexM3\ARM_GCC_493\Debug\Print.o
                0x0000c098                imprimir
 .text.imprimir_corte
                0x0000d0b0      0x758 .\CortexM3\ARM_GCC_493\Debug\Print.o
                0x0000d0b0                imprimir_corte
 .text.ver_pos  0x0000d808       0x80 .\CortexM3\ARM_GCC_493\Debug\Protocolo.o
                0x0000d808                ver_pos
 .text.get_estado
                0x0000d888       0x28 .\CortexM3\ARM_GCC_493\Debug\Protocolo.o
                0x0000d888                get_estado
 .text.estado_ex
                0x0000d8b0       0xe8 .\CortexM3\ARM_GCC_493\Debug\Protocolo.o
                0x0000d8b0                estado_ex
 .text.venta    0x0000d998      0x1e8 .\CortexM3\ARM_GCC_493\Debug\Protocolo.o
                0x0000d998                venta
 .text.get_totales
                0x0000db80     0x2e64 .\CortexM3\ARM_GCC_493\Debug\Protocolo.o
                0x0000db80                get_totales
 .text.programar
                0x000109e4      0x484 .\CortexM3\ARM_GCC_493\Debug\Protocolo.o
                0x000109e4                programar
 .text.cambiar_precio
                0x00010e68      0x2c4 .\CortexM3\ARM_GCC_493\Debug\Protocolo.o
                0x00010e68                cambiar_precio
 .text.Interrupcion_1
                0x0001112c       0xd8 .\CortexM3\ARM_GCC_493\Debug\Sonido.o
                0x0001112c                Interrupcion_1
 .text.Interrupcion_2
                0x00011204       0xe0 .\CortexM3\ARM_GCC_493\Debug\Sonido.o
                0x00011204                Interrupcion_2
 .text.sonido   0x000112e4       0x60 .\CortexM3\ARM_GCC_493\Debug\Sonido.o
                0x000112e4                sonido
 .text.IntDefaultHandler
                0x00011344        0x4 .\CortexM3\ARM_GCC_493\Debug\Cm3Start.o
                0x00011344                IntDefaultHandler
 .text.Start_c  0x00011348       0x4c .\CortexM3\ARM_GCC_493\Debug\Cm3Start.o
                0x00011348                Start_c
 .text.initialize_psoc
                0x00011394       0x74 .\CortexM3\ARM_GCC_493\Debug\Cm3Start.o
                0x00011394                initialize_psoc
 .text.CyClockStartupError
                0x00011408        0x4 .\CortexM3\ARM_GCC_493\Debug\Unificada.a(cyfitter_cfg.o)
 .text.cfg_write_bytes32
                0x0001140c       0x34 .\CortexM3\ARM_GCC_493\Debug\Unificada.a(cyfitter_cfg.o)
 .text.AnalogSetDefault
                0x00011440       0x54 .\CortexM3\ARM_GCC_493\Debug\Unificada.a(cyfitter_cfg.o)
 .text.CYMEMZERO
                0x00011494        0xc .\CortexM3\ARM_GCC_493\Debug\Unificada.a(cyfitter_cfg.o)
 .text.ClockSetup
                0x000114a0      0x104 .\CortexM3\ARM_GCC_493\Debug\Unificada.a(cyfitter_cfg.o)
 .text.CYCONFIGCPY
                0x000115a4        0x8 .\CortexM3\ARM_GCC_493\Debug\Unificada.a(cyfitter_cfg.o)
 .text.cyfitter_cfg
                0x000115ac      0x170 .\CortexM3\ARM_GCC_493\Debug\Unificada.a(cyfitter_cfg.o)
                0x000115ac                cyfitter_cfg
 .text.Surtidor_Init
                0x0001171c       0x3c .\CortexM3\ARM_GCC_493\Debug\Unificada.a(Surtidor.o)
                0x0001171c                Surtidor_Init
 .text.Surtidor_Enable
                0x00011758       0x3c .\CortexM3\ARM_GCC_493\Debug\Unificada.a(Surtidor.o)
                0x00011758                Surtidor_Enable
 .text.Surtidor_Start
                0x00011794       0x1c .\CortexM3\ARM_GCC_493\Debug\Unificada.a(Surtidor.o)
                0x00011794                Surtidor_Start
 .text.Surtidor_EnableRxInt
                0x000117b0        0xc .\CortexM3\ARM_GCC_493\Debug\Unificada.a(Surtidor.o)
                0x000117b0                Surtidor_EnableRxInt
 .text.Surtidor_DisableRxInt
                0x000117bc        0xc .\CortexM3\ARM_GCC_493\Debug\Unificada.a(Surtidor.o)
                0x000117bc                Surtidor_DisableRxInt
 .text.Surtidor_ReadRxData
                0x000117c8       0x5c .\CortexM3\ARM_GCC_493\Debug\Unificada.a(Surtidor.o)
                0x000117c8                Surtidor_ReadRxData
 .text.Surtidor_GetRxBufferSize
                0x00011824       0x60 .\CortexM3\ARM_GCC_493\Debug\Unificada.a(Surtidor.o)
                0x00011824                Surtidor_GetRxBufferSize
 .text.Surtidor_ClearRxBuffer
                0x00011884       0x3c .\CortexM3\ARM_GCC_493\Debug\Unificada.a(Surtidor.o)
                0x00011884                Surtidor_ClearRxBuffer
 .text.Surtidor_PutChar
                0x000118c0       0x18 .\CortexM3\ARM_GCC_493\Debug\Unificada.a(Surtidor.o)
                0x000118c0                Surtidor_PutChar
 .text.Surtidor_RXISR
                0x000118d8       0x80 .\CortexM3\ARM_GCC_493\Debug\Unificada.a(Surtidor_INT.o)
                0x000118d8                Surtidor_RXISR
 .text.Impresora_Init
                0x00011958       0x3c .\CortexM3\ARM_GCC_493\Debug\Unificada.a(Impresora.o)
                0x00011958                Impresora_Init
 .text.Impresora_Enable
                0x00011994       0x44 .\CortexM3\ARM_GCC_493\Debug\Unificada.a(Impresora.o)
                0x00011994                Impresora_Enable
 .text.Impresora_Start
                0x000119d8       0x1c .\CortexM3\ARM_GCC_493\Debug\Unificada.a(Impresora.o)
                0x000119d8                Impresora_Start
 .text.Impresora_EnableRxInt
                0x000119f4        0xc .\CortexM3\ARM_GCC_493\Debug\Unificada.a(Impresora.o)
                0x000119f4                Impresora_EnableRxInt
 .text.Impresora_RXISR
                0x00011a00       0x80 .\CortexM3\ARM_GCC_493\Debug\Unificada.a(Impresora_INT.o)
                0x00011a00                Impresora_RXISR
 .text.PC_Init  0x00011a80       0x3c .\CortexM3\ARM_GCC_493\Debug\Unificada.a(PC.o)
                0x00011a80                PC_Init
 .text.PC_Enable
                0x00011abc       0x44 .\CortexM3\ARM_GCC_493\Debug\Unificada.a(PC.o)
                0x00011abc                PC_Enable
 .text.PC_Start
                0x00011b00       0x1c .\CortexM3\ARM_GCC_493\Debug\Unificada.a(PC.o)
                0x00011b00                PC_Start
 .text.PC_EnableRxInt
                0x00011b1c        0xc .\CortexM3\ARM_GCC_493\Debug\Unificada.a(PC.o)
                0x00011b1c                PC_EnableRxInt
 .text.PC_RXISR
                0x00011b28       0x80 .\CortexM3\ARM_GCC_493\Debug\Unificada.a(PC_INT.o)
                0x00011b28                PC_RXISR
 .text.I2C_1_Init
                0x00011ba8       0x58 .\CortexM3\ARM_GCC_493\Debug\Unificada.a(I2C_1.o)
                0x00011ba8                I2C_1_Init
 .text.I2C_1_Enable
                0x00011c00       0x24 .\CortexM3\ARM_GCC_493\Debug\Unificada.a(I2C_1.o)
                0x00011c00                I2C_1_Enable
 .text.I2C_1_Start
                0x00011c24       0x28 .\CortexM3\ARM_GCC_493\Debug\Unificada.a(I2C_1.o)
                0x00011c24                I2C_1_Start
 .text.I2C_1_ISR
                0x00011c4c      0x2d0 .\CortexM3\ARM_GCC_493\Debug\Unificada.a(I2C_1_INT.o)
                0x00011c4c                I2C_1_ISR
 .text.I2C_1_MasterSendStart
                0x00011f1c       0x80 .\CortexM3\ARM_GCC_493\Debug\Unificada.a(I2C_1_MASTER.o)
                0x00011f1c                I2C_1_MasterSendStart
 .text.I2C_1_MasterSendStop
                0x00011f9c       0x38 .\CortexM3\ARM_GCC_493\Debug\Unificada.a(I2C_1_MASTER.o)
                0x00011f9c                I2C_1_MasterSendStop
 .text.I2C_1_MasterWriteByte
                0x00011fd4       0x58 .\CortexM3\ARM_GCC_493\Debug\Unificada.a(I2C_1_MASTER.o)
                0x00011fd4                I2C_1_MasterWriteByte
 .text.I2C_1_MasterReadByte
                0x0001202c       0x58 .\CortexM3\ARM_GCC_493\Debug\Unificada.a(I2C_1_MASTER.o)
                0x0001202c                I2C_1_MasterReadByte
 .text.I2C_1_MasterClearStatus
                0x00012084       0x10 .\CortexM3\ARM_GCC_493\Debug\Unificada.a(I2C_1_MASTER.o)
                0x00012084                I2C_1_MasterClearStatus
 .text.I2C_1_MasterClearReadBuf
                0x00012094       0x1c .\CortexM3\ARM_GCC_493\Debug\Unificada.a(I2C_1_MASTER.o)
                0x00012094                I2C_1_MasterClearReadBuf
 .text.I2C_1_MasterClearWriteBuf
                0x000120b0       0x1c .\CortexM3\ARM_GCC_493\Debug\Unificada.a(I2C_1_MASTER.o)
                0x000120b0                I2C_1_MasterClearWriteBuf
 .text.I2C_1_Workaround
                0x000120cc        0x4 .\CortexM3\ARM_GCC_493\Debug\Unificada.a(I2C_1_MASTER.o)
                0x000120cc                I2C_1_Workaround
 .text.Pin_WP_Write
                0x000120d0       0x18 .\CortexM3\ARM_GCC_493\Debug\Unificada.a(Pin_WP.o)
                0x000120d0                Pin_WP_Write
 .text.LCD_1_Init
                0x000120e8       0x3c .\CortexM3\ARM_GCC_493\Debug\Unificada.a(LCD_1.o)
                0x000120e8                LCD_1_Init
 .text.LCD_1_Enable
                0x00012124       0x44 .\CortexM3\ARM_GCC_493\Debug\Unificada.a(LCD_1.o)
                0x00012124                LCD_1_Enable
 .text.LCD_1_Start
                0x00012168       0x1c .\CortexM3\ARM_GCC_493\Debug\Unificada.a(LCD_1.o)
                0x00012168                LCD_1_Start
 .text.LCD_1_EnableRxInt
                0x00012184        0xc .\CortexM3\ARM_GCC_493\Debug\Unificada.a(LCD_1.o)
                0x00012184                LCD_1_EnableRxInt
 .text.LCD_1_DisableRxInt
                0x00012190        0xc .\CortexM3\ARM_GCC_493\Debug\Unificada.a(LCD_1.o)
                0x00012190                LCD_1_DisableRxInt
 .text.LCD_1_GetRxBufferSize
                0x0001219c       0x54 .\CortexM3\ARM_GCC_493\Debug\Unificada.a(LCD_1.o)
                0x0001219c                LCD_1_GetRxBufferSize
 .text.LCD_1_ClearRxBuffer
                0x000121f0       0x3c .\CortexM3\ARM_GCC_493\Debug\Unificada.a(LCD_1.o)
                0x000121f0                LCD_1_ClearRxBuffer
 .text.LCD_1_PutChar
                0x0001222c       0x18 .\CortexM3\ARM_GCC_493\Debug\Unificada.a(LCD_1.o)
                0x0001222c                LCD_1_PutChar
 .text.LCD_1_RXISR
                0x00012244       0x80 .\CortexM3\ARM_GCC_493\Debug\Unificada.a(LCD_1_INT.o)
                0x00012244                LCD_1_RXISR
 .text.LCD_2_Init
                0x000122c4       0x3c .\CortexM3\ARM_GCC_493\Debug\Unificada.a(LCD_2.o)
                0x000122c4                LCD_2_Init
 .text.LCD_2_Enable
                0x00012300       0x44 .\CortexM3\ARM_GCC_493\Debug\Unificada.a(LCD_2.o)
                0x00012300                LCD_2_Enable
 .text.LCD_2_Start
                0x00012344       0x1c .\CortexM3\ARM_GCC_493\Debug\Unificada.a(LCD_2.o)
                0x00012344                LCD_2_Start
 .text.LCD_2_EnableRxInt
                0x00012360        0xc .\CortexM3\ARM_GCC_493\Debug\Unificada.a(LCD_2.o)
                0x00012360                LCD_2_EnableRxInt
 .text.LCD_2_DisableRxInt
                0x0001236c        0xc .\CortexM3\ARM_GCC_493\Debug\Unificada.a(LCD_2.o)
                0x0001236c                LCD_2_DisableRxInt
 .text.LCD_2_GetRxBufferSize
                0x00012378       0x54 .\CortexM3\ARM_GCC_493\Debug\Unificada.a(LCD_2.o)
                0x00012378                LCD_2_GetRxBufferSize
 .text.LCD_2_ClearRxBuffer
                0x000123cc       0x3c .\CortexM3\ARM_GCC_493\Debug\Unificada.a(LCD_2.o)
                0x000123cc                LCD_2_ClearRxBuffer
 .text.LCD_2_PutChar
                0x00012408       0x18 .\CortexM3\ARM_GCC_493\Debug\Unificada.a(LCD_2.o)
                0x00012408                LCD_2_PutChar
 .text.LCD_2_RXISR
                0x00012420       0x80 .\CortexM3\ARM_GCC_493\Debug\Unificada.a(LCD_2_INT.o)
                0x00012420                LCD_2_RXISR
 .text.IB1_Write
                0x000124a0       0x18 .\CortexM3\ARM_GCC_493\Debug\Unificada.a(IB1.o)
                0x000124a0                IB1_Write
 .text.IB1_Read
                0x000124b8       0x10 .\CortexM3\ARM_GCC_493\Debug\Unificada.a(IB1.o)
                0x000124b8                IB1_Read
 .text.IB2_Write
                0x000124c8       0x18 .\CortexM3\ARM_GCC_493\Debug\Unificada.a(IB2.o)
                0x000124c8                IB2_Write
 .text.IB2_Read
                0x000124e0        0xc .\CortexM3\ARM_GCC_493\Debug\Unificada.a(IB2.o)
                0x000124e0                IB2_Read
 .text.Timer_Animacion_Enable
                0x000124ec       0x28 .\CortexM3\ARM_GCC_493\Debug\Unificada.a(Timer_Animacion.o)
                0x000124ec                Timer_Animacion_Enable
 .text.Timer_Animacion_Stop
                0x00012514       0x28 .\CortexM3\ARM_GCC_493\Debug\Unificada.a(Timer_Animacion.o)
                0x00012514                Timer_Animacion_Stop
 .text.Timer_Animacion_SetInterruptMode
                0x0001253c        0xc .\CortexM3\ARM_GCC_493\Debug\Unificada.a(Timer_Animacion.o)
                0x0001253c                Timer_Animacion_SetInterruptMode
 .text.Timer_Animacion_ReadStatusRegister
                0x00012548        0xc .\CortexM3\ARM_GCC_493\Debug\Unificada.a(Timer_Animacion.o)
                0x00012548                Timer_Animacion_ReadStatusRegister
 .text.Timer_Animacion_WritePeriod
                0x00012554        0xc .\CortexM3\ARM_GCC_493\Debug\Unificada.a(Timer_Animacion.o)
                0x00012554                Timer_Animacion_WritePeriod
 .text.Timer_Animacion_WriteCounter
                0x00012560        0xc .\CortexM3\ARM_GCC_493\Debug\Unificada.a(Timer_Animacion.o)
                0x00012560                Timer_Animacion_WriteCounter
 .text.Timer_Animacion_Init
                0x0001256c       0x68 .\CortexM3\ARM_GCC_493\Debug\Unificada.a(Timer_Animacion.o)
                0x0001256c                Timer_Animacion_Init
 .text.Timer_Animacion_Start
                0x000125d4       0x1c .\CortexM3\ARM_GCC_493\Debug\Unificada.a(Timer_Animacion.o)
                0x000125d4                Timer_Animacion_Start
 .text.isr_3_SetVector
                0x000125f0       0x10 .\CortexM3\ARM_GCC_493\Debug\Unificada.a(isr_3.o)
                0x000125f0                isr_3_SetVector
 .text.isr_3_SetPriority
                0x00012600       0x10 .\CortexM3\ARM_GCC_493\Debug\Unificada.a(isr_3.o)
                0x00012600                isr_3_SetPriority
 .text.isr_3_Enable
                0x00012610       0x10 .\CortexM3\ARM_GCC_493\Debug\Unificada.a(isr_3.o)
                0x00012610                isr_3_Enable
 .text.isr_3_Disable
                0x00012620       0x10 .\CortexM3\ARM_GCC_493\Debug\Unificada.a(isr_3.o)
                0x00012620                isr_3_Disable
 .text.isr_3_StartEx
                0x00012630       0x1c .\CortexM3\ARM_GCC_493\Debug\Unificada.a(isr_3.o)
                0x00012630                isr_3_StartEx
 .text.isr_3_Stop
                0x0001264c       0x14 .\CortexM3\ARM_GCC_493\Debug\Unificada.a(isr_3.o)
                0x0001264c                isr_3_Stop
 .text.Timer_Animacion2_Enable
                0x00012660       0x28 .\CortexM3\ARM_GCC_493\Debug\Unificada.a(Timer_Animacion2.o)
                0x00012660                Timer_Animacion2_Enable
 .text.Timer_Animacion2_Stop
                0x00012688       0x28 .\CortexM3\ARM_GCC_493\Debug\Unificada.a(Timer_Animacion2.o)
                0x00012688                Timer_Animacion2_Stop
 .text.Timer_Animacion2_SetInterruptMode
                0x000126b0        0xc .\CortexM3\ARM_GCC_493\Debug\Unificada.a(Timer_Animacion2.o)
                0x000126b0                Timer_Animacion2_SetInterruptMode
 .text.Timer_Animacion2_ReadStatusRegister
                0x000126bc        0xc .\CortexM3\ARM_GCC_493\Debug\Unificada.a(Timer_Animacion2.o)
                0x000126bc                Timer_Animacion2_ReadStatusRegister
 .text.Timer_Animacion2_WritePeriod
                0x000126c8        0xc .\CortexM3\ARM_GCC_493\Debug\Unificada.a(Timer_Animacion2.o)
                0x000126c8                Timer_Animacion2_WritePeriod
 .text.Timer_Animacion2_WriteCounter
                0x000126d4        0xc .\CortexM3\ARM_GCC_493\Debug\Unificada.a(Timer_Animacion2.o)
                0x000126d4                Timer_Animacion2_WriteCounter
 .text.Timer_Animacion2_Init
                0x000126e0       0x68 .\CortexM3\ARM_GCC_493\Debug\Unificada.a(Timer_Animacion2.o)
                0x000126e0                Timer_Animacion2_Init
 .text.Timer_Animacion2_Start
                0x00012748       0x1c .\CortexM3\ARM_GCC_493\Debug\Unificada.a(Timer_Animacion2.o)
                0x00012748                Timer_Animacion2_Start
 .text.isr_4_SetVector
                0x00012764       0x10 .\CortexM3\ARM_GCC_493\Debug\Unificada.a(isr_4.o)
                0x00012764                isr_4_SetVector
 .text.isr_4_SetPriority
                0x00012774       0x10 .\CortexM3\ARM_GCC_493\Debug\Unificada.a(isr_4.o)
                0x00012774                isr_4_SetPriority
 .text.isr_4_Enable
                0x00012784       0x10 .\CortexM3\ARM_GCC_493\Debug\Unificada.a(isr_4.o)
                0x00012784                isr_4_Enable
 .text.isr_4_Disable
                0x00012794       0x10 .\CortexM3\ARM_GCC_493\Debug\Unificada.a(isr_4.o)
                0x00012794                isr_4_Disable
 .text.isr_4_StartEx
                0x000127a4       0x1c .\CortexM3\ARM_GCC_493\Debug\Unificada.a(isr_4.o)
                0x000127a4                isr_4_StartEx
 .text.isr_4_Stop
                0x000127c0       0x14 .\CortexM3\ARM_GCC_493\Debug\Unificada.a(isr_4.o)
                0x000127c0                isr_4_Stop
 .text.Timer_1_Enable
                0x000127d4       0x10 .\CortexM3\ARM_GCC_493\Debug\Unificada.a(Timer_1.o)
                0x000127d4                Timer_1_Enable
 .text.Timer_1_Stop
                0x000127e4       0x10 .\CortexM3\ARM_GCC_493\Debug\Unificada.a(Timer_1.o)
                0x000127e4                Timer_1_Stop
 .text.Timer_1_SetInterruptMode
                0x000127f4        0xc .\CortexM3\ARM_GCC_493\Debug\Unificada.a(Timer_1.o)
                0x000127f4                Timer_1_SetInterruptMode
 .text.Timer_1_ReadStatusRegister
                0x00012800        0xc .\CortexM3\ARM_GCC_493\Debug\Unificada.a(Timer_1.o)
                0x00012800                Timer_1_ReadStatusRegister
 .text.Timer_1_WritePeriod
                0x0001280c        0xc .\CortexM3\ARM_GCC_493\Debug\Unificada.a(Timer_1.o)
                0x0001280c                Timer_1_WritePeriod
 .text.Timer_1_ReadCapture
                0x00012818        0xc .\CortexM3\ARM_GCC_493\Debug\Unificada.a(Timer_1.o)
                0x00012818                Timer_1_ReadCapture
 .text.Timer_1_WriteCounter
                0x00012824        0xc .\CortexM3\ARM_GCC_493\Debug\Unificada.a(Timer_1.o)
                0x00012824                Timer_1_WriteCounter
 .text.Timer_1_ClearFIFO
                0x00012830       0x14 .\CortexM3\ARM_GCC_493\Debug\Unificada.a(Timer_1.o)
                0x00012830                Timer_1_ClearFIFO
 .text.Timer_1_Init
                0x00012844       0x30 .\CortexM3\ARM_GCC_493\Debug\Unificada.a(Timer_1.o)
                0x00012844                Timer_1_Init
 .text.Timer_1_Start
                0x00012874       0x1c .\CortexM3\ARM_GCC_493\Debug\Unificada.a(Timer_1.o)
                0x00012874                Timer_1_Start
 .text.isr_1_SetVector
                0x00012890        0xc .\CortexM3\ARM_GCC_493\Debug\Unificada.a(isr_1.o)
                0x00012890                isr_1_SetVector
 .text.isr_1_SetPriority
                0x0001289c       0x10 .\CortexM3\ARM_GCC_493\Debug\Unificada.a(isr_1.o)
                0x0001289c                isr_1_SetPriority
 .text.isr_1_Enable
                0x000128ac        0xc .\CortexM3\ARM_GCC_493\Debug\Unificada.a(isr_1.o)
                0x000128ac                isr_1_Enable
 .text.isr_1_Disable
                0x000128b8        0xc .\CortexM3\ARM_GCC_493\Debug\Unificada.a(isr_1.o)
                0x000128b8                isr_1_Disable
 .text.isr_1_StartEx
                0x000128c4       0x1c .\CortexM3\ARM_GCC_493\Debug\Unificada.a(isr_1.o)
                0x000128c4                isr_1_StartEx
 .text.VDAC8_1_Enable
                0x000128e0       0x1c .\CortexM3\ARM_GCC_493\Debug\Unificada.a(VDAC8_1.o)
                0x000128e0                VDAC8_1_Enable
 .text.VDAC8_1_Stop
                0x000128fc       0x1c .\CortexM3\ARM_GCC_493\Debug\Unificada.a(VDAC8_1.o)
                0x000128fc                VDAC8_1_Stop
 .text.VDAC8_1_SetSpeed
                0x00012918       0x1c .\CortexM3\ARM_GCC_493\Debug\Unificada.a(VDAC8_1.o)
                0x00012918                VDAC8_1_SetSpeed
 .text.VDAC8_1_SetValue
                0x00012934        0xc .\CortexM3\ARM_GCC_493\Debug\Unificada.a(VDAC8_1.o)
                0x00012934                VDAC8_1_SetValue
 .text.VDAC8_1_DacTrim
                0x00012940       0x24 .\CortexM3\ARM_GCC_493\Debug\Unificada.a(VDAC8_1.o)
                0x00012940                VDAC8_1_DacTrim
 .text.VDAC8_1_SetRange
                0x00012964       0x20 .\CortexM3\ARM_GCC_493\Debug\Unificada.a(VDAC8_1.o)
                0x00012964                VDAC8_1_SetRange
 .text.VDAC8_1_Init
                0x00012984       0x20 .\CortexM3\ARM_GCC_493\Debug\Unificada.a(VDAC8_1.o)
                0x00012984                VDAC8_1_Init
 .text.VDAC8_1_Start
                0x000129a4       0x24 .\CortexM3\ARM_GCC_493\Debug\Unificada.a(VDAC8_1.o)
                0x000129a4                VDAC8_1_Start
 .text.Timer_2_Enable
                0x000129c8       0x10 .\CortexM3\ARM_GCC_493\Debug\Unificada.a(Timer_2.o)
                0x000129c8                Timer_2_Enable
 .text.Timer_2_Stop
                0x000129d8       0x10 .\CortexM3\ARM_GCC_493\Debug\Unificada.a(Timer_2.o)
                0x000129d8                Timer_2_Stop
 .text.Timer_2_SetInterruptMode
                0x000129e8        0xc .\CortexM3\ARM_GCC_493\Debug\Unificada.a(Timer_2.o)
                0x000129e8                Timer_2_SetInterruptMode
 .text.Timer_2_ReadStatusRegister
                0x000129f4        0xc .\CortexM3\ARM_GCC_493\Debug\Unificada.a(Timer_2.o)
                0x000129f4                Timer_2_ReadStatusRegister
 .text.Timer_2_WritePeriod
                0x00012a00        0xc .\CortexM3\ARM_GCC_493\Debug\Unificada.a(Timer_2.o)
                0x00012a00                Timer_2_WritePeriod
 .text.Timer_2_ReadCapture
                0x00012a0c        0xc .\CortexM3\ARM_GCC_493\Debug\Unificada.a(Timer_2.o)
                0x00012a0c                Timer_2_ReadCapture
 .text.Timer_2_WriteCounter
                0x00012a18        0xc .\CortexM3\ARM_GCC_493\Debug\Unificada.a(Timer_2.o)
                0x00012a18                Timer_2_WriteCounter
 .text.Timer_2_ClearFIFO
                0x00012a24       0x14 .\CortexM3\ARM_GCC_493\Debug\Unificada.a(Timer_2.o)
                0x00012a24                Timer_2_ClearFIFO
 .text.Timer_2_Init
                0x00012a38       0x30 .\CortexM3\ARM_GCC_493\Debug\Unificada.a(Timer_2.o)
                0x00012a38                Timer_2_Init
 .text.Timer_2_Start
                0x00012a68       0x1c .\CortexM3\ARM_GCC_493\Debug\Unificada.a(Timer_2.o)
                0x00012a68                Timer_2_Start
 .text.isr_2_SetVector
                0x00012a84        0xc .\CortexM3\ARM_GCC_493\Debug\Unificada.a(isr_2.o)
                0x00012a84                isr_2_SetVector
 .text.isr_2_SetPriority
                0x00012a90       0x10 .\CortexM3\ARM_GCC_493\Debug\Unificada.a(isr_2.o)
                0x00012a90                isr_2_SetPriority
 .text.isr_2_Enable
                0x00012aa0        0xc .\CortexM3\ARM_GCC_493\Debug\Unificada.a(isr_2.o)
                0x00012aa0                isr_2_Enable
 .text.isr_2_Disable
                0x00012aac        0xc .\CortexM3\ARM_GCC_493\Debug\Unificada.a(isr_2.o)
                0x00012aac                isr_2_Disable
 .text.isr_2_StartEx
                0x00012ab8       0x1c .\CortexM3\ARM_GCC_493\Debug\Unificada.a(isr_2.o)
                0x00012ab8                isr_2_StartEx
 .text.VDAC8_2_Enable
                0x00012ad4       0x1c .\CortexM3\ARM_GCC_493\Debug\Unificada.a(VDAC8_2.o)
                0x00012ad4                VDAC8_2_Enable
 .text.VDAC8_2_Stop
                0x00012af0       0x1c .\CortexM3\ARM_GCC_493\Debug\Unificada.a(VDAC8_2.o)
                0x00012af0                VDAC8_2_Stop
 .text.VDAC8_2_SetSpeed
                0x00012b0c       0x1c .\CortexM3\ARM_GCC_493\Debug\Unificada.a(VDAC8_2.o)
                0x00012b0c                VDAC8_2_SetSpeed
 .text.VDAC8_2_SetValue
                0x00012b28        0xc .\CortexM3\ARM_GCC_493\Debug\Unificada.a(VDAC8_2.o)
                0x00012b28                VDAC8_2_SetValue
 .text.VDAC8_2_DacTrim
                0x00012b34       0x24 .\CortexM3\ARM_GCC_493\Debug\Unificada.a(VDAC8_2.o)
                0x00012b34                VDAC8_2_DacTrim
 .text.VDAC8_2_SetRange
                0x00012b58       0x20 .\CortexM3\ARM_GCC_493\Debug\Unificada.a(VDAC8_2.o)
                0x00012b58                VDAC8_2_SetRange
 .text.VDAC8_2_Init
                0x00012b78       0x20 .\CortexM3\ARM_GCC_493\Debug\Unificada.a(VDAC8_2.o)
                0x00012b78                VDAC8_2_Init
 .text.VDAC8_2_Start
                0x00012b98       0x24 .\CortexM3\ARM_GCC_493\Debug\Unificada.a(VDAC8_2.o)
                0x00012b98                VDAC8_2_Start
 .text.VDAC8_3_Enable
                0x00012bbc       0x1c .\CortexM3\ARM_GCC_493\Debug\Unificada.a(VDAC8_3.o)
                0x00012bbc                VDAC8_3_Enable
 .text.VDAC8_3_SetSpeed
                0x00012bd8       0x1c .\CortexM3\ARM_GCC_493\Debug\Unificada.a(VDAC8_3.o)
                0x00012bd8                VDAC8_3_SetSpeed
 .text.VDAC8_3_SetValue
                0x00012bf4        0xc .\CortexM3\ARM_GCC_493\Debug\Unificada.a(VDAC8_3.o)
                0x00012bf4                VDAC8_3_SetValue
 .text.VDAC8_3_DacTrim
                0x00012c00       0x24 .\CortexM3\ARM_GCC_493\Debug\Unificada.a(VDAC8_3.o)
                0x00012c00                VDAC8_3_DacTrim
 .text.VDAC8_3_SetRange
                0x00012c24       0x20 .\CortexM3\ARM_GCC_493\Debug\Unificada.a(VDAC8_3.o)
                0x00012c24                VDAC8_3_SetRange
 .text.VDAC8_3_Init
                0x00012c44       0x20 .\CortexM3\ARM_GCC_493\Debug\Unificada.a(VDAC8_3.o)
                0x00012c44                VDAC8_3_Init
 .text.VDAC8_3_Start
                0x00012c64       0x24 .\CortexM3\ARM_GCC_493\Debug\Unificada.a(VDAC8_3.o)
                0x00012c64                VDAC8_3_Start
 .text.SDown_Write
                0x00012c88       0x18 .\CortexM3\ARM_GCC_493\Debug\Unificada.a(SDown.o)
                0x00012c88                SDown_Write
 .text.Impresora_IntClock_Start
                0x00012ca0       0x1c .\CortexM3\ARM_GCC_493\Debug\Unificada.a(Impresora_IntClock.o)
                0x00012ca0                Impresora_IntClock_Start
 .text.PC_IntClock_Start
                0x00012cbc       0x1c .\CortexM3\ARM_GCC_493\Debug\Unificada.a(PC_IntClock.o)
                0x00012cbc                PC_IntClock_Start
 .text.LCD_1_IntClock_Start
                0x00012cd8       0x1c .\CortexM3\ARM_GCC_493\Debug\Unificada.a(LCD_1_IntClock.o)
                0x00012cd8                LCD_1_IntClock_Start
 .text.LCD_2_IntClock_Start
                0x00012cf4       0x1c .\CortexM3\ARM_GCC_493\Debug\Unificada.a(LCD_2_IntClock.o)
                0x00012cf4                LCD_2_IntClock_Start
 .text          0x00012d10       0x20 .\CortexM3\ARM_GCC_493\Debug\Unificada.a(CyBootAsmGnu.o)
                0x00012d10                CyDelayCycles
                0x00012d20                CyEnterCriticalSection
                0x00012d28                CyExitCriticalSection
 .text.CyHalt   0x00012d30        0x4 .\CortexM3\ARM_GCC_493\Debug\Unificada.a(CyLib.o)
                0x00012d30                CyHalt
 .text.CyDelay  0x00012d34       0x2c .\CortexM3\ARM_GCC_493\Debug\Unificada.a(CyLib.o)
                0x00012d34                CyDelay
 .text.CyDelayUs
                0x00012d60       0x14 .\CortexM3\ARM_GCC_493\Debug\Unificada.a(CyLib.o)
                0x00012d60                CyDelayUs
 .text.CyIntSetVector
                0x00012d74       0x28 .\CortexM3\ARM_GCC_493\Debug\Unificada.a(CyLib.o)
                0x00012d74                CyIntSetVector
 .text.CyIntSetPriority
                0x00012d9c       0x30 .\CortexM3\ARM_GCC_493\Debug\Unificada.a(CyLib.o)
                0x00012d9c                CyIntSetPriority
 .text.__libc_init_array
                0x00012dcc       0x4c c:/program files (x86)/cypress/psoc creator/3.3/psoc creator/import/gnu/arm/4.9.3/bin/../lib/gcc/arm-none-eabi/4.9.3/../../../../arm-none-eabi/lib/armv7-m\libg_nano.a(lib_a-init.o)
                0x00012dcc                __libc_init_array
 .text.memcpy   0x00012e18       0x16 c:/program files (x86)/cypress/psoc creator/3.3/psoc creator/import/gnu/arm/4.9.3/bin/../lib/gcc/arm-none-eabi/4.9.3/../../../../arm-none-eabi/lib/armv7-m\libg_nano.a(lib_a-memcpy.o)
                0x00012e18                memcpy
 .text.memset   0x00012e2e       0x10 c:/program files (x86)/cypress/psoc creator/3.3/psoc creator/import/gnu/arm/4.9.3/bin/../lib/gcc/arm-none-eabi/4.9.3/../../../../arm-none-eabi/lib/armv7-m\libg_nano.a(lib_a-memset.o)
                0x00012e2e                memset
 *(.plt)
 *(.gnu.warning)
 *(.glue_7t)
 .glue_7t       0x00000000        0x0 linker stubs
 *(.glue_7)
 .glue_7        0x00000000        0x0 linker stubs
 *(.vfp11_veneer)
 .vfp11_veneer  0x00000000        0x0 linker stubs
 *(.bootloader)
 *(.ARM.extab* .gnu.linkonce.armextab.*)
 *(.gcc_except_table)

.v4_bx          0x00012e40        0x0
 .v4_bx         0x00000000        0x0 linker stubs

.iplt           0x00012e40        0x0
 .iplt          0x00000000        0x0 c:/program files (x86)/cypress/psoc creator/3.3/psoc creator/import/gnu/arm/4.9.3/bin/../lib/gcc/arm-none-eabi/4.9.3/armv7-m/crtbegin.o

.eh_frame_hdr
 *(.eh_frame_hdr)

.eh_frame       0x00012e40        0x4
 *(.eh_frame)
 .eh_frame      0x00012e40        0x0 c:/program files (x86)/cypress/psoc creator/3.3/psoc creator/import/gnu/arm/4.9.3/bin/../lib/gcc/arm-none-eabi/4.9.3/armv7-m/crtbegin.o
 .eh_frame      0x00012e40        0x4 c:/program files (x86)/cypress/psoc creator/3.3/psoc creator/import/gnu/arm/4.9.3/bin/../lib/gcc/arm-none-eabi/4.9.3/armv7-m/crtend.o
                0x00012e44                PROVIDE (__exidx_start, .)

.ARM.exidx
 *(.ARM.exidx* .gnu.linkonce.armexidx.*)
                0x00012e44                __exidx_end = .

.rodata         0x00012e44     0xeabc
 *(.rodata .rodata.* .gnu.linkonce.r.*)
 .rodata        0x00012e44      0x100 .\CortexM3\ARM_GCC_493\Debug\LCD.o
 .rodata        0x00012f44     0x8370 .\CortexM3\ARM_GCC_493\Debug\Print.o
                0x00012f50                biomax
                0x00013538                brio
                0x00013b20                cencosud
                0x00014108                ecospetrol
                0x000146f0                esso
                0x00014cd8                gulf
                0x000152c0                mineroil
                0x00015674                mobil
                0x00015a28                petrobras
                0x00016010                plus
                0x00016304                terpel
                0x000168ec                texaco
                0x00016ed4                zeus
                0x000171c8                petromil
                0x000177b0                biomax1
                0x00017b60                brio1
                0x00017f10                cencosud1
                0x000182c0                ecospetrol1
                0x00018670                esso1
                0x00018a20                gulf1
                0x00018dd0                mineroil1
                0x00019180                mobil1
                0x00019530                petrobras1
                0x000198e0                plus1
                0x00019c90                terpel1
                0x0001a040                texaco1
                0x0001a3f0                zeus1
                0x0001a7a0                petromil1
                0x0001ab50                exito1
                0x0001af00                exito
 .rodata        0x0001b2b4        0xc .\CortexM3\ARM_GCC_493\Debug\Protocolo.o
 .rodata        0x0001b2c0     0x65a8 .\CortexM3\ARM_GCC_493\Debug\Sonido.o
                0x0001b2c0                Extra
                0x0001d0d8                Corriente
                0x0001f7e0                Diesel
 .rodata        0x00021868       0x64 .\CortexM3\ARM_GCC_493\Debug\Unificada.a(cyfitter_cfg.o)
                0x000218cc                . = ALIGN (0x4)
 *(.init)
 .init          0x000218cc        0x4 c:/program files (x86)/cypress/psoc creator/3.3/psoc creator/import/gnu/arm/4.9.3/bin/../lib/gcc/arm-none-eabi/4.9.3/armv7-m/crti.o
                0x000218cc                _init
 .init          0x000218d0        0x8 c:/program files (x86)/cypress/psoc creator/3.3/psoc creator/import/gnu/arm/4.9.3/bin/../lib/gcc/arm-none-eabi/4.9.3/armv7-m/crtn.o
                0x000218d8                . = ALIGN (0x4)
                0x000218d8                __preinit_array_start = .
 *(.preinit_array)
                0x000218d8                __preinit_array_end = .
                0x000218d8                . = ALIGN (0x4)
                0x000218d8                __init_array_start = .
 *(SORT(.init_array.*))
 *(.init_array)
 .init_array    0x000218d8        0x4 c:/program files (x86)/cypress/psoc creator/3.3/psoc creator/import/gnu/arm/4.9.3/bin/../lib/gcc/arm-none-eabi/4.9.3/armv7-m/crtbegin.o
 .init_array    0x000218dc        0x4 .\CortexM3\ARM_GCC_493\Debug\Cm3Start.o
                0x000218e0                __init_array_end = .
                0x000218e0                . = ALIGN (0x4)
 *(.fini)
 .fini          0x000218e0        0x4 c:/program files (x86)/cypress/psoc creator/3.3/psoc creator/import/gnu/arm/4.9.3/bin/../lib/gcc/arm-none-eabi/4.9.3/armv7-m/crti.o
                0x000218e0                _fini
 .fini          0x000218e4        0x8 c:/program files (x86)/cypress/psoc creator/3.3/psoc creator/import/gnu/arm/4.9.3/bin/../lib/gcc/arm-none-eabi/4.9.3/armv7-m/crtn.o
                0x000218ec                . = ALIGN (0x4)
                0x000218ec                __fini_array_start = .
 *(.fini_array)
 .fini_array    0x000218ec        0x4 c:/program files (x86)/cypress/psoc creator/3.3/psoc creator/import/gnu/arm/4.9.3/bin/../lib/gcc/arm-none-eabi/4.9.3/armv7-m/crtbegin.o
 *(SORT(.fini_array.*))
                0x000218f0                __fini_array_end = .
                0x000218f0                . = ALIGN (0x4)
 *crtbegin.o(.ctors)
 *(EXCLUDE_FILE(*crtend.o) .ctors)
 *(SORT(.ctors.*))
 *crtend.o(.ctors)
                0x000218f0                . = ALIGN (0x4)
 *crtbegin.o(.dtors)
 *(EXCLUDE_FILE(*crtend.o) .dtors)
 *(SORT(.dtors.*))
 *crtend.o(.dtors)
                0x000218f0                . = ALIGN (0x4)
                0x000218f0                __cy_regions = .
                0x000218f0        0x4 LONG 0x21900 __cy_region_init_ram
                0x000218f4        0x4 LONG 0x1fff8108 __cy_region_start_data
                0x000218f8        0x4 LONG 0x220 __cy_region_init_size_ram
                0x000218fc        0x4 LONG 0x7c8 __cy_region_zero_size_ram
                0x00021900                __cy_regions_end = .
                0x00021900                . = ALIGN (0x8)
                0x00021900                _etext = .

.ramvectors     0x1fff8000      0x100
                0x1fff8000                __cy_region_start_ram = .
 *(.ramvectors)
 .ramvectors    0x1fff8000      0x100 .\CortexM3\ARM_GCC_493\Debug\Cm3Start.o
                0x1fff8000                CyRamVectors

.noinit         0x1fff8100        0x5
 *(.noinit)
 .noinit        0x1fff8100        0x4 .\CortexM3\ARM_GCC_493\Debug\Cm3Start.o
 .noinit        0x1fff8104        0x1 .\CortexM3\ARM_GCC_493\Debug\Unificada.a(CyLib.o)
                0x1fff8104                CyResetStatus

.data           0x1fff8108      0x220 load address 0x00021900
                0x1fff8108                __cy_region_start_data = .
 *(.jcr)
 .jcr           0x1fff8108        0x0 c:/program files (x86)/cypress/psoc creator/3.3/psoc creator/import/gnu/arm/4.9.3/bin/../lib/gcc/arm-none-eabi/4.9.3/armv7-m/crtbegin.o
 .jcr           0x1fff8108        0x4 c:/program files (x86)/cypress/psoc creator/3.3/psoc creator/import/gnu/arm/4.9.3/bin/../lib/gcc/arm-none-eabi/4.9.3/armv7-m/crtend.o
 *(.got.plt)
 *(.got)
 *(.shdata)
 *(.data .data.* .gnu.linkonce.d.*)
 .data          0x1fff810c       0x54 .\CortexM3\ARM_GCC_493\Debug\main.o
                0x1fff810c                pasword_corte
                0x1fff8114                letras
                0x1fff8130                puk
                0x1fff8138                test
                0x1fff814c                serial
 .data          0x1fff8160      0x12c .\CortexM3\ARM_GCC_493\Debug\Print.o
                0x1fff8160                msn_din
                0x1fff8170                msn_vol
                0x1fff8180                msn_eds
                0x1fff8194                msn_nit
                0x1fff8198                msn_tel
                0x1fff819c                msn_numero
                0x1fff81a4                msn_fecha
                0x1fff81ac                msn_hora
                0x1fff81b4                msn_copia
                0x1fff81bc                msn_pos
                0x1fff81c8                msn_producto
                0x1fff81d4                msn_ppu
                0x1fff81e4                msn_placa
                0x1fff81f0                msn_cuenta
                0x1fff81fc                msn_km
                0x1fff8208                msn_id
                0x1fff8214                msn_idcorte
                0x1fff8224                msn_fcorte
                0x1fff8234                msn_hcorte
                0x1fff8244                msn_ufcorte
                0x1fff825c                msn_uhcorte
                0x1fff8274                msn_consecutivo
 .data          0x1fff828c       0x88 .\CortexM3\ARM_GCC_493\Debug\Protocolo.o
                0x1fff828c                msn_tc
                0x1fff82a0                msn_lecact
                0x1fff82b0                msn_lecaan
                0x1fff82c4                msn_tventas
                0x1fff82d8                msn_td
                0x1fff82e8                msn_te
                0x1fff82f8                msn_tk
                0x1fff8304                msn_totalcero
 .data          0x1fff8314       0x10 .\CortexM3\ARM_GCC_493\Debug\Unificada.a(CyLib.o)
                0x1fff8314                cydelay_32k_ms
                0x1fff8318                cydelay_freq_khz
                0x1fff831c                cydelay_freq_mhz
                0x1fff8320                cydelay_freq_hz
                0x1fff8328                . = ALIGN (0x8)
 *fill*         0x1fff8324        0x4 
 *(.ram)
                0x1fff8328                _edata = .

.igot.plt       0x1fff8328        0x0 load address 0x00021b20
 .igot.plt      0x00000000        0x0 c:/program files (x86)/cypress/psoc creator/3.3/psoc creator/import/gnu/arm/4.9.3/bin/../lib/gcc/arm-none-eabi/4.9.3/armv7-m/crtbegin.o

.bss            0x1fff8328      0x7c8 load address 0x00021b20
                0x1fff8328                PROVIDE (__bss_start__, .)
 *(.shbss)
 *(.bss .bss.* .gnu.linkonce.b.*)
 .bss           0x1fff8328       0x1c c:/program files (x86)/cypress/psoc creator/3.3/psoc creator/import/gnu/arm/4.9.3/bin/../lib/gcc/arm-none-eabi/4.9.3/armv7-m/crtbegin.o
 .bss           0x1fff8344        0xa .\CortexM3\ARM_GCC_493\Debug\Unificada.a(Surtidor.o)
                0x1fff8344                Surtidor_initVar
                0x1fff8346                Surtidor_rxBufferRead
                0x1fff8348                Surtidor_rxBufferWrite
                0x1fff834a                Surtidor_rxBufferLoopDetect
                0x1fff834b                Surtidor_rxBufferOverflow
 .bss           0x1fff834e        0x6 .\CortexM3\ARM_GCC_493\Debug\Unificada.a(Impresora.o)
                0x1fff834e                Impresora_initVar
                0x1fff834f                Impresora_rxBufferRead
                0x1fff8350                Impresora_rxBufferWrite
                0x1fff8351                Impresora_rxBufferLoopDetect
                0x1fff8352                Impresora_rxBufferOverflow
 .bss           0x1fff8354        0x6 .\CortexM3\ARM_GCC_493\Debug\Unificada.a(PC.o)
                0x1fff8354                PC_initVar
                0x1fff8355                PC_rxBufferRead
                0x1fff8356                PC_rxBufferWrite
                0x1fff8357                PC_rxBufferLoopDetect
                0x1fff8358                PC_rxBufferOverflow
 .bss           0x1fff835a        0x1 .\CortexM3\ARM_GCC_493\Debug\Unificada.a(I2C_1.o)
                0x1fff835a                I2C_1_initVar
 .bss           0x1fff835b        0x6 .\CortexM3\ARM_GCC_493\Debug\Unificada.a(LCD_1.o)
                0x1fff835b                LCD_1_initVar
                0x1fff835c                LCD_1_rxBufferRead
                0x1fff835d                LCD_1_rxBufferWrite
                0x1fff835e                LCD_1_rxBufferLoopDetect
                0x1fff835f                LCD_1_rxBufferOverflow
 .bss           0x1fff8361        0x6 .\CortexM3\ARM_GCC_493\Debug\Unificada.a(LCD_2.o)
                0x1fff8361                LCD_2_initVar
                0x1fff8362                LCD_2_rxBufferRead
                0x1fff8363                LCD_2_rxBufferWrite
                0x1fff8364                LCD_2_rxBufferLoopDetect
                0x1fff8365                LCD_2_rxBufferOverflow
 .bss           0x1fff8367        0x1 .\CortexM3\ARM_GCC_493\Debug\Unificada.a(Timer_Animacion.o)
                0x1fff8367                Timer_Animacion_initVar
 .bss           0x1fff8368        0x1 .\CortexM3\ARM_GCC_493\Debug\Unificada.a(Timer_Animacion2.o)
                0x1fff8368                Timer_Animacion2_initVar
 .bss           0x1fff8369        0x1 .\CortexM3\ARM_GCC_493\Debug\Unificada.a(Timer_1.o)
                0x1fff8369                Timer_1_initVar
 .bss           0x1fff836a        0x1 .\CortexM3\ARM_GCC_493\Debug\Unificada.a(VDAC8_1.o)
                0x1fff836a                VDAC8_1_initVar
 .bss           0x1fff836b        0x1 .\CortexM3\ARM_GCC_493\Debug\Unificada.a(Timer_2.o)
                0x1fff836b                Timer_2_initVar
 .bss           0x1fff836c        0x1 .\CortexM3\ARM_GCC_493\Debug\Unificada.a(VDAC8_2.o)
                0x1fff836c                VDAC8_2_initVar
 .bss           0x1fff836d        0x1 .\CortexM3\ARM_GCC_493\Debug\Unificada.a(VDAC8_3.o)
                0x1fff836d                VDAC8_3_initVar
 *(COMMON)
 *fill*         0x1fff836e        0x2 
 COMMON         0x1fff8370      0x567 .\CortexM3\ARM_GCC_493\Debug\main.o
                0x1fff8370                lado
                0x1fff8378                copia_recibo
                0x1fff837a                flujo_LCD
                0x1fff837b                comas1
                0x1fff837c                kero
                0x1fff837d                decimalD
                0x1fff8380                producto2n
                0x1fff838c                x
                0x1fff8390                modulo
                0x1fff8520                ok_LCD1
                0x1fff8522                id_corte
                0x1fff8524                extra2
                0x1fff8525                count_protector2
                0x1fff8526                ok_LCD2
                0x1fff8527                version
                0x1fff8528                producto1n
                0x1fff8532                versurt
                0x1fff8533                crc_total
                0x1fff8534                producto4n
                0x1fff8540                w
                0x1fff8544                bandera
                0x1fff8546                estado_0
                0x1fff8547                flujo_LCD2
                0x1fff8548                diesel
                0x1fff8549                teclas1
                0x1fff854a                comas2
                0x1fff854b                producto
                0x1fff854c                z
                0x1fff8550                buffer_i2c
                0x1fff8590                cont1
                0x1fff8591                teclado2
                0x1fff8592                count_protector
                0x1fff8593                teclado
                0x1fff8594                pos_ibutton
                0x1fff8598                id_venta
                0x1fff859e                ppux10
                0x1fff85a0                y
                0x1fff85a4                rventa2
                0x1fff8688                tipo_imp
                0x1fff868a                corriente2
                0x1fff868c                print1
                0x1fff868e                producto2
                0x1fff868f                diesel2
                0x1fff8690                Buffer_LCD1
                0x1fff8728                kero2
                0x1fff8729                teclas2
                0x1fff872c                print2
                0x1fff8730                rventa
                0x1fff8814                fecha_corte
                0x1fff881a                extra
                0x1fff881b                decimalV
                0x1fff881c                resultado
                0x1fff882c                no_venta
                0x1fff8830                nombreproducto
                0x1fff8831                producto1
                0x1fff8834                Buffer_LCD2
                0x1fff88cc                producto3n
                0x1fff88d6                corriente
 *fill*         0x1fff88d7        0x1 
 COMMON         0x1fff88d8       0x10 .\CortexM3\ARM_GCC_493\Debug\Sonido.o
                0x1fff88d8                NextSample_2
                0x1fff88dc                i2
                0x1fff88e0                NextSample_1
                0x1fff88e4                i1
 COMMON         0x1fff88e8      0x100 .\CortexM3\ARM_GCC_493\Debug\Unificada.a(Surtidor.o)
                0x1fff88e8                Surtidor_rxBuffer
 COMMON         0x1fff89e8       0x64 .\CortexM3\ARM_GCC_493\Debug\Unificada.a(Impresora.o)
                0x1fff89e8                Impresora_rxBuffer
 COMMON         0x1fff8a4c       0x64 .\CortexM3\ARM_GCC_493\Debug\Unificada.a(PC.o)
                0x1fff8a4c                PC_rxBuffer
 COMMON         0x1fff8ab0        0x1 .\CortexM3\ARM_GCC_493\Debug\Unificada.a(I2C_1.o)
                0x1fff8ab0                I2C_1_state
 *fill*         0x1fff8ab1        0x3 
 COMMON         0x1fff8ab4       0x11 .\CortexM3\ARM_GCC_493\Debug\Unificada.a(I2C_1_MASTER.o)
                0x1fff8ab4                I2C_1_mstrWrBufIndex
                0x1fff8ab5                I2C_1_mstrControl
                0x1fff8ab6                I2C_1_mstrStatus
                0x1fff8ab7                I2C_1_mstrWrBufSize
                0x1fff8ab8                I2C_1_mstrRdBufIndex
                0x1fff8abc                I2C_1_mstrWrBufPtr
                0x1fff8ac0                I2C_1_mstrRdBufPtr
                0x1fff8ac4                I2C_1_mstrRdBufSize
 *fill*         0x1fff8ac5        0x3 
 COMMON         0x1fff8ac8       0x14 .\CortexM3\ARM_GCC_493\Debug\Unificada.a(LCD_1.o)
                0x1fff8ac8                LCD_1_rxBuffer
 COMMON         0x1fff8adc       0x14 .\CortexM3\ARM_GCC_493\Debug\Unificada.a(LCD_2.o)
                0x1fff8adc                LCD_2_rxBuffer
                0x1fff8af0                . = ALIGN (0x8)
 *(.ram.b)
                0x1fff8af0                _end = .
                0x1fff8af0                __end = .
                0x1fff8af0                PROVIDE (end, .)
                0x1fff8af0                PROVIDE (__bss_end__, .)
                0x00021900                __cy_region_init_ram = LOADADDR (.data)
                0x00000220                __cy_region_init_size_ram = (_edata - ADDR (.data))
                0x000007c8                __cy_region_zero_size_ram = (_end - _edata)

.heap           0x1fff8af0       0x80 load address 0x00021b20
                0x1fff8af0                . = _end
                0x1fff8b70                . = (. + 0x80)
 *fill*         0x1fff8af0       0x80 
                0x1fff8b70                __cy_heap_limit = .

.stack          0x20007800      0x800
                0x20007800                __cy_stack_limit = .
                0x20008000                . = (. + 0x800)
 *fill*         0x20007800      0x800 
                0x00000001                ASSERT ((__cy_stack_limit >= __cy_heap_limit), region RAM overflowed with stack)

.cyloadermeta   0xf0000000       0x40
 *(.cyloadermeta)
 .cyloadermeta  0xf0000000       0x40 .\CortexM3\ARM_GCC_493\Debug\cybootloader.o
                0xf0000000                cy_meta_loader

.cyloadablemeta
                0x0003ffc0       0x40
 *(.cyloadablemeta)
 .cyloadablemeta
                0x0003ffc0       0x40 .\CortexM3\ARM_GCC_493\Debug\cymetadata.o
                0x0003ffc0                cy_meta_loadable

.cyconfigecc    0x80000440     0x101c
 *(.cyconfigecc)
 .cyconfigecc   0x80000440     0x101c .\CortexM3\ARM_GCC_493\Debug\cymetadata.o
                0x80000440                cy_meta_configecc

.cycustnvl      0x90000000        0x4
 *(.cycustnvl)
 .cycustnvl     0x90000000        0x4 .\CortexM3\ARM_GCC_493\Debug\cybootloader.o
                0x90000000                cy_meta_custnvl

.cywolatch      0x90100000        0x4
 *(.cywolatch)
 .cywolatch     0x90100000        0x4 .\CortexM3\ARM_GCC_493\Debug\cybootloader.o
                0x90100000                cy_meta_wonvl

.cyeeprom       0x90200000        0x0
 *(.cyeeprom)
                0x00000001                ASSERT ((. <= ((0x90200000 + ee_offset) + ee_size)), .cyeeprom data will not fit in EEPROM)

.cyflashprotect
                0x90400000      0x100
 *(.cyflashprotect)
 .cyflashprotect
                0x90400000      0x100 .\CortexM3\ARM_GCC_493\Debug\cybootloader.o
                0x90400000                cy_meta_flashprotect

.cymeta         0x90500000        0xc
 *(.cymeta)
 .cymeta        0x90500000        0xc .\CortexM3\ARM_GCC_493\Debug\cybootloader.o
                0x90500000                cy_metadata

.rel.dyn        0x00040000        0x0 load address 0x9050000c
 .rel.iplt      0x00000000        0x0 c:/program files (x86)/cypress/psoc creator/3.3/psoc creator/import/gnu/arm/4.9.3/bin/../lib/gcc/arm-none-eabi/4.9.3/armv7-m/crtbegin.o

.stab
 *(.stab)

.stabstr
 *(.stabstr)

.debug
 *(.debug)

.line
 *(.line)

.debug_srcinfo
 *(.debug_srcinfo)

.debug_sfnames
 *(.debug_sfnames)

.debug_aranges  0x00000000     0x1610
 *(.debug_aranges)
 .debug_aranges
                0x00000000       0x58 .\CortexM3\ARM_GCC_493\Debug\main.o
 .debug_aranges
                0x00000058       0x50 .\CortexM3\ARM_GCC_493\Debug\I2C.o
 .debug_aranges
                0x000000a8       0x48 .\CortexM3\ARM_GCC_493\Debug\ibuton.o
 .debug_aranges
                0x000000f0       0x90 .\CortexM3\ARM_GCC_493\Debug\LCD.o
 .debug_aranges
                0x00000180       0x58 .\CortexM3\ARM_GCC_493\Debug\Print.o
 .debug_aranges
                0x000001d8       0x60 .\CortexM3\ARM_GCC_493\Debug\Protocolo.o
 .debug_aranges
                0x00000238       0x30 .\CortexM3\ARM_GCC_493\Debug\Sonido.o
 .debug_aranges
                0x00000268       0x18 .\CortexM3\ARM_GCC_493\Debug\cybootloader.o
 .debug_aranges
                0x00000280       0x18 .\CortexM3\ARM_GCC_493\Debug\cymetadata.o
 .debug_aranges
                0x00000298       0x48 .\CortexM3\ARM_GCC_493\Debug\Cm3Start.o
 .debug_aranges
                0x000002e0       0x58 .\CortexM3\ARM_GCC_493\Debug\Unificada.a(cyfitter_cfg.o)
 .debug_aranges
                0x00000338      0x100 .\CortexM3\ARM_GCC_493\Debug\Unificada.a(Surtidor.o)
 .debug_aranges
                0x00000438       0x20 .\CortexM3\ARM_GCC_493\Debug\Unificada.a(Surtidor_INT.o)
 .debug_aranges
                0x00000458      0x100 .\CortexM3\ARM_GCC_493\Debug\Unificada.a(Impresora.o)
 .debug_aranges
                0x00000558       0x20 .\CortexM3\ARM_GCC_493\Debug\Unificada.a(Impresora_INT.o)
 .debug_aranges
                0x00000578      0x100 .\CortexM3\ARM_GCC_493\Debug\Unificada.a(PC.o)
 .debug_aranges
                0x00000678       0x20 .\CortexM3\ARM_GCC_493\Debug\Unificada.a(PC_INT.o)
 .debug_aranges
                0x00000698       0x38 .\CortexM3\ARM_GCC_493\Debug\Unificada.a(I2C_1.o)
 .debug_aranges
                0x000006d0       0x20 .\CortexM3\ARM_GCC_493\Debug\Unificada.a(I2C_1_INT.o)
 .debug_aranges
                0x000006f0       0x38 .\CortexM3\ARM_GCC_493\Debug\Unificada.a(I2C_1_PM.o)
 .debug_aranges
                0x00000728       0x88 .\CortexM3\ARM_GCC_493\Debug\Unificada.a(I2C_1_MASTER.o)
 .debug_aranges
                0x000007b0       0x38 .\CortexM3\ARM_GCC_493\Debug\Unificada.a(Pin_WP.o)
 .debug_aranges
                0x000007e8      0x100 .\CortexM3\ARM_GCC_493\Debug\Unificada.a(LCD_1.o)
 .debug_aranges
                0x000008e8       0x20 .\CortexM3\ARM_GCC_493\Debug\Unificada.a(LCD_1_INT.o)
 .debug_aranges
                0x00000908      0x100 .\CortexM3\ARM_GCC_493\Debug\Unificada.a(LCD_2.o)
 .debug_aranges
                0x00000a08       0x20 .\CortexM3\ARM_GCC_493\Debug\Unificada.a(LCD_2_INT.o)
 .debug_aranges
                0x00000a28       0x38 .\CortexM3\ARM_GCC_493\Debug\Unificada.a(IB1.o)
 .debug_aranges
                0x00000a60       0x38 .\CortexM3\ARM_GCC_493\Debug\Unificada.a(IB2.o)
 .debug_aranges
                0x00000a98       0x88 .\CortexM3\ARM_GCC_493\Debug\Unificada.a(Timer_Animacion.o)
 .debug_aranges
                0x00000b20       0x80 .\CortexM3\ARM_GCC_493\Debug\Unificada.a(isr_3.o)
 .debug_aranges
                0x00000ba0       0x88 .\CortexM3\ARM_GCC_493\Debug\Unificada.a(Timer_Animacion2.o)
 .debug_aranges
                0x00000c28       0x80 .\CortexM3\ARM_GCC_493\Debug\Unificada.a(isr_4.o)
 .debug_aranges
                0x00000ca8       0x90 .\CortexM3\ARM_GCC_493\Debug\Unificada.a(Timer_1.o)
 .debug_aranges
                0x00000d38       0x80 .\CortexM3\ARM_GCC_493\Debug\Unificada.a(isr_1.o)
 .debug_aranges
                0x00000db8       0x58 .\CortexM3\ARM_GCC_493\Debug\Unificada.a(VDAC8_1.o)
 .debug_aranges
                0x00000e10       0x90 .\CortexM3\ARM_GCC_493\Debug\Unificada.a(Timer_2.o)
 .debug_aranges
                0x00000ea0       0x80 .\CortexM3\ARM_GCC_493\Debug\Unificada.a(isr_2.o)
 .debug_aranges
                0x00000f20       0x58 .\CortexM3\ARM_GCC_493\Debug\Unificada.a(VDAC8_2.o)
 .debug_aranges
                0x00000f78       0x58 .\CortexM3\ARM_GCC_493\Debug\Unificada.a(VDAC8_3.o)
 .debug_aranges
                0x00000fd0       0x38 .\CortexM3\ARM_GCC_493\Debug\Unificada.a(SDown.o)
 .debug_aranges
                0x00001008       0x70 .\CortexM3\ARM_GCC_493\Debug\Unificada.a(Impresora_IntClock.o)
 .debug_aranges
                0x00001078       0x70 .\CortexM3\ARM_GCC_493\Debug\Unificada.a(PC_IntClock.o)
 .debug_aranges
                0x000010e8       0x70 .\CortexM3\ARM_GCC_493\Debug\Unificada.a(LCD_1_IntClock.o)
 .debug_aranges
                0x00001158       0x70 .\CortexM3\ARM_GCC_493\Debug\Unificada.a(LCD_2_IntClock.o)
 .debug_aranges
                0x000011c8       0x20 .\CortexM3\ARM_GCC_493\Debug\Unificada.a(CyBootAsmGnu.o)
 .debug_aranges
                0x000011e8      0x298 .\CortexM3\ARM_GCC_493\Debug\Unificada.a(CyLib.o)
 .debug_aranges
                0x00001480       0x98 .\CortexM3\ARM_GCC_493\Debug\Unificada.a(cyPm.o)
 .debug_aranges
                0x00001518       0x80 .\CortexM3\ARM_GCC_493\Debug\Unificada.a(CyFlash.o)
 .debug_aranges
                0x00001598       0x78 .\CortexM3\ARM_GCC_493\Debug\Unificada.a(CySpc.o)

.debug_pubnames
 *(.debug_pubnames)

.debug_info     0x00000000    0x1b4f1
 *(.debug_info .gnu.linkonce.wi.*)
 .debug_info    0x00000000     0x7e06 .\CortexM3\ARM_GCC_493\Debug\main.o
 .debug_info    0x00007e06      0xd53 .\CortexM3\ARM_GCC_493\Debug\I2C.o
 .debug_info    0x00008b59     0x13cd .\CortexM3\ARM_GCC_493\Debug\ibuton.o
 .debug_info    0x00009f26     0x1361 .\CortexM3\ARM_GCC_493\Debug\LCD.o
 .debug_info    0x0000b287     0x2a5b .\CortexM3\ARM_GCC_493\Debug\Print.o
 .debug_info    0x0000dce2     0x37d4 .\CortexM3\ARM_GCC_493\Debug\Protocolo.o
 .debug_info    0x000114b6      0xa51 .\CortexM3\ARM_GCC_493\Debug\Sonido.o
 .debug_info    0x00011f07      0x164 .\CortexM3\ARM_GCC_493\Debug\cybootloader.o
 .debug_info    0x0001206b       0xd8 .\CortexM3\ARM_GCC_493\Debug\cymetadata.o
 .debug_info    0x00012143      0x3a3 .\CortexM3\ARM_GCC_493\Debug\Cm3Start.o
 .debug_info    0x000124e6      0x666 .\CortexM3\ARM_GCC_493\Debug\Unificada.a(cyfitter_cfg.o)
 .debug_info    0x00012b4c      0x788 .\CortexM3\ARM_GCC_493\Debug\Unificada.a(Surtidor.o)
 .debug_info    0x000132d4      0x139 .\CortexM3\ARM_GCC_493\Debug\Unificada.a(Surtidor_INT.o)
 .debug_info    0x0001340d      0x7ae .\CortexM3\ARM_GCC_493\Debug\Unificada.a(Impresora.o)
 .debug_info    0x00013bbb      0x129 .\CortexM3\ARM_GCC_493\Debug\Unificada.a(Impresora_INT.o)
 .debug_info    0x00013ce4      0x7ae .\CortexM3\ARM_GCC_493\Debug\Unificada.a(PC.o)
 .debug_info    0x00014492      0x129 .\CortexM3\ARM_GCC_493\Debug\Unificada.a(PC_INT.o)
 .debug_info    0x000145bb      0x2d4 .\CortexM3\ARM_GCC_493\Debug\Unificada.a(I2C_1.o)
 .debug_info    0x0001488f      0x191 .\CortexM3\ARM_GCC_493\Debug\Unificada.a(I2C_1_INT.o)
 .debug_info    0x00014a20      0x1ef .\CortexM3\ARM_GCC_493\Debug\Unificada.a(I2C_1_PM.o)
 .debug_info    0x00014c0f      0x410 .\CortexM3\ARM_GCC_493\Debug\Unificada.a(I2C_1_MASTER.o)
 .debug_info    0x0001501f      0x11e .\CortexM3\ARM_GCC_493\Debug\Unificada.a(Pin_WP.o)
 .debug_info    0x0001513d      0x7ae .\CortexM3\ARM_GCC_493\Debug\Unificada.a(LCD_1.o)
 .debug_info    0x000158eb      0x129 .\CortexM3\ARM_GCC_493\Debug\Unificada.a(LCD_1_INT.o)
 .debug_info    0x00015a14      0x7ae .\CortexM3\ARM_GCC_493\Debug\Unificada.a(LCD_2.o)
 .debug_info    0x000161c2      0x129 .\CortexM3\ARM_GCC_493\Debug\Unificada.a(LCD_2_INT.o)
 .debug_info    0x000162eb      0x11e .\CortexM3\ARM_GCC_493\Debug\Unificada.a(IB1.o)
 .debug_info    0x00016409      0x120 .\CortexM3\ARM_GCC_493\Debug\Unificada.a(IB2.o)
 .debug_info    0x00016529      0x28c .\CortexM3\ARM_GCC_493\Debug\Unificada.a(Timer_Animacion.o)
 .debug_info    0x000167b5      0x2c9 .\CortexM3\ARM_GCC_493\Debug\Unificada.a(isr_3.o)
 .debug_info    0x00016a7e      0x28c .\CortexM3\ARM_GCC_493\Debug\Unificada.a(Timer_Animacion2.o)
 .debug_info    0x00016d0a      0x2c9 .\CortexM3\ARM_GCC_493\Debug\Unificada.a(isr_4.o)
 .debug_info    0x00016fd3      0x2c9 .\CortexM3\ARM_GCC_493\Debug\Unificada.a(Timer_1.o)
 .debug_info    0x0001729c      0x2c9 .\CortexM3\ARM_GCC_493\Debug\Unificada.a(isr_1.o)
 .debug_info    0x00017565      0x1dc .\CortexM3\ARM_GCC_493\Debug\Unificada.a(VDAC8_1.o)
 .debug_info    0x00017741      0x2c9 .\CortexM3\ARM_GCC_493\Debug\Unificada.a(Timer_2.o)
 .debug_info    0x00017a0a      0x2c9 .\CortexM3\ARM_GCC_493\Debug\Unificada.a(isr_2.o)
 .debug_info    0x00017cd3      0x1dc .\CortexM3\ARM_GCC_493\Debug\Unificada.a(VDAC8_2.o)
 .debug_info    0x00017eaf      0x1de .\CortexM3\ARM_GCC_493\Debug\Unificada.a(VDAC8_3.o)
 .debug_info    0x0001808d      0x11e .\CortexM3\ARM_GCC_493\Debug\Unificada.a(SDown.o)
 .debug_info    0x000181ab      0x281 .\CortexM3\ARM_GCC_493\Debug\Unificada.a(Impresora_IntClock.o)
 .debug_info    0x0001842c      0x281 .\CortexM3\ARM_GCC_493\Debug\Unificada.a(PC_IntClock.o)
 .debug_info    0x000186ad      0x281 .\CortexM3\ARM_GCC_493\Debug\Unificada.a(LCD_1_IntClock.o)
 .debug_info    0x0001892e      0x281 .\CortexM3\ARM_GCC_493\Debug\Unificada.a(LCD_2_IntClock.o)
 .debug_info    0x00018baf       0x8c .\CortexM3\ARM_GCC_493\Debug\Unificada.a(CyBootAsmGnu.o)
 .debug_info    0x00018c3b     0x136c .\CortexM3\ARM_GCC_493\Debug\Unificada.a(CyLib.o)
 .debug_info    0x00019fa7      0xa55 .\CortexM3\ARM_GCC_493\Debug\Unificada.a(cyPm.o)
 .debug_info    0x0001a9fc      0x608 .\CortexM3\ARM_GCC_493\Debug\Unificada.a(CyFlash.o)
 .debug_info    0x0001b004      0x4ed .\CortexM3\ARM_GCC_493\Debug\Unificada.a(CySpc.o)

.debug_abbrev   0x00000000     0x4147
 *(.debug_abbrev)
 .debug_abbrev  0x00000000      0x1f3 .\CortexM3\ARM_GCC_493\Debug\main.o
 .debug_abbrev  0x000001f3      0x214 .\CortexM3\ARM_GCC_493\Debug\I2C.o
 .debug_abbrev  0x00000407      0x1f4 .\CortexM3\ARM_GCC_493\Debug\ibuton.o
 .debug_abbrev  0x000005fb      0x1a9 .\CortexM3\ARM_GCC_493\Debug\LCD.o
 .debug_abbrev  0x000007a4      0x209 .\CortexM3\ARM_GCC_493\Debug\Print.o
 .debug_abbrev  0x000009ad      0x241 .\CortexM3\ARM_GCC_493\Debug\Protocolo.o
 .debug_abbrev  0x00000bee      0x177 .\CortexM3\ARM_GCC_493\Debug\Sonido.o
 .debug_abbrev  0x00000d65       0x77 .\CortexM3\ARM_GCC_493\Debug\cybootloader.o
 .debug_abbrev  0x00000ddc       0x66 .\CortexM3\ARM_GCC_493\Debug\cymetadata.o
 .debug_abbrev  0x00000e42      0x20f .\CortexM3\ARM_GCC_493\Debug\Cm3Start.o
 .debug_abbrev  0x00001051      0x223 .\CortexM3\ARM_GCC_493\Debug\Unificada.a(cyfitter_cfg.o)
 .debug_abbrev  0x00001274      0x1dd .\CortexM3\ARM_GCC_493\Debug\Unificada.a(Surtidor.o)
 .debug_abbrev  0x00001451       0x97 .\CortexM3\ARM_GCC_493\Debug\Unificada.a(Surtidor_INT.o)
 .debug_abbrev  0x000014e8      0x1dd .\CortexM3\ARM_GCC_493\Debug\Unificada.a(Impresora.o)
 .debug_abbrev  0x000016c5       0x97 .\CortexM3\ARM_GCC_493\Debug\Unificada.a(Impresora_INT.o)
 .debug_abbrev  0x0000175c      0x1dd .\CortexM3\ARM_GCC_493\Debug\Unificada.a(PC.o)
 .debug_abbrev  0x00001939       0x97 .\CortexM3\ARM_GCC_493\Debug\Unificada.a(PC_INT.o)
 .debug_abbrev  0x000019d0      0x159 .\CortexM3\ARM_GCC_493\Debug\Unificada.a(I2C_1.o)
 .debug_abbrev  0x00001b29       0xe8 .\CortexM3\ARM_GCC_493\Debug\Unificada.a(I2C_1_INT.o)
 .debug_abbrev  0x00001c11      0x12b .\CortexM3\ARM_GCC_493\Debug\Unificada.a(I2C_1_PM.o)
 .debug_abbrev  0x00001d3c      0x149 .\CortexM3\ARM_GCC_493\Debug\Unificada.a(I2C_1_MASTER.o)
 .debug_abbrev  0x00001e85       0x9d .\CortexM3\ARM_GCC_493\Debug\Unificada.a(Pin_WP.o)
 .debug_abbrev  0x00001f22      0x1dd .\CortexM3\ARM_GCC_493\Debug\Unificada.a(LCD_1.o)
 .debug_abbrev  0x000020ff       0x97 .\CortexM3\ARM_GCC_493\Debug\Unificada.a(LCD_1_INT.o)
 .debug_abbrev  0x00002196      0x1dd .\CortexM3\ARM_GCC_493\Debug\Unificada.a(LCD_2.o)
 .debug_abbrev  0x00002373       0x97 .\CortexM3\ARM_GCC_493\Debug\Unificada.a(LCD_2_INT.o)
 .debug_abbrev  0x0000240a       0x9d .\CortexM3\ARM_GCC_493\Debug\Unificada.a(IB1.o)
 .debug_abbrev  0x000024a7       0x9d .\CortexM3\ARM_GCC_493\Debug\Unificada.a(IB2.o)
 .debug_abbrev  0x00002544      0x127 .\CortexM3\ARM_GCC_493\Debug\Unificada.a(Timer_Animacion.o)
 .debug_abbrev  0x0000266b      0x180 .\CortexM3\ARM_GCC_493\Debug\Unificada.a(isr_3.o)
 .debug_abbrev  0x000027eb      0x127 .\CortexM3\ARM_GCC_493\Debug\Unificada.a(Timer_Animacion2.o)
 .debug_abbrev  0x00002912      0x180 .\CortexM3\ARM_GCC_493\Debug\Unificada.a(isr_4.o)
 .debug_abbrev  0x00002a92      0x152 .\CortexM3\ARM_GCC_493\Debug\Unificada.a(Timer_1.o)
 .debug_abbrev  0x00002be4      0x180 .\CortexM3\ARM_GCC_493\Debug\Unificada.a(isr_1.o)
 .debug_abbrev  0x00002d64      0x104 .\CortexM3\ARM_GCC_493\Debug\Unificada.a(VDAC8_1.o)
 .debug_abbrev  0x00002e68      0x152 .\CortexM3\ARM_GCC_493\Debug\Unificada.a(Timer_2.o)
 .debug_abbrev  0x00002fba      0x180 .\CortexM3\ARM_GCC_493\Debug\Unificada.a(isr_2.o)
 .debug_abbrev  0x0000313a      0x104 .\CortexM3\ARM_GCC_493\Debug\Unificada.a(VDAC8_2.o)
 .debug_abbrev  0x0000323e      0x104 .\CortexM3\ARM_GCC_493\Debug\Unificada.a(VDAC8_3.o)
 .debug_abbrev  0x00003342       0x9d .\CortexM3\ARM_GCC_493\Debug\Unificada.a(SDown.o)
 .debug_abbrev  0x000033df      0x146 .\CortexM3\ARM_GCC_493\Debug\Unificada.a(Impresora_IntClock.o)
 .debug_abbrev  0x00003525      0x146 .\CortexM3\ARM_GCC_493\Debug\Unificada.a(PC_IntClock.o)
 .debug_abbrev  0x0000366b      0x146 .\CortexM3\ARM_GCC_493\Debug\Unificada.a(LCD_1_IntClock.o)
 .debug_abbrev  0x000037b1      0x146 .\CortexM3\ARM_GCC_493\Debug\Unificada.a(LCD_2_IntClock.o)
 .debug_abbrev  0x000038f7       0x14 .\CortexM3\ARM_GCC_493\Debug\Unificada.a(CyBootAsmGnu.o)
 .debug_abbrev  0x0000390b      0x296 .\CortexM3\ARM_GCC_493\Debug\Unificada.a(CyLib.o)
 .debug_abbrev  0x00003ba1      0x1fa .\CortexM3\ARM_GCC_493\Debug\Unificada.a(cyPm.o)
 .debug_abbrev  0x00003d9b      0x1de .\CortexM3\ARM_GCC_493\Debug\Unificada.a(CyFlash.o)
 .debug_abbrev  0x00003f79      0x1ce .\CortexM3\ARM_GCC_493\Debug\Unificada.a(CySpc.o)

.debug_line     0x00000000     0x8abe
 *(.debug_line)
 .debug_line    0x00000000     0x175a .\CortexM3\ARM_GCC_493\Debug\main.o
 .debug_line    0x0000175a      0x322 .\CortexM3\ARM_GCC_493\Debug\I2C.o
 .debug_line    0x00001a7c      0x3f1 .\CortexM3\ARM_GCC_493\Debug\ibuton.o
 .debug_line    0x00001e6d      0x67a .\CortexM3\ARM_GCC_493\Debug\LCD.o
 .debug_line    0x000024e7      0xc57 .\CortexM3\ARM_GCC_493\Debug\Print.o
 .debug_line    0x0000313e     0x14ab .\CortexM3\ARM_GCC_493\Debug\Protocolo.o
 .debug_line    0x000045e9      0x259 .\CortexM3\ARM_GCC_493\Debug\Sonido.o
 .debug_line    0x00004842       0x55 .\CortexM3\ARM_GCC_493\Debug\cybootloader.o
 .debug_line    0x00004897       0x53 .\CortexM3\ARM_GCC_493\Debug\cymetadata.o
 .debug_line    0x000048ea      0x246 .\CortexM3\ARM_GCC_493\Debug\Cm3Start.o
 .debug_line    0x00004b30      0x219 .\CortexM3\ARM_GCC_493\Debug\Unificada.a(cyfitter_cfg.o)
 .debug_line    0x00004d49      0x31b .\CortexM3\ARM_GCC_493\Debug\Unificada.a(Surtidor.o)
 .debug_line    0x00005064       0x8e .\CortexM3\ARM_GCC_493\Debug\Unificada.a(Surtidor_INT.o)
 .debug_line    0x000050f2      0x334 .\CortexM3\ARM_GCC_493\Debug\Unificada.a(Impresora.o)
 .debug_line    0x00005426       0x90 .\CortexM3\ARM_GCC_493\Debug\Unificada.a(Impresora_INT.o)
 .debug_line    0x000054b6      0x326 .\CortexM3\ARM_GCC_493\Debug\Unificada.a(PC.o)
 .debug_line    0x000057dc       0x82 .\CortexM3\ARM_GCC_493\Debug\Unificada.a(PC_INT.o)
 .debug_line    0x0000585e       0xde .\CortexM3\ARM_GCC_493\Debug\Unificada.a(I2C_1.o)
 .debug_line    0x0000593c      0x12a .\CortexM3\ARM_GCC_493\Debug\Unificada.a(I2C_1_INT.o)
 .debug_line    0x00005a66       0xc4 .\CortexM3\ARM_GCC_493\Debug\Unificada.a(I2C_1_PM.o)
 .debug_line    0x00005b2a      0x203 .\CortexM3\ARM_GCC_493\Debug\Unificada.a(I2C_1_MASTER.o)
 .debug_line    0x00005d2d       0x95 .\CortexM3\ARM_GCC_493\Debug\Unificada.a(Pin_WP.o)
 .debug_line    0x00005dc2      0x32c .\CortexM3\ARM_GCC_493\Debug\Unificada.a(LCD_1.o)
 .debug_line    0x000060ee       0x88 .\CortexM3\ARM_GCC_493\Debug\Unificada.a(LCD_1_INT.o)
 .debug_line    0x00006176      0x32c .\CortexM3\ARM_GCC_493\Debug\Unificada.a(LCD_2.o)
 .debug_line    0x000064a2       0x88 .\CortexM3\ARM_GCC_493\Debug\Unificada.a(LCD_2_INT.o)
 .debug_line    0x0000652a       0x92 .\CortexM3\ARM_GCC_493\Debug\Unificada.a(IB1.o)
 .debug_line    0x000065bc       0x92 .\CortexM3\ARM_GCC_493\Debug\Unificada.a(IB2.o)
 .debug_line    0x0000664e      0x15f .\CortexM3\ARM_GCC_493\Debug\Unificada.a(Timer_Animacion.o)
 .debug_line    0x000067ad      0x14b .\CortexM3\ARM_GCC_493\Debug\Unificada.a(isr_3.o)
 .debug_line    0x000068f8      0x160 .\CortexM3\ARM_GCC_493\Debug\Unificada.a(Timer_Animacion2.o)
 .debug_line    0x00006a58      0x14b .\CortexM3\ARM_GCC_493\Debug\Unificada.a(isr_4.o)
 .debug_line    0x00006ba3      0x174 .\CortexM3\ARM_GCC_493\Debug\Unificada.a(Timer_1.o)
 .debug_line    0x00006d17      0x14b .\CortexM3\ARM_GCC_493\Debug\Unificada.a(isr_1.o)
 .debug_line    0x00006e62       0xe6 .\CortexM3\ARM_GCC_493\Debug\Unificada.a(VDAC8_1.o)
 .debug_line    0x00006f48      0x174 .\CortexM3\ARM_GCC_493\Debug\Unificada.a(Timer_2.o)
 .debug_line    0x000070bc      0x14b .\CortexM3\ARM_GCC_493\Debug\Unificada.a(isr_2.o)
 .debug_line    0x00007207       0xe6 .\CortexM3\ARM_GCC_493\Debug\Unificada.a(VDAC8_2.o)
 .debug_line    0x000072ed       0xe6 .\CortexM3\ARM_GCC_493\Debug\Unificada.a(VDAC8_3.o)
 .debug_line    0x000073d3       0x94 .\CortexM3\ARM_GCC_493\Debug\Unificada.a(SDown.o)
 .debug_line    0x00007467      0x19a .\CortexM3\ARM_GCC_493\Debug\Unificada.a(Impresora_IntClock.o)
 .debug_line    0x00007601      0x193 .\CortexM3\ARM_GCC_493\Debug\Unificada.a(PC_IntClock.o)
 .debug_line    0x00007794      0x196 .\CortexM3\ARM_GCC_493\Debug\Unificada.a(LCD_1_IntClock.o)
 .debug_line    0x0000792a      0x196 .\CortexM3\ARM_GCC_493\Debug\Unificada.a(LCD_2_IntClock.o)
 .debug_line    0x00007ac0       0x68 .\CortexM3\ARM_GCC_493\Debug\Unificada.a(CyBootAsmGnu.o)
 .debug_line    0x00007b28      0x806 .\CortexM3\ARM_GCC_493\Debug\Unificada.a(CyLib.o)
 .debug_line    0x0000832e      0x366 .\CortexM3\ARM_GCC_493\Debug\Unificada.a(cyPm.o)
 .debug_line    0x00008694      0x1ec .\CortexM3\ARM_GCC_493\Debug\Unificada.a(CyFlash.o)
 .debug_line    0x00008880      0x23e .\CortexM3\ARM_GCC_493\Debug\Unificada.a(CySpc.o)

.debug_frame    0x00000000     0x3528
 *(.debug_frame)
 .debug_frame   0x00000000       0xf8 .\CortexM3\ARM_GCC_493\Debug\main.o
 .debug_frame   0x000000f8       0xfc .\CortexM3\ARM_GCC_493\Debug\I2C.o
 .debug_frame   0x000001f4       0xc4 .\CortexM3\ARM_GCC_493\Debug\ibuton.o
 .debug_frame   0x000002b8      0x254 .\CortexM3\ARM_GCC_493\Debug\LCD.o
 .debug_frame   0x0000050c      0x134 .\CortexM3\ARM_GCC_493\Debug\Print.o
 .debug_frame   0x00000640      0x140 .\CortexM3\ARM_GCC_493\Debug\Protocolo.o
 .debug_frame   0x00000780       0x64 .\CortexM3\ARM_GCC_493\Debug\Sonido.o
 .debug_frame   0x000007e4       0xac .\CortexM3\ARM_GCC_493\Debug\Cm3Start.o
 .debug_frame   0x00000890       0xe4 .\CortexM3\ARM_GCC_493\Debug\Unificada.a(cyfitter_cfg.o)
 .debug_frame   0x00000974      0x290 .\CortexM3\ARM_GCC_493\Debug\Unificada.a(Surtidor.o)
 .debug_frame   0x00000c04       0x20 .\CortexM3\ARM_GCC_493\Debug\Unificada.a(Surtidor_INT.o)
 .debug_frame   0x00000c24      0x290 .\CortexM3\ARM_GCC_493\Debug\Unificada.a(Impresora.o)
 .debug_frame   0x00000eb4       0x20 .\CortexM3\ARM_GCC_493\Debug\Unificada.a(Impresora_INT.o)
 .debug_frame   0x00000ed4      0x290 .\CortexM3\ARM_GCC_493\Debug\Unificada.a(PC.o)
 .debug_frame   0x00001164       0x20 .\CortexM3\ARM_GCC_493\Debug\Unificada.a(PC_INT.o)
 .debug_frame   0x00001184       0x8c .\CortexM3\ARM_GCC_493\Debug\Unificada.a(I2C_1.o)
 .debug_frame   0x00001210       0x30 .\CortexM3\ARM_GCC_493\Debug\Unificada.a(I2C_1_INT.o)
 .debug_frame   0x00001240       0x74 .\CortexM3\ARM_GCC_493\Debug\Unificada.a(I2C_1_PM.o)
 .debug_frame   0x000012b4      0x120 .\CortexM3\ARM_GCC_493\Debug\Unificada.a(I2C_1_MASTER.o)
 .debug_frame   0x000013d4       0x50 .\CortexM3\ARM_GCC_493\Debug\Unificada.a(Pin_WP.o)
 .debug_frame   0x00001424      0x290 .\CortexM3\ARM_GCC_493\Debug\Unificada.a(LCD_1.o)
 .debug_frame   0x000016b4       0x20 .\CortexM3\ARM_GCC_493\Debug\Unificada.a(LCD_1_INT.o)
 .debug_frame   0x000016d4      0x290 .\CortexM3\ARM_GCC_493\Debug\Unificada.a(LCD_2.o)
 .debug_frame   0x00001964       0x20 .\CortexM3\ARM_GCC_493\Debug\Unificada.a(LCD_2_INT.o)
 .debug_frame   0x00001984       0x50 .\CortexM3\ARM_GCC_493\Debug\Unificada.a(IB1.o)
 .debug_frame   0x000019d4       0x50 .\CortexM3\ARM_GCC_493\Debug\Unificada.a(IB2.o)
 .debug_frame   0x00001a24      0x108 .\CortexM3\ARM_GCC_493\Debug\Unificada.a(Timer_Animacion.o)
 .debug_frame   0x00001b2c      0x104 .\CortexM3\ARM_GCC_493\Debug\Unificada.a(isr_3.o)
 .debug_frame   0x00001c30      0x108 .\CortexM3\ARM_GCC_493\Debug\Unificada.a(Timer_Animacion2.o)
 .debug_frame   0x00001d38      0x104 .\CortexM3\ARM_GCC_493\Debug\Unificada.a(isr_4.o)
 .debug_frame   0x00001e3c      0x124 .\CortexM3\ARM_GCC_493\Debug\Unificada.a(Timer_1.o)
 .debug_frame   0x00001f60      0x104 .\CortexM3\ARM_GCC_493\Debug\Unificada.a(isr_1.o)
 .debug_frame   0x00002064       0xb4 .\CortexM3\ARM_GCC_493\Debug\Unificada.a(VDAC8_1.o)
 .debug_frame   0x00002118      0x124 .\CortexM3\ARM_GCC_493\Debug\Unificada.a(Timer_2.o)
 .debug_frame   0x0000223c      0x104 .\CortexM3\ARM_GCC_493\Debug\Unificada.a(isr_2.o)
 .debug_frame   0x00002340       0xb4 .\CortexM3\ARM_GCC_493\Debug\Unificada.a(VDAC8_2.o)
 .debug_frame   0x000023f4       0xb4 .\CortexM3\ARM_GCC_493\Debug\Unificada.a(VDAC8_3.o)
 .debug_frame   0x000024a8       0x50 .\CortexM3\ARM_GCC_493\Debug\Unificada.a(SDown.o)
 .debug_frame   0x000024f8       0xe0 .\CortexM3\ARM_GCC_493\Debug\Unificada.a(Impresora_IntClock.o)
 .debug_frame   0x000025d8       0xe0 .\CortexM3\ARM_GCC_493\Debug\Unificada.a(PC_IntClock.o)
 .debug_frame   0x000026b8       0xe0 .\CortexM3\ARM_GCC_493\Debug\Unificada.a(LCD_1_IntClock.o)
 .debug_frame   0x00002798       0xe0 .\CortexM3\ARM_GCC_493\Debug\Unificada.a(LCD_2_IntClock.o)
 .debug_frame   0x00002878      0x728 .\CortexM3\ARM_GCC_493\Debug\Unificada.a(CyLib.o)
 .debug_frame   0x00002fa0      0x1f8 .\CortexM3\ARM_GCC_493\Debug\Unificada.a(cyPm.o)
 .debug_frame   0x00003198      0x174 .\CortexM3\ARM_GCC_493\Debug\Unificada.a(CyFlash.o)
 .debug_frame   0x0000330c      0x160 .\CortexM3\ARM_GCC_493\Debug\Unificada.a(CySpc.o)
 .debug_frame   0x0000346c       0x20 c:/program files (x86)/cypress/psoc creator/3.3/psoc creator/import/gnu/arm/4.9.3/bin/../lib/gcc/arm-none-eabi/4.9.3/../../../../arm-none-eabi/lib/armv7-m\libg_nano.a(lib_a-errno.o)
 .debug_frame   0x0000348c       0x28 c:/program files (x86)/cypress/psoc creator/3.3/psoc creator/import/gnu/arm/4.9.3/bin/../lib/gcc/arm-none-eabi/4.9.3/../../../../arm-none-eabi/lib/armv7-m\libg_nano.a(lib_a-exit.o)
 .debug_frame   0x000034b4       0x2c c:/program files (x86)/cypress/psoc creator/3.3/psoc creator/import/gnu/arm/4.9.3/bin/../lib/gcc/arm-none-eabi/4.9.3/../../../../arm-none-eabi/lib/armv7-m\libg_nano.a(lib_a-init.o)
 .debug_frame   0x000034e0       0x28 c:/program files (x86)/cypress/psoc creator/3.3/psoc creator/import/gnu/arm/4.9.3/bin/../lib/gcc/arm-none-eabi/4.9.3/../../../../arm-none-eabi/lib/armv7-m\libg_nano.a(lib_a-memcpy.o)
 .debug_frame   0x00003508       0x20 c:/program files (x86)/cypress/psoc creator/3.3/psoc creator/import/gnu/arm/4.9.3/bin/../lib/gcc/arm-none-eabi/4.9.3/../../../../arm-none-eabi/lib/armv7-m\libg_nano.a(lib_a-memset.o)

.debug_str      0x00000000     0x4233
 *(.debug_str)
 .debug_str     0x00000000      0x841 .\CortexM3\ARM_GCC_493\Debug\main.o
                                0x8d6 (size before relaxing)
 .debug_str     0x00000841       0x94 .\CortexM3\ARM_GCC_493\Debug\I2C.o
                                0x55b (size before relaxing)
 .debug_str     0x000008d5       0x44 .\CortexM3\ARM_GCC_493\Debug\ibuton.o
                                0x529 (size before relaxing)
 .debug_str     0x00000919        0x8 .\CortexM3\ARM_GCC_493\Debug\LCD.o
                                0x545 (size before relaxing)
 .debug_str     0x00000921      0x25a .\CortexM3\ARM_GCC_493\Debug\Print.o
                                0x719 (size before relaxing)
 .debug_str     0x00000b7b      0x104 .\CortexM3\ARM_GCC_493\Debug\Protocolo.o
                                0x630 (size before relaxing)
 .debug_str     0x00000c7f      0x13a .\CortexM3\ARM_GCC_493\Debug\Sonido.o
                                0x5c9 (size before relaxing)
 .debug_str     0x00000db9       0x84 .\CortexM3\ARM_GCC_493\Debug\cybootloader.o
                                0x1f3 (size before relaxing)
 .debug_str     0x00000e3d       0x49 .\CortexM3\ARM_GCC_493\Debug\cymetadata.o
                                0x1b8 (size before relaxing)
 .debug_str     0x00000e86      0x153 .\CortexM3\ARM_GCC_493\Debug\Cm3Start.o
                                0x2fa (size before relaxing)
 .debug_str     0x00000fd9      0x199 .\CortexM3\ARM_GCC_493\Debug\Unificada.a(cyfitter_cfg.o)
                                0x342 (size before relaxing)
 .debug_str     0x00001172      0x37d .\CortexM3\ARM_GCC_493\Debug\Unificada.a(Surtidor.o)
                                0x5b1 (size before relaxing)
 .debug_str     0x000014ef       0x52 .\CortexM3\ARM_GCC_493\Debug\Unificada.a(Surtidor_INT.o)
                                0x242 (size before relaxing)
 .debug_str     0x00001541      0x345 .\CortexM3\ARM_GCC_493\Debug\Unificada.a(Impresora.o)
                                0x606 (size before relaxing)
 .debug_str     0x00001886       0x39 .\CortexM3\ARM_GCC_493\Debug\Unificada.a(Impresora_INT.o)
                                0x242 (size before relaxing)
 .debug_str     0x000018bf      0x249 .\CortexM3\ARM_GCC_493\Debug\Unificada.a(PC.o)
                                0x4fc (size before relaxing)
 .debug_str     0x00001b08       0x2b .\CortexM3\ARM_GCC_493\Debug\Unificada.a(PC_INT.o)
                                0x211 (size before relaxing)
 .debug_str     0x00001b33       0xd3 .\CortexM3\ARM_GCC_493\Debug\Unificada.a(I2C_1.o)
                                0x2f4 (size before relaxing)
 .debug_str     0x00001c06       0xe2 .\CortexM3\ARM_GCC_493\Debug\Unificada.a(I2C_1_INT.o)
                                0x276 (size before relaxing)
 .debug_str     0x00001ce8       0x62 .\CortexM3\ARM_GCC_493\Debug\Unificada.a(I2C_1_PM.o)
                                0x282 (size before relaxing)
 .debug_str     0x00001d4a       0xf2 .\CortexM3\ARM_GCC_493\Debug\Unificada.a(I2C_1_MASTER.o)
                                0x3d3 (size before relaxing)
 .debug_str     0x00001e3c       0x60 .\CortexM3\ARM_GCC_493\Debug\Unificada.a(Pin_WP.o)
                                0x1e3 (size before relaxing)
 .debug_str     0x00001e9c      0x26e .\CortexM3\ARM_GCC_493\Debug\Unificada.a(LCD_1.o)
                                0x56e (size before relaxing)
 .debug_str     0x0000210a       0x31 .\CortexM3\ARM_GCC_493\Debug\Unificada.a(LCD_1_INT.o)
                                0x226 (size before relaxing)
 .debug_str     0x0000213b      0x26e .\CortexM3\ARM_GCC_493\Debug\Unificada.a(LCD_2.o)
                                0x56e (size before relaxing)
 .debug_str     0x000023a9       0x31 .\CortexM3\ARM_GCC_493\Debug\Unificada.a(LCD_2_INT.o)
                                0x226 (size before relaxing)
 .debug_str     0x000023da       0x40 .\CortexM3\ARM_GCC_493\Debug\Unificada.a(IB1.o)
                                0x1d4 (size before relaxing)
 .debug_str     0x0000241a       0x40 .\CortexM3\ARM_GCC_493\Debug\Unificada.a(IB2.o)
                                0x1d4 (size before relaxing)
 .debug_str     0x0000245a      0x1a7 .\CortexM3\ARM_GCC_493\Debug\Unificada.a(Timer_Animacion.o)
                                0x385 (size before relaxing)
 .debug_str     0x00002601       0xe7 .\CortexM3\ARM_GCC_493\Debug\Unificada.a(isr_3.o)
                                0x296 (size before relaxing)
 .debug_str     0x000026e8      0x192 .\CortexM3\ARM_GCC_493\Debug\Unificada.a(Timer_Animacion2.o)
                                0x395 (size before relaxing)
 .debug_str     0x0000287a       0xcf .\CortexM3\ARM_GCC_493\Debug\Unificada.a(isr_4.o)
                                0x296 (size before relaxing)
 .debug_str     0x00002949      0x146 .\CortexM3\ARM_GCC_493\Debug\Unificada.a(Timer_1.o)
                                0x342 (size before relaxing)
 .debug_str     0x00002a8f       0xda .\CortexM3\ARM_GCC_493\Debug\Unificada.a(isr_1.o)
                                0x296 (size before relaxing)
 .debug_str     0x00002b69       0x8d .\CortexM3\ARM_GCC_493\Debug\Unificada.a(VDAC8_1.o)
                                0x22f (size before relaxing)
 .debug_str     0x00002bf6      0x146 .\CortexM3\ARM_GCC_493\Debug\Unificada.a(Timer_2.o)
                                0x342 (size before relaxing)
 .debug_str     0x00002d3c       0xda .\CortexM3\ARM_GCC_493\Debug\Unificada.a(isr_2.o)
                                0x296 (size before relaxing)
 .debug_str     0x00002e16       0x81 .\CortexM3\ARM_GCC_493\Debug\Unificada.a(VDAC8_2.o)
                                0x22f (size before relaxing)
 .debug_str     0x00002e97       0x9f .\CortexM3\ARM_GCC_493\Debug\Unificada.a(VDAC8_3.o)
                                0x22f (size before relaxing)
 .debug_str     0x00002f36       0x51 .\CortexM3\ARM_GCC_493\Debug\Unificada.a(SDown.o)
                                0x1de (size before relaxing)
 .debug_str     0x00002f87      0x1b7 .\CortexM3\ARM_GCC_493\Debug\Unificada.a(Impresora_IntClock.o)
                                0x36e (size before relaxing)
 .debug_str     0x0000313e      0x126 .\CortexM3\ARM_GCC_493\Debug\Unificada.a(PC_IntClock.o)
                                0x31a (size before relaxing)
 .debug_str     0x00003264      0x144 .\CortexM3\ARM_GCC_493\Debug\Unificada.a(LCD_1_IntClock.o)
                                0x33e (size before relaxing)
 .debug_str     0x000033a8      0x144 .\CortexM3\ARM_GCC_493\Debug\Unificada.a(LCD_2_IntClock.o)
                                0x33e (size before relaxing)
 .debug_str     0x000034ec      0x7a7 .\CortexM3\ARM_GCC_493\Debug\Unificada.a(CyLib.o)
                                0xa1f (size before relaxing)
 .debug_str     0x00003c93      0x35b .\CortexM3\ARM_GCC_493\Debug\Unificada.a(cyPm.o)
                                0x717 (size before relaxing)
 .debug_str     0x00003fee      0x197 .\CortexM3\ARM_GCC_493\Debug\Unificada.a(CyFlash.o)
                                0x391 (size before relaxing)
 .debug_str     0x00004185       0xae .\CortexM3\ARM_GCC_493\Debug\Unificada.a(CySpc.o)
                                0x31a (size before relaxing)

.debug_loc      0x00000000     0x5c3d
 *(.debug_loc)
 .debug_loc     0x00000000       0x59 .\CortexM3\ARM_GCC_493\Debug\main.o
 .debug_loc     0x00000059      0x3f1 .\CortexM3\ARM_GCC_493\Debug\I2C.o
 .debug_loc     0x0000044a      0x5f1 .\CortexM3\ARM_GCC_493\Debug\ibuton.o
 .debug_loc     0x00000a3b      0x422 .\CortexM3\ARM_GCC_493\Debug\LCD.o
 .debug_loc     0x00000e5d      0xd88 .\CortexM3\ARM_GCC_493\Debug\Print.o
 .debug_loc     0x00001be5      0x7cc .\CortexM3\ARM_GCC_493\Debug\Protocolo.o
 .debug_loc     0x000023b1       0x21 .\CortexM3\ARM_GCC_493\Debug\Sonido.o
 .debug_loc     0x000023d2      0x144 .\CortexM3\ARM_GCC_493\Debug\Cm3Start.o