Archive member included because of file (symbol)

.\CortexM3\ARM_GCC_493\Debug\Unificada.a(cyfitter_cfg.o)
                              .\CortexM3\ARM_GCC_493\Debug\Cm3Start.o (cyfitter_cfg)
.\CortexM3\ARM_GCC_493\Debug\Unificada.a(Surtidor.o)
                              .\CortexM3\ARM_GCC_493\Debug\main.o (Surtidor_Start)
.\CortexM3\ARM_GCC_493\Debug\Unificada.a(Surtidor_INT.o)
                              .\CortexM3\ARM_GCC_493\Debug\Unificada.a(Surtidor.o) (Surtidor_RXISR)
.\CortexM3\ARM_GCC_493\Debug\Unificada.a(Impresora.o)
                              .\CortexM3\ARM_GCC_493\Debug\main.o (Impresora_Start)
.\CortexM3\ARM_GCC_493\Debug\Unificada.a(Impresora_INT.o)
                              .\CortexM3\ARM_GCC_493\Debug\Unificada.a(Impresora.o) (Impresora_RXISR)
.\CortexM3\ARM_GCC_493\Debug\Unificada.a(PC.o)
                              .\CortexM3\ARM_GCC_493\Debug\main.o (PC_Start)
.\CortexM3\ARM_GCC_493\Debug\Unificada.a(PC_INT.o)
                              .\CortexM3\ARM_GCC_493\Debug\Unificada.a(PC.o) (PC_RXISR)
.\CortexM3\ARM_GCC_493\Debug\Unificada.a(I2C_1.o)
                              .\CortexM3\ARM_GCC_493\Debug\main.o (I2C_1_Start)
.\CortexM3\ARM_GCC_493\Debug\Unificada.a(I2C_1_INT.o)
                              .\CortexM3\ARM_GCC_493\Debug\Unificada.a(I2C_1.o) (I2C_1_ISR)
.\CortexM3\ARM_GCC_493\Debug\Unificada.a(I2C_1_PM.o)
                              .\CortexM3\ARM_GCC_493\Debug\Unificada.a(I2C_1.o) (I2C_1_backup)
.\CortexM3\ARM_GCC_493\Debug\Unificada.a(I2C_1_MASTER.o)
                              .\CortexM3\ARM_GCC_493\Debug\Unificada.a(I2C_1_INT.o) (I2C_1_mstrStatus)
.\CortexM3\ARM_GCC_493\Debug\Unificada.a(Pin_WP.o)
                              .\CortexM3\ARM_GCC_493\Debug\I2C.o (Pin_WP_Write)
.\CortexM3\ARM_GCC_493\Debug\Unificada.a(LCD_1.o)
                              .\CortexM3\ARM_GCC_493\Debug\main.o (LCD_1_Start)
.\CortexM3\ARM_GCC_493\Debug\Unificada.a(LCD_1_INT.o)
                              .\CortexM3\ARM_GCC_493\Debug\Unificada.a(LCD_1.o) (LCD_1_RXISR)
.\CortexM3\ARM_GCC_493\Debug\Unificada.a(LCD_2.o)
                              .\CortexM3\ARM_GCC_493\Debug\main.o (LCD_2_Start)
.\CortexM3\ARM_GCC_493\Debug\Unificada.a(LCD_2_INT.o)
                              .\CortexM3\ARM_GCC_493\Debug\Unificada.a(LCD_2.o) (LCD_2_RXISR)
.\CortexM3\ARM_GCC_493\Debug\Unificada.a(IB1.o)
                              .\CortexM3\ARM_GCC_493\Debug\ibuton.o (IB1_Write)
.\CortexM3\ARM_GCC_493\Debug\Unificada.a(IB2.o)
                              .\CortexM3\ARM_GCC_493\Debug\ibuton.o (IB2_Write)
.\CortexM3\ARM_GCC_493\Debug\Unificada.a(Timer_Animacion.o)
                              .\CortexM3\ARM_GCC_493\Debug\main.o (Timer_Animacion_Stop)
.\CortexM3\ARM_GCC_493\Debug\Unificada.a(isr_3.o)
                              .\CortexM3\ARM_GCC_493\Debug\main.o (isr_3_StartEx)
.\CortexM3\ARM_GCC_493\Debug\Unificada.a(Timer_Animacion2.o)
                              .\CortexM3\ARM_GCC_493\Debug\main.o (Timer_Animacion2_Stop)
.\CortexM3\ARM_GCC_493\Debug\Unificada.a(isr_4.o)
                              .\CortexM3\ARM_GCC_493\Debug\main.o (isr_4_StartEx)
.\CortexM3\ARM_GCC_493\Debug\Unificada.a(Timer_1.o)
                              .\CortexM3\ARM_GCC_493\Debug\Sonido.o (Timer_1_Stop)
.\CortexM3\ARM_GCC_493\Debug\Unificada.a(isr_1.o)
                              .\CortexM3\ARM_GCC_493\Debug\Sonido.o (isr_1_StartEx)
.\CortexM3\ARM_GCC_493\Debug\Unificada.a(VDAC8_1.o)
                              .\CortexM3\ARM_GCC_493\Debug\Sonido.o (VDAC8_1_Stop)
.\CortexM3\ARM_GCC_493\Debug\Unificada.a(Timer_2.o)
                              .\CortexM3\ARM_GCC_493\Debug\Sonido.o (Timer_2_Stop)
.\CortexM3\ARM_GCC_493\Debug\Unificada.a(isr_2.o)
                              .\CortexM3\ARM_GCC_493\Debug\Sonido.o (isr_2_StartEx)
.\CortexM3\ARM_GCC_493\Debug\Unificada.a(VDAC8_2.o)
                              .\CortexM3\ARM_GCC_493\Debug\Sonido.o (VDAC8_2_Stop)
.\CortexM3\ARM_GCC_493\Debug\Unificada.a(VDAC8_3.o)
                              .\CortexM3\ARM_GCC_493\Debug\main.o (VDAC8_3_Start)
.\CortexM3\ARM_GCC_493\Debug\Unificada.a(SDown.o)
                              .\CortexM3\ARM_GCC_493\Debug\main.o (SDown_Write)
.\CortexM3\ARM_GCC_493\Debug\Unificada.a(Impresora_IntClock.o)
                              .\CortexM3\ARM_GCC_493\Debug\Unificada.a(Impresora.o) (Impresora_IntClock_Start)
.\CortexM3\ARM_GCC_493\Debug\Unificada.a(PC_IntClock.o)
                              .\CortexM3\ARM_GCC_493\Debug\Unificada.a(PC.o) (PC_IntClock_Start)
.\CortexM3\ARM_GCC_493\Debug\Unificada.a(LCD_1_IntClock.o)
                              .\CortexM3\ARM_GCC_493\Debug\Unificada.a(LCD_1.o) (LCD_1_IntClock_Start)
.\CortexM3\ARM_GCC_493\Debug\Unificada.a(LCD_2_IntClock.o)
                              .\CortexM3\ARM_GCC_493\Debug\Unificada.a(LCD_2.o) (LCD_2_IntClock_Start)
.\CortexM3\ARM_GCC_493\Debug\Unificada.a(CyBootAsmGnu.o)
[...]
Memory Configuration

Name             Origin             Length             Attributes
rom              0x00000000         0x00040000         xr
ram              0x1fff8000         0x00010000         xrw
*default*        0x00000000         0xffffffff

Linker script and memory map

LOAD c:/program files (x86)/cypress/psoc creator/3.3/psoc creator/import/gnu/arm/4.9.3/bin/../lib/gcc/arm-none-eabi/4.9.3/armv7-m/crti.o
LOAD c:/program files (x86)/cypress/psoc creator/3.3/psoc creator/import/gnu/arm/4.9.3/bin/../lib/gcc/arm-none-eabi/4.9.3/armv7-m/crtbegin.o
LOAD c:/program files (x86)/cypress/psoc creator/3.3/psoc creator/import/gnu/arm/4.9.3/bin/../lib/gcc/arm-none-eabi/4.9.3/../../../../arm-none-eabi/lib/armv7-m/crt0.o
START GROUP
LOAD .\CortexM3\ARM_GCC_493\Debug\main.o
LOAD .\CortexM3\ARM_GCC_493\Debug\I2C.o
LOAD .\CortexM3\ARM_GCC_493\Debug\ibuton.o
LOAD .\CortexM3\ARM_GCC_493\Debug\LCD.o
LOAD .\CortexM3\ARM_GCC_493\Debug\Print.o
LOAD .\CortexM3\ARM_GCC_493\Debug\Protocolo.o
LOAD .\CortexM3\ARM_GCC_493\Debug\Sonido.o
LOAD .\CortexM3\ARM_GCC_493\Debug\cybootloader.o
LOAD .\CortexM3\ARM_GCC_493\Debug\cymetadata.o
LOAD .\CortexM3\ARM_GCC_493\Debug\Cm3Start.o
LOAD .\CortexM3\ARM_GCC_493\Debug\Unificada.a
LOAD C:\Program Files (x86)\Cypress\PSoC Creator\3.3\PSoC Creator\psoc\content\cycomponentlibrary\CyComponentLibrary.cylib\CortexM3\ARM_GCC_493\Debug\CyComponentLibrary.a
END GROUP
START GROUP
LOAD c:/program files (x86)/cypress/psoc creator/3.3/psoc creator/import/gnu/arm/4.9.3/bin/../lib/gcc/arm-none-eabi/4.9.3/armv7-m\libgcc.a
LOAD c:/program files (x86)/cypress/psoc creator/3.3/psoc creator/import/gnu/arm/4.9.3/bin/../lib/gcc/arm-none-eabi/4.9.3/../../../../arm-none-eabi/lib/armv7-m\libg_nano.a
LOAD c:/program files (x86)/cypress/psoc creator/3.3/psoc creator/import/gnu/arm/4.9.3/bin/../lib/gcc/arm-none-eabi/4.9.3/../../../../arm-none-eabi/lib/armv7-m\libc_nano.a
END GROUP
START GROUP
LOAD c:/program files (x86)/cypress/psoc creator/3.3/psoc creator/import/gnu/arm/4.9.3/bin/../lib/gcc/arm-none-eabi/4.9.3/armv7-m\libgcc.a
LOAD c:/program files (x86)/cypress/psoc creator/3.3/psoc creator/import/gnu/arm/4.9.3/bin/../lib/gcc/arm-none-eabi/4.9.3/../../../../arm-none-eabi/lib/armv7-m\libc_nano.a
END GROUP
LOAD c:/program files (x86)/cypress/psoc creator/3.3/psoc creator/import/gnu/arm/4.9.3/bin/../lib/gcc/arm-none-eabi/4.9.3/armv7-m/crtend.o
LOAD c:/program files (x86)/cypress/psoc creator/3.3/psoc creator/import/gnu/arm/4.9.3/bin/../lib/gcc/arm-none-eabi/4.9.3/armv7-m/crtn.o
START GROUP
LOAD c:/program files (x86)/cypress/psoc creator/3.3/psoc creator/import/gnu/arm/4.9.3/bin/../lib/gcc/arm-none-eabi/4.9.3/armv7-m\libgcc.a
LOAD c:/program files (x86)/cypress/psoc creator/3.3/psoc creator/import/gnu/arm/4.9.3/bin/../lib/gcc/arm-none-eabi/4.9.3/../../../../arm-none-eabi/lib/armv7-m\libc.a
LOAD c:/program files (x86)/cypress/psoc creator/3.3/psoc creator/import/gnu/arm/4.9.3/bin/../lib/gcc/arm-none-eabi/4.9.3/../../../../arm-none-eabi/lib/armv7-m\libnosys.a
END GROUP
                0x00000000                CY_APPL_ORIGIN = 0x0
                0x00000100                CY_FLASH_ROW_SIZE = 0x100
                0x00000020                CY_ECC_ROW_SIZE = 0x20
                0x00000000                CY_EE_IN_BTLDR = 0x0
                0x00000001                CY_APPL_LOADABLE = 0x1
                0x00000800                CY_EE_SIZE = 0x800
                0x00000001                CY_APPL_NUM = 0x1
                0x00000001                CY_APPL_MAX = 0x1
                0x00000040                CY_METADATA_SIZE = 0x40
                0x1fff8ac8                PROVIDE (__cy_heap_start, _end)
                0x00000001                PROVIDE (__cy_region_num, ((__cy_regions_end - __cy_regions) / 0x10))
                0x20008000                PROVIDE (__cy_stack, (ORIGIN (ram) + 0x10000))
                0x20007800                PROVIDE (__cy_heap_end, (__cy_stack - 0x800))

.cybootloader   0x00000000     0x2200
 *(.cybootloader)
 .cybootloader  0x00000000     0x2200 .\CortexM3\ARM_GCC_493\Debug\cybootloader.o
                0x00000000                cy_bootloader
                0x00002200                appl1_start = CY_APPL_ORIGIN?CY_APPL_ORIGIN:ALIGN (CY_FLASH_ROW_SIZE)
                0x00021000                appl2_start = (appl1_start + ALIGN ((((0x40000 - appl1_start) - (0x2 * CY_FLASH_ROW_SIZE)) / 0x2), CY_FLASH_ROW_SIZE))
                0x00002200                appl_start = (CY_APPL_NUM == 0x1)?appl1_start:appl2_start
                0x00000440                ecc_offset = ((appl_start / CY_FLASH_ROW_SIZE) * CY_ECC_ROW_SIZE)
                0x00000000                ee_offset = (CY_APPL_LOADABLE && ! (CY_EE_IN_BTLDR))?((CY_EE_SIZE / CY_APPL_MAX) * (CY_APPL_NUM - 0x1)):0x0
                0x00000800                ee_size = (CY_APPL_LOADABLE && ! (CY_EE_IN_BTLDR))?(CY_EE_SIZE / CY_APPL_MAX):CY_EE_SIZE
                0x00000440                PROVIDE (CY_ECC_OFFSET, ecc_offset)

.text           0x00002200    0x1109e
 CREATE_OBJECT_SYMBOLS
                0x00002200                PROVIDE (__cy_interrupt_vector, RomVectors)
 *(.romvectors)
 .romvectors    0x00002200       0x10 .\CortexM3\ARM_GCC_493\Debug\Cm3Start.o
                0x00002200                RomVectors
                0x00000001                ASSERT ((. != __cy_interrupt_vector), No interrupt vector)
                0x00000001                ASSERT (CY_APPL_ORIGIN?(SIZEOF (.cybootloader) <= CY_APPL_ORIGIN):0x1, Wrong image location)
                0x00002210                PROVIDE (__cy_reset, Reset)
 *(.text.Reset)
 .text.Reset    0x00002210        0x8 .\CortexM3\ARM_GCC_493\Debug\Cm3Start.o
                0x00002210                Reset
                0x00000001                ASSERT ((. != __cy_reset), No reset code)
 *(.dma_init)
                0x00000001                ASSERT ((((appl_start + .) <= 0x10000) || 0x1), DMA Init must be within the first 64k of flash)
 *(.text .text.* .gnu.linkonce.t.*)
 .text          0x00002218       0x5c c:/program files (x86)/cypress/psoc creator/3.3/psoc creator/import/gnu/arm/4.9.3/bin/../lib/gcc/arm-none-eabi/4.9.3/armv7-m/crtbegin.o
 .text.animacion
                0x00002274       0x48 .\CortexM3\ARM_GCC_493\Debug\main.o
                0x00002274                animacion
 .text.animacion2
                0x000022bc       0x48 .\CortexM3\ARM_GCC_493\Debug\main.o
                0x000022bc                animacion2
 .text.init     0x00002304      0x57c .\CortexM3\ARM_GCC_493\Debug\main.o
                0x00002304                init
 .text.init_surt
                0x00002880       0x38 .\CortexM3\ARM_GCC_493\Debug\main.o
                0x00002880                init_surt
 .text.error_op
                0x000028b8       0x5c .\CortexM3\ARM_GCC_493\Debug\main.o
                0x000028b8                error_op
 .text.polling_LCD1
                0x00002914     0x3dcc .\CortexM3\ARM_GCC_493\Debug\main.o
                0x00002914                polling_LCD1
 .text.polling_LCD2
                0x000066e0     0x3b2c .\CortexM3\ARM_GCC_493\Debug\main.o
                0x000066e0                polling_LCD2
 .text.main     0x0000a20c       0x14 .\CortexM3\ARM_GCC_493\Debug\main.o
                0x0000a20c                main
 .text.leer_hora
                0x0000a220       0x60 .\CortexM3\ARM_GCC_493\Debug\I2C.o
                0x0000a220                leer_hora
 .text.leer_fecha
                0x0000a280       0x60 .\CortexM3\ARM_GCC_493\Debug\I2C.o
                0x0000a280                leer_fecha
 .text.write_hora
                0x0000a2e0       0x5c .\CortexM3\ARM_GCC_493\Debug\I2C.o
                0x0000a2e0                write_hora
 .text.write_fecha
                0x0000a33c       0x64 .\CortexM3\ARM_GCC_493\Debug\I2C.o
                0x0000a33c                write_fecha
 .text.write_eeprom
                0x0000a3a0       0x7c .\CortexM3\ARM_GCC_493\Debug\I2C.o
                0x0000a3a0                write_eeprom
 .text.leer_eeprom
                0x0000a41c       0x94 .\CortexM3\ARM_GCC_493\Debug\I2C.o
                0x0000a41c                leer_eeprom
 .text.write_psoc1
                0x0000a4b0       0x48 .\CortexM3\ARM_GCC_493\Debug\I2C.o
                0x0000a4b0                write_psoc1
 .text.touch_present
                0x0000a4f8       0x84 .\CortexM3\ARM_GCC_493\Debug\ibuton.o
                0x0000a4f8                touch_present
 .text.touch_write
                0x0000a57c       0xd4 .\CortexM3\ARM_GCC_493\Debug\ibuton.o
                0x0000a57c                touch_write
 .text.touch_read_byte
                0x0000a650       0x78 .\CortexM3\ARM_GCC_493\Debug\ibuton.o
                0x0000a650                touch_read_byte
 .text.touch_read_memoria
                0x0000a6c8      0x1b4 .\CortexM3\ARM_GCC_493\Debug\ibuton.o
                0x0000a6c8                touch_read_memoria
 .text.touch_write_memoria
                0x0000a87c      0x30c .\CortexM3\ARM_GCC_493\Debug\ibuton.o
                0x0000a87c                touch_write_memoria
 .text.crc_check
                0x0000ab88       0x20 .\CortexM3\ARM_GCC_493\Debug\ibuton.o
                0x0000ab88                crc_check
 .text.set_imagen
                0x0000aba8       0x6c .\CortexM3\ARM_GCC_493\Debug\LCD.o
                0x0000aba8                set_imagen
 .text.write_LCD
                0x0000ac14      0x100 .\CortexM3\ARM_GCC_493\Debug\LCD.o
                0x0000ac14                write_LCD
 .text.Hora_LCD
                0x0000ad14       0xbc .\CortexM3\ARM_GCC_493\Debug\LCD.o
                0x0000ad14                Hora_LCD
 .text.Fecha_LCD
                0x0000add0       0xc8 .\CortexM3\ARM_GCC_493\Debug\LCD.o
                0x0000add0                Fecha_LCD
 .text.Nombre_LCD
                0x0000ae98      0x104 .\CortexM3\ARM_GCC_493\Debug\LCD.o
                0x0000ae98                Nombre_LCD
 .text.Precio_LCD
                0x0000af9c       0xc4 .\CortexM3\ARM_GCC_493\Debug\LCD.o
                0x0000af9c                Precio_LCD
 .text.Grado_LCD
                0x0000b060       0xbc .\CortexM3\ARM_GCC_493\Debug\LCD.o
                0x0000b060                Grado_LCD
 .text.direccion_LCD
                0x0000b11c      0x10c .\CortexM3\ARM_GCC_493\Debug\LCD.o
                0x0000b11c                direccion_LCD
 .text.lema1_LCD
                0x0000b228      0x10c .\CortexM3\ARM_GCC_493\Debug\LCD.o
                0x0000b228                lema1_LCD
 .text.lema2_LCD
                0x0000b334      0x10c .\CortexM3\ARM_GCC_493\Debug\LCD.o
                0x0000b334                lema2_LCD
 .text.telefono_LCD
                0x0000b440      0x10c .\CortexM3\ARM_GCC_493\Debug\LCD.o
                0x0000b440                telefono_LCD
 .text.nit_LCD  0x0000b54c      0x10c .\CortexM3\ARM_GCC_493\Debug\LCD.o
                0x0000b54c                nit_LCD
 .text.Cuenta_LCD
                0x0000b658      0x104 .\CortexM3\ARM_GCC_493\Debug\LCD.o
                0x0000b658                Cuenta_LCD
 .text.Placa_LCD
                0x0000b75c      0x108 .\CortexM3\ARM_GCC_493\Debug\LCD.o
                0x0000b75c                Placa_LCD
 .text.writemini_LCD
                0x0000b864      0x108 .\CortexM3\ARM_GCC_493\Debug\LCD.o
                0x0000b864                writemini_LCD
 .text.operacion
                0x0000b96c      0x128 .\CortexM3\ARM_GCC_493\Debug\Print.o
                0x0000b96c                operacion
 .text.print_logo_k
                0x0000ba94      0x200 .\CortexM3\ARM_GCC_493\Debug\Print.o
                0x0000ba94                print_logo_k
 .text.print_logo_p
                0x0000bc94      0x1f0 .\CortexM3\ARM_GCC_493\Debug\Print.o
                0x0000bc94                print_logo_p
 .text.print_totales
                0x0000be84      0x110 .\CortexM3\ARM_GCC_493\Debug\Print.o
                0x0000be84                print_totales
 .text.print_totalesac
                0x0000bf94      0x114 .\CortexM3\ARM_GCC_493\Debug\Print.o
                0x0000bf94                print_totalesac
 .text.print_valor
                0x0000c0a8       0x50 .\CortexM3\ARM_GCC_493\Debug\Print.o
                0x0000c0a8                print_valor
 .text.imprimir
                0x0000c0f8     0x1004 .\CortexM3\ARM_GCC_493\Debug\Print.o
                0x0000c0f8                imprimir
 .text.imprimir_corte
                0x0000d0fc      0x758 .\CortexM3\ARM_GCC_493\Debug\Print.o
                0x0000d0fc                imprimir_corte
 .text.ver_pos  0x0000d854       0x80 .\CortexM3\ARM_GCC_493\Debug\Protocolo.o
                0x0000d854                ver_pos
 .text.get_estado
                0x0000d8d4       0x28 .\CortexM3\ARM_GCC_493\Debug\Protocolo.o
                0x0000d8d4                get_estado
 .text.estado_ex
                0x0000d8fc       0xe8 .\CortexM3\ARM_GCC_493\Debug\Protocolo.o
                0x0000d8fc                estado_ex
 .text.venta    0x0000d9e4      0x1e8 .\CortexM3\ARM_GCC_493\Debug\Protocolo.o
                0x0000d9e4                venta
 .text.get_totales
                0x0000dbcc     0x3274 .\CortexM3\ARM_GCC_493\Debug\Protocolo.o
                0x0000dbcc                get_totales
 .text.programar
                0x00010e40      0x484 .\CortexM3\ARM_GCC_493\Debug\Protocolo.o
                0x00010e40                programar
 .text.cambiar_precio
                0x000112c4      0x2c4 .\CortexM3\ARM_GCC_493\Debug\Protocolo.o
                0x000112c4                cambiar_precio
 .text.Interrupcion_1
                0x00011588       0xd8 .\CortexM3\ARM_GCC_493\Debug\Sonido.o
                0x00011588                Interrupcion_1
 .text.Interrupcion_2
                0x00011660       0xe0 .\CortexM3\ARM_GCC_493\Debug\Sonido.o
                0x00011660                Interrupcion_2
 .text.sonido   0x00011740       0x60 .\CortexM3\ARM_GCC_493\Debug\Sonido.o
                0x00011740                sonido
 .text.IntDefaultHandler
                0x000117a0        0x4 .\CortexM3\ARM_GCC_493\Debug\Cm3Start.o
                0x000117a0                IntDefaultHandler
 .text.Start_c  0x000117a4       0x4c .\CortexM3\ARM_GCC_493\Debug\Cm3Start.o
                0x000117a4                Start_c
 .text.initialize_psoc
                0x000117f0       0x74 .\CortexM3\ARM_GCC_493\Debug\Cm3Start.o
                0x000117f0                initialize_psoc
 .text.CyClockStartupError
                0x00011864        0x4 .\CortexM3\ARM_GCC_493\Debug\Unificada.a(cyfitter_cfg.o)
 .text.cfg_write_bytes32
                0x00011868       0x34 .\CortexM3\ARM_GCC_493\Debug\Unificada.a(cyfitter_cfg.o)
 .text.AnalogSetDefault
                0x0001189c       0x54 .\CortexM3\ARM_GCC_493\Debug\Unificada.a(cyfitter_cfg.o)
 .text.CYMEMZERO
                0x000118f0        0xc .\CortexM3\ARM_GCC_493\Debug\Unificada.a(cyfitter_cfg.o)
 .text.ClockSetup
                0x000118fc      0x104 .\CortexM3\ARM_GCC_493\Debug\Unificada.a(cyfitter_cfg.o)
 .text.CYCONFIGCPY
                0x00011a00        0x8 .\CortexM3\ARM_GCC_493\Debug\Unificada.a(cyfitter_cfg.o)
 .text.cyfitter_cfg
                0x00011a08      0x170 .\CortexM3\ARM_GCC_493\Debug\Unificada.a(cyfitter_cfg.o)
                0x00011a08                cyfitter_cfg
 .text.Surtidor_Init
                0x00011b78       0x3c .\CortexM3\ARM_GCC_493\Debug\Unificada.a(Surtidor.o)
                0x00011b78                Surtidor_Init
 .text.Surtidor_Enable
                0x00011bb4       0x3c .\CortexM3\ARM_GCC_493\Debug\Unificada.a(Surtidor.o)
                0x00011bb4                Surtidor_Enable
 .text.Surtidor_Start
                0x00011bf0       0x1c .\CortexM3\ARM_GCC_493\Debug\Unificada.a(Surtidor.o)
                0x00011bf0                Surtidor_Start
 .text.Surtidor_EnableRxInt
                0x00011c0c        0xc .\CortexM3\ARM_GCC_493\Debug\Unificada.a(Surtidor.o)
                0x00011c0c                Surtidor_EnableRxInt
 .text.Surtidor_DisableRxInt
                0x00011c18        0xc .\CortexM3\ARM_GCC_493\Debug\Unificada.a(Surtidor.o)
                0x00011c18                Surtidor_DisableRxInt
 .text.Surtidor_ReadRxData
                0x00011c24       0x5c .\CortexM3\ARM_GCC_493\Debug\Unificada.a(Surtidor.o)
                0x00011c24                Surtidor_ReadRxData
 .text.Surtidor_GetRxBufferSize
                0x00011c80       0x60 .\CortexM3\ARM_GCC_493\Debug\Unificada.a(Surtidor.o)
                0x00011c80                Surtidor_GetRxBufferSize
 .text.Surtidor_ClearRxBuffer
                0x00011ce0       0x3c .\CortexM3\ARM_GCC_493\Debug\Unificada.a(Surtidor.o)
                0x00011ce0                Surtidor_ClearRxBuffer
 .text.Surtidor_PutChar
                0x00011d1c       0x18 .\CortexM3\ARM_GCC_493\Debug\Unificada.a(Surtidor.o)
                0x00011d1c                Surtidor_PutChar
 .text.Surtidor_RXISR
                0x00011d34       0x80 .\CortexM3\ARM_GCC_493\Debug\Unificada.a(Surtidor_INT.o)
                0x00011d34                Surtidor_RXISR
 .text.Impresora_Init
                0x00011db4       0x3c .\CortexM3\ARM_GCC_493\Debug\Unificada.a(Impresora.o)
                0x00011db4                Impresora_Init
 .text.Impresora_Enable
                0x00011df0       0x44 .\CortexM3\ARM_GCC_493\Debug\Unificada.a(Impresora.o)
                0x00011df0                Impresora_Enable
 .text.Impresora_Start
                0x00011e34       0x1c .\CortexM3\ARM_GCC_493\Debug\Unificada.a(Impresora.o)
                0x00011e34                Impresora_Start
 .text.Impresora_EnableRxInt
                0x00011e50        0xc .\CortexM3\ARM_GCC_493\Debug\Unificada.a(Impresora.o)
                0x00011e50                Impresora_EnableRxInt
 .text.Impresora_RXISR
                0x00011e5c       0x80 .\CortexM3\ARM_GCC_493\Debug\Unificada.a(Impresora_INT.o)
                0x00011e5c                Impresora_RXISR
 .text.PC_Init  0x00011edc       0x3c .\CortexM3\ARM_GCC_493\Debug\Unificada.a(PC.o)
                0x00011edc                PC_Init
 .text.PC_Enable
                0x00011f18       0x44 .\CortexM3\ARM_GCC_493\Debug\Unificada.a(PC.o)
                0x00011f18                PC_Enable
 .text.PC_Start
                0x00011f5c       0x1c .\CortexM3\ARM_GCC_493\Debug\Unificada.a(PC.o)
                0x00011f5c                PC_Start
 .text.PC_EnableRxInt
                0x00011f78        0xc .\CortexM3\ARM_GCC_493\Debug\Unificada.a(PC.o)
                0x00011f78                PC_EnableRxInt
 .text.PC_RXISR
                0x00011f84       0x80 .\CortexM3\ARM_GCC_493\Debug\Unificada.a(PC_INT.o)
                0x00011f84                PC_RXISR
 .text.I2C_1_Init
                0x00012004       0x58 .\CortexM3\ARM_GCC_493\Debug\Unificada.a(I2C_1.o)
                0x00012004                I2C_1_Init
 .text.I2C_1_Enable
                0x0001205c       0x24 .\CortexM3\ARM_GCC_493\Debug\Unificada.a(I2C_1.o)
                0x0001205c                I2C_1_Enable
 .text.I2C_1_Start
                0x00012080       0x28 .\CortexM3\ARM_GCC_493\Debug\Unificada.a(I2C_1.o)
                0x00012080                I2C_1_Start
 .text.I2C_1_ISR
                0x000120a8      0x2d0 .\CortexM3\ARM_GCC_493\Debug\Unificada.a(I2C_1_INT.o)
                0x000120a8                I2C_1_ISR
 .text.I2C_1_MasterSendStart
                0x00012378       0x80 .\CortexM3\ARM_GCC_493\Debug\Unificada.a(I2C_1_MASTER.o)
                0x00012378                I2C_1_MasterSendStart
 .text.I2C_1_MasterSendStop
                0x000123f8       0x38 .\CortexM3\ARM_GCC_493\Debug\Unificada.a(I2C_1_MASTER.o)
                0x000123f8                I2C_1_MasterSendStop
 .text.I2C_1_MasterWriteByte
                0x00012430       0x58 .\CortexM3\ARM_GCC_493\Debug\Unificada.a(I2C_1_MASTER.o)
                0x00012430                I2C_1_MasterWriteByte
 .text.I2C_1_MasterReadByte
                0x00012488       0x58 .\CortexM3\ARM_GCC_493\Debug\Unificada.a(I2C_1_MASTER.o)
                0x00012488                I2C_1_MasterReadByte
 .text.I2C_1_MasterClearStatus
                0x000124e0       0x10 .\CortexM3\ARM_GCC_493\Debug\Unificada.a(I2C_1_MASTER.o)
                0x000124e0                I2C_1_MasterClearStatus
 .text.I2C_1_MasterClearReadBuf
                0x000124f0       0x1c .\CortexM3\ARM_GCC_493\Debug\Unificada.a(I2C_1_MASTER.o)
                0x000124f0                I2C_1_MasterClearReadBuf
 .text.I2C_1_MasterClearWriteBuf
                0x0001250c       0x1c .\CortexM3\ARM_GCC_493\Debug\Unificada.a(I2C_1_MASTER.o)
                0x0001250c                I2C_1_MasterClearWriteBuf
 .text.I2C_1_Workaround
                0x00012528        0x4 .\CortexM3\ARM_GCC_493\Debug\Unificada.a(I2C_1_MASTER.o)
                0x00012528                I2C_1_Workaround
 .text.Pin_WP_Write
                0x0001252c       0x18 .\CortexM3\ARM_GCC_493\Debug\Unificada.a(Pin_WP.o)
                0x0001252c                Pin_WP_Write
 .text.LCD_1_Init
                0x00012544       0x3c .\CortexM3\ARM_GCC_493\Debug\Unificada.a(LCD_1.o)
                0x00012544                LCD_1_Init
 .text.LCD_1_Enable
                0x00012580       0x44 .\CortexM3\ARM_GCC_493\Debug\Unificada.a(LCD_1.o)
                0x00012580                LCD_1_Enable
 .text.LCD_1_Start
                0x000125c4       0x1c .\CortexM3\ARM_GCC_493\Debug\Unificada.a(LCD_1.o)
                0x000125c4                LCD_1_Start
 .text.LCD_1_EnableRxInt
                0x000125e0        0xc .\CortexM3\ARM_GCC_493\Debug\Unificada.a(LCD_1.o)
                0x000125e0                LCD_1_EnableRxInt
 .text.LCD_1_DisableRxInt
                0x000125ec        0xc .\CortexM3\ARM_GCC_493\Debug\Unificada.a(LCD_1.o)
                0x000125ec                LCD_1_DisableRxInt
 .text.LCD_1_GetRxBufferSize
                0x000125f8       0x54 .\CortexM3\ARM_GCC_493\Debug\Unificada.a(LCD_1.o)
                0x000125f8                LCD_1_GetRxBufferSize
 .text.LCD_1_ClearRxBuffer
                0x0001264c       0x3c .\CortexM3\ARM_GCC_493\Debug\Unificada.a(LCD_1.o)
                0x0001264c                LCD_1_ClearRxBuffer
 .text.LCD_1_PutChar
                0x00012688       0x18 .\CortexM3\ARM_GCC_493\Debug\Unificada.a(LCD_1.o)
                0x00012688                LCD_1_PutChar
 .text.LCD_1_RXISR
                0x000126a0       0x80 .\CortexM3\ARM_GCC_493\Debug\Unificada.a(LCD_1_INT.o)
                0x000126a0                LCD_1_RXISR
 .text.LCD_2_Init
                0x00012720       0x3c .\CortexM3\ARM_GCC_493\Debug\Unificada.a(LCD_2.o)
                0x00012720                LCD_2_Init
 .text.LCD_2_Enable
                0x0001275c       0x44 .\CortexM3\ARM_GCC_493\Debug\Unificada.a(LCD_2.o)
                0x0001275c                LCD_2_Enable
 .text.LCD_2_Start
                0x000127a0       0x1c .\CortexM3\ARM_GCC_493\Debug\Unificada.a(LCD_2.o)
                0x000127a0                LCD_2_Start
 .text.LCD_2_EnableRxInt
                0x000127bc        0xc .\CortexM3\ARM_GCC_493\Debug\Unificada.a(LCD_2.o)
                0x000127bc                LCD_2_EnableRxInt
 .text.LCD_2_DisableRxInt
                0x000127c8        0xc .\CortexM3\ARM_GCC_493\Debug\Unificada.a(LCD_2.o)
                0x000127c8                LCD_2_DisableRxInt
 .text.LCD_2_GetRxBufferSize
                0x000127d4       0x54 .\CortexM3\ARM_GCC_493\Debug\Unificada.a(LCD_2.o)
                0x000127d4                LCD_2_GetRxBufferSize
 .text.LCD_2_ClearRxBuffer
                0x00012828       0x3c .\CortexM3\ARM_GCC_493\Debug\Unificada.a(LCD_2.o)
                0x00012828                LCD_2_ClearRxBuffer
 .text.LCD_2_PutChar
                0x00012864       0x18 .\CortexM3\ARM_GCC_493\Debug\Unificada.a(LCD_2.o)
                0x00012864                LCD_2_PutChar
 .text.LCD_2_RXISR
                0x0001287c       0x80 .\CortexM3\ARM_GCC_493\Debug\Unificada.a(LCD_2_INT.o)
                0x0001287c                LCD_2_RXISR
 .text.IB1_Write
                0x000128fc       0x18 .\CortexM3\ARM_GCC_493\Debug\Unificada.a(IB1.o)
                0x000128fc                IB1_Write
 .text.IB1_Read
                0x00012914       0x10 .\CortexM3\ARM_GCC_493\Debug\Unificada.a(IB1.o)
                0x00012914                IB1_Read
 .text.IB2_Write
                0x00012924       0x18 .\CortexM3\ARM_GCC_493\Debug\Unificada.a(IB2.o)
                0x00012924                IB2_Write
 .text.IB2_Read
                0x0001293c        0xc .\CortexM3\ARM_GCC_493\Debug\Unificada.a(IB2.o)
                0x0001293c                IB2_Read
 .text.Timer_Animacion_Enable
                0x00012948       0x28 .\CortexM3\ARM_GCC_493\Debug\Unificada.a(Timer_Animacion.o)
                0x00012948                Timer_Animacion_Enable
 .text.Timer_Animacion_Stop
                0x00012970       0x28 .\CortexM3\ARM_GCC_493\Debug\Unificada.a(Timer_Animacion.o)
                0x00012970                Timer_Animacion_Stop
 .text.Timer_Animacion_SetInterruptMode
                0x00012998        0xc .\CortexM3\ARM_GCC_493\Debug\Unificada.a(Timer_Animacion.o)
                0x00012998                Timer_Animacion_SetInterruptMode
 .text.Timer_Animacion_ReadStatusRegister
                0x000129a4        0xc .\CortexM3\ARM_GCC_493\Debug\Unificada.a(Timer_Animacion.o)
                0x000129a4                Timer_Animacion_ReadStatusRegister
 .text.Timer_Animacion_WritePeriod
                0x000129b0        0xc .\CortexM3\ARM_GCC_493\Debug\Unificada.a(Timer_Animacion.o)
                0x000129b0                Timer_Animacion_WritePeriod
 .text.Timer_Animacion_WriteCounter
                0x000129bc        0xc .\CortexM3\ARM_GCC_493\Debug\Unificada.a(Timer_Animacion.o)
                0x000129bc                Timer_Animacion_WriteCounter
 .text.Timer_Animacion_Init
                0x000129c8       0x68 .\CortexM3\ARM_GCC_493\Debug\Unificada.a(Timer_Animacion.o)
                0x000129c8                Timer_Animacion_Init
 .text.Timer_Animacion_Start
                0x00012a30       0x1c .\CortexM3\ARM_GCC_493\Debug\Unificada.a(Timer_Animacion.o)
                0x00012a30                Timer_Animacion_Start
 .text.isr_3_SetVector
                0x00012a4c       0x10 .\CortexM3\ARM_GCC_493\Debug\Unificada.a(isr_3.o)
                0x00012a4c                isr_3_SetVector
 .text.isr_3_SetPriority
                0x00012a5c       0x10 .\CortexM3\ARM_GCC_493\Debug\Unificada.a(isr_3.o)
                0x00012a5c                isr_3_SetPriority
 .text.isr_3_Enable
                0x00012a6c       0x10 .\CortexM3\ARM_GCC_493\Debug\Unificada.a(isr_3.o)
                0x00012a6c                isr_3_Enable
 .text.isr_3_Disable
                0x00012a7c       0x10 .\CortexM3\ARM_GCC_493\Debug\Unificada.a(isr_3.o)
                0x00012a7c                isr_3_Disable
 .text.isr_3_StartEx
                0x00012a8c       0x1c .\CortexM3\ARM_GCC_493\Debug\Unificada.a(isr_3.o)
                0x00012a8c                isr_3_StartEx
 .text.isr_3_Stop
                0x00012aa8       0x14 .\CortexM3\ARM_GCC_493\Debug\Unificada.a(isr_3.o)
                0x00012aa8                isr_3_Stop
 .text.Timer_Animacion2_Enable
                0x00012abc       0x28 .\CortexM3\ARM_GCC_493\Debug\Unificada.a(Timer_Animacion2.o)
                0x00012abc                Timer_Animacion2_Enable
 .text.Timer_Animacion2_Stop
                0x00012ae4       0x28 .\CortexM3\ARM_GCC_493\Debug\Unificada.a(Timer_Animacion2.o)
                0x00012ae4                Timer_Animacion2_Stop
 .text.Timer_Animacion2_SetInterruptMode
                0x00012b0c        0xc .\CortexM3\ARM_GCC_493\Debug\Unificada.a(Timer_Animacion2.o)
                0x00012b0c                Timer_Animacion2_SetInterruptMode
 .text.Timer_Animacion2_ReadStatusRegister
                0x00012b18        0xc .\CortexM3\ARM_GCC_493\Debug\Unificada.a(Timer_Animacion2.o)
                0x00012b18                Timer_Animacion2_ReadStatusRegister
 .text.Timer_Animacion2_WritePeriod
                0x00012b24        0xc .\CortexM3\ARM_GCC_493\Debug\Unificada.a(Timer_Animacion2.o)
                0x00012b24                Timer_Animacion2_WritePeriod
 .text.Timer_Animacion2_WriteCounter
                0x00012b30        0xc .\CortexM3\ARM_GCC_493\Debug\Unificada.a(Timer_Animacion2.o)
                0x00012b30                Timer_Animacion2_WriteCounter
 .text.Timer_Animacion2_Init
                0x00012b3c       0x68 .\CortexM3\ARM_GCC_493\Debug\Unificada.a(Timer_Animacion2.o)
                0x00012b3c                Timer_Animacion2_Init
 .text.Timer_Animacion2_Start
                0x00012ba4       0x1c .\CortexM3\ARM_GCC_493\Debug\Unificada.a(Timer_Animacion2.o)
                0x00012ba4                Timer_Animacion2_Start
 .text.isr_4_SetVector
                0x00012bc0       0x10 .\CortexM3\ARM_GCC_493\Debug\Unificada.a(isr_4.o)
                0x00012bc0                isr_4_SetVector
 .text.isr_4_SetPriority
                0x00012bd0       0x10 .\CortexM3\ARM_GCC_493\Debug\Unificada.a(isr_4.o)
                0x00012bd0                isr_4_SetPriority
 .text.isr_4_Enable
                0x00012be0       0x10 .\CortexM3\ARM_GCC_493\Debug\Unificada.a(isr_4.o)
                0x00012be0                isr_4_Enable
 .text.isr_4_Disable
                0x00012bf0       0x10 .\CortexM3\ARM_GCC_493\Debug\Unificada.a(isr_4.o)
                0x00012bf0                isr_4_Disable
 .text.isr_4_StartEx
                0x00012c00       0x1c .\CortexM3\ARM_GCC_493\Debug\Unificada.a(isr_4.o)
                0x00012c00                isr_4_StartEx
 .text.isr_4_Stop
                0x00012c1c       0x14 .\CortexM3\ARM_GCC_493\Debug\Unificada.a(isr_4.o)
                0x00012c1c                isr_4_Stop
 .text.Timer_1_Enable
                0x00012c30       0x10 .\CortexM3\ARM_GCC_493\Debug\Unificada.a(Timer_1.o)
                0x00012c30                Timer_1_Enable
 .text.Timer_1_Stop
                0x00012c40       0x10 .\CortexM3\ARM_GCC_493\Debug\Unificada.a(Timer_1.o)
                0x00012c40                Timer_1_Stop
 .text.Timer_1_SetInterruptMode
                0x00012c50        0xc .\CortexM3\ARM_GCC_493\Debug\Unificada.a(Timer_1.o)
                0x00012c50                Timer_1_SetInterruptMode
 .text.Timer_1_ReadStatusRegister
                0x00012c5c        0xc .\CortexM3\ARM_GCC_493\Debug\Unificada.a(Timer_1.o)
                0x00012c5c                Timer_1_ReadStatusRegister
 .text.Timer_1_WritePeriod
                0x00012c68        0xc .\CortexM3\ARM_GCC_493\Debug\Unificada.a(Timer_1.o)
                0x00012c68                Timer_1_WritePeriod
 .text.Timer_1_ReadCapture
                0x00012c74        0xc .\CortexM3\ARM_GCC_493\Debug\Unificada.a(Timer_1.o)
                0x00012c74                Timer_1_ReadCapture
 .text.Timer_1_WriteCounter
                0x00012c80        0xc .\CortexM3\ARM_GCC_493\Debug\Unificada.a(Timer_1.o)
                0x00012c80                Timer_1_WriteCounter
 .text.Timer_1_ClearFIFO
                0x00012c8c       0x14 .\CortexM3\ARM_GCC_493\Debug\Unificada.a(Timer_1.o)
                0x00012c8c                Timer_1_ClearFIFO
 .text.Timer_1_Init
                0x00012ca0       0x30 .\CortexM3\ARM_GCC_493\Debug\Unificada.a(Timer_1.o)
                0x00012ca0                Timer_1_Init
 .text.Timer_1_Start
                0x00012cd0       0x1c .\CortexM3\ARM_GCC_493\Debug\Unificada.a(Timer_1.o)
                0x00012cd0                Timer_1_Start
 .text.isr_1_SetVector
                0x00012cec        0xc .\CortexM3\ARM_GCC_493\Debug\Unificada.a(isr_1.o)
                0x00012cec                isr_1_SetVector
 .text.isr_1_SetPriority
                0x00012cf8       0x10 .\CortexM3\ARM_GCC_493\Debug\Unificada.a(isr_1.o)
                0x00012cf8                isr_1_SetPriority
 .text.isr_1_Enable
                0x00012d08        0xc .\CortexM3\ARM_GCC_493\Debug\Unificada.a(isr_1.o)
                0x00012d08                isr_1_Enable
 .text.isr_1_Disable
                0x00012d14        0xc .\CortexM3\ARM_GCC_493\Debug\Unificada.a(isr_1.o)
                0x00012d14                isr_1_Disable
 .text.isr_1_StartEx
                0x00012d20       0x1c .\CortexM3\ARM_GCC_493\Debug\Unificada.a(isr_1.o)
                0x00012d20                isr_1_StartEx
 .text.VDAC8_1_Enable
                0x00012d3c       0x1c .\CortexM3\ARM_GCC_493\Debug\Unificada.a(VDAC8_1.o)
                0x00012d3c                VDAC8_1_Enable
 .text.VDAC8_1_Stop
                0x00012d58       0x1c .\CortexM3\ARM_GCC_493\Debug\Unificada.a(VDAC8_1.o)
                0x00012d58                VDAC8_1_Stop
 .text.VDAC8_1_SetSpeed
                0x00012d74       0x1c .\CortexM3\ARM_GCC_493\Debug\Unificada.a(VDAC8_1.o)
                0x00012d74                VDAC8_1_SetSpeed
 .text.VDAC8_1_SetValue
                0x00012d90        0xc .\CortexM3\ARM_GCC_493\Debug\Unificada.a(VDAC8_1.o)
                0x00012d90                VDAC8_1_SetValue
 .text.VDAC8_1_DacTrim
                0x00012d9c       0x24 .\CortexM3\ARM_GCC_493\Debug\Unificada.a(VDAC8_1.o)
                0x00012d9c                VDAC8_1_DacTrim
 .text.VDAC8_1_SetRange
                0x00012dc0       0x20 .\CortexM3\ARM_GCC_493\Debug\Unificada.a(VDAC8_1.o)
                0x00012dc0                VDAC8_1_SetRange
 .text.VDAC8_1_Init
                0x00012de0       0x20 .\CortexM3\ARM_GCC_493\Debug\Unificada.a(VDAC8_1.o)
                0x00012de0                VDAC8_1_Init
 .text.VDAC8_1_Start
                0x00012e00       0x24 .\CortexM3\ARM_GCC_493\Debug\Unificada.a(VDAC8_1.o)
                0x00012e00                VDAC8_1_Start
 .text.Timer_2_Enable
                0x00012e24       0x10 .\CortexM3\ARM_GCC_493\Debug\Unificada.a(Timer_2.o)
                0x00012e24                Timer_2_Enable
 .text.Timer_2_Stop
                0x00012e34       0x10 .\CortexM3\ARM_GCC_493\Debug\Unificada.a(Timer_2.o)
                0x00012e34                Timer_2_Stop
 .text.Timer_2_SetInterruptMode
                0x00012e44        0xc .\CortexM3\ARM_GCC_493\Debug\Unificada.a(Timer_2.o)
                0x00012e44                Timer_2_SetInterruptMode
 .text.Timer_2_ReadStatusRegister
                0x00012e50        0xc .\CortexM3\ARM_GCC_493\Debug\Unificada.a(Timer_2.o)
                0x00012e50                Timer_2_ReadStatusRegister
 .text.Timer_2_WritePeriod
                0x00012e5c        0xc .\CortexM3\ARM_GCC_493\Debug\Unificada.a(Timer_2.o)
                0x00012e5c                Timer_2_WritePeriod
 .text.Timer_2_ReadCapture
                0x00012e68        0xc .\CortexM3\ARM_GCC_493\Debug\Unificada.a(Timer_2.o)
                0x00012e68                Timer_2_ReadCapture
 .text.Timer_2_WriteCounter
                0x00012e74        0xc .\CortexM3\ARM_GCC_493\Debug\Unificada.a(Timer_2.o)
                0x00012e74                Timer_2_WriteCounter
 .text.Timer_2_ClearFIFO
                0x00012e80       0x14 .\CortexM3\ARM_GCC_493\Debug\Unificada.a(Timer_2.o)
                0x00012e80                Timer_2_ClearFIFO
 .text.Timer_2_Init
                0x00012e94       0x30 .\CortexM3\ARM_GCC_493\Debug\Unificada.a(Timer_2.o)
                0x00012e94                Timer_2_Init
 .text.Timer_2_Start
                0x00012ec4       0x1c .\CortexM3\ARM_GCC_493\Debug\Unificada.a(Timer_2.o)
                0x00012ec4                Timer_2_Start
 .text.isr_2_SetVector
                0x00012ee0        0xc .\CortexM3\ARM_GCC_493\Debug\Unificada.a(isr_2.o)
                0x00012ee0                isr_2_SetVector
 .text.isr_2_SetPriority
                0x00012eec       0x10 .\CortexM3\ARM_GCC_493\Debug\Unificada.a(isr_2.o)
                0x00012eec                isr_2_SetPriority
 .text.isr_2_Enable
                0x00012efc        0xc .\CortexM3\ARM_GCC_493\Debug\Unificada.a(isr_2.o)
                0x00012efc                isr_2_Enable
 .text.isr_2_Disable
                0x00012f08        0xc .\CortexM3\ARM_GCC_493\Debug\Unificada.a(isr_2.o)
                0x00012f08                isr_2_Disable
 .text.isr_2_StartEx
                0x00012f14       0x1c .\CortexM3\ARM_GCC_493\Debug\Unificada.a(isr_2.o)
                0x00012f14                isr_2_StartEx
 .text.VDAC8_2_Enable
                0x00012f30       0x1c .\CortexM3\ARM_GCC_493\Debug\Unificada.a(VDAC8_2.o)
                0x00012f30                VDAC8_2_Enable
 .text.VDAC8_2_Stop
                0x00012f4c       0x1c .\CortexM3\ARM_GCC_493\Debug\Unificada.a(VDAC8_2.o)
                0x00012f4c                VDAC8_2_Stop
 .text.VDAC8_2_SetSpeed
                0x00012f68       0x1c .\CortexM3\ARM_GCC_493\Debug\Unificada.a(VDAC8_2.o)
                0x00012f68                VDAC8_2_SetSpeed
 .text.VDAC8_2_SetValue
                0x00012f84        0xc .\CortexM3\ARM_GCC_493\Debug\Unificada.a(VDAC8_2.o)
                0x00012f84                VDAC8_2_SetValue
 .text.VDAC8_2_DacTrim
                0x00012f90       0x24 .\CortexM3\ARM_GCC_493\Debug\Unificada.a(VDAC8_2.o)
                0x00012f90                VDAC8_2_DacTrim
 .text.VDAC8_2_SetRange
                0x00012fb4       0x20 .\CortexM3\ARM_GCC_493\Debug\Unificada.a(VDAC8_2.o)
                0x00012fb4                VDAC8_2_SetRange
 .text.VDAC8_2_Init
                0x00012fd4       0x20 .\CortexM3\ARM_GCC_493\Debug\Unificada.a(VDAC8_2.o)
                0x00012fd4                VDAC8_2_Init
 .text.VDAC8_2_Start
                0x00012ff4       0x24 .\CortexM3\ARM_GCC_493\Debug\Unificada.a(VDAC8_2.o)
                0x00012ff4                VDAC8_2_Start
 .text.VDAC8_3_Enable
                0x00013018       0x1c .\CortexM3\ARM_GCC_493\Debug\Unificada.a(VDAC8_3.o)
                0x00013018                VDAC8_3_Enable
 .text.VDAC8_3_SetSpeed
                0x00013034       0x1c .\CortexM3\ARM_GCC_493\Debug\Unificada.a(VDAC8_3.o)
                0x00013034                VDAC8_3_SetSpeed
 .text.VDAC8_3_SetValue
                0x00013050        0xc .\CortexM3\ARM_GCC_493\Debug\Unificada.a(VDAC8_3.o)
                0x00013050                VDAC8_3_SetValue
 .text.VDAC8_3_DacTrim
                0x0001305c       0x24 .\CortexM3\ARM_GCC_493\Debug\Unificada.a(VDAC8_3.o)
                0x0001305c                VDAC8_3_DacTrim
 .text.VDAC8_3_SetRange
                0x00013080       0x20 .\CortexM3\ARM_GCC_493\Debug\Unificada.a(VDAC8_3.o)
                0x00013080                VDAC8_3_SetRange
 .text.VDAC8_3_Init
                0x000130a0       0x20 .\CortexM3\ARM_GCC_493\Debug\Unificada.a(VDAC8_3.o)
                0x000130a0                VDAC8_3_Init
 .text.VDAC8_3_Start
                0x000130c0       0x24 .\CortexM3\ARM_GCC_493\Debug\Unificada.a(VDAC8_3.o)
                0x000130c0                VDAC8_3_Start
 .text.SDown_Write
                0x000130e4       0x18 .\CortexM3\ARM_GCC_493\Debug\Unificada.a(SDown.o)
                0x000130e4                SDown_Write
 .text.Impresora_IntClock_Start
                0x000130fc       0x1c .\CortexM3\ARM_GCC_493\Debug\Unificada.a(Impresora_IntClock.o)
                0x000130fc                Impresora_IntClock_Start
 .text.PC_IntClock_Start
                0x00013118       0x1c .\CortexM3\ARM_GCC_493\Debug\Unificada.a(PC_IntClock.o)
                0x00013118                PC_IntClock_Start
 .text.LCD_1_IntClock_Start
                0x00013134       0x1c .\CortexM3\ARM_GCC_493\Debug\Unificada.a(LCD_1_IntClock.o)
                0x00013134                LCD_1_IntClock_Start
 .text.LCD_2_IntClock_Start
                0x00013150       0x1c .\CortexM3\ARM_GCC_493\Debug\Unificada.a(LCD_2_IntClock.o)
                0x00013150                LCD_2_IntClock_Start
 *fill*         0x0001316c        0x4 
 .text          0x00013170       0x20 .\CortexM3\ARM_GCC_493\Debug\Unificada.a(CyBootAsmGnu.o)
                0x00013170                CyDelayCycles
                0x00013180                CyEnterCriticalSection
                0x00013188                CyExitCriticalSection
 .text.CyHalt   0x00013190        0x4 .\CortexM3\ARM_GCC_493\Debug\Unificada.a(CyLib.o)
                0x00013190                CyHalt
 .text.CyDelay  0x00013194       0x2c .\CortexM3\ARM_GCC_493\Debug\Unificada.a(CyLib.o)
                0x00013194                CyDelay
 .text.CyDelayUs
                0x000131c0       0x14 .\CortexM3\ARM_GCC_493\Debug\Unificada.a(CyLib.o)
                0x000131c0                CyDelayUs
 .text.CyIntSetVector
                0x000131d4       0x28 .\CortexM3\ARM_GCC_493\Debug\Unificada.a(CyLib.o)
                0x000131d4                CyIntSetVector
 .text.CyIntSetPriority
                0x000131fc       0x30 .\CortexM3\ARM_GCC_493\Debug\Unificada.a(CyLib.o)
                0x000131fc                CyIntSetPriority
 .text.__libc_init_array
                0x0001322c       0x4c c:/program files (x86)/cypress/psoc creator/3.3/psoc creator/import/gnu/arm/4.9.3/bin/../lib/gcc/arm-none-eabi/4.9.3/../../../../arm-none-eabi/lib/armv7-m\libg_nano.a(lib_a-init.o)
                0x0001322c                __libc_init_array
 .text.memcpy   0x00013278       0x16 c:/program files (x86)/cypress/psoc creator/3.3/psoc creator/import/gnu/arm/4.9.3/bin/../lib/gcc/arm-none-eabi/4.9.3/../../../../arm-none-eabi/lib/armv7-m\libg_nano.a(lib_a-memcpy.o)
                0x00013278                memcpy
 .text.memset   0x0001328e       0x10 c:/program files (x86)/cypress/psoc creator/3.3/psoc creator/import/gnu/arm/4.9.3/bin/../lib/gcc/arm-none-eabi/4.9.3/../../../../arm-none-eabi/lib/armv7-m\libg_nano.a(lib_a-memset.o)
                0x0001328e                memset
 *(.plt)
 *(.gnu.warning)
 *(.glue_7t)
 .glue_7t       0x00000000        0x0 linker stubs
 *(.glue_7)
 .glue_7        0x00000000        0x0 linker stubs
 *(.vfp11_veneer)
 .vfp11_veneer  0x00000000        0x0 linker stubs
 *(.bootloader)
 *(.ARM.extab* .gnu.linkonce.armextab.*)
 *(.gcc_except_table)

.v4_bx          0x000132a0        0x0
 .v4_bx         0x00000000        0x0 linker stubs

.iplt           0x000132a0        0x0
 .iplt          0x00000000        0x0 c:/program files (x86)/cypress/psoc creator/3.3/psoc creator/import/gnu/arm/4.9.3/bin/../lib/gcc/arm-none-eabi/4.9.3/armv7-m/crtbegin.o

.eh_frame_hdr
 *(.eh_frame_hdr)

.eh_frame       0x000132a0        0x4
 *(.eh_frame)
 .eh_frame      0x000132a0        0x0 c:/program files (x86)/cypress/psoc creator/3.3/psoc creator/import/gnu/arm/4.9.3/bin/../lib/gcc/arm-none-eabi/4.9.3/armv7-m/crtbegin.o
 .eh_frame      0x000132a0        0x4 c:/program files (x86)/cypress/psoc creator/3.3/psoc creator/import/gnu/arm/4.9.3/bin/../lib/gcc/arm-none-eabi/4.9.3/armv7-m/crtend.o
                0x000132a4                PROVIDE (__exidx_start, .)

.ARM.exidx
 *(.ARM.exidx* .gnu.linkonce.armexidx.*)
                0x000132a4                __exidx_end = .

.rodata         0x000132a4     0xeabc
 *(.rodata .rodata.* .gnu.linkonce.r.*)
 .rodata        0x000132a4      0x100 .\CortexM3\ARM_GCC_493\Debug\LCD.o
 .rodata        0x000133a4     0x8370 .\CortexM3\ARM_GCC_493\Debug\Print.o
                0x000133b0                biomax
                0x00013998                brio
                0x00013f80                cencosud
                0x00014568                ecospetrol
                0x00014b50                esso
                0x00015138                gulf
                0x00015720                mineroil
                0x00015ad4                mobil
                0x00015e88                petrobras
                0x00016470                plus
                0x00016764                terpel
                0x00016d4c                texaco
                0x00017334                zeus
                0x00017628                petromil
                0x00017c10                biomax1
                0x00017fc0                brio1
                0x00018370                cencosud1
                0x00018720                ecospetrol1
                0x00018ad0                esso1
                0x00018e80                gulf1
                0x00019230                mineroil1
                0x000195e0                mobil1
                0x00019990                petrobras1
                0x00019d40                plus1
                0x0001a0f0                terpel1
                0x0001a4a0                texaco1
                0x0001a850                zeus1
                0x0001ac00                petromil1
                0x0001afb0                exito1
                0x0001b360                exito
 .rodata        0x0001b714        0xc .\CortexM3\ARM_GCC_493\Debug\Protocolo.o
 .rodata        0x0001b720     0x65a8 .\CortexM3\ARM_GCC_493\Debug\Sonido.o
                0x0001b720                Extra
                0x0001d538                Corriente
                0x0001fc40                Diesel
 .rodata        0x00021cc8       0x64 .\CortexM3\ARM_GCC_493\Debug\Unificada.a(cyfitter_cfg.o)
                0x00021d2c                . = ALIGN (0x4)
 *(.init)
 .init          0x00021d2c        0x4 c:/program files (x86)/cypress/psoc creator/3.3/psoc creator/import/gnu/arm/4.9.3/bin/../lib/gcc/arm-none-eabi/4.9.3/armv7-m/crti.o
                0x00021d2c                _init
 .init          0x00021d30        0x8 c:/program files (x86)/cypress/psoc creator/3.3/psoc creator/import/gnu/arm/4.9.3/bin/../lib/gcc/arm-none-eabi/4.9.3/armv7-m/crtn.o
                0x00021d38                . = ALIGN (0x4)
                0x00021d38                __preinit_array_start = .
 *(.preinit_array)
                0x00021d38                __preinit_array_end = .
                0x00021d38                . = ALIGN (0x4)
                0x00021d38                __init_array_start = .
 *(SORT(.init_array.*))
 *(.init_array)
 .init_array    0x00021d38        0x4 c:/program files (x86)/cypress/psoc creator/3.3/psoc creator/import/gnu/arm/4.9.3/bin/../lib/gcc/arm-none-eabi/4.9.3/armv7-m/crtbegin.o
 .init_array    0x00021d3c        0x4 .\CortexM3\ARM_GCC_493\Debug\Cm3Start.o
                0x00021d40                __init_array_end = .
                0x00021d40                . = ALIGN (0x4)
 *(.fini)
 .fini          0x00021d40        0x4 c:/program files (x86)/cypress/psoc creator/3.3/psoc creator/import/gnu/arm/4.9.3/bin/../lib/gcc/arm-none-eabi/4.9.3/armv7-m/crti.o
                0x00021d40                _fini
 .fini          0x00021d44        0x8 c:/program files (x86)/cypress/psoc creator/3.3/psoc creator/import/gnu/arm/4.9.3/bin/../lib/gcc/arm-none-eabi/4.9.3/armv7-m/crtn.o
                0x00021d4c                . = ALIGN (0x4)
                0x00021d4c                __fini_array_start = .
 *(.fini_array)
 .fini_array    0x00021d4c        0x4 c:/program files (x86)/cypress/psoc creator/3.3/psoc creator/import/gnu/arm/4.9.3/bin/../lib/gcc/arm-none-eabi/4.9.3/armv7-m/crtbegin.o
 *(SORT(.fini_array.*))
                0x00021d50                __fini_array_end = .
                0x00021d50                . = ALIGN (0x4)
 *crtbegin.o(.ctors)
 *(EXCLUDE_FILE(*crtend.o) .ctors)
 *(SORT(.ctors.*))
 *crtend.o(.ctors)
                0x00021d50                . = ALIGN (0x4)
 *crtbegin.o(.dtors)
 *(EXCLUDE_FILE(*crtend.o) .dtors)
 *(SORT(.dtors.*))
 *crtend.o(.dtors)
                0x00021d50                . = ALIGN (0x4)
                0x00021d50                __cy_regions = .
                0x00021d50        0x4 LONG 0x21d60 __cy_region_init_ram
                0x00021d54        0x4 LONG 0x1fff8108 __cy_region_start_data
                0x00021d58        0x4 LONG 0x1f0 __cy_region_init_size_ram
                0x00021d5c        0x4 LONG 0x7d0 __cy_region_zero_size_ram
                0x00021d60                __cy_regions_end = .
                0x00021d60                . = ALIGN (0x8)
                0x00021d60                _etext = .

.ramvectors     0x1fff8000      0x100
                0x1fff8000                __cy_region_start_ram = .
 *(.ramvectors)
 .ramvectors    0x1fff8000      0x100 .\CortexM3\ARM_GCC_493\Debug\Cm3Start.o
                0x1fff8000                CyRamVectors

.noinit         0x1fff8100        0x5
 *(.noinit)
 .noinit        0x1fff8100        0x4 .\CortexM3\ARM_GCC_493\Debug\Cm3Start.o
 .noinit        0x1fff8104        0x1 .\CortexM3\ARM_GCC_493\Debug\Unificada.a(CyLib.o)
                0x1fff8104                CyResetStatus

.data           0x1fff8108      0x1f0 load address 0x00021d60
                0x1fff8108                __cy_region_start_data = .
 *(.jcr)
 .jcr           0x1fff8108        0x0 c:/program files (x86)/cypress/psoc creator/3.3/psoc creator/import/gnu/arm/4.9.3/bin/../lib/gcc/arm-none-eabi/4.9.3/armv7-m/crtbegin.o
 .jcr           0x1fff8108        0x4 c:/program files (x86)/cypress/psoc creator/3.3/psoc creator/import/gnu/arm/4.9.3/bin/../lib/gcc/arm-none-eabi/4.9.3/armv7-m/crtend.o
 *(.got.plt)
 *(.got)
 *(.shdata)
 *(.data .data.* .gnu.linkonce.d.*)
 .data          0x1fff810c       0x60 .\CortexM3\ARM_GCC_493\Debug\main.o
                0x1fff810c                pasword_corte
                0x1fff8114                letras
                0x1fff8130                puk
                0x1fff8138                test
                0x1fff814c                borrado
                0x1fff8158                serial
 .data          0x1fff816c      0x12c .\CortexM3\ARM_GCC_493\Debug\Print.o
                0x1fff816c                msn_din
                0x1fff817c                msn_vol
                0x1fff818c                msn_eds
                0x1fff81a0                msn_nit
                0x1fff81a4                msn_tel
                0x1fff81a8                msn_numero
                0x1fff81b0                msn_fecha
                0x1fff81b8                msn_hora
                0x1fff81c0                msn_copia
                0x1fff81c8                msn_pos
                0x1fff81d4                msn_producto
                0x1fff81e0                msn_ppu
                0x1fff81f0                msn_placa
                0x1fff81fc                msn_cuenta
                0x1fff8208                msn_km
                0x1fff8214                msn_id
                0x1fff8220                msn_idcorte
                0x1fff8230                msn_fcorte
                0x1fff8240                msn_hcorte
                0x1fff8250                msn_ufcorte
                0x1fff8268                msn_uhcorte
                0x1fff8280                msn_consecutivo
 .data          0x1fff8298       0x50 .\CortexM3\ARM_GCC_493\Debug\Protocolo.o
                0x1fff8298                msn_tc
                0x1fff82a0                msn_lecact
                0x1fff82b0                msn_lecaan
                0x1fff82c4                msn_tventas
                0x1fff82d8                msn_totalcero
 .data          0x1fff82e8       0x10 .\CortexM3\ARM_GCC_493\Debug\Unificada.a(CyLib.o)
                0x1fff82e8                cydelay_32k_ms
                0x1fff82ec                cydelay_freq_khz
                0x1fff82f0                cydelay_freq_mhz
                0x1fff82f4                cydelay_freq_hz
                0x1fff82f8                . = ALIGN (0x8)
 *(.ram)
                0x1fff82f8                _edata = .

.igot.plt       0x1fff82f8        0x0 load address 0x00021f50
 .igot.plt      0x00000000        0x0 c:/program files (x86)/cypress/psoc creator/3.3/psoc creator/import/gnu/arm/4.9.3/bin/../lib/gcc/arm-none-eabi/4.9.3/armv7-m/crtbegin.o

.bss            0x1fff82f8      0x7d0 load address 0x00021f50
                0x1fff82f8                PROVIDE (__bss_start__, .)
 *(.shbss)
 *(.bss .bss.* .gnu.linkonce.b.*)
 .bss           0x1fff82f8       0x1c c:/program files (x86)/cypress/psoc creator/3.3/psoc creator/import/gnu/arm/4.9.3/bin/../lib/gcc/arm-none-eabi/4.9.3/armv7-m/crtbegin.o
 .bss           0x1fff8314        0xa .\CortexM3\ARM_GCC_493\Debug\Unificada.a(Surtidor.o)
                0x1fff8314                Surtidor_initVar
                0x1fff8316                Surtidor_rxBufferRead
                0x1fff8318                Surtidor_rxBufferWrite
                0x1fff831a                Surtidor_rxBufferLoopDetect
                0x1fff831b                Surtidor_rxBufferOverflow
 .bss           0x1fff831e        0x6 .\CortexM3\ARM_GCC_493\Debug\Unificada.a(Impresora.o)
                0x1fff831e                Impresora_initVar
                0x1fff831f                Impresora_rxBufferRead
                0x1fff8320                Impresora_rxBufferWrite
                0x1fff8321                Impresora_rxBufferLoopDetect
                0x1fff8322                Impresora_rxBufferOverflow
 .bss           0x1fff8324        0x6 .\CortexM3\ARM_GCC_493\Debug\Unificada.a(PC.o)
                0x1fff8324                PC_initVar
                0x1fff8325                PC_rxBufferRead
                0x1fff8326                PC_rxBufferWrite
                0x1fff8327                PC_rxBufferLoopDetect
                0x1fff8328                PC_rxBufferOverflow
 .bss           0x1fff832a        0x1 .\CortexM3\ARM_GCC_493\Debug\Unificada.a(I2C_1.o)
                0x1fff832a                I2C_1_initVar
 .bss           0x1fff832b        0x6 .\CortexM3\ARM_GCC_493\Debug\Unificada.a(LCD_1.o)
                0x1fff832b                LCD_1_initVar
                0x1fff832c                LCD_1_rxBufferRead
                0x1fff832d                LCD_1_rxBufferWrite
                0x1fff832e                LCD_1_rxBufferLoopDetect
                0x1fff832f                LCD_1_rxBufferOverflow
 .bss           0x1fff8331        0x6 .\CortexM3\ARM_GCC_493\Debug\Unificada.a(LCD_2.o)
                0x1fff8331                LCD_2_initVar
                0x1fff8332                LCD_2_rxBufferRead
                0x1fff8333                LCD_2_rxBufferWrite
                0x1fff8334                LCD_2_rxBufferLoopDetect
                0x1fff8335                LCD_2_rxBufferOverflow
 .bss           0x1fff8337        0x1 .\CortexM3\ARM_GCC_493\Debug\Unificada.a(Timer_Animacion.o)
                0x1fff8337                Timer_Animacion_initVar
 .bss           0x1fff8338        0x1 .\CortexM3\ARM_GCC_493\Debug\Unificada.a(Timer_Animacion2.o)
                0x1fff8338                Timer_Animacion2_initVar
 .bss           0x1fff8339        0x1 .\CortexM3\ARM_GCC_493\Debug\Unificada.a(Timer_1.o)
                0x1fff8339                Timer_1_initVar
 .bss           0x1fff833a        0x1 .\CortexM3\ARM_GCC_493\Debug\Unificada.a(VDAC8_1.o)
                0x1fff833a                VDAC8_1_initVar
 .bss           0x1fff833b        0x1 .\CortexM3\ARM_GCC_493\Debug\Unificada.a(Timer_2.o)
                0x1fff833b                Timer_2_initVar
 .bss           0x1fff833c        0x1 .\CortexM3\ARM_GCC_493\Debug\Unificada.a(VDAC8_2.o)
                0x1fff833c                VDAC8_2_initVar
 .bss           0x1fff833d        0x1 .\CortexM3\ARM_GCC_493\Debug\Unificada.a(VDAC8_3.o)
                0x1fff833d                VDAC8_3_initVar
 *(COMMON)
 *fill*         0x1fff833e        0x2 
 COMMON         0x1fff8340      0x56c .\CortexM3\ARM_GCC_493\Debug\main.o
                0x1fff8340                lado
                0x1fff8348                copia_recibo
                0x1fff834a                flujo_LCD
                0x1fff834b                comas1
                0x1fff834c                kero
                0x1fff834d                decimalD
                0x1fff8350                producto2n
                0x1fff835c                x
                0x1fff8360                modulo
                0x1fff84f0                ok_LCD1
                0x1fff84f2                id_corte
                0x1fff84f4                extra2
                0x1fff84f5                count_protector2
                0x1fff84f6                ok_LCD2
                0x1fff84f7                version
                0x1fff84f8                producto1n
                0x1fff8503                versurt
                0x1fff8504                crc_total
                0x1fff8508                producto4n
                0x1fff8514                w
                0x1fff8518                bandera
                0x1fff851a                estado_0
                0x1fff851b                flujo_LCD2
                0x1fff851c                diesel
                0x1fff851d                teclas1
                0x1fff851e                comas2
                0x1fff851f                producto
                0x1fff8520                z
                0x1fff8524                buffer_i2c
                0x1fff8564                cont1
                0x1fff8565                teclado2
                0x1fff8566                count_protector
                0x1fff8567                teclado
                0x1fff8568                pos_ibutton
                0x1fff856c                id_venta
                0x1fff8572                ppux10
                0x1fff8574                y
                0x1fff8578                rventa2
                0x1fff865c                tipo_imp
                0x1fff865e                corriente2
                0x1fff8660                print1
                0x1fff8662                producto2
                0x1fff8663                diesel2
                0x1fff8664                Buffer_LCD1
                0x1fff86fc                kero2
                0x1fff86fd                teclas2
                0x1fff8700                print2
                0x1fff8704                rventa
                0x1fff87e8                fecha_corte
                0x1fff87ee                extra
                0x1fff87ef                decimalV
                0x1fff87f0                resultado
                0x1fff8800                no_venta
                0x1fff8804                nombreproducto
                0x1fff8805                producto1
                0x1fff8808                Buffer_LCD2
                0x1fff88a0                producto3n
                0x1fff88ab                corriente
 COMMON         0x1fff88ac       0x10 .\CortexM3\ARM_GCC_493\Debug\Sonido.o
                0x1fff88ac                NextSample_2
                0x1fff88b0                i2
                0x1fff88b4                NextSample_1
                0x1fff88b8                i1
 COMMON         0x1fff88bc      0x100 .\CortexM3\ARM_GCC_493\Debug\Unificada.a(Surtidor.o)
                0x1fff88bc                Surtidor_rxBuffer
 COMMON         0x1fff89bc       0x64 .\CortexM3\ARM_GCC_493\Debug\Unificada.a(Impresora.o)
                0x1fff89bc                Impresora_rxBuffer
 COMMON         0x1fff8a20       0x64 .\CortexM3\ARM_GCC_493\Debug\Unificada.a(PC.o)
                0x1fff8a20                PC_rxBuffer
 COMMON         0x1fff8a84        0x1 .\CortexM3\ARM_GCC_493\Debug\Unificada.a(I2C_1.o)
                0x1fff8a84                I2C_1_state
 *fill*         0x1fff8a85        0x3 
 COMMON         0x1fff8a88       0x11 .\CortexM3\ARM_GCC_493\Debug\Unificada.a(I2C_1_MASTER.o)
                0x1fff8a88                I2C_1_mstrWrBufIndex
                0x1fff8a89                I2C_1_mstrControl
                0x1fff8a8a                I2C_1_mstrStatus
                0x1fff8a8b                I2C_1_mstrWrBufSize
                0x1fff8a8c                I2C_1_mstrRdBufIndex
                0x1fff8a90                I2C_1_mstrWrBufPtr
                0x1fff8a94                I2C_1_mstrRdBufPtr
                0x1fff8a98                I2C_1_mstrRdBufSize
 *fill*         0x1fff8a99        0x3 
 COMMON         0x1fff8a9c       0x14 .\CortexM3\ARM_GCC_493\Debug\Unificada.a(LCD_1.o)
                0x1fff8a9c                LCD_1_rxBuffer
 COMMON         0x1fff8ab0       0x14 .\CortexM3\ARM_GCC_493\Debug\Unificada.a(LCD_2.o)
                0x1fff8ab0                LCD_2_rxBuffer
                0x1fff8ac8                . = ALIGN (0x8)
 *fill*         0x1fff8ac4        0x4 
 *(.ram.b)
                0x1fff8ac8                _end = .
                0x1fff8ac8                __end = .
                0x1fff8ac8                PROVIDE (end, .)
                0x1fff8ac8                PROVIDE (__bss_end__, .)
                0x00021d60                __cy_region_init_ram = LOADADDR (.data)
                0x000001f0                __cy_region_init_size_ram = (_edata - ADDR (.data))
                0x000007d0                __cy_region_zero_size_ram = (_end - _edata)

.heap           0x1fff8ac8       0x80 load address 0x00021f50
                0x1fff8ac8                . = _end
                0x1fff8b48                . = (. + 0x80)
 *fill*         0x1fff8ac8       0x80 
                0x1fff8b48                __cy_heap_limit = .

.stack          0x20007800      0x800
                0x20007800                __cy_stack_limit = .
                0x20008000                . = (. + 0x800)
 *fill*         0x20007800      0x800 
                0x00000001                ASSERT ((__cy_stack_limit >= __cy_heap_limit), region RAM overflowed with stack)

.cyloadermeta   0xf0000000       0x40
 *(.cyloadermeta)
 .cyloadermeta  0xf0000000       0x40 .\CortexM3\ARM_GCC_493\Debug\cybootloader.o
                0xf0000000                cy_meta_loader

.cyloadablemeta
                0x0003ffc0       0x40
 *(.cyloadablemeta)
 .cyloadablemeta
                0x0003ffc0       0x40 .\CortexM3\ARM_GCC_493\Debug\cymetadata.o
                0x0003ffc0                cy_meta_loadable

.cyconfigecc    0x80000440     0x101c
 *(.cyconfigecc)
 .cyconfigecc   0x80000440     0x101c .\CortexM3\ARM_GCC_493\Debug\cymetadata.o
                0x80000440                cy_meta_configecc

.cycustnvl      0x90000000        0x4
 *(.cycustnvl)
 .cycustnvl     0x90000000        0x4 .\CortexM3\ARM_GCC_493\Debug\cybootloader.o
                0x90000000                cy_meta_custnvl

.cywolatch      0x90100000        0x4
 *(.cywolatch)
 .cywolatch     0x90100000        0x4 .\CortexM3\ARM_GCC_493\Debug\cybootloader.o
                0x90100000                cy_meta_wonvl

.cyeeprom       0x90200000        0x0
 *(.cyeeprom)
                0x00000001                ASSERT ((. <= ((0x90200000 + ee_offset) + ee_size)), .cyeeprom data will not fit in EEPROM)

.cyflashprotect
                0x90400000      0x100
 *(.cyflashprotect)
 .cyflashprotect
                0x90400000      0x100 .\CortexM3\ARM_GCC_493\Debug\cybootloader.o
                0x90400000                cy_meta_flashprotect

.cymeta         0x90500000        0xc
 *(.cymeta)
 .cymeta        0x90500000        0xc .\CortexM3\ARM_GCC_493\Debug\cybootloader.o
                0x90500000                cy_metadata

.rel.dyn        0x00040000        0x0 load address 0x9050000c
 .rel.iplt      0x00000000        0x0 c:/program files (x86)/cypress/psoc creator/3.3/psoc creator/import/gnu/arm/4.9.3/bin/../lib/gcc/arm-none-eabi/4.9.3/armv7-m/crtbegin.o

.stab
 *(.stab)

.stabstr
 *(.stabstr)

.debug
 *(.debug)

.line
 *(.line)

.debug_srcinfo
 *(.debug_srcinfo)

.debug_sfnames
 *(.debug_sfnames)

.debug_aranges  0x00000000     0x1610
 *(.debug_aranges)
 .debug_aranges
                0x00000000       0x58 .\CortexM3\ARM_GCC_493\Debug\main.o
 .debug_aranges
                0x00000058       0x50 .\CortexM3\ARM_GCC_493\Debug\I2C.o
 .debug_aranges
                0x000000a8       0x48 .\CortexM3\ARM_GCC_493\Debug\ibuton.o
 .debug_aranges
                0x000000f0       0x90 .\CortexM3\ARM_GCC_493\Debug\LCD.o
 .debug_aranges
                0x00000180       0x58 .\CortexM3\ARM_GCC_493\Debug\Print.o
 .debug_aranges
                0x000001d8       0x60 .\CortexM3\ARM_GCC_493\Debug\Protocolo.o
 .debug_aranges
                0x00000238       0x30 .\CortexM3\ARM_GCC_493\Debug\Sonido.o
 .debug_aranges
                0x00000268       0x18 .\CortexM3\ARM_GCC_493\Debug\cybootloader.o
 .debug_aranges
                0x00000280       0x18 .\CortexM3\ARM_GCC_493\Debug\cymetadata.o
 .debug_aranges
                0x00000298       0x48 .\CortexM3\ARM_GCC_493\Debug\Cm3Start.o
 .debug_aranges
                0x000002e0       0x58 .\CortexM3\ARM_GCC_493\Debug\Unificada.a(cyfitter_cfg.o)
 .debug_aranges
                0x00000338      0x100 .\CortexM3\ARM_GCC_493\Debug\Unificada.a(Surtidor.o)
 .debug_aranges
                0x00000438       0x20 .\CortexM3\ARM_GCC_493\Debug\Unificada.a(Surtidor_INT.o)
 .debug_aranges
                0x00000458      0x100 .\CortexM3\ARM_GCC_493\Debug\Unificada.a(Impresora.o)
 .debug_aranges
                0x00000558       0x20 .\CortexM3\ARM_GCC_493\Debug\Unificada.a(Impresora_INT.o)
 .debug_aranges
                0x00000578      0x100 .\CortexM3\ARM_GCC_493\Debug\Unificada.a(PC.o)
 .debug_aranges
                0x00000678       0x20 .\CortexM3\ARM_GCC_493\Debug\Unificada.a(PC_INT.o)
 .debug_aranges
                0x00000698       0x38 .\CortexM3\ARM_GCC_493\Debug\Unificada.a(I2C_1.o)
 .debug_aranges
                0x000006d0       0x20 .\CortexM3\ARM_GCC_493\Debug\Unificada.a(I2C_1_INT.o)
 .debug_aranges
                0x000006f0       0x38 .\CortexM3\ARM_GCC_493\Debug\Unificada.a(I2C_1_PM.o)
 .debug_aranges
                0x00000728       0x88 .\CortexM3\ARM_GCC_493\Debug\Unificada.a(I2C_1_MASTER.o)
 .debug_aranges
                0x000007b0       0x38 .\CortexM3\ARM_GCC_493\Debug\Unificada.a(Pin_WP.o)
 .debug_aranges
                0x000007e8      0x100 .\CortexM3\ARM_GCC_493\Debug\Unificada.a(LCD_1.o)
 .debug_aranges
                0x000008e8       0x20 .\CortexM3\ARM_GCC_493\Debug\Unificada.a(LCD_1_INT.o)
 .debug_aranges
                0x00000908      0x100 .\CortexM3\ARM_GCC_493\Debug\Unificada.a(LCD_2.o)
 .debug_aranges
                0x00000a08       0x20 .\CortexM3\ARM_GCC_493\Debug\Unificada.a(LCD_2_INT.o)
 .debug_aranges
                0x00000a28       0x38 .\CortexM3\ARM_GCC_493\Debug\Unificada.a(IB1.o)
 .debug_aranges
                0x00000a60       0x38 .\CortexM3\ARM_GCC_493\Debug\Unificada.a(IB2.o)
 .debug_aranges
                0x00000a98       0x88 .\CortexM3\ARM_GCC_493\Debug\Unificada.a(Timer_Animacion.o)
 .debug_aranges
                0x00000b20       0x80 .\CortexM3\ARM_GCC_493\Debug\Unificada.a(isr_3.o)
 .debug_aranges
                0x00000ba0       0x88 .\CortexM3\ARM_GCC_493\Debug\Unificada.a(Timer_Animacion2.o)
 .debug_aranges
                0x00000c28       0x80 .\CortexM3\ARM_GCC_493\Debug\Unificada.a(isr_4.o)
 .debug_aranges
                0x00000ca8       0x90 .\CortexM3\ARM_GCC_493\Debug\Unificada.a(Timer_1.o)
 .debug_aranges
                0x00000d38       0x80 .\CortexM3\ARM_GCC_493\Debug\Unificada.a(isr_1.o)
 .debug_aranges
                0x00000db8       0x58 .\CortexM3\ARM_GCC_493\Debug\Unificada.a(VDAC8_1.o)
 .debug_aranges
                0x00000e10       0x90 .\CortexM3\ARM_GCC_493\Debug\Unificada.a(Timer_2.o)
 .debug_aranges
                0x00000ea0       0x80 .\CortexM3\ARM_GCC_493\Debug\Unificada.a(isr_2.o)
 .debug_aranges
                0x00000f20       0x58 .\CortexM3\ARM_GCC_493\Debug\Unificada.a(VDAC8_2.o)
 .debug_aranges
                0x00000f78       0x58 .\CortexM3\ARM_GCC_493\Debug\Unificada.a(VDAC8_3.o)
 .debug_aranges
                0x00000fd0       0x38 .\CortexM3\ARM_GCC_493\Debug\Unificada.a(SDown.o)
 .debug_aranges
                0x00001008       0x70 .\CortexM3\ARM_GCC_493\Debug\Unificada.a(Impresora_IntClock.o)
 .debug_aranges
                0x00001078       0x70 .\CortexM3\ARM_GCC_493\Debug\Unificada.a(PC_IntClock.o)
 .debug_aranges
                0x000010e8       0x70 .\CortexM3\ARM_GCC_493\Debug\Unificada.a(LCD_1_IntClock.o)
 .debug_aranges
                0x00001158       0x70 .\CortexM3\ARM_GCC_493\Debug\Unificada.a(LCD_2_IntClock.o)
 .debug_aranges
                0x000011c8       0x20 .\CortexM3\ARM_GCC_493\Debug\Unificada.a(CyBootAsmGnu.o)
 .debug_aranges
                0x000011e8      0x298 .\CortexM3\ARM_GCC_493\Debug\Unificada.a(CyLib.o)
 .debug_aranges
                0x00001480       0x98 .\CortexM3\ARM_GCC_493\Debug\Unificada.a(cyPm.o)
 .debug_aranges
                0x00001518       0x80 .\CortexM3\ARM_GCC_493\Debug\Unificada.a(CyFlash.o)
 .debug_aranges
                0x00001598       0x78 .\CortexM3\ARM_GCC_493\Debug\Unificada.a(CySpc.o)

.debug_pubnames
 *(.debug_pubnames)

.debug_info     0x00000000    0x1b9de
 *(.debug_info .gnu.linkonce.wi.*)
 .debug_info    0x00000000     0x7ecb .\CortexM3\ARM_GCC_493\Debug\main.o
 .debug_info    0x00007ecb      0xd63 .\CortexM3\ARM_GCC_493\Debug\I2C.o
 .debug_info    0x00008c2e     0x13dd .\CortexM3\ARM_GCC_493\Debug\ibuton.o
 .debug_info    0x0000a00b     0x1371 .\CortexM3\ARM_GCC_493\Debug\LCD.o
 .debug_info    0x0000b37c     0x2a47 .\CortexM3\ARM_GCC_493\Debug\Print.o
 .debug_info    0x0000ddc3     0x3bd0 .\CortexM3\ARM_GCC_493\Debug\Protocolo.o
 .debug_info    0x00011993      0xa61 .\CortexM3\ARM_GCC_493\Debug\Sonido.o
 .debug_info    0x000123f4      0x164 .\CortexM3\ARM_GCC_493\Debug\cybootloader.o
 .debug_info    0x00012558       0xd8 .\CortexM3\ARM_GCC_493\Debug\cymetadata.o
 .debug_info    0x00012630      0x3a3 .\CortexM3\ARM_GCC_493\Debug\Cm3Start.o
 .debug_info    0x000129d3      0x666 .\CortexM3\ARM_GCC_493\Debug\Unificada.a(cyfitter_cfg.o)
 .debug_info    0x00013039      0x788 .\CortexM3\ARM_GCC_493\Debug\Unificada.a(Surtidor.o)
 .debug_info    0x000137c1      0x139 .\CortexM3\ARM_GCC_493\Debug\Unificada.a(Surtidor_INT.o)
 .debug_info    0x000138fa      0x7ae .\CortexM3\ARM_GCC_493\Debug\Unificada.a(Impresora.o)
 .debug_info    0x000140a8      0x129 .\CortexM3\ARM_GCC_493\Debug\Unificada.a(Impresora_INT.o)
 .debug_info    0x000141d1      0x7ae .\CortexM3\ARM_GCC_493\Debug\Unificada.a(PC.o)
 .debug_info    0x0001497f      0x129 .\CortexM3\ARM_GCC_493\Debug\Unificada.a(PC_INT.o)
 .debug_info    0x00014aa8      0x2d4 .\CortexM3\ARM_GCC_493\Debug\Unificada.a(I2C_1.o)
 .debug_info    0x00014d7c      0x191 .\CortexM3\ARM_GCC_493\Debug\Unificada.a(I2C_1_INT.o)
 .debug_info    0x00014f0d      0x1ef .\CortexM3\ARM_GCC_493\Debug\Unificada.a(I2C_1_PM.o)
 .debug_info    0x000150fc      0x410 .\CortexM3\ARM_GCC_493\Debug\Unificada.a(I2C_1_MASTER.o)
 .debug_info    0x0001550c      0x11e .\CortexM3\ARM_GCC_493\Debug\Unificada.a(Pin_WP.o)
 .debug_info    0x0001562a      0x7ae .\CortexM3\ARM_GCC_493\Debug\Unificada.a(LCD_1.o)
 .debug_info    0x00015dd8      0x129 .\CortexM3\ARM_GCC_493\Debug\Unificada.a(LCD_1_INT.o)
 .debug_info    0x00015f01      0x7ae .\CortexM3\ARM_GCC_493\Debug\Unificada.a(LCD_2.o)
 .debug_info    0x000166af      0x129 .\CortexM3\ARM_GCC_493\Debug\Unificada.a(LCD_2_INT.o)
 .debug_info    0x000167d8      0x11e .\CortexM3\ARM_GCC_493\Debug\Unificada.a(IB1.o)
 .debug_info    0x000168f6      0x120 .\CortexM3\ARM_GCC_493\Debug\Unificada.a(IB2.o)
 .debug_info    0x00016a16      0x28c .\CortexM3\ARM_GCC_493\Debug\Unificada.a(Timer_Animacion.o)
 .debug_info    0x00016ca2      0x2c9 .\CortexM3\ARM_GCC_493\Debug\Unificada.a(isr_3.o)
 .debug_info    0x00016f6b      0x28c .\CortexM3\ARM_GCC_493\Debug\Unificada.a(Timer_Animacion2.o)
 .debug_info    0x000171f7      0x2c9 .\CortexM3\ARM_GCC_493\Debug\Unificada.a(isr_4.o)
 .debug_info    0x000174c0      0x2c9 .\CortexM3\ARM_GCC_493\Debug\Unificada.a(Timer_1.o)
 .debug_info    0x00017789      0x2c9 .\CortexM3\ARM_GCC_493\Debug\Unificada.a(isr_1.o)
 .debug_info    0x00017a52      0x1dc .\CortexM3\ARM_GCC_493\Debug\Unificada.a(VDAC8_1.o)
 .debug_info    0x00017c2e      0x2c9 .\CortexM3\ARM_GCC_493\Debug\Unificada.a(Timer_2.o)
 .debug_info    0x00017ef7      0x2c9 .\CortexM3\ARM_GCC_493\Debug\Unificada.a(isr_2.o)
 .debug_info    0x000181c0      0x1dc .\CortexM3\ARM_GCC_493\Debug\Unificada.a(VDAC8_2.o)
 .debug_info    0x0001839c      0x1de .\CortexM3\ARM_GCC_493\Debug\Unificada.a(VDAC8_3.o)
 .debug_info    0x0001857a      0x11e .\CortexM3\ARM_GCC_493\Debug\Unificada.a(SDown.o)
 .debug_info    0x00018698      0x281 .\CortexM3\ARM_GCC_493\Debug\Unificada.a(Impresora_IntClock.o)
 .debug_info    0x00018919      0x281 .\CortexM3\ARM_GCC_493\Debug\Unificada.a(PC_IntClock.o)
 .debug_info    0x00018b9a      0x281 .\CortexM3\ARM_GCC_493\Debug\Unificada.a(LCD_1_IntClock.o)
 .debug_info    0x00018e1b      0x281 .\CortexM3\ARM_GCC_493\Debug\Unificada.a(LCD_2_IntClock.o)
 .debug_info    0x0001909c       0x8c .\CortexM3\ARM_GCC_493\Debug\Unificada.a(CyBootAsmGnu.o)
 .debug_info    0x00019128     0x136c .\CortexM3\ARM_GCC_493\Debug\Unificada.a(CyLib.o)
 .debug_info    0x0001a494      0xa55 .\CortexM3\ARM_GCC_493\Debug\Unificada.a(cyPm.o)
 .debug_info    0x0001aee9      0x608 .\CortexM3\ARM_GCC_493\Debug\Unificada.a(CyFlash.o)
 .debug_info    0x0001b4f1      0x4ed .\CortexM3\ARM_GCC_493\Debug\Unificada.a(CySpc.o)

.debug_abbrev   0x00000000     0x4147
 *(.debug_abbrev)
 .debug_abbrev  0x00000000      0x1f3 .\CortexM3\ARM_GCC_493\Debug\main.o
 .debug_abbrev  0x000001f3      0x214 .\CortexM3\ARM_GCC_493\Debug\I2C.o
 .debug_abbrev  0x00000407      0x1f4 .\CortexM3\ARM_GCC_493\Debug\ibuton.o
 .debug_abbrev  0x000005fb      0x1a9 .\CortexM3\ARM_GCC_493\Debug\LCD.o
 .debug_abbrev  0x000007a4      0x209 .\CortexM3\ARM_GCC_493\Debug\Print.o
 .debug_abbrev  0x000009ad      0x241 .\CortexM3\ARM_GCC_493\Debug\Protocolo.o
 .debug_abbrev  0x00000bee      0x177 .\CortexM3\ARM_GCC_493\Debug\Sonido.o
 .debug_abbrev  0x00000d65       0x77 .\CortexM3\ARM_GCC_493\Debug\cybootloader.o
 .debug_abbrev  0x00000ddc       0x66 .\CortexM3\ARM_GCC_493\Debug\cymetadata.o
 .debug_abbrev  0x00000e42      0x20f .\CortexM3\ARM_GCC_493\Debug\Cm3Start.o
 .debug_abbrev  0x00001051      0x223 .\CortexM3\ARM_GCC_493\Debug\Unificada.a(cyfitter_cfg.o)
 .debug_abbrev  0x00001274      0x1dd .\CortexM3\ARM_GCC_493\Debug\Unificada.a(Surtidor.o)
 .debug_abbrev  0x00001451       0x97 .\CortexM3\ARM_GCC_493\Debug\Unificada.a(Surtidor_INT.o)
 .debug_abbrev  0x000014e8      0x1dd .\CortexM3\ARM_GCC_493\Debug\Unificada.a(Impresora.o)
 .debug_abbrev  0x000016c5       0x97 .\CortexM3\ARM_GCC_493\Debug\Unificada.a(Impresora_INT.o)
 .debug_abbrev  0x0000175c      0x1dd .\CortexM3\ARM_GCC_493\Debug\Unificada.a(PC.o)
 .debug_abbrev  0x00001939       0x97 .\CortexM3\ARM_GCC_493\Debug\Unificada.a(PC_INT.o)
 .debug_abbrev  0x000019d0      0x159 .\CortexM3\ARM_GCC_493\Debug\Unificada.a(I2C_1.o)
 .debug_abbrev  0x00001b29       0xe8 .\CortexM3\ARM_GCC_493\Debug\Unificada.a(I2C_1_INT.o)
 .debug_abbrev  0x00001c11      0x12b .\CortexM3\ARM_GCC_493\Debug\Unificada.a(I2C_1_PM.o)
 .debug_abbrev  0x00001d3c      0x149 .\CortexM3\ARM_GCC_493\Debug\Unificada.a(I2C_1_MASTER.o)
 .debug_abbrev  0x00001e85       0x9d .\CortexM3\ARM_GCC_493\Debug\Unificada.a(Pin_WP.o)
 .debug_abbrev  0x00001f22      0x1dd .\CortexM3\ARM_GCC_493\Debug\Unificada.a(LCD_1.o)
 .debug_abbrev  0x000020ff       0x97 .\CortexM3\ARM_GCC_493\Debug\Unificada.a(LCD_1_INT.o)
 .debug_abbrev  0x00002196      0x1dd .\CortexM3\ARM_GCC_493\Debug\Unificada.a(LCD_2.o)
 .debug_abbrev  0x00002373       0x97 .\CortexM3\ARM_GCC_493\Debug\Unificada.a(LCD_2_INT.o)
 .debug_abbrev  0x0000240a       0x9d .\CortexM3\ARM_GCC_493\Debug\Unificada.a(IB1.o)
 .debug_abbrev  0x000024a7       0x9d .\CortexM3\ARM_GCC_493\Debug\Unificada.a(IB2.o)
 .debug_abbrev  0x00002544      0x127 .\CortexM3\ARM_GCC_493\Debug\Unificada.a(Timer_Animacion.o)
 .debug_abbrev  0x0000266b      0x180 .\CortexM3\ARM_GCC_493\Debug\Unificada.a(isr_3.o)
 .debug_abbrev  0x000027eb      0x127 .\CortexM3\ARM_GCC_493\Debug\Unificada.a(Timer_Animacion2.o)
 .debug_abbrev  0x00002912      0x180 .\CortexM3\ARM_GCC_493\Debug\Unificada.a(isr_4.o)
 .debug_abbrev  0x00002a92      0x152 .\CortexM3\ARM_GCC_493\Debug\Unificada.a(Timer_1.o)
 .debug_abbrev  0x00002be4      0x180 .\CortexM3\ARM_GCC_493\Debug\Unificada.a(isr_1.o)
 .debug_abbrev  0x00002d64      0x104 .\CortexM3\ARM_GCC_493\Debug\Unificada.a(VDAC8_1.o)
 .debug_abbrev  0x00002e68      0x152 .\CortexM3\ARM_GCC_493\Debug\Unificada.a(Timer_2.o)
 .debug_abbrev  0x00002fba      0x180 .\CortexM3\ARM_GCC_493\Debug\Unificada.a(isr_2.o)
 .debug_abbrev  0x0000313a      0x104 .\CortexM3\ARM_GCC_493\Debug\Unificada.a(VDAC8_2.o)
 .debug_abbrev  0x0000323e      0x104 .\CortexM3\ARM_GCC_493\Debug\Unificada.a(VDAC8_3.o)
 .debug_abbrev  0x00003342       0x9d .\CortexM3\ARM_GCC_493\Debug\Unificada.a(SDown.o)
 .debug_abbrev  0x000033df      0x146 .\CortexM3\ARM_GCC_493\Debug\Unificada.a(Impresora_IntClock.o)
 .debug_abbrev  0x00003525      0x146 .\CortexM3\ARM_GCC_493\Debug\Unificada.a(PC_IntClock.o)
 .debug_abbrev  0x0000366b      0x146 .\CortexM3\ARM_GCC_493\Debug\Unificada.a(LCD_1_IntClock.o)
 .debug_abbrev  0x000037b1      0x146 .\CortexM3\ARM_GCC_493\Debug\Unificada.a(LCD_2_IntClock.o)
 .debug_abbrev  0x000038f7       0x14 .\CortexM3\ARM_GCC_493\Debug\Unificada.a(CyBootAsmGnu.o)
 .debug_abbrev  0x0000390b      0x296 .\CortexM3\ARM_GCC_493\Debug\Unificada.a(CyLib.o)
 .debug_abbrev  0x00003ba1      0x1fa .\CortexM3\ARM_GCC_493\Debug\Unificada.a(cyPm.o)
 .debug_abbrev  0x00003d9b      0x1de .\CortexM3\ARM_GCC_493\Debug\Unificada.a(CyFlash.o)
 .debug_abbrev  0x00003f79      0x1ce .\CortexM3\ARM_GCC_493\Debug\Unificada.a(CySpc.o)

.debug_line     0x00000000     0x8c91
 *(.debug_line)
 .debug_line    0x00000000     0x1763 .\CortexM3\ARM_GCC_493\Debug\main.o
 .debug_line    0x00001763      0x322 .\CortexM3\ARM_GCC_493\Debug\I2C.o
 .debug_line    0x00001a85      0x3f1 .\CortexM3\ARM_GCC_493\Debug\ibuton.o
 .debug_line    0x00001e76      0x67a .\CortexM3\ARM_GCC_493\Debug\LCD.o
 .debug_line    0x000024f0      0xc56 .\CortexM3\ARM_GCC_493\Debug\Print.o
 .debug_line    0x00003146     0x1676 .\CortexM3\ARM_GCC_493\Debug\Protocolo.o
 .debug_line    0x000047bc      0x259 .\CortexM3\ARM_GCC_493\Debug\Sonido.o
 .debug_line    0x00004a15       0x55 .\CortexM3\ARM_GCC_493\Debug\cybootloader.o
 .debug_line    0x00004a6a       0x53 .\CortexM3\ARM_GCC_493\Debug\cymetadata.o
 .debug_line    0x00004abd      0x246 .\CortexM3\ARM_GCC_493\Debug\Cm3Start.o
 .debug_line    0x00004d03      0x219 .\CortexM3\ARM_GCC_493\Debug\Unificada.a(cyfitter_cfg.o)
 .debug_line    0x00004f1c      0x31b .\CortexM3\ARM_GCC_493\Debug\Unificada.a(Surtidor.o)
 .debug_line    0x00005237       0x8e .\CortexM3\ARM_GCC_493\Debug\Unificada.a(Surtidor_INT.o)
 .debug_line    0x000052c5      0x334 .\CortexM3\ARM_GCC_493\Debug\Unificada.a(Impresora.o)
 .debug_line    0x000055f9       0x90 .\CortexM3\ARM_GCC_493\Debug\Unificada.a(Impresora_INT.o)
 .debug_line    0x00005689      0x326 .\CortexM3\ARM_GCC_493\Debug\Unificada.a(PC.o)
 .debug_line    0x000059af       0x82 .\CortexM3\ARM_GCC_493\Debug\Unificada.a(PC_INT.o)
 .debug_line    0x00005a31       0xde .\CortexM3\ARM_GCC_493\Debug\Unificada.a(I2C_1.o)
 .debug_line    0x00005b0f      0x12a .\CortexM3\ARM_GCC_493\Debug\Unificada.a(I2C_1_INT.o)
 .debug_line    0x00005c39       0xc4 .\CortexM3\ARM_GCC_493\Debug\Unificada.a(I2C_1_PM.o)
 .debug_line    0x00005cfd      0x203 .\CortexM3\ARM_GCC_493\Debug\Unificada.a(I2C_1_MASTER.o)
 .debug_line    0x00005f00       0x95 .\CortexM3\ARM_GCC_493\Debug\Unificada.a(Pin_WP.o)
 .debug_line    0x00005f95      0x32c .\CortexM3\ARM_GCC_493\Debug\Unificada.a(LCD_1.o)
 .debug_line    0x000062c1       0x88 .\CortexM3\ARM_GCC_493\Debug\Unificada.a(LCD_1_INT.o)
 .debug_line    0x00006349      0x32c .\CortexM3\ARM_GCC_493\Debug\Unificada.a(LCD_2.o)
 .debug_line    0x00006675       0x88 .\CortexM3\ARM_GCC_493\Debug\Unificada.a(LCD_2_INT.o)
 .debug_line    0x000066fd       0x92 .\CortexM3\ARM_GCC_493\Debug\Unificada.a(IB1.o)
 .debug_line    0x0000678f       0x92 .\CortexM3\ARM_GCC_493\Debug\Unificada.a(IB2.o)
 .debug_line    0x00006821      0x15f .\CortexM3\ARM_GCC_493\Debug\Unificada.a(Timer_Animacion.o)
 .debug_line    0x00006980      0x14b .\CortexM3\ARM_GCC_493\Debug\Unificada.a(isr_3.o)
 .debug_line    0x00006acb      0x160 .\CortexM3\ARM_GCC_493\Debug\Unificada.a(Timer_Animacion2.o)
 .debug_line    0x00006c2b      0x14b .\CortexM3\ARM_GCC_493\Debug\Unificada.a(isr_4.o)
 .debug_line    0x00006d76      0x174 .\CortexM3\ARM_GCC_493\Debug\Unificada.a(Timer_1.o)
 .debug_line    0x00006eea      0x14b .\CortexM3\ARM_GCC_493\Debug\Unificada.a(isr_1.o)
 .debug_line    0x00007035       0xe6 .\CortexM3\ARM_GCC_493\Debug\Unificada.a(VDAC8_1.o)
 .debug_line    0x0000711b      0x174 .\CortexM3\ARM_GCC_493\Debug\Unificada.a(Timer_2.o)
 .debug_line    0x0000728f      0x14b .\CortexM3\ARM_GCC_493\Debug\Unificada.a(isr_2.o)
 .debug_line    0x000073da       0xe6 .\CortexM3\ARM_GCC_493\Debug\Unificada.a(VDAC8_2.o)
 .debug_line    0x000074c0       0xe6 .\CortexM3\ARM_GCC_493\Debug\Unificada.a(VDAC8_3.o)
 .debug_line    0x000075a6       0x94 .\CortexM3\ARM_GCC_493\Debug\Unificada.a(SDown.o)
 .debug_line    0x0000763a      0x19a .\CortexM3\ARM_GCC_493\Debug\Unificada.a(Impresora_IntClock.o)
 .debug_line    0x000077d4      0x193 .\CortexM3\ARM_GCC_493\Debug\Unificada.a(PC_IntClock.o)
 .debug_line    0x00007967      0x196 .\CortexM3\ARM_GCC_493\Debug\Unificada.a(LCD_1_IntClock.o)
 .debug_line    0x00007afd      0x196 .\CortexM3\ARM_GCC_493\Debug\Unificada.a(LCD_2_IntClock.o)
 .debug_line    0x00007c93       0x68 .\CortexM3\ARM_GCC_493\Debug\Unificada.a(CyBootAsmGnu.o)
 .debug_line    0x00007cfb      0x806 .\CortexM3\ARM_GCC_493\Debug\Unificada.a(CyLib.o)
 .debug_line    0x00008501      0x366 .\CortexM3\ARM_GCC_493\Debug\Unificada.a(cyPm.o)
 .debug_line    0x00008867      0x1ec .\CortexM3\ARM_GCC_493\Debug\Unificada.a(CyFlash.o)
 .debug_line    0x00008a53      0x23e .\CortexM3\ARM_GCC_493\Debug\Unificada.a(CySpc.o)

.debug_frame    0x00000000     0x3528
 *(.debug_frame)
 .debug_frame   0x00000000       0xf8 .\CortexM3\ARM_GCC_493\Debug\main.o
 .debug_frame   0x000000f8       0xfc .\CortexM3\ARM_GCC_493\Debug\I2C.o
 .debug_frame   0x000001f4       0xc4 .\CortexM3\ARM_GCC_493\Debug\ibuton.o
 .debug_frame   0x000002b8      0x254 .\CortexM3\ARM_GCC_493\Debug\LCD.o
 .debug_frame   0x0000050c      0x134 .\CortexM3\ARM_GCC_493\Debug\Print.o
 .debug_frame   0x00000640      0x140 .\CortexM3\ARM_GCC_493\Debug\Protocolo.o
 .debug_frame   0x00000780       0x64 .\CortexM3\ARM_GCC_493\Debug\Sonido.o
 .debug_frame   0x000007e4       0xac .\CortexM3\ARM_GCC_493\Debug\Cm3Start.o
 .debug_frame   0x00000890       0xe4 .\CortexM3\ARM_GCC_493\Debug\Unificada.a(cyfitter_cfg.o)
 .debug_frame   0x00000974      0x290 .\CortexM3\ARM_GCC_493\Debug\Unificada.a(Surtidor.o)
 .debug_frame   0x00000c04       0x20 .\CortexM3\ARM_GCC_493\Debug\Unificada.a(Surtidor_INT.o)
 .debug_frame   0x00000c24      0x290 .\CortexM3\ARM_GCC_493\Debug\Unificada.a(Impresora.o)
 .debug_frame   0x00000eb4       0x20 .\CortexM3\ARM_GCC_493\Debug\Unificada.a(Impresora_INT.o)
 .debug_frame   0x00000ed4      0x290 .\CortexM3\ARM_GCC_493\Debug\Unificada.a(PC.o)
 .debug_frame   0x00001164       0x20 .\CortexM3\ARM_GCC_493\Debug\Unificada.a(PC_INT.o)
 .debug_frame   0x00001184       0x8c .\CortexM3\ARM_GCC_493\Debug\Unificada.a(I2C_1.o)
 .debug_frame   0x00001210       0x30 .\CortexM3\ARM_GCC_493\Debug\Unificada.a(I2C_1_INT.o)
 .debug_frame   0x00001240       0x74 .\CortexM3\ARM_GCC_493\Debug\Unificada.a(I2C_1_PM.o)
 .debug_frame   0x000012b4      0x120 .\CortexM3\ARM_GCC_493\Debug\Unificada.a(I2C_1_MASTER.o)
 .debug_frame   0x000013d4       0x50 .\CortexM3\ARM_GCC_493\Debug\Unificada.a(Pin_WP.o)
 .debug_frame   0x00001424      0x290 .\CortexM3\ARM_GCC_493\Debug\Unificada.a(LCD_1.o)
 .debug_frame   0x000016b4       0x20 .\CortexM3\ARM_GCC_493\Debug\Unificada.a(LCD_1_INT.o)
 .debug_frame   0x000016d4      0x290 .\CortexM3\ARM_GCC_493\Debug\Unificada.a(LCD_2.o)
 .debug_frame   0x00001964       0x20 .\CortexM3\ARM_GCC_493\Debug\Unificada.a(LCD_2_INT.o)
 .debug_frame   0x00001984       0x50 .\CortexM3\ARM_GCC_493\Debug\Unificada.a(IB1.o)
 .debug_frame   0x000019d4       0x50 .\CortexM3\ARM_GCC_493\Debug\Unificada.a(IB2.o)
 .debug_frame   0x00001a24      0x108 .\CortexM3\ARM_GCC_493\Debug\Unificada.a(Timer_Animacion.o)
 .debug_frame   0x00001b2c      0x104 .\CortexM3\ARM_GCC_493\Debug\Unificada.a(isr_3.o)
 .debug_frame   0x00001c30      0x108 .\CortexM3\ARM_GCC_493\Debug\Unificada.a(Timer_Animacion2.o)
 .debug_frame   0x00001d38      0x104 .\CortexM3\ARM_GCC_493\Debug\Unificada.a(isr_4.o)
 .debug_frame   0x00001e3c      0x124 .\CortexM3\ARM_GCC_493\Debug\Unificada.a(Timer_1.o)
 .debug_frame   0x00001f60      0x104 .\CortexM3\ARM_GCC_493\Debug\Unificada.a(isr_1.o)
 .debug_frame   0x00002064       0xb4 .\CortexM3\ARM_GCC_493\Debug\Unificada.a(VDAC8_1.o)
 .debug_frame   0x00002118      0x124 .\CortexM3\ARM_GCC_493\Debug\Unificada.a(Timer_2.o)
 .debug_frame   0x0000223c      0x104 .\CortexM3\ARM_GCC_493\Debug\Unificada.a(isr_2.o)
 .debug_frame   0x00002340       0xb4 .\CortexM3\ARM_GCC_493\Debug\Unificada.a(VDAC8_2.o)
 .debug_frame   0x000023f4       0xb4 .\CortexM3\ARM_GCC_493\Debug\Unificada.a(VDAC8_3.o)
 .debug_frame   0x000024a8       0x50 .\CortexM3\ARM_GCC_493\Debug\Unificada.a(SDown.o)
 .debug_frame   0x000024f8       0xe0 .\CortexM3\ARM_GCC_493\Debug\Unificada.a(Impresora_IntClock.o)
 .debug_frame   0x000025d8       0xe0 .\CortexM3\ARM_GCC_493\Debug\Unificada.a(PC_IntClock.o)
 .debug_frame   0x000026b8       0xe0 .\CortexM3\ARM_GCC_493\Debug\Unificada.a(LCD_1_IntClock.o)
 .debug_frame   0x00002798       0xe0 .\CortexM3\ARM_GCC_493\Debug\Unificada.a(LCD_2_IntClock.o)
 .debug_frame   0x00002878      0x728 .\CortexM3\ARM_GCC_493\Debug\Unificada.a(CyLib.o)
 .debug_frame   0x00002fa0      0x1f8 .\CortexM3\ARM_GCC_493\Debug\Unificada.a(cyPm.o)
 .debug_frame   0x00003198      0x174 .\CortexM3\ARM_GCC_493\Debug\Unificada.a(CyFlash.o)
 .debug_frame   0x0000330c      0x160 .\CortexM3\ARM_GCC_493\Debug\Unificada.a(CySpc.o)
 .debug_frame   0x0000346c       0x20 c:/program files (x86)/cypress/psoc creator/3.3/psoc creator/import/gnu/arm/4.9.3/bin/../lib/gcc/arm-none-eabi/4.9.3/../../../../arm-none-eabi/lib/armv7-m\libg_nano.a(lib_a-errno.o)
 .debug_frame   0x0000348c       0x28 c:/program files (x86)/cypress/psoc creator/3.3/psoc creator/import/gnu/arm/4.9.3/bin/../lib/gcc/arm-none-eabi/4.9.3/../../../../arm-none-eabi/lib/armv7-m\libg_nano.a(lib_a-exit.o)
 .debug_frame   0x000034b4       0x2c c:/program files (x86)/cypress/psoc creator/3.3/psoc creator/import/gnu/arm/4.9.3/bin/../lib/gcc/arm-none-eabi/4.9.3/../../../../arm-none-eabi/lib/armv7-m\libg_nano.a(lib_a-init.o)
 .debug_frame   0x000034e0       0x28 c:/program files (x86)/cypress/psoc creator/3.3/psoc creator/import/gnu/arm/4.9.3/bin/../lib/gcc/arm-none-eabi/4.9.3/../../../../arm-none-eabi/lib/armv7-m\libg_nano.a(lib_a-memcpy.o)
 .debug_frame   0x00003508       0x20 c:/program files (x86)/cypress/psoc creator/3.3/psoc creator/import/gnu/arm/4.9.3/bin/../lib/gcc/arm-none-eabi/4.9.3/../../../../arm-none-eabi/lib/armv7-m\libg_nano.a(lib_a-memset.o)

.debug_str      0x00000000     0x4226
 *(.debug_str)
 .debug_str     0x00000000      0x849 .\CortexM3\ARM_GCC_493\Debug\main.o
                                0x8de (size before relaxing)
 .debug_str     0x00000849       0x94 .\CortexM3\ARM_GCC_493\Debug\I2C.o
                                0x55b (size before relaxing)
 .debug_str     0x000008dd       0x44 .\CortexM3\ARM_GCC_493\Debug\ibuton.o
                                0x529 (size before relaxing)
 .debug_str     0x00000921        0x8 .\CortexM3\ARM_GCC_493\Debug\LCD.o
                                0x545 (size before relaxing)
 .debug_str     0x00000929      0x25a .\CortexM3\ARM_GCC_493\Debug\Print.o
                                0x719 (size before relaxing)
 .debug_str     0x00000b83       0xef .\CortexM3\ARM_GCC_493\Debug\Protocolo.o
                                0x61b (size before relaxing)
 .debug_str     0x00000c72      0x13a .\CortexM3\ARM_GCC_493\Debug\Sonido.o
                                0x5c9 (size before relaxing)
 .debug_str     0x00000dac       0x84 .\CortexM3\ARM_GCC_493\Debug\cybootloader.o
                                0x1f3 (size before relaxing)
 .debug_str     0x00000e30       0x49 .\CortexM3\ARM_GCC_493\Debug\cymetadata.o
                                0x1b8 (size before relaxing)
 .debug_str     0x00000e79      0x153 .\CortexM3\ARM_GCC_493\Debug\Cm3Start.o
                                0x2fa (size before relaxing)
 .debug_str     0x00000fcc      0x199 .\CortexM3\ARM_GCC_493\Debug\Unificada.a(cyfitter_cfg.o)
                                0x342 (size before relaxing)
 .debug_str     0x00001165      0x37d .\CortexM3\ARM_GCC_493\Debug\Unificada.a(Surtidor.o)
                                0x5b1 (size before relaxing)
 .debug_str     0x000014e2       0x52 .\CortexM3\ARM_GCC_493\Debug\Unificada.a(Surtidor_INT.o)
                                0x242 (size before relaxing)
 .debug_str     0x00001534      0x345 .\CortexM3\ARM_GCC_493\Debug\Unificada.a(Impresora.o)
                                0x606 (size before relaxing)
 .debug_str     0x00001879       0x39 .\CortexM3\ARM_GCC_493\Debug\Unificada.a(Impresora_INT.o)
                                0x242 (size before relaxing)
 .debug_str     0x000018b2      0x249 .\CortexM3\ARM_GCC_493\Debug\Unificada.a(PC.o)
                                0x4fc (size before relaxing)
 .debug_str     0x00001afb       0x2b .\CortexM3\ARM_GCC_493\Debug\Unificada.a(PC_INT.o)
                                0x211 (size before relaxing)
 .debug_str     0x00001b26       0xd3 .\CortexM3\ARM_GCC_493\Debug\Unificada.a(I2C_1.o)
                                0x2f4 (size before relaxing)
 .debug_str     0x00001bf9       0xe2 .\CortexM3\ARM_GCC_493\Debug\Unificada.a(I2C_1_INT.o)
                                0x276 (size before relaxing)
 .debug_str     0x00001cdb       0x62 .\CortexM3\ARM_GCC_493\Debug\Unificada.a(I2C_1_PM.o)
                                0x282 (size before relaxing)
 .debug_str     0x00001d3d       0xf2 .\CortexM3\ARM_GCC_493\Debug\Unificada.a(I2C_1_MASTER.o)
                                0x3d3 (size before relaxing)
 .debug_str     0x00001e2f       0x60 .\CortexM3\ARM_GCC_493\Debug\Unificada.a(Pin_WP.o)
                                0x1e3 (size before relaxing)
 .debug_str     0x00001e8f      0x26e .\CortexM3\ARM_GCC_493\Debug\Unificada.a(LCD_1.o)
                                0x56e (size before relaxing)
 .debug_str     0x000020fd       0x31 .\CortexM3\ARM_GCC_493\Debug\Unificada.a(LCD_1_INT.o)
                                0x226 (size before relaxing)
 .debug_str     0x0000212e      0x26e .\CortexM3\ARM_GCC_493\Debug\Unificada.a(LCD_2.o)
                                0x56e (size before relaxing)
 .debug_str     0x0000239c       0x31 .\CortexM3\ARM_GCC_493\Debug\Unificada.a(LCD_2_INT.o)
                                0x226 (size before relaxing)
 .debug_str     0x000023cd       0x40 .\CortexM3\ARM_GCC_493\Debug\Unificada.a(IB1.o)
                                0x1d4 (size before relaxing)
 .debug_str     0x0000240d       0x40 .\CortexM3\ARM_GCC_493\Debug\Unificada.a(IB2.o)
                                0x1d4 (size before relaxing)
 .debug_str     0x0000244d      0x1a7 .\CortexM3\ARM_GCC_493\Debug\Unificada.a(Timer_Animacion.o)
                                0x385 (size before relaxing)
 .debug_str     0x000025f4       0xe7 .\CortexM3\ARM_GCC_493\Debug\Unificada.a(isr_3.o)
                                0x296 (size before relaxing)
 .debug_str     0x000026db      0x192 .\CortexM3\ARM_GCC_493\Debug\Unificada.a(Timer_Animacion2.o)
                                0x395 (size before relaxing)
 .debug_str     0x0000286d       0xcf .\CortexM3\ARM_GCC_493\Debug\Unificada.a(isr_4.o)
                                0x296 (size before relaxing)
 .debug_str     0x0000293c      0x146 .\CortexM3\ARM_GCC_493\Debug\Unificada.a(Timer_1.o)
                                0x342 (size before relaxing)
 .debug_str     0x00002a82       0xda .\CortexM3\ARM_GCC_493\Debug\Unificada.a(isr_1.o)
                                0x296 (size before relaxing)
 .debug_str     0x00002b5c       0x8d .\CortexM3\ARM_GCC_493\Debug\Unificada.a(VDAC8_1.o)
                                0x22f (size before relaxing)
 .debug_str     0x00002be9      0x146 .\CortexM3\ARM_GCC_493\Debug\Unificada.a(Timer_2.o)
                                0x342 (size before relaxing)
 .debug_str     0x00002d2f       0xda .\CortexM3\ARM_GCC_493\Debug\Unificada.a(isr_2.o)
                                0x296 (size before relaxing)
 .debug_str     0x00002e09       0x81 .\CortexM3\ARM_GCC_493\Debug\Unificada.a(VDAC8_2.o)
                                0x22f (size before relaxing)
 .debug_str     0x00002e8a       0x9f .\CortexM3\ARM_GCC_493\Debug\Unificada.a(VDAC8_3.o)
                                0x22f (size before relaxing)
 .debug_str     0x00002f29       0x51 .\CortexM3\ARM_GCC_493\Debug\Unificada.a(SDown.o)
                                0x1de (size before relaxing)
 .debug_str     0x00002f7a      0x1b7 .\CortexM3\ARM_GCC_493\Debug\Unificada.a(Impresora_IntClock.o)
                                0x36e (size before relaxing)
 .debug_str     0x00003131      0x126 .\CortexM3\ARM_GCC_493\Debug\Unificada.a(PC_IntClock.o)
                                0x31a (size before relaxing)
 .debug_str     0x00003257      0x144 .\CortexM3\ARM_GCC_493\Debug\Unificada.a(LCD_1_IntClock.o)
                                0x33e (size before relaxing)
 .debug_str     0x0000339b      0x144 .\CortexM3\ARM_GCC_493\Debug\Unificada.a(LCD_2_IntClock.o)
                                0x33e (size before relaxing)
 .debug_str     0x000034df      0x7a7 .\CortexM3\ARM_GCC_493\Debug\Unificada.a(CyLib.o)
                                0xa1f (size before relaxing)
 .debug_str     0x00003c86      0x35b .\CortexM3\ARM_GCC_493\Debug\Unificada.a(cyPm.o)
                                0x717 (size before relaxing)
 .debug_str     0x00003fe1      0x197 .\CortexM3\ARM_GCC_493\Debug\Unificada.a(CyFlash.o)
                                0x391 (size before relaxing)
 .debug_str     0x00004178       0xae .\CortexM3\ARM_GCC_493\Debug\Unificada.a(CySpc.o)
                                0x31a (size before relaxing)

.debug_loc      0x00000000     0x5c3d
 *(.debug_loc)
 .debug_loc     0x00000000       0x59 .\CortexM3\ARM_GCC_493\Debug\main.o
 .debug_loc     0x00000059      0x3f1 .\CortexM3\ARM_GCC_493\Debug\I2C.o
 .debug_loc     0x0000044a      0x5f1 .\CortexM3\ARM_GCC_493\Debug\ibuton.o
 .debug_loc     0x00000a3b      0x422 .\CortexM3\ARM_GCC_493\Debug\LCD.o
 .debug_loc     0x00000e5d      0xd88 .\CortexM3\ARM_GCC_493\Debug\Print.o
 .debug_loc     0x00001be5      0x7cc .\CortexM3\ARM_GCC_493\Debug\Protocolo.o
 .debug_loc     0x000023b1       0x21 .\CortexM3\ARM_GCC_493\Debug\Sonido.o
 .debug_loc     0x000023d2      0x144 .\CortexM3\ARM_GCC_493\Debug\Cm3Start.o
 .debug_loc     0x00002516      0x289 .\CortexM3\ARM_GCC_493\Debug\Unificada.a(cyfitter_cfg.o)