Archive member included because of file (symbol)

.\CortexM3\ARM_GCC_493\Debug\Unificada.a(cyfitter_cfg.o)
                              .\CortexM3\ARM_GCC_493\Debug\Cm3Start.o (cyfitter_cfg)
.\CortexM3\ARM_GCC_493\Debug\Unificada.a(Surtidor.o)
                              .\CortexM3\ARM_GCC_493\Debug\main.o (Surtidor_Start)
.\CortexM3\ARM_GCC_493\Debug\Unificada.a(Surtidor_INT.o)
                              .\CortexM3\ARM_GCC_493\Debug\Unificada.a(Surtidor.o) (Surtidor_RXISR)
.\CortexM3\ARM_GCC_493\Debug\Unificada.a(Impresora.o)
                              .\CortexM3\ARM_GCC_493\Debug\main.o (Impresora_Start)
.\CortexM3\ARM_GCC_493\Debug\Unificada.a(Impresora_INT.o)
                              .\CortexM3\ARM_GCC_493\Debug\Unificada.a(Impresora.o) (Impresora_RXISR)
.\CortexM3\ARM_GCC_493\Debug\Unificada.a(PC.o)
                              .\CortexM3\ARM_GCC_493\Debug\main.o (PC_Start)
.\CortexM3\ARM_GCC_493\Debug\Unificada.a(PC_INT.o)
                              .\CortexM3\ARM_GCC_493\Debug\Unificada.a(PC.o) (PC_RXISR)
.\CortexM3\ARM_GCC_493\Debug\Unificada.a(I2C_1.o)
                              .\CortexM3\ARM_GCC_493\Debug\main.o (I2C_1_Start)
.\CortexM3\ARM_GCC_493\Debug\Unificada.a(I2C_1_INT.o)
                              .\CortexM3\ARM_GCC_493\Debug\Unificada.a(I2C_1.o) (I2C_1_ISR)
.\CortexM3\ARM_GCC_493\Debug\Unificada.a(I2C_1_PM.o)
                              .\CortexM3\ARM_GCC_493\Debug\Unificada.a(I2C_1.o) (I2C_1_backup)
.\CortexM3\ARM_GCC_493\Debug\Unificada.a(I2C_1_MASTER.o)
                              .\CortexM3\ARM_GCC_493\Debug\Unificada.a(I2C_1_INT.o) (I2C_1_mstrStatus)
.\CortexM3\ARM_GCC_493\Debug\Unificada.a(Pin_WP.o)
                              .\CortexM3\ARM_GCC_493\Debug\I2C.o (Pin_WP_Write)
.\CortexM3\ARM_GCC_493\Debug\Unificada.a(LCD_1.o)
                              .\CortexM3\ARM_GCC_493\Debug\main.o (LCD_1_Start)
.\CortexM3\ARM_GCC_493\Debug\Unificada.a(LCD_1_INT.o)
                              .\CortexM3\ARM_GCC_493\Debug\Unificada.a(LCD_1.o) (LCD_1_RXISR)
.\CortexM3\ARM_GCC_493\Debug\Unificada.a(LCD_2.o)
                              .\CortexM3\ARM_GCC_493\Debug\main.o (LCD_2_Start)
.\CortexM3\ARM_GCC_493\Debug\Unificada.a(LCD_2_INT.o)
                              .\CortexM3\ARM_GCC_493\Debug\Unificada.a(LCD_2.o) (LCD_2_RXISR)
.\CortexM3\ARM_GCC_493\Debug\Unificada.a(IB1.o)
                              .\CortexM3\ARM_GCC_493\Debug\ibuton.o (IB1_Write)
.\CortexM3\ARM_GCC_493\Debug\Unificada.a(IB2.o)
                              .\CortexM3\ARM_GCC_493\Debug\ibuton.o (IB2_Write)
.\CortexM3\ARM_GCC_493\Debug\Unificada.a(Timer_Animacion.o)
                              .\CortexM3\ARM_GCC_493\Debug\main.o (Timer_Animacion_Stop)
.\CortexM3\ARM_GCC_493\Debug\Unificada.a(isr_3.o)
                              .\CortexM3\ARM_GCC_493\Debug\main.o (isr_3_StartEx)
.\CortexM3\ARM_GCC_493\Debug\Unificada.a(Timer_Animacion2.o)
                              .\CortexM3\ARM_GCC_493\Debug\main.o (Timer_Animacion2_Stop)
.\CortexM3\ARM_GCC_493\Debug\Unificada.a(isr_4.o)
                              .\CortexM3\ARM_GCC_493\Debug\main.o (isr_4_StartEx)
.\CortexM3\ARM_GCC_493\Debug\Unificada.a(Timer_1.o)
                              .\CortexM3\ARM_GCC_493\Debug\Sonido.o (Timer_1_Stop)
.\CortexM3\ARM_GCC_493\Debug\Unificada.a(isr_1.o)
                              .\CortexM3\ARM_GCC_493\Debug\Sonido.o (isr_1_StartEx)
.\CortexM3\ARM_GCC_493\Debug\Unificada.a(VDAC8_1.o)
                              .\CortexM3\ARM_GCC_493\Debug\Sonido.o (VDAC8_1_Stop)
.\CortexM3\ARM_GCC_493\Debug\Unificada.a(Timer_2.o)
                              .\CortexM3\ARM_GCC_493\Debug\Sonido.o (Timer_2_Stop)
.\CortexM3\ARM_GCC_493\Debug\Unificada.a(isr_2.o)
                              .\CortexM3\ARM_GCC_493\Debug\Sonido.o (isr_2_StartEx)
.\CortexM3\ARM_GCC_493\Debug\Unificada.a(VDAC8_2.o)
                              .\CortexM3\ARM_GCC_493\Debug\Sonido.o (VDAC8_2_Stop)
.\CortexM3\ARM_GCC_493\Debug\Unificada.a(VDAC8_3.o)
                              .\CortexM3\ARM_GCC_493\Debug\main.o (VDAC8_3_Start)
.\CortexM3\ARM_GCC_493\Debug\Unificada.a(SDown.o)
                              .\CortexM3\ARM_GCC_493\Debug\main.o (SDown_Write)
.\CortexM3\ARM_GCC_493\Debug\Unificada.a(Impresora_IntClock.o)
                              .\CortexM3\ARM_GCC_493\Debug\Unificada.a(Impresora.o) (Impresora_IntClock_Start)
.\CortexM3\ARM_GCC_493\Debug\Unificada.a(PC_IntClock.o)
                              .\CortexM3\ARM_GCC_493\Debug\Unificada.a(PC.o) (PC_IntClock_Start)
.\CortexM3\ARM_GCC_493\Debug\Unificada.a(LCD_1_IntClock.o)
                              .\CortexM3\ARM_GCC_493\Debug\Unificada.a(LCD_1.o) (LCD_1_IntClock_Start)
.\CortexM3\ARM_GCC_493\Debug\Unificada.a(LCD_2_IntClock.o)
                              .\CortexM3\ARM_GCC_493\Debug\Unificada.a(LCD_2.o) (LCD_2_IntClock_Start)
.\CortexM3\ARM_GCC_493\Debug\Unificada.a(CyBootAsmGnu.o)
[...]
Memory Configuration

Name             Origin             Length             Attributes
rom              0x00000000         0x00040000         xr
ram              0x1fff8000         0x00010000         xrw
*default*        0x00000000         0xffffffff

Linker script and memory map

LOAD c:/program files (x86)/cypress/psoc creator/3.3/psoc creator/import/gnu/arm/4.9.3/bin/../lib/gcc/arm-none-eabi/4.9.3/armv7-m/crti.o
LOAD c:/program files (x86)/cypress/psoc creator/3.3/psoc creator/import/gnu/arm/4.9.3/bin/../lib/gcc/arm-none-eabi/4.9.3/armv7-m/crtbegin.o
LOAD c:/program files (x86)/cypress/psoc creator/3.3/psoc creator/import/gnu/arm/4.9.3/bin/../lib/gcc/arm-none-eabi/4.9.3/../../../../arm-none-eabi/lib/armv7-m/crt0.o
START GROUP
LOAD .\CortexM3\ARM_GCC_493\Debug\main.o
LOAD .\CortexM3\ARM_GCC_493\Debug\I2C.o
LOAD .\CortexM3\ARM_GCC_493\Debug\ibuton.o
LOAD .\CortexM3\ARM_GCC_493\Debug\LCD.o
LOAD .\CortexM3\ARM_GCC_493\Debug\Print.o
LOAD .\CortexM3\ARM_GCC_493\Debug\Protocolo.o
LOAD .\CortexM3\ARM_GCC_493\Debug\Sonido.o
LOAD .\CortexM3\ARM_GCC_493\Debug\cybootloader.o
LOAD .\CortexM3\ARM_GCC_493\Debug\cymetadata.o
LOAD .\CortexM3\ARM_GCC_493\Debug\Cm3Start.o
LOAD .\CortexM3\ARM_GCC_493\Debug\Unificada.a
LOAD C:\Program Files (x86)\Cypress\PSoC Creator\3.3\PSoC Creator\psoc\content\cycomponentlibrary\CyComponentLibrary.cylib\CortexM3\ARM_GCC_493\Debug\CyComponentLibrary.a
END GROUP
START GROUP
LOAD c:/program files (x86)/cypress/psoc creator/3.3/psoc creator/import/gnu/arm/4.9.3/bin/../lib/gcc/arm-none-eabi/4.9.3/armv7-m\libgcc.a
LOAD c:/program files (x86)/cypress/psoc creator/3.3/psoc creator/import/gnu/arm/4.9.3/bin/../lib/gcc/arm-none-eabi/4.9.3/../../../../arm-none-eabi/lib/armv7-m\libg_nano.a
LOAD c:/program files (x86)/cypress/psoc creator/3.3/psoc creator/import/gnu/arm/4.9.3/bin/../lib/gcc/arm-none-eabi/4.9.3/../../../../arm-none-eabi/lib/armv7-m\libc_nano.a
END GROUP
START GROUP
LOAD c:/program files (x86)/cypress/psoc creator/3.3/psoc creator/import/gnu/arm/4.9.3/bin/../lib/gcc/arm-none-eabi/4.9.3/armv7-m\libgcc.a
LOAD c:/program files (x86)/cypress/psoc creator/3.3/psoc creator/import/gnu/arm/4.9.3/bin/../lib/gcc/arm-none-eabi/4.9.3/../../../../arm-none-eabi/lib/armv7-m\libc_nano.a
END GROUP
LOAD c:/program files (x86)/cypress/psoc creator/3.3/psoc creator/import/gnu/arm/4.9.3/bin/../lib/gcc/arm-none-eabi/4.9.3/armv7-m/crtend.o
LOAD c:/program files (x86)/cypress/psoc creator/3.3/psoc creator/import/gnu/arm/4.9.3/bin/../lib/gcc/arm-none-eabi/4.9.3/armv7-m/crtn.o
START GROUP
LOAD c:/program files (x86)/cypress/psoc creator/3.3/psoc creator/import/gnu/arm/4.9.3/bin/../lib/gcc/arm-none-eabi/4.9.3/armv7-m\libgcc.a
LOAD c:/program files (x86)/cypress/psoc creator/3.3/psoc creator/import/gnu/arm/4.9.3/bin/../lib/gcc/arm-none-eabi/4.9.3/../../../../arm-none-eabi/lib/armv7-m\libc.a
LOAD c:/program files (x86)/cypress/psoc creator/3.3/psoc creator/import/gnu/arm/4.9.3/bin/../lib/gcc/arm-none-eabi/4.9.3/../../../../arm-none-eabi/lib/armv7-m\libnosys.a
END GROUP
                0x00000000                CY_APPL_ORIGIN = 0x0
                0x00000100                CY_FLASH_ROW_SIZE = 0x100
                0x00000020                CY_ECC_ROW_SIZE = 0x20
                0x00000000                CY_EE_IN_BTLDR = 0x0
                0x00000001                CY_APPL_LOADABLE = 0x1
                0x00000800                CY_EE_SIZE = 0x800
                0x00000001                CY_APPL_NUM = 0x1
                0x00000001                CY_APPL_MAX = 0x1
                0x00000040                CY_METADATA_SIZE = 0x40
                0x1fff8af8                PROVIDE (__cy_heap_start, _end)
                0x00000001                PROVIDE (__cy_region_num, ((__cy_regions_end - __cy_regions) / 0x10))
                0x20008000                PROVIDE (__cy_stack, (ORIGIN (ram) + 0x10000))
                0x20007800                PROVIDE (__cy_heap_end, (__cy_stack - 0x800))

.cybootloader   0x00000000     0x2200
 *(.cybootloader)
 .cybootloader  0x00000000     0x2200 .\CortexM3\ARM_GCC_493\Debug\cybootloader.o
                0x00000000                cy_bootloader
                0x00002200                appl1_start = CY_APPL_ORIGIN?CY_APPL_ORIGIN:ALIGN (CY_FLASH_ROW_SIZE)
                0x00021000                appl2_start = (appl1_start + ALIGN ((((0x40000 - appl1_start) - (0x2 * CY_FLASH_ROW_SIZE)) / 0x2), CY_FLASH_ROW_SIZE))
                0x00002200                appl_start = (CY_APPL_NUM == 0x1)?appl1_start:appl2_start
                0x00000440                ecc_offset = ((appl_start / CY_FLASH_ROW_SIZE) * CY_ECC_ROW_SIZE)
                0x00000000                ee_offset = (CY_APPL_LOADABLE && ! (CY_EE_IN_BTLDR))?((CY_EE_SIZE / CY_APPL_MAX) * (CY_APPL_NUM - 0x1)):0x0
                0x00000800                ee_size = (CY_APPL_LOADABLE && ! (CY_EE_IN_BTLDR))?(CY_EE_SIZE / CY_APPL_MAX):CY_EE_SIZE
                0x00000440                PROVIDE (CY_ECC_OFFSET, ecc_offset)

.text           0x00002200    0x1136e
 CREATE_OBJECT_SYMBOLS
                0x00002200                PROVIDE (__cy_interrupt_vector, RomVectors)
 *(.romvectors)
 .romvectors    0x00002200       0x10 .\CortexM3\ARM_GCC_493\Debug\Cm3Start.o
                0x00002200                RomVectors
                0x00000001                ASSERT ((. != __cy_interrupt_vector), No interrupt vector)
                0x00000001                ASSERT (CY_APPL_ORIGIN?(SIZEOF (.cybootloader) <= CY_APPL_ORIGIN):0x1, Wrong image location)
                0x00002210                PROVIDE (__cy_reset, Reset)
 *(.text.Reset)
 .text.Reset    0x00002210        0x8 .\CortexM3\ARM_GCC_493\Debug\Cm3Start.o
                0x00002210                Reset
                0x00000001                ASSERT ((. != __cy_reset), No reset code)
 *(.dma_init)
                0x00000001                ASSERT ((((appl_start + .) <= 0x10000) || 0x1), DMA Init must be within the first 64k of flash)
 *(.text .text.* .gnu.linkonce.t.*)
 .text          0x00002218       0x5c c:/program files (x86)/cypress/psoc creator/3.3/psoc creator/import/gnu/arm/4.9.3/bin/../lib/gcc/arm-none-eabi/4.9.3/armv7-m/crtbegin.o
 .text.animacion
                0x00002274       0x48 .\CortexM3\ARM_GCC_493\Debug\main.o
                0x00002274                animacion
 .text.animacion2
                0x000022bc       0x48 .\CortexM3\ARM_GCC_493\Debug\main.o
                0x000022bc                animacion2
 .text.init     0x00002304      0x5e4 .\CortexM3\ARM_GCC_493\Debug\main.o
                0x00002304                init
 .text.init_surt
                0x000028e8       0x58 .\CortexM3\ARM_GCC_493\Debug\main.o
                0x000028e8                init_surt
 .text.error_op
                0x00002940       0x5c .\CortexM3\ARM_GCC_493\Debug\main.o
                0x00002940                error_op
 .text.polling_LCD1
                0x0000299c     0x3ef4 .\CortexM3\ARM_GCC_493\Debug\main.o
                0x0000299c                polling_LCD1
 .text.polling_LCD2
                0x00006890     0x3c3c .\CortexM3\ARM_GCC_493\Debug\main.o
                0x00006890                polling_LCD2
 .text.main     0x0000a4cc       0x14 .\CortexM3\ARM_GCC_493\Debug\main.o
                0x0000a4cc                main
 .text.leer_hora
                0x0000a4e0       0x60 .\CortexM3\ARM_GCC_493\Debug\I2C.o
                0x0000a4e0                leer_hora
 .text.leer_fecha
                0x0000a540       0x60 .\CortexM3\ARM_GCC_493\Debug\I2C.o
                0x0000a540                leer_fecha
 .text.write_hora
                0x0000a5a0       0x5c .\CortexM3\ARM_GCC_493\Debug\I2C.o
                0x0000a5a0                write_hora
 .text.write_fecha
                0x0000a5fc       0x64 .\CortexM3\ARM_GCC_493\Debug\I2C.o
                0x0000a5fc                write_fecha
 .text.write_eeprom
                0x0000a660       0x7c .\CortexM3\ARM_GCC_493\Debug\I2C.o
                0x0000a660                write_eeprom
 .text.leer_eeprom
                0x0000a6dc       0x94 .\CortexM3\ARM_GCC_493\Debug\I2C.o
                0x0000a6dc                leer_eeprom
 .text.write_psoc1
                0x0000a770       0x48 .\CortexM3\ARM_GCC_493\Debug\I2C.o
                0x0000a770                write_psoc1
 .text.touch_present
                0x0000a7b8       0x84 .\CortexM3\ARM_GCC_493\Debug\ibuton.o
                0x0000a7b8                touch_present
 .text.touch_write
                0x0000a83c       0xd4 .\CortexM3\ARM_GCC_493\Debug\ibuton.o
                0x0000a83c                touch_write
 .text.touch_read_byte
                0x0000a910       0x78 .\CortexM3\ARM_GCC_493\Debug\ibuton.o
                0x0000a910                touch_read_byte
 .text.touch_read_memoria
                0x0000a988      0x1b4 .\CortexM3\ARM_GCC_493\Debug\ibuton.o
                0x0000a988                touch_read_memoria
 .text.touch_write_memoria
                0x0000ab3c      0x30c .\CortexM3\ARM_GCC_493\Debug\ibuton.o
                0x0000ab3c                touch_write_memoria
 .text.crc_check
                0x0000ae48       0x20 .\CortexM3\ARM_GCC_493\Debug\ibuton.o
                0x0000ae48                crc_check
 .text.set_imagen
                0x0000ae68       0x6c .\CortexM3\ARM_GCC_493\Debug\LCD.o
                0x0000ae68                set_imagen
 .text.write_LCD
                0x0000aed4      0x100 .\CortexM3\ARM_GCC_493\Debug\LCD.o
                0x0000aed4                write_LCD
 .text.Hora_LCD
                0x0000afd4       0xbc .\CortexM3\ARM_GCC_493\Debug\LCD.o
                0x0000afd4                Hora_LCD
 .text.Fecha_LCD
                0x0000b090       0xc8 .\CortexM3\ARM_GCC_493\Debug\LCD.o
                0x0000b090                Fecha_LCD
 .text.Nombre_LCD
                0x0000b158      0x104 .\CortexM3\ARM_GCC_493\Debug\LCD.o
                0x0000b158                Nombre_LCD
 .text.Precio_LCD
                0x0000b25c       0xc4 .\CortexM3\ARM_GCC_493\Debug\LCD.o
                0x0000b25c                Precio_LCD
 .text.Grado_LCD
                0x0000b320       0xbc .\CortexM3\ARM_GCC_493\Debug\LCD.o
                0x0000b320                Grado_LCD
 .text.direccion_LCD
                0x0000b3dc      0x10c .\CortexM3\ARM_GCC_493\Debug\LCD.o
                0x0000b3dc                direccion_LCD
 .text.lema1_LCD
                0x0000b4e8      0x10c .\CortexM3\ARM_GCC_493\Debug\LCD.o
                0x0000b4e8                lema1_LCD
 .text.lema2_LCD
                0x0000b5f4      0x10c .\CortexM3\ARM_GCC_493\Debug\LCD.o
                0x0000b5f4                lema2_LCD
 .text.telefono_LCD
                0x0000b700      0x10c .\CortexM3\ARM_GCC_493\Debug\LCD.o
                0x0000b700                telefono_LCD
 .text.nit_LCD  0x0000b80c      0x10c .\CortexM3\ARM_GCC_493\Debug\LCD.o
                0x0000b80c                nit_LCD
 .text.Cuenta_LCD
                0x0000b918      0x104 .\CortexM3\ARM_GCC_493\Debug\LCD.o
                0x0000b918                Cuenta_LCD
 .text.Placa_LCD
                0x0000ba1c      0x108 .\CortexM3\ARM_GCC_493\Debug\LCD.o
                0x0000ba1c                Placa_LCD
 .text.writemini_LCD
                0x0000bb24      0x108 .\CortexM3\ARM_GCC_493\Debug\LCD.o
                0x0000bb24                writemini_LCD
 .text.operacion
                0x0000bc2c      0x128 .\CortexM3\ARM_GCC_493\Debug\Print.o
                0x0000bc2c                operacion
 .text.print_logo_k
                0x0000bd54      0x200 .\CortexM3\ARM_GCC_493\Debug\Print.o
                0x0000bd54                print_logo_k
 .text.print_logo_p
                0x0000bf54      0x1f0 .\CortexM3\ARM_GCC_493\Debug\Print.o
                0x0000bf54                print_logo_p
 .text.print_totales
                0x0000c144      0x110 .\CortexM3\ARM_GCC_493\Debug\Print.o
                0x0000c144                print_totales
 .text.print_totalesac
                0x0000c254      0x114 .\CortexM3\ARM_GCC_493\Debug\Print.o
                0x0000c254                print_totalesac
 .text.print_valor
                0x0000c368       0x50 .\CortexM3\ARM_GCC_493\Debug\Print.o
                0x0000c368                print_valor
 .text.imprimir
                0x0000c3b8     0x1018 .\CortexM3\ARM_GCC_493\Debug\Print.o
                0x0000c3b8                imprimir
 .text.imprimir_corte
                0x0000d3d0      0x758 .\CortexM3\ARM_GCC_493\Debug\Print.o
                0x0000d3d0                imprimir_corte
 .text.ver_pos  0x0000db28       0x80 .\CortexM3\ARM_GCC_493\Debug\Protocolo.o
                0x0000db28                ver_pos
 .text.get_estado
                0x0000dba8       0x28 .\CortexM3\ARM_GCC_493\Debug\Protocolo.o
                0x0000dba8                get_estado
 .text.estado_ex
                0x0000dbd0       0xe8 .\CortexM3\ARM_GCC_493\Debug\Protocolo.o
                0x0000dbd0                estado_ex
 .text.venta    0x0000dcb8      0x1e8 .\CortexM3\ARM_GCC_493\Debug\Protocolo.o
                0x0000dcb8                venta
 .text.get_totales
                0x0000dea0     0x3274 .\CortexM3\ARM_GCC_493\Debug\Protocolo.o
                0x0000dea0                get_totales
 .text.programar
                0x00011114      0x484 .\CortexM3\ARM_GCC_493\Debug\Protocolo.o
                0x00011114                programar
 .text.cambiar_precio
                0x00011598      0x2c4 .\CortexM3\ARM_GCC_493\Debug\Protocolo.o
                0x00011598                cambiar_precio
 .text.Interrupcion_1
                0x0001185c       0xd8 .\CortexM3\ARM_GCC_493\Debug\Sonido.o
                0x0001185c                Interrupcion_1
 .text.Interrupcion_2
                0x00011934       0xe0 .\CortexM3\ARM_GCC_493\Debug\Sonido.o
                0x00011934                Interrupcion_2
 .text.sonido   0x00011a14       0x60 .\CortexM3\ARM_GCC_493\Debug\Sonido.o
                0x00011a14                sonido
 .text.IntDefaultHandler
                0x00011a74        0x4 .\CortexM3\ARM_GCC_493\Debug\Cm3Start.o
                0x00011a74                IntDefaultHandler
 .text.Start_c  0x00011a78       0x4c .\CortexM3\ARM_GCC_493\Debug\Cm3Start.o
                0x00011a78                Start_c
 .text.initialize_psoc
                0x00011ac4       0x74 .\CortexM3\ARM_GCC_493\Debug\Cm3Start.o
                0x00011ac4                initialize_psoc
 .text.CyClockStartupError
                0x00011b38        0x4 .\CortexM3\ARM_GCC_493\Debug\Unificada.a(cyfitter_cfg.o)
 .text.cfg_write_bytes32
                0x00011b3c       0x34 .\CortexM3\ARM_GCC_493\Debug\Unificada.a(cyfitter_cfg.o)
 .text.AnalogSetDefault
                0x00011b70       0x54 .\CortexM3\ARM_GCC_493\Debug\Unificada.a(cyfitter_cfg.o)
 .text.CYMEMZERO
                0x00011bc4        0xc .\CortexM3\ARM_GCC_493\Debug\Unificada.a(cyfitter_cfg.o)
 .text.ClockSetup
                0x00011bd0      0x104 .\CortexM3\ARM_GCC_493\Debug\Unificada.a(cyfitter_cfg.o)
 .text.CYCONFIGCPY
                0x00011cd4        0x8 .\CortexM3\ARM_GCC_493\Debug\Unificada.a(cyfitter_cfg.o)
 .text.cyfitter_cfg
                0x00011cdc      0x170 .\CortexM3\ARM_GCC_493\Debug\Unificada.a(cyfitter_cfg.o)
                0x00011cdc                cyfitter_cfg
 .text.Surtidor_Init
                0x00011e4c       0x3c .\CortexM3\ARM_GCC_493\Debug\Unificada.a(Surtidor.o)
                0x00011e4c                Surtidor_Init
 .text.Surtidor_Enable
                0x00011e88       0x3c .\CortexM3\ARM_GCC_493\Debug\Unificada.a(Surtidor.o)
                0x00011e88                Surtidor_Enable
 .text.Surtidor_Start
                0x00011ec4       0x1c .\CortexM3\ARM_GCC_493\Debug\Unificada.a(Surtidor.o)
                0x00011ec4                Surtidor_Start
 .text.Surtidor_EnableRxInt
                0x00011ee0        0xc .\CortexM3\ARM_GCC_493\Debug\Unificada.a(Surtidor.o)
                0x00011ee0                Surtidor_EnableRxInt
 .text.Surtidor_DisableRxInt
                0x00011eec        0xc .\CortexM3\ARM_GCC_493\Debug\Unificada.a(Surtidor.o)
                0x00011eec                Surtidor_DisableRxInt
 .text.Surtidor_ReadRxData
                0x00011ef8       0x5c .\CortexM3\ARM_GCC_493\Debug\Unificada.a(Surtidor.o)
                0x00011ef8                Surtidor_ReadRxData
 .text.Surtidor_GetRxBufferSize
                0x00011f54       0x60 .\CortexM3\ARM_GCC_493\Debug\Unificada.a(Surtidor.o)
                0x00011f54                Surtidor_GetRxBufferSize
 .text.Surtidor_ClearRxBuffer
                0x00011fb4       0x3c .\CortexM3\ARM_GCC_493\Debug\Unificada.a(Surtidor.o)
                0x00011fb4                Surtidor_ClearRxBuffer
 .text.Surtidor_PutChar
                0x00011ff0       0x18 .\CortexM3\ARM_GCC_493\Debug\Unificada.a(Surtidor.o)
                0x00011ff0                Surtidor_PutChar
 .text.Surtidor_RXISR
                0x00012008       0x80 .\CortexM3\ARM_GCC_493\Debug\Unificada.a(Surtidor_INT.o)
                0x00012008                Surtidor_RXISR
 .text.Impresora_Init
                0x00012088       0x3c .\CortexM3\ARM_GCC_493\Debug\Unificada.a(Impresora.o)
                0x00012088                Impresora_Init
 .text.Impresora_Enable
                0x000120c4       0x44 .\CortexM3\ARM_GCC_493\Debug\Unificada.a(Impresora.o)
                0x000120c4                Impresora_Enable
 .text.Impresora_Start
                0x00012108       0x1c .\CortexM3\ARM_GCC_493\Debug\Unificada.a(Impresora.o)
                0x00012108                Impresora_Start
 .text.Impresora_EnableRxInt
                0x00012124        0xc .\CortexM3\ARM_GCC_493\Debug\Unificada.a(Impresora.o)
                0x00012124                Impresora_EnableRxInt
 .text.Impresora_RXISR
                0x00012130       0x80 .\CortexM3\ARM_GCC_493\Debug\Unificada.a(Impresora_INT.o)
                0x00012130                Impresora_RXISR
 .text.PC_Init  0x000121b0       0x3c .\CortexM3\ARM_GCC_493\Debug\Unificada.a(PC.o)
                0x000121b0                PC_Init
 .text.PC_Enable
                0x000121ec       0x44 .\CortexM3\ARM_GCC_493\Debug\Unificada.a(PC.o)
                0x000121ec                PC_Enable
 .text.PC_Start
                0x00012230       0x1c .\CortexM3\ARM_GCC_493\Debug\Unificada.a(PC.o)
                0x00012230                PC_Start
 .text.PC_EnableRxInt
                0x0001224c        0xc .\CortexM3\ARM_GCC_493\Debug\Unificada.a(PC.o)
                0x0001224c                PC_EnableRxInt
 .text.PC_RXISR
                0x00012258       0x80 .\CortexM3\ARM_GCC_493\Debug\Unificada.a(PC_INT.o)
                0x00012258                PC_RXISR
 .text.I2C_1_Init
                0x000122d8       0x58 .\CortexM3\ARM_GCC_493\Debug\Unificada.a(I2C_1.o)
                0x000122d8                I2C_1_Init
 .text.I2C_1_Enable
                0x00012330       0x24 .\CortexM3\ARM_GCC_493\Debug\Unificada.a(I2C_1.o)
                0x00012330                I2C_1_Enable
 .text.I2C_1_Start
                0x00012354       0x28 .\CortexM3\ARM_GCC_493\Debug\Unificada.a(I2C_1.o)
                0x00012354                I2C_1_Start
 .text.I2C_1_ISR
                0x0001237c      0x2d0 .\CortexM3\ARM_GCC_493\Debug\Unificada.a(I2C_1_INT.o)
                0x0001237c                I2C_1_ISR
 .text.I2C_1_MasterSendStart
                0x0001264c       0x80 .\CortexM3\ARM_GCC_493\Debug\Unificada.a(I2C_1_MASTER.o)
                0x0001264c                I2C_1_MasterSendStart
 .text.I2C_1_MasterSendStop
                0x000126cc       0x38 .\CortexM3\ARM_GCC_493\Debug\Unificada.a(I2C_1_MASTER.o)
                0x000126cc                I2C_1_MasterSendStop
 .text.I2C_1_MasterWriteByte
                0x00012704       0x58 .\CortexM3\ARM_GCC_493\Debug\Unificada.a(I2C_1_MASTER.o)
                0x00012704                I2C_1_MasterWriteByte
 .text.I2C_1_MasterReadByte
                0x0001275c       0x58 .\CortexM3\ARM_GCC_493\Debug\Unificada.a(I2C_1_MASTER.o)
                0x0001275c                I2C_1_MasterReadByte
 .text.I2C_1_MasterClearStatus
                0x000127b4       0x10 .\CortexM3\ARM_GCC_493\Debug\Unificada.a(I2C_1_MASTER.o)
                0x000127b4                I2C_1_MasterClearStatus
 .text.I2C_1_MasterClearReadBuf
                0x000127c4       0x1c .\CortexM3\ARM_GCC_493\Debug\Unificada.a(I2C_1_MASTER.o)
                0x000127c4                I2C_1_MasterClearReadBuf
 .text.I2C_1_MasterClearWriteBuf
                0x000127e0       0x1c .\CortexM3\ARM_GCC_493\Debug\Unificada.a(I2C_1_MASTER.o)
                0x000127e0                I2C_1_MasterClearWriteBuf
 .text.I2C_1_Workaround
                0x000127fc        0x4 .\CortexM3\ARM_GCC_493\Debug\Unificada.a(I2C_1_MASTER.o)
                0x000127fc                I2C_1_Workaround
 .text.Pin_WP_Write
                0x00012800       0x18 .\CortexM3\ARM_GCC_493\Debug\Unificada.a(Pin_WP.o)
                0x00012800                Pin_WP_Write
 .text.LCD_1_Init
                0x00012818       0x3c .\CortexM3\ARM_GCC_493\Debug\Unificada.a(LCD_1.o)
                0x00012818                LCD_1_Init
 .text.LCD_1_Enable
                0x00012854       0x44 .\CortexM3\ARM_GCC_493\Debug\Unificada.a(LCD_1.o)
                0x00012854                LCD_1_Enable
 .text.LCD_1_Start
                0x00012898       0x1c .\CortexM3\ARM_GCC_493\Debug\Unificada.a(LCD_1.o)
                0x00012898                LCD_1_Start
 .text.LCD_1_EnableRxInt
                0x000128b4        0xc .\CortexM3\ARM_GCC_493\Debug\Unificada.a(LCD_1.o)
                0x000128b4                LCD_1_EnableRxInt
 .text.LCD_1_DisableRxInt
                0x000128c0        0xc .\CortexM3\ARM_GCC_493\Debug\Unificada.a(LCD_1.o)
                0x000128c0                LCD_1_DisableRxInt
 .text.LCD_1_GetRxBufferSize
                0x000128cc       0x54 .\CortexM3\ARM_GCC_493\Debug\Unificada.a(LCD_1.o)
                0x000128cc                LCD_1_GetRxBufferSize
 .text.LCD_1_ClearRxBuffer
                0x00012920       0x3c .\CortexM3\ARM_GCC_493\Debug\Unificada.a(LCD_1.o)
                0x00012920                LCD_1_ClearRxBuffer
 .text.LCD_1_PutChar
                0x0001295c       0x18 .\CortexM3\ARM_GCC_493\Debug\Unificada.a(LCD_1.o)
                0x0001295c                LCD_1_PutChar
 .text.LCD_1_RXISR
                0x00012974       0x80 .\CortexM3\ARM_GCC_493\Debug\Unificada.a(LCD_1_INT.o)
                0x00012974                LCD_1_RXISR
 .text.LCD_2_Init
                0x000129f4       0x3c .\CortexM3\ARM_GCC_493\Debug\Unificada.a(LCD_2.o)
                0x000129f4                LCD_2_Init
 .text.LCD_2_Enable
                0x00012a30       0x44 .\CortexM3\ARM_GCC_493\Debug\Unificada.a(LCD_2.o)
                0x00012a30                LCD_2_Enable
 .text.LCD_2_Start
                0x00012a74       0x1c .\CortexM3\ARM_GCC_493\Debug\Unificada.a(LCD_2.o)
                0x00012a74                LCD_2_Start
 .text.LCD_2_EnableRxInt
                0x00012a90        0xc .\CortexM3\ARM_GCC_493\Debug\Unificada.a(LCD_2.o)
                0x00012a90                LCD_2_EnableRxInt
 .text.LCD_2_DisableRxInt
                0x00012a9c        0xc .\CortexM3\ARM_GCC_493\Debug\Unificada.a(LCD_2.o)
                0x00012a9c                LCD_2_DisableRxInt
 .text.LCD_2_GetRxBufferSize
                0x00012aa8       0x54 .\CortexM3\ARM_GCC_493\Debug\Unificada.a(LCD_2.o)
                0x00012aa8                LCD_2_GetRxBufferSize
 .text.LCD_2_ClearRxBuffer
                0x00012afc       0x3c .\CortexM3\ARM_GCC_493\Debug\Unificada.a(LCD_2.o)
                0x00012afc                LCD_2_ClearRxBuffer
 .text.LCD_2_PutChar
                0x00012b38       0x18 .\CortexM3\ARM_GCC_493\Debug\Unificada.a(LCD_2.o)
                0x00012b38                LCD_2_PutChar
 .text.LCD_2_RXISR
                0x00012b50       0x80 .\CortexM3\ARM_GCC_493\Debug\Unificada.a(LCD_2_INT.o)
                0x00012b50                LCD_2_RXISR
 .text.IB1_Write
                0x00012bd0       0x18 .\CortexM3\ARM_GCC_493\Debug\Unificada.a(IB1.o)
                0x00012bd0                IB1_Write
 .text.IB1_Read
                0x00012be8       0x10 .\CortexM3\ARM_GCC_493\Debug\Unificada.a(IB1.o)
                0x00012be8                IB1_Read
 .text.IB2_Write
                0x00012bf8       0x18 .\CortexM3\ARM_GCC_493\Debug\Unificada.a(IB2.o)
                0x00012bf8                IB2_Write
 .text.IB2_Read
                0x00012c10        0xc .\CortexM3\ARM_GCC_493\Debug\Unificada.a(IB2.o)
                0x00012c10                IB2_Read
 .text.Timer_Animacion_Enable
                0x00012c1c       0x28 .\CortexM3\ARM_GCC_493\Debug\Unificada.a(Timer_Animacion.o)
                0x00012c1c                Timer_Animacion_Enable
 .text.Timer_Animacion_Stop
                0x00012c44       0x28 .\CortexM3\ARM_GCC_493\Debug\Unificada.a(Timer_Animacion.o)
                0x00012c44                Timer_Animacion_Stop
 .text.Timer_Animacion_SetInterruptMode
                0x00012c6c        0xc .\CortexM3\ARM_GCC_493\Debug\Unificada.a(Timer_Animacion.o)
                0x00012c6c                Timer_Animacion_SetInterruptMode
 .text.Timer_Animacion_ReadStatusRegister
                0x00012c78        0xc .\CortexM3\ARM_GCC_493\Debug\Unificada.a(Timer_Animacion.o)
                0x00012c78                Timer_Animacion_ReadStatusRegister
 .text.Timer_Animacion_WritePeriod
                0x00012c84        0xc .\CortexM3\ARM_GCC_493\Debug\Unificada.a(Timer_Animacion.o)
                0x00012c84                Timer_Animacion_WritePeriod
 .text.Timer_Animacion_WriteCounter
                0x00012c90        0xc .\CortexM3\ARM_GCC_493\Debug\Unificada.a(Timer_Animacion.o)
                0x00012c90                Timer_Animacion_WriteCounter
 .text.Timer_Animacion_Init
                0x00012c9c       0x68 .\CortexM3\ARM_GCC_493\Debug\Unificada.a(Timer_Animacion.o)
                0x00012c9c                Timer_Animacion_Init
 .text.Timer_Animacion_Start
                0x00012d04       0x1c .\CortexM3\ARM_GCC_493\Debug\Unificada.a(Timer_Animacion.o)
                0x00012d04                Timer_Animacion_Start
 .text.isr_3_SetVector
                0x00012d20       0x10 .\CortexM3\ARM_GCC_493\Debug\Unificada.a(isr_3.o)
                0x00012d20                isr_3_SetVector
 .text.isr_3_SetPriority
                0x00012d30       0x10 .\CortexM3\ARM_GCC_493\Debug\Unificada.a(isr_3.o)
                0x00012d30                isr_3_SetPriority
 .text.isr_3_Enable
                0x00012d40       0x10 .\CortexM3\ARM_GCC_493\Debug\Unificada.a(isr_3.o)
                0x00012d40                isr_3_Enable
 .text.isr_3_Disable
                0x00012d50       0x10 .\CortexM3\ARM_GCC_493\Debug\Unificada.a(isr_3.o)
                0x00012d50                isr_3_Disable
 .text.isr_3_StartEx
                0x00012d60       0x1c .\CortexM3\ARM_GCC_493\Debug\Unificada.a(isr_3.o)
                0x00012d60                isr_3_StartEx
 .text.isr_3_Stop
                0x00012d7c       0x14 .\CortexM3\ARM_GCC_493\Debug\Unificada.a(isr_3.o)
                0x00012d7c                isr_3_Stop
 .text.Timer_Animacion2_Enable
                0x00012d90       0x28 .\CortexM3\ARM_GCC_493\Debug\Unificada.a(Timer_Animacion2.o)
                0x00012d90                Timer_Animacion2_Enable
 .text.Timer_Animacion2_Stop
                0x00012db8       0x28 .\CortexM3\ARM_GCC_493\Debug\Unificada.a(Timer_Animacion2.o)
                0x00012db8                Timer_Animacion2_Stop
 .text.Timer_Animacion2_SetInterruptMode
                0x00012de0        0xc .\CortexM3\ARM_GCC_493\Debug\Unificada.a(Timer_Animacion2.o)
                0x00012de0                Timer_Animacion2_SetInterruptMode
 .text.Timer_Animacion2_ReadStatusRegister
                0x00012dec        0xc .\CortexM3\ARM_GCC_493\Debug\Unificada.a(Timer_Animacion2.o)
                0x00012dec                Timer_Animacion2_ReadStatusRegister
 .text.Timer_Animacion2_WritePeriod
                0x00012df8        0xc .\CortexM3\ARM_GCC_493\Debug\Unificada.a(Timer_Animacion2.o)
                0x00012df8                Timer_Animacion2_WritePeriod
 .text.Timer_Animacion2_WriteCounter
                0x00012e04        0xc .\CortexM3\ARM_GCC_493\Debug\Unificada.a(Timer_Animacion2.o)
                0x00012e04                Timer_Animacion2_WriteCounter
 .text.Timer_Animacion2_Init
                0x00012e10       0x68 .\CortexM3\ARM_GCC_493\Debug\Unificada.a(Timer_Animacion2.o)
                0x00012e10                Timer_Animacion2_Init
 .text.Timer_Animacion2_Start
                0x00012e78       0x1c .\CortexM3\ARM_GCC_493\Debug\Unificada.a(Timer_Animacion2.o)
                0x00012e78                Timer_Animacion2_Start
 .text.isr_4_SetVector
                0x00012e94       0x10 .\CortexM3\ARM_GCC_493\Debug\Unificada.a(isr_4.o)
                0x00012e94                isr_4_SetVector
 .text.isr_4_SetPriority
                0x00012ea4       0x10 .\CortexM3\ARM_GCC_493\Debug\Unificada.a(isr_4.o)
                0x00012ea4                isr_4_SetPriority
 .text.isr_4_Enable
                0x00012eb4       0x10 .\CortexM3\ARM_GCC_493\Debug\Unificada.a(isr_4.o)
                0x00012eb4                isr_4_Enable
 .text.isr_4_Disable
                0x00012ec4       0x10 .\CortexM3\ARM_GCC_493\Debug\Unificada.a(isr_4.o)
                0x00012ec4                isr_4_Disable
 .text.isr_4_StartEx
                0x00012ed4       0x1c .\CortexM3\ARM_GCC_493\Debug\Unificada.a(isr_4.o)
                0x00012ed4                isr_4_StartEx
 .text.isr_4_Stop
                0x00012ef0       0x14 .\CortexM3\ARM_GCC_493\Debug\Unificada.a(isr_4.o)
                0x00012ef0                isr_4_Stop
 .text.Timer_1_Enable
                0x00012f04       0x10 .\CortexM3\ARM_GCC_493\Debug\Unificada.a(Timer_1.o)
                0x00012f04                Timer_1_Enable
 .text.Timer_1_Stop
                0x00012f14       0x10 .\CortexM3\ARM_GCC_493\Debug\Unificada.a(Timer_1.o)
                0x00012f14                Timer_1_Stop
 .text.Timer_1_SetInterruptMode
                0x00012f24        0xc .\CortexM3\ARM_GCC_493\Debug\Unificada.a(Timer_1.o)
                0x00012f24                Timer_1_SetInterruptMode
 .text.Timer_1_ReadStatusRegister
                0x00012f30        0xc .\CortexM3\ARM_GCC_493\Debug\Unificada.a(Timer_1.o)
                0x00012f30                Timer_1_ReadStatusRegister
 .text.Timer_1_WritePeriod
                0x00012f3c        0xc .\CortexM3\ARM_GCC_493\Debug\Unificada.a(Timer_1.o)
                0x00012f3c                Timer_1_WritePeriod
 .text.Timer_1_ReadCapture
                0x00012f48        0xc .\CortexM3\ARM_GCC_493\Debug\Unificada.a(Timer_1.o)
                0x00012f48                Timer_1_ReadCapture
 .text.Timer_1_WriteCounter
                0x00012f54        0xc .\CortexM3\ARM_GCC_493\Debug\Unificada.a(Timer_1.o)
                0x00012f54                Timer_1_WriteCounter
 .text.Timer_1_ClearFIFO
                0x00012f60       0x14 .\CortexM3\ARM_GCC_493\Debug\Unificada.a(Timer_1.o)
                0x00012f60                Timer_1_ClearFIFO
 .text.Timer_1_Init
                0x00012f74       0x30 .\CortexM3\ARM_GCC_493\Debug\Unificada.a(Timer_1.o)
                0x00012f74                Timer_1_Init
 .text.Timer_1_Start
                0x00012fa4       0x1c .\CortexM3\ARM_GCC_493\Debug\Unificada.a(Timer_1.o)
                0x00012fa4                Timer_1_Start
 .text.isr_1_SetVector
                0x00012fc0        0xc .\CortexM3\ARM_GCC_493\Debug\Unificada.a(isr_1.o)
                0x00012fc0                isr_1_SetVector
 .text.isr_1_SetPriority
                0x00012fcc       0x10 .\CortexM3\ARM_GCC_493\Debug\Unificada.a(isr_1.o)
                0x00012fcc                isr_1_SetPriority
 .text.isr_1_Enable
                0x00012fdc        0xc .\CortexM3\ARM_GCC_493\Debug\Unificada.a(isr_1.o)
                0x00012fdc                isr_1_Enable
 .text.isr_1_Disable
                0x00012fe8        0xc .\CortexM3\ARM_GCC_493\Debug\Unificada.a(isr_1.o)
                0x00012fe8                isr_1_Disable
 .text.isr_1_StartEx
                0x00012ff4       0x1c .\CortexM3\ARM_GCC_493\Debug\Unificada.a(isr_1.o)
                0x00012ff4                isr_1_StartEx
 .text.VDAC8_1_Enable
                0x00013010       0x1c .\CortexM3\ARM_GCC_493\Debug\Unificada.a(VDAC8_1.o)
                0x00013010                VDAC8_1_Enable
 .text.VDAC8_1_Stop
                0x0001302c       0x1c .\CortexM3\ARM_GCC_493\Debug\Unificada.a(VDAC8_1.o)
                0x0001302c                VDAC8_1_Stop
 .text.VDAC8_1_SetSpeed
                0x00013048       0x1c .\CortexM3\ARM_GCC_493\Debug\Unificada.a(VDAC8_1.o)
                0x00013048                VDAC8_1_SetSpeed
 .text.VDAC8_1_SetValue
                0x00013064        0xc .\CortexM3\ARM_GCC_493\Debug\Unificada.a(VDAC8_1.o)
                0x00013064                VDAC8_1_SetValue
 .text.VDAC8_1_DacTrim
                0x00013070       0x24 .\CortexM3\ARM_GCC_493\Debug\Unificada.a(VDAC8_1.o)
                0x00013070                VDAC8_1_DacTrim
 .text.VDAC8_1_SetRange
                0x00013094       0x20 .\CortexM3\ARM_GCC_493\Debug\Unificada.a(VDAC8_1.o)
                0x00013094                VDAC8_1_SetRange
 .text.VDAC8_1_Init
                0x000130b4       0x20 .\CortexM3\ARM_GCC_493\Debug\Unificada.a(VDAC8_1.o)
                0x000130b4                VDAC8_1_Init
 .text.VDAC8_1_Start
                0x000130d4       0x24 .\CortexM3\ARM_GCC_493\Debug\Unificada.a(VDAC8_1.o)
                0x000130d4                VDAC8_1_Start
 .text.Timer_2_Enable
                0x000130f8       0x10 .\CortexM3\ARM_GCC_493\Debug\Unificada.a(Timer_2.o)
                0x000130f8                Timer_2_Enable
 .text.Timer_2_Stop
                0x00013108       0x10 .\CortexM3\ARM_GCC_493\Debug\Unificada.a(Timer_2.o)
                0x00013108                Timer_2_Stop
 .text.Timer_2_SetInterruptMode
                0x00013118        0xc .\CortexM3\ARM_GCC_493\Debug\Unificada.a(Timer_2.o)
                0x00013118                Timer_2_SetInterruptMode
 .text.Timer_2_ReadStatusRegister
                0x00013124        0xc .\CortexM3\ARM_GCC_493\Debug\Unificada.a(Timer_2.o)
                0x00013124                Timer_2_ReadStatusRegister
 .text.Timer_2_WritePeriod
                0x00013130        0xc .\CortexM3\ARM_GCC_493\Debug\Unificada.a(Timer_2.o)
                0x00013130                Timer_2_WritePeriod
 .text.Timer_2_ReadCapture
                0x0001313c        0xc .\CortexM3\ARM_GCC_493\Debug\Unificada.a(Timer_2.o)
                0x0001313c                Timer_2_ReadCapture
 .text.Timer_2_WriteCounter
                0x00013148        0xc .\CortexM3\ARM_GCC_493\Debug\Unificada.a(Timer_2.o)
                0x00013148                Timer_2_WriteCounter
 .text.Timer_2_ClearFIFO
                0x00013154       0x14 .\CortexM3\ARM_GCC_493\Debug\Unificada.a(Timer_2.o)
                0x00013154                Timer_2_ClearFIFO
 .text.Timer_2_Init
                0x00013168       0x30 .\CortexM3\ARM_GCC_493\Debug\Unificada.a(Timer_2.o)
                0x00013168                Timer_2_Init
 .text.Timer_2_Start
                0x00013198       0x1c .\CortexM3\ARM_GCC_493\Debug\Unificada.a(Timer_2.o)
                0x00013198                Timer_2_Start
 .text.isr_2_SetVector
                0x000131b4        0xc .\CortexM3\ARM_GCC_493\Debug\Unificada.a(isr_2.o)
                0x000131b4                isr_2_SetVector
 .text.isr_2_SetPriority
                0x000131c0       0x10 .\CortexM3\ARM_GCC_493\Debug\Unificada.a(isr_2.o)
                0x000131c0                isr_2_SetPriority
 .text.isr_2_Enable
                0x000131d0        0xc .\CortexM3\ARM_GCC_493\Debug\Unificada.a(isr_2.o)
                0x000131d0                isr_2_Enable
 .text.isr_2_Disable
                0x000131dc        0xc .\CortexM3\ARM_GCC_493\Debug\Unificada.a(isr_2.o)
                0x000131dc                isr_2_Disable
 .text.isr_2_StartEx
                0x000131e8       0x1c .\CortexM3\ARM_GCC_493\Debug\Unificada.a(isr_2.o)
                0x000131e8                isr_2_StartEx
 .text.VDAC8_2_Enable
                0x00013204       0x1c .\CortexM3\ARM_GCC_493\Debug\Unificada.a(VDAC8_2.o)
                0x00013204                VDAC8_2_Enable
 .text.VDAC8_2_Stop
                0x00013220       0x1c .\CortexM3\ARM_GCC_493\Debug\Unificada.a(VDAC8_2.o)
                0x00013220                VDAC8_2_Stop
 .text.VDAC8_2_SetSpeed
                0x0001323c       0x1c .\CortexM3\ARM_GCC_493\Debug\Unificada.a(VDAC8_2.o)
                0x0001323c                VDAC8_2_SetSpeed
 .text.VDAC8_2_SetValue
                0x00013258        0xc .\CortexM3\ARM_GCC_493\Debug\Unificada.a(VDAC8_2.o)
                0x00013258                VDAC8_2_SetValue
 .text.VDAC8_2_DacTrim
                0x00013264       0x24 .\CortexM3\ARM_GCC_493\Debug\Unificada.a(VDAC8_2.o)
                0x00013264                VDAC8_2_DacTrim
 .text.VDAC8_2_SetRange
                0x00013288       0x20 .\CortexM3\ARM_GCC_493\Debug\Unificada.a(VDAC8_2.o)
                0x00013288                VDAC8_2_SetRange
 .text.VDAC8_2_Init
                0x000132a8       0x20 .\CortexM3\ARM_GCC_493\Debug\Unificada.a(VDAC8_2.o)
                0x000132a8                VDAC8_2_Init
 .text.VDAC8_2_Start
                0x000132c8       0x24 .\CortexM3\ARM_GCC_493\Debug\Unificada.a(VDAC8_2.o)
                0x000132c8                VDAC8_2_Start
 .text.VDAC8_3_Enable
                0x000132ec       0x1c .\CortexM3\ARM_GCC_493\Debug\Unificada.a(VDAC8_3.o)
                0x000132ec                VDAC8_3_Enable
 .text.VDAC8_3_SetSpeed
                0x00013308       0x1c .\CortexM3\ARM_GCC_493\Debug\Unificada.a(VDAC8_3.o)
                0x00013308                VDAC8_3_SetSpeed
 .text.VDAC8_3_SetValue
                0x00013324        0xc .\CortexM3\ARM_GCC_493\Debug\Unificada.a(VDAC8_3.o)
                0x00013324                VDAC8_3_SetValue
 .text.VDAC8_3_DacTrim
                0x00013330       0x24 .\CortexM3\ARM_GCC_493\Debug\Unificada.a(VDAC8_3.o)
                0x00013330                VDAC8_3_DacTrim
 .text.VDAC8_3_SetRange
                0x00013354       0x20 .\CortexM3\ARM_GCC_493\Debug\Unificada.a(VDAC8_3.o)
                0x00013354                VDAC8_3_SetRange
 .text.VDAC8_3_Init
                0x00013374       0x20 .\CortexM3\ARM_GCC_493\Debug\Unificada.a(VDAC8_3.o)
                0x00013374                VDAC8_3_Init
 .text.VDAC8_3_Start
                0x00013394       0x24 .\CortexM3\ARM_GCC_493\Debug\Unificada.a(VDAC8_3.o)
                0x00013394                VDAC8_3_Start
 .text.SDown_Write
                0x000133b8       0x18 .\CortexM3\ARM_GCC_493\Debug\Unificada.a(SDown.o)
                0x000133b8                SDown_Write
 .text.Impresora_IntClock_Start
                0x000133d0       0x1c .\CortexM3\ARM_GCC_493\Debug\Unificada.a(Impresora_IntClock.o)
                0x000133d0                Impresora_IntClock_Start
 .text.PC_IntClock_Start
                0x000133ec       0x1c .\CortexM3\ARM_GCC_493\Debug\Unificada.a(PC_IntClock.o)
                0x000133ec                PC_IntClock_Start
 .text.LCD_1_IntClock_Start
                0x00013408       0x1c .\CortexM3\ARM_GCC_493\Debug\Unificada.a(LCD_1_IntClock.o)
                0x00013408                LCD_1_IntClock_Start
 .text.LCD_2_IntClock_Start
                0x00013424       0x1c .\CortexM3\ARM_GCC_493\Debug\Unificada.a(LCD_2_IntClock.o)
                0x00013424                LCD_2_IntClock_Start
 .text          0x00013440       0x20 .\CortexM3\ARM_GCC_493\Debug\Unificada.a(CyBootAsmGnu.o)
                0x00013440                CyDelayCycles
                0x00013450                CyEnterCriticalSection
                0x00013458                CyExitCriticalSection
 .text.CyHalt   0x00013460        0x4 .\CortexM3\ARM_GCC_493\Debug\Unificada.a(CyLib.o)
                0x00013460                CyHalt
 .text.CyDelay  0x00013464       0x2c .\CortexM3\ARM_GCC_493\Debug\Unificada.a(CyLib.o)
                0x00013464                CyDelay
 .text.CyDelayUs
                0x00013490       0x14 .\CortexM3\ARM_GCC_493\Debug\Unificada.a(CyLib.o)
                0x00013490                CyDelayUs
 .text.CyIntSetVector
                0x000134a4       0x28 .\CortexM3\ARM_GCC_493\Debug\Unificada.a(CyLib.o)
                0x000134a4                CyIntSetVector
 .text.CyIntSetPriority
                0x000134cc       0x30 .\CortexM3\ARM_GCC_493\Debug\Unificada.a(CyLib.o)
                0x000134cc                CyIntSetPriority
 .text.__libc_init_array
                0x000134fc       0x4c c:/program files (x86)/cypress/psoc creator/3.3/psoc creator/import/gnu/arm/4.9.3/bin/../lib/gcc/arm-none-eabi/4.9.3/../../../../arm-none-eabi/lib/armv7-m\libg_nano.a(lib_a-init.o)
                0x000134fc                __libc_init_array
 .text.memcpy   0x00013548       0x16 c:/program files (x86)/cypress/psoc creator/3.3/psoc creator/import/gnu/arm/4.9.3/bin/../lib/gcc/arm-none-eabi/4.9.3/../../../../arm-none-eabi/lib/armv7-m\libg_nano.a(lib_a-memcpy.o)
                0x00013548                memcpy
 .text.memset   0x0001355e       0x10 c:/program files (x86)/cypress/psoc creator/3.3/psoc creator/import/gnu/arm/4.9.3/bin/../lib/gcc/arm-none-eabi/4.9.3/../../../../arm-none-eabi/lib/armv7-m\libg_nano.a(lib_a-memset.o)
                0x0001355e                memset
 *(.plt)
 *(.gnu.warning)
 *(.glue_7t)
 .glue_7t       0x00000000        0x0 linker stubs
 *(.glue_7)
 .glue_7        0x00000000        0x0 linker stubs
 *(.vfp11_veneer)
 .vfp11_veneer  0x00000000        0x0 linker stubs
 *(.bootloader)
 *(.ARM.extab* .gnu.linkonce.armextab.*)
 *(.gcc_except_table)

.v4_bx          0x00013570        0x0
 .v4_bx         0x00000000        0x0 linker stubs

.iplt           0x00013570        0x0
 .iplt          0x00000000        0x0 c:/program files (x86)/cypress/psoc creator/3.3/psoc creator/import/gnu/arm/4.9.3/bin/../lib/gcc/arm-none-eabi/4.9.3/armv7-m/crtbegin.o

.eh_frame_hdr
 *(.eh_frame_hdr)

.eh_frame       0x00013570        0x4
 *(.eh_frame)
 .eh_frame      0x00013570        0x0 c:/program files (x86)/cypress/psoc creator/3.3/psoc creator/import/gnu/arm/4.9.3/bin/../lib/gcc/arm-none-eabi/4.9.3/armv7-m/crtbegin.o
 .eh_frame      0x00013570        0x4 c:/program files (x86)/cypress/psoc creator/3.3/psoc creator/import/gnu/arm/4.9.3/bin/../lib/gcc/arm-none-eabi/4.9.3/armv7-m/crtend.o
                0x00013574                PROVIDE (__exidx_start, .)

.ARM.exidx
 *(.ARM.exidx* .gnu.linkonce.armexidx.*)
                0x00013574                __exidx_end = .

.rodata         0x00013574     0xeabc
 *(.rodata .rodata.* .gnu.linkonce.r.*)
 .rodata        0x00013574      0x100 .\CortexM3\ARM_GCC_493\Debug\LCD.o
 .rodata        0x00013674     0x8370 .\CortexM3\ARM_GCC_493\Debug\Print.o
                0x00013680                biomax
                0x00013c68                brio
                0x00014250                cencosud
                0x00014838                ecospetrol
                0x00014e20                esso
                0x00015408                National
                0x000159f0                mineroil
                0x00015da4                mobil
                0x00016158                petrobras
                0x00016740                plus
                0x00016a34                terpel
                0x0001701c                texaco
                0x00017604                zeus
                0x000178f8                petromil
                0x00017ee0                biomax1
                0x00018290                brio1
                0x00018640                cencosud1
                0x000189f0                ecospetrol1
                0x00018da0                esso1
                0x00019150                National1
                0x00019500                mineroil1
                0x000198b0                mobil1
                0x00019c60                petrobras1
                0x0001a010                plus1
                0x0001a3c0                terpel1
                0x0001a770                texaco1
                0x0001ab20                zeus1
                0x0001aed0                petromil1
                0x0001b280                exito1
                0x0001b630                exito
 .rodata        0x0001b9e4        0xc .\CortexM3\ARM_GCC_493\Debug\Protocolo.o
 .rodata        0x0001b9f0     0x65a8 .\CortexM3\ARM_GCC_493\Debug\Sonido.o
                0x0001b9f0                Extra
                0x0001d808                Corriente
                0x0001ff10                Diesel
 .rodata        0x00021f98       0x64 .\CortexM3\ARM_GCC_493\Debug\Unificada.a(cyfitter_cfg.o)
                0x00021ffc                . = ALIGN (0x4)
 *(.init)
 .init          0x00021ffc        0x4 c:/program files (x86)/cypress/psoc creator/3.3/psoc creator/import/gnu/arm/4.9.3/bin/../lib/gcc/arm-none-eabi/4.9.3/armv7-m/crti.o
                0x00021ffc                _init
 .init          0x00022000        0x8 c:/program files (x86)/cypress/psoc creator/3.3/psoc creator/import/gnu/arm/4.9.3/bin/../lib/gcc/arm-none-eabi/4.9.3/armv7-m/crtn.o
                0x00022008                . = ALIGN (0x4)
                0x00022008                __preinit_array_start = .
 *(.preinit_array)
                0x00022008                __preinit_array_end = .
                0x00022008                . = ALIGN (0x4)
                0x00022008                __init_array_start = .
 *(SORT(.init_array.*))
 *(.init_array)
 .init_array    0x00022008        0x4 c:/program files (x86)/cypress/psoc creator/3.3/psoc creator/import/gnu/arm/4.9.3/bin/../lib/gcc/arm-none-eabi/4.9.3/armv7-m/crtbegin.o
 .init_array    0x0002200c        0x4 .\CortexM3\ARM_GCC_493\Debug\Cm3Start.o
                0x00022010                __init_array_end = .
                0x00022010                . = ALIGN (0x4)
 *(.fini)
 .fini          0x00022010        0x4 c:/program files (x86)/cypress/psoc creator/3.3/psoc creator/import/gnu/arm/4.9.3/bin/../lib/gcc/arm-none-eabi/4.9.3/armv7-m/crti.o
                0x00022010                _fini
 .fini          0x00022014        0x8 c:/program files (x86)/cypress/psoc creator/3.3/psoc creator/import/gnu/arm/4.9.3/bin/../lib/gcc/arm-none-eabi/4.9.3/armv7-m/crtn.o
                0x0002201c                . = ALIGN (0x4)
                0x0002201c                __fini_array_start = .
 *(.fini_array)
 .fini_array    0x0002201c        0x4 c:/program files (x86)/cypress/psoc creator/3.3/psoc creator/import/gnu/arm/4.9.3/bin/../lib/gcc/arm-none-eabi/4.9.3/armv7-m/crtbegin.o
 *(SORT(.fini_array.*))
                0x00022020                __fini_array_end = .
                0x00022020                . = ALIGN (0x4)
 *crtbegin.o(.ctors)
 *(EXCLUDE_FILE(*crtend.o) .ctors)
 *(SORT(.ctors.*))
 *crtend.o(.ctors)
                0x00022020                . = ALIGN (0x4)
 *crtbegin.o(.dtors)
 *(EXCLUDE_FILE(*crtend.o) .dtors)
 *(SORT(.dtors.*))
 *crtend.o(.dtors)
                0x00022020                . = ALIGN (0x4)
                0x00022020                __cy_regions = .
                0x00022020        0x4 LONG 0x22030 __cy_region_init_ram
                0x00022024        0x4 LONG 0x1fff8108 __cy_region_start_data
                0x00022028        0x4 LONG 0x220 __cy_region_init_size_ram
                0x0002202c        0x4 LONG 0x7d0 __cy_region_zero_size_ram
                0x00022030                __cy_regions_end = .
                0x00022030                . = ALIGN (0x8)
                0x00022030                _etext = .

.ramvectors     0x1fff8000      0x100
                0x1fff8000                __cy_region_start_ram = .
 *(.ramvectors)
 .ramvectors    0x1fff8000      0x100 .\CortexM3\ARM_GCC_493\Debug\Cm3Start.o
                0x1fff8000                CyRamVectors

.noinit         0x1fff8100        0x5
 *(.noinit)
 .noinit        0x1fff8100        0x4 .\CortexM3\ARM_GCC_493\Debug\Cm3Start.o
 .noinit        0x1fff8104        0x1 .\CortexM3\ARM_GCC_493\Debug\Unificada.a(CyLib.o)
                0x1fff8104                CyResetStatus

.data           0x1fff8108      0x220 load address 0x00022030
                0x1fff8108                __cy_region_start_data = .
 *(.jcr)
 .jcr           0x1fff8108        0x0 c:/program files (x86)/cypress/psoc creator/3.3/psoc creator/import/gnu/arm/4.9.3/bin/../lib/gcc/arm-none-eabi/4.9.3/armv7-m/crtbegin.o
 .jcr           0x1fff8108        0x4 c:/program files (x86)/cypress/psoc creator/3.3/psoc creator/import/gnu/arm/4.9.3/bin/../lib/gcc/arm-none-eabi/4.9.3/armv7-m/crtend.o
 *(.got.plt)
 *(.got)
 *(.shdata)
 *(.data .data.* .gnu.linkonce.d.*)
 .data          0x1fff810c       0x60 .\CortexM3\ARM_GCC_493\Debug\main.o
                0x1fff810c                pasword_corte
                0x1fff8114                letras
                0x1fff8130                puk
                0x1fff8138                test
                0x1fff814c                borrado
                0x1fff8158                serial
 .data          0x1fff816c      0x12c .\CortexM3\ARM_GCC_493\Debug\Print.o
                0x1fff816c                msn_din
                0x1fff817c                msn_vol
                0x1fff818c                msn_eds
                0x1fff81a0                msn_nit
                0x1fff81a4                msn_tel
                0x1fff81a8                msn_numero
                0x1fff81b0                msn_fecha
                0x1fff81b8                msn_hora
                0x1fff81c0                msn_copia
                0x1fff81c8                msn_pos
                0x1fff81d4                msn_producto
                0x1fff81e0                msn_ppu
                0x1fff81f0                msn_placa
                0x1fff81fc                msn_cuenta
                0x1fff8208                msn_km
                0x1fff8214                msn_id
                0x1fff8220                msn_idcorte
                0x1fff8230                msn_fcorte
                0x1fff8240                msn_hcorte
                0x1fff8250                msn_ufcorte
                0x1fff8268                msn_uhcorte
                0x1fff8280                msn_consecutivo
 .data          0x1fff8298       0x7c .\CortexM3\ARM_GCC_493\Debug\Protocolo.o
                0x1fff8298                msn_tc
                0x1fff82a0                msn_lecact
                0x1fff82b0                msn_lecaan
                0x1fff82c4                msn_tventas
                0x1fff82d8                msn_totalcero
                0x1fff82e8                msn_tk
                0x1fff82f4                msn_td
                0x1fff8304                msn_te
 .data          0x1fff8314       0x10 .\CortexM3\ARM_GCC_493\Debug\Unificada.a(CyLib.o)
                0x1fff8314                cydelay_32k_ms
                0x1fff8318                cydelay_freq_khz
                0x1fff831c                cydelay_freq_mhz
                0x1fff8320                cydelay_freq_hz
                0x1fff8328                . = ALIGN (0x8)
 *fill*         0x1fff8324        0x4 
 *(.ram)
                0x1fff8328                _edata = .

.igot.plt       0x1fff8328        0x0 load address 0x00022250
 .igot.plt      0x00000000        0x0 c:/program files (x86)/cypress/psoc creator/3.3/psoc creator/import/gnu/arm/4.9.3/bin/../lib/gcc/arm-none-eabi/4.9.3/armv7-m/crtbegin.o

.bss            0x1fff8328      0x7d0 load address 0x00022250
                0x1fff8328                PROVIDE (__bss_start__, .)
 *(.shbss)
 *(.bss .bss.* .gnu.linkonce.b.*)
 .bss           0x1fff8328       0x1c c:/program files (x86)/cypress/psoc creator/3.3/psoc creator/import/gnu/arm/4.9.3/bin/../lib/gcc/arm-none-eabi/4.9.3/armv7-m/crtbegin.o
 .bss           0x1fff8344        0xa .\CortexM3\ARM_GCC_493\Debug\Unificada.a(Surtidor.o)
                0x1fff8344                Surtidor_initVar
                0x1fff8346                Surtidor_rxBufferRead
                0x1fff8348                Surtidor_rxBufferWrite
                0x1fff834a                Surtidor_rxBufferLoopDetect
                0x1fff834b                Surtidor_rxBufferOverflow
 .bss           0x1fff834e        0x6 .\CortexM3\ARM_GCC_493\Debug\Unificada.a(Impresora.o)
                0x1fff834e                Impresora_initVar
                0x1fff834f                Impresora_rxBufferRead
                0x1fff8350                Impresora_rxBufferWrite
                0x1fff8351                Impresora_rxBufferLoopDetect
                0x1fff8352                Impresora_rxBufferOverflow
 .bss           0x1fff8354        0x6 .\CortexM3\ARM_GCC_493\Debug\Unificada.a(PC.o)
                0x1fff8354                PC_initVar
                0x1fff8355                PC_rxBufferRead
                0x1fff8356                PC_rxBufferWrite
                0x1fff8357                PC_rxBufferLoopDetect
                0x1fff8358                PC_rxBufferOverflow
 .bss           0x1fff835a        0x1 .\CortexM3\ARM_GCC_493\Debug\Unificada.a(I2C_1.o)
                0x1fff835a                I2C_1_initVar
 .bss           0x1fff835b        0x6 .\CortexM3\ARM_GCC_493\Debug\Unificada.a(LCD_1.o)
                0x1fff835b                LCD_1_initVar
                0x1fff835c                LCD_1_rxBufferRead
                0x1fff835d                LCD_1_rxBufferWrite
                0x1fff835e                LCD_1_rxBufferLoopDetect
                0x1fff835f                LCD_1_rxBufferOverflow
 .bss           0x1fff8361        0x6 .\CortexM3\ARM_GCC_493\Debug\Unificada.a(LCD_2.o)
                0x1fff8361                LCD_2_initVar
                0x1fff8362                LCD_2_rxBufferRead
                0x1fff8363                LCD_2_rxBufferWrite
                0x1fff8364                LCD_2_rxBufferLoopDetect
                0x1fff8365                LCD_2_rxBufferOverflow
 .bss           0x1fff8367        0x1 .\CortexM3\ARM_GCC_493\Debug\Unificada.a(Timer_Animacion.o)
                0x1fff8367                Timer_Animacion_initVar
 .bss           0x1fff8368        0x1 .\CortexM3\ARM_GCC_493\Debug\Unificada.a(Timer_Animacion2.o)
                0x1fff8368                Timer_Animacion2_initVar
 .bss           0x1fff8369        0x1 .\CortexM3\ARM_GCC_493\Debug\Unificada.a(Timer_1.o)
                0x1fff8369                Timer_1_initVar
 .bss           0x1fff836a        0x1 .\CortexM3\ARM_GCC_493\Debug\Unificada.a(VDAC8_1.o)
                0x1fff836a                VDAC8_1_initVar
 .bss           0x1fff836b        0x1 .\CortexM3\ARM_GCC_493\Debug\Unificada.a(Timer_2.o)
                0x1fff836b                Timer_2_initVar
 .bss           0x1fff836c        0x1 .\CortexM3\ARM_GCC_493\Debug\Unificada.a(VDAC8_2.o)
                0x1fff836c                VDAC8_2_initVar
 .bss           0x1fff836d        0x1 .\CortexM3\ARM_GCC_493\Debug\Unificada.a(VDAC8_3.o)
                0x1fff836d                VDAC8_3_initVar
 *(COMMON)
 *fill*         0x1fff836e        0x2 
 COMMON         0x1fff8370      0x570 .\CortexM3\ARM_GCC_493\Debug\main.o
                0x1fff8370                lado
                0x1fff8378                copia_recibo
                0x1fff837a                flujo_LCD
                0x1fff837b                comas1
                0x1fff837c                no_imprime2
                0x1fff837d                kero
                0x1fff837e                decimalD
                0x1fff8380                producto2n
                0x1fff838c                x
                0x1fff8390                modulo
                0x1fff8520                ok_LCD1
                0x1fff8522                id_corte
                0x1fff8524                extra2
                0x1fff8525                count_protector2
                0x1fff8526                ok_LCD2
                0x1fff8527                version
                0x1fff8528                producto1n
                0x1fff8533                no_imprime
                0x1fff8534                versurt
                0x1fff8535                crc_total
                0x1fff8538                producto4n
                0x1fff8544                w
                0x1fff8548                bandera
                0x1fff854a                estado_0
                0x1fff854b                flujo_LCD2
                0x1fff854c                diesel
                0x1fff854d                teclas1
                0x1fff854e                comas2
                0x1fff854f                producto
                0x1fff8550                z
                0x1fff8554                buffer_i2c
                0x1fff8594                cont1
                0x1fff8595                teclado2
                0x1fff8596                count_protector
                0x1fff8597                teclado
                0x1fff8598                pos_ibutton
                0x1fff859c                id_venta
                0x1fff85a2                ppux10
                0x1fff85a4                y
                0x1fff85a8                rventa2
                0x1fff868c                tipo_imp
                0x1fff868e                corriente2
                0x1fff868f                a_copias
                0x1fff8690                print1
                0x1fff8692                producto2
                0x1fff8693                diesel2
                0x1fff8694                Buffer_LCD1
                0x1fff872c                kero2
                0x1fff872d                teclas2
                0x1fff8730                print2
                0x1fff8734                rventa
                0x1fff8818                fecha_corte
                0x1fff881e                extra
                0x1fff881f                decimalV
                0x1fff8820                resultado
                0x1fff8830                no_venta
                0x1fff8834                copia_recibo2
                0x1fff8836                nombreproducto
                0x1fff8837                producto1
                0x1fff8838                Buffer_LCD2
                0x1fff88d0                n_copias
                0x1fff88d4                producto3n
                0x1fff88df                corriente
 COMMON         0x1fff88e0       0x10 .\CortexM3\ARM_GCC_493\Debug\Sonido.o
                0x1fff88e0                NextSample_2
                0x1fff88e4                i2
                0x1fff88e8                NextSample_1
                0x1fff88ec                i1
 COMMON         0x1fff88f0      0x100 .\CortexM3\ARM_GCC_493\Debug\Unificada.a(Surtidor.o)
                0x1fff88f0                Surtidor_rxBuffer
 COMMON         0x1fff89f0       0x64 .\CortexM3\ARM_GCC_493\Debug\Unificada.a(Impresora.o)
                0x1fff89f0                Impresora_rxBuffer
 COMMON         0x1fff8a54       0x64 .\CortexM3\ARM_GCC_493\Debug\Unificada.a(PC.o)
                0x1fff8a54                PC_rxBuffer
 COMMON         0x1fff8ab8        0x1 .\CortexM3\ARM_GCC_493\Debug\Unificada.a(I2C_1.o)
                0x1fff8ab8                I2C_1_state
 *fill*         0x1fff8ab9        0x3 
 COMMON         0x1fff8abc       0x11 .\CortexM3\ARM_GCC_493\Debug\Unificada.a(I2C_1_MASTER.o)
                0x1fff8abc                I2C_1_mstrWrBufIndex
                0x1fff8abd                I2C_1_mstrControl
                0x1fff8abe                I2C_1_mstrStatus
                0x1fff8abf                I2C_1_mstrWrBufSize
                0x1fff8ac0                I2C_1_mstrRdBufIndex
                0x1fff8ac4                I2C_1_mstrWrBufPtr
                0x1fff8ac8                I2C_1_mstrRdBufPtr
                0x1fff8acc                I2C_1_mstrRdBufSize
 *fill*         0x1fff8acd        0x3 
 COMMON         0x1fff8ad0       0x14 .\CortexM3\ARM_GCC_493\Debug\Unificada.a(LCD_1.o)
                0x1fff8ad0                LCD_1_rxBuffer
 COMMON         0x1fff8ae4       0x14 .\CortexM3\ARM_GCC_493\Debug\Unificada.a(LCD_2.o)
                0x1fff8ae4                LCD_2_rxBuffer
                0x1fff8af8                . = ALIGN (0x8)
 *(.ram.b)
                0x1fff8af8                _end = .
                0x1fff8af8                __end = .
                0x1fff8af8                PROVIDE (end, .)
                0x1fff8af8                PROVIDE (__bss_end__, .)
                0x00022030                __cy_region_init_ram = LOADADDR (.data)
                0x00000220                __cy_region_init_size_ram = (_edata - ADDR (.data))
                0x000007d0                __cy_region_zero_size_ram = (_end - _edata)

.heap           0x1fff8af8       0x80 load address 0x00022250
                0x1fff8af8                . = _end
                0x1fff8b78                . = (. + 0x80)
 *fill*         0x1fff8af8       0x80 
                0x1fff8b78                __cy_heap_limit = .

.stack          0x20007800      0x800
                0x20007800                __cy_stack_limit = .
                0x20008000                . = (. + 0x800)
 *fill*         0x20007800      0x800 
                0x00000001                ASSERT ((__cy_stack_limit >= __cy_heap_limit), region RAM overflowed with stack)

.cyloadermeta   0xf0000000       0x40
 *(.cyloadermeta)
 .cyloadermeta  0xf0000000       0x40 .\CortexM3\ARM_GCC_493\Debug\cybootloader.o
                0xf0000000                cy_meta_loader

.cyloadablemeta
                0x0003ffc0       0x40
 *(.cyloadablemeta)
 .cyloadablemeta
                0x0003ffc0       0x40 .\CortexM3\ARM_GCC_493\Debug\cymetadata.o
                0x0003ffc0                cy_meta_loadable

.cyconfigecc    0x80000440     0x101c
 *(.cyconfigecc)
 .cyconfigecc   0x80000440     0x101c .\CortexM3\ARM_GCC_493\Debug\cymetadata.o
                0x80000440                cy_meta_configecc

.cycustnvl      0x90000000        0x4
 *(.cycustnvl)
 .cycustnvl     0x90000000        0x4 .\CortexM3\ARM_GCC_493\Debug\cybootloader.o
                0x90000000                cy_meta_custnvl

.cywolatch      0x90100000        0x4
 *(.cywolatch)
 .cywolatch     0x90100000        0x4 .\CortexM3\ARM_GCC_493\Debug\cybootloader.o
                0x90100000                cy_meta_wonvl

.cyeeprom       0x90200000        0x0
 *(.cyeeprom)
                0x00000001                ASSERT ((. <= ((0x90200000 + ee_offset) + ee_size)), .cyeeprom data will not fit in EEPROM)

.cyflashprotect
                0x90400000      0x100
 *(.cyflashprotect)
 .cyflashprotect
                0x90400000      0x100 .\CortexM3\ARM_GCC_493\Debug\cybootloader.o
                0x90400000                cy_meta_flashprotect

.cymeta         0x90500000        0xc
 *(.cymeta)
 .cymeta        0x90500000        0xc .\CortexM3\ARM_GCC_493\Debug\cybootloader.o
                0x90500000                cy_metadata

.rel.dyn        0x00040000        0x0 load address 0x9050000c
 .rel.iplt      0x00000000        0x0 c:/program files (x86)/cypress/psoc creator/3.3/psoc creator/import/gnu/arm/4.9.3/bin/../lib/gcc/arm-none-eabi/4.9.3/armv7-m/crtbegin.o

.stab
 *(.stab)

.stabstr
 *(.stabstr)

.debug
 *(.debug)

.line
 *(.line)

.debug_srcinfo
 *(.debug_srcinfo)

.debug_sfnames
 *(.debug_sfnames)

.debug_aranges  0x00000000     0x1610
 *(.debug_aranges)
 .debug_aranges
                0x00000000       0x58 .\CortexM3\ARM_GCC_493\Debug\main.o
 .debug_aranges
                0x00000058       0x50 .\CortexM3\ARM_GCC_493\Debug\I2C.o
 .debug_aranges
                0x000000a8       0x48 .\CortexM3\ARM_GCC_493\Debug\ibuton.o
 .debug_aranges
                0x000000f0       0x90 .\CortexM3\ARM_GCC_493\Debug\LCD.o
 .debug_aranges
                0x00000180       0x58 .\CortexM3\ARM_GCC_493\Debug\Print.o
 .debug_aranges
                0x000001d8       0x60 .\CortexM3\ARM_GCC_493\Debug\Protocolo.o
 .debug_aranges
                0x00000238       0x30 .\CortexM3\ARM_GCC_493\Debug\Sonido.o
 .debug_aranges
                0x00000268       0x18 .\CortexM3\ARM_GCC_493\Debug\cybootloader.o
 .debug_aranges
                0x00000280       0x18 .\CortexM3\ARM_GCC_493\Debug\cymetadata.o
 .debug_aranges
                0x00000298       0x48 .\CortexM3\ARM_GCC_493\Debug\Cm3Start.o
 .debug_aranges
                0x000002e0       0x58 .\CortexM3\ARM_GCC_493\Debug\Unificada.a(cyfitter_cfg.o)
 .debug_aranges
                0x00000338      0x100 .\CortexM3\ARM_GCC_493\Debug\Unificada.a(Surtidor.o)
 .debug_aranges
                0x00000438       0x20 .\CortexM3\ARM_GCC_493\Debug\Unificada.a(Surtidor_INT.o)
 .debug_aranges
                0x00000458      0x100 .\CortexM3\ARM_GCC_493\Debug\Unificada.a(Impresora.o)
 .debug_aranges
                0x00000558       0x20 .\CortexM3\ARM_GCC_493\Debug\Unificada.a(Impresora_INT.o)
 .debug_aranges
                0x00000578      0x100 .\CortexM3\ARM_GCC_493\Debug\Unificada.a(PC.o)
 .debug_aranges
                0x00000678       0x20 .\CortexM3\ARM_GCC_493\Debug\Unificada.a(PC_INT.o)
 .debug_aranges
                0x00000698       0x38 .\CortexM3\ARM_GCC_493\Debug\Unificada.a(I2C_1.o)
 .debug_aranges
                0x000006d0       0x20 .\CortexM3\ARM_GCC_493\Debug\Unificada.a(I2C_1_INT.o)
 .debug_aranges
                0x000006f0       0x38 .\CortexM3\ARM_GCC_493\Debug\Unificada.a(I2C_1_PM.o)
 .debug_aranges
                0x00000728       0x88 .\CortexM3\ARM_GCC_493\Debug\Unificada.a(I2C_1_MASTER.o)
 .debug_aranges
                0x000007b0       0x38 .\CortexM3\ARM_GCC_493\Debug\Unificada.a(Pin_WP.o)
 .debug_aranges
                0x000007e8      0x100 .\CortexM3\ARM_GCC_493\Debug\Unificada.a(LCD_1.o)
 .debug_aranges
                0x000008e8       0x20 .\CortexM3\ARM_GCC_493\Debug\Unificada.a(LCD_1_INT.o)
 .debug_aranges
                0x00000908      0x100 .\CortexM3\ARM_GCC_493\Debug\Unificada.a(LCD_2.o)
 .debug_aranges
                0x00000a08       0x20 .\CortexM3\ARM_GCC_493\Debug\Unificada.a(LCD_2_INT.o)
 .debug_aranges
                0x00000a28       0x38 .\CortexM3\ARM_GCC_493\Debug\Unificada.a(IB1.o)
 .debug_aranges
                0x00000a60       0x38 .\CortexM3\ARM_GCC_493\Debug\Unificada.a(IB2.o)
 .debug_aranges
                0x00000a98       0x88 .\CortexM3\ARM_GCC_493\Debug\Unificada.a(Timer_Animacion.o)
 .debug_aranges
                0x00000b20       0x80 .\CortexM3\ARM_GCC_493\Debug\Unificada.a(isr_3.o)
 .debug_aranges
                0x00000ba0       0x88 .\CortexM3\ARM_GCC_493\Debug\Unificada.a(Timer_Animacion2.o)
 .debug_aranges
                0x00000c28       0x80 .\CortexM3\ARM_GCC_493\Debug\Unificada.a(isr_4.o)
 .debug_aranges
                0x00000ca8       0x90 .\CortexM3\ARM_GCC_493\Debug\Unificada.a(Timer_1.o)
 .debug_aranges
                0x00000d38       0x80 .\CortexM3\ARM_GCC_493\Debug\Unificada.a(isr_1.o)
 .debug_aranges
                0x00000db8       0x58 .\CortexM3\ARM_GCC_493\Debug\Unificada.a(VDAC8_1.o)
 .debug_aranges
                0x00000e10       0x90 .\CortexM3\ARM_GCC_493\Debug\Unificada.a(Timer_2.o)
 .debug_aranges
                0x00000ea0       0x80 .\CortexM3\ARM_GCC_493\Debug\Unificada.a(isr_2.o)
 .debug_aranges
                0x00000f20       0x58 .\CortexM3\ARM_GCC_493\Debug\Unificada.a(VDAC8_2.o)
 .debug_aranges
                0x00000f78       0x58 .\CortexM3\ARM_GCC_493\Debug\Unificada.a(VDAC8_3.o)
 .debug_aranges
                0x00000fd0       0x38 .\CortexM3\ARM_GCC_493\Debug\Unificada.a(SDown.o)
 .debug_aranges
                0x00001008       0x70 .\CortexM3\ARM_GCC_493\Debug\Unificada.a(Impresora_IntClock.o)
 .debug_aranges
                0x00001078       0x70 .\CortexM3\ARM_GCC_493\Debug\Unificada.a(PC_IntClock.o)
 .debug_aranges
                0x000010e8       0x70 .\CortexM3\ARM_GCC_493\Debug\Unificada.a(LCD_1_IntClock.o)
 .debug_aranges
                0x00001158       0x70 .\CortexM3\ARM_GCC_493\Debug\Unificada.a(LCD_2_IntClock.o)
 .debug_aranges
                0x000011c8       0x20 .\CortexM3\ARM_GCC_493\Debug\Unificada.a(CyBootAsmGnu.o)
 .debug_aranges
                0x000011e8      0x298 .\CortexM3\ARM_GCC_493\Debug\Unificada.a(CyLib.o)
 .debug_aranges
                0x00001480       0x98 .\CortexM3\ARM_GCC_493\Debug\Unificada.a(cyPm.o)
 .debug_aranges
                0x00001518       0x80 .\CortexM3\ARM_GCC_493\Debug\Unificada.a(CyFlash.o)
 .debug_aranges
                0x00001598       0x78 .\CortexM3\ARM_GCC_493\Debug\Unificada.a(CySpc.o)

.debug_pubnames
 *(.debug_pubnames)

.debug_info     0x00000000    0x1bf1c
 *(.debug_info .gnu.linkonce.wi.*)
 .debug_info    0x00000000     0x8164 .\CortexM3\ARM_GCC_493\Debug\main.o
 .debug_info    0x00008164      0xdc8 .\CortexM3\ARM_GCC_493\Debug\I2C.o
 .debug_info    0x00008f2c     0x1442 .\CortexM3\ARM_GCC_493\Debug\ibuton.o
 .debug_info    0x0000a36e     0x13d6 .\CortexM3\ARM_GCC_493\Debug\LCD.o
 .debug_info    0x0000b744     0x2ac0 .\CortexM3\ARM_GCC_493\Debug\Print.o
 .debug_info    0x0000e204     0x3c68 .\CortexM3\ARM_GCC_493\Debug\Protocolo.o
 .debug_info    0x00011e6c      0xac6 .\CortexM3\ARM_GCC_493\Debug\Sonido.o
 .debug_info    0x00012932      0x164 .\CortexM3\ARM_GCC_493\Debug\cybootloader.o
 .debug_info    0x00012a96       0xd8 .\CortexM3\ARM_GCC_493\Debug\cymetadata.o
 .debug_info    0x00012b6e      0x3a3 .\CortexM3\ARM_GCC_493\Debug\Cm3Start.o
 .debug_info    0x00012f11      0x666 .\CortexM3\ARM_GCC_493\Debug\Unificada.a(cyfitter_cfg.o)
 .debug_info    0x00013577      0x788 .\CortexM3\ARM_GCC_493\Debug\Unificada.a(Surtidor.o)
 .debug_info    0x00013cff      0x139 .\CortexM3\ARM_GCC_493\Debug\Unificada.a(Surtidor_INT.o)
 .debug_info    0x00013e38      0x7ae .\CortexM3\ARM_GCC_493\Debug\Unificada.a(Impresora.o)
 .debug_info    0x000145e6      0x129 .\CortexM3\ARM_GCC_493\Debug\Unificada.a(Impresora_INT.o)
 .debug_info    0x0001470f      0x7ae .\CortexM3\ARM_GCC_493\Debug\Unificada.a(PC.o)
 .debug_info    0x00014ebd      0x129 .\CortexM3\ARM_GCC_493\Debug\Unificada.a(PC_INT.o)
 .debug_info    0x00014fe6      0x2d4 .\CortexM3\ARM_GCC_493\Debug\Unificada.a(I2C_1.o)
 .debug_info    0x000152ba      0x191 .\CortexM3\ARM_GCC_493\Debug\Unificada.a(I2C_1_INT.o)
 .debug_info    0x0001544b      0x1ef .\CortexM3\ARM_GCC_493\Debug\Unificada.a(I2C_1_PM.o)
 .debug_info    0x0001563a      0x410 .\CortexM3\ARM_GCC_493\Debug\Unificada.a(I2C_1_MASTER.o)
 .debug_info    0x00015a4a      0x11e .\CortexM3\ARM_GCC_493\Debug\Unificada.a(Pin_WP.o)
 .debug_info    0x00015b68      0x7ae .\CortexM3\ARM_GCC_493\Debug\Unificada.a(LCD_1.o)
 .debug_info    0x00016316      0x129 .\CortexM3\ARM_GCC_493\Debug\Unificada.a(LCD_1_INT.o)
 .debug_info    0x0001643f      0x7ae .\CortexM3\ARM_GCC_493\Debug\Unificada.a(LCD_2.o)
 .debug_info    0x00016bed      0x129 .\CortexM3\ARM_GCC_493\Debug\Unificada.a(LCD_2_INT.o)
 .debug_info    0x00016d16      0x11e .\CortexM3\ARM_GCC_493\Debug\Unificada.a(IB1.o)
 .debug_info    0x00016e34      0x120 .\CortexM3\ARM_GCC_493\Debug\Unificada.a(IB2.o)
 .debug_info    0x00016f54      0x28c .\CortexM3\ARM_GCC_493\Debug\Unificada.a(Timer_Animacion.o)
 .debug_info    0x000171e0      0x2c9 .\CortexM3\ARM_GCC_493\Debug\Unificada.a(isr_3.o)
 .debug_info    0x000174a9      0x28c .\CortexM3\ARM_GCC_493\Debug\Unificada.a(Timer_Animacion2.o)
 .debug_info    0x00017735      0x2c9 .\CortexM3\ARM_GCC_493\Debug\Unificada.a(isr_4.o)
 .debug_info    0x000179fe      0x2c9 .\CortexM3\ARM_GCC_493\Debug\Unificada.a(Timer_1.o)
 .debug_info    0x00017cc7      0x2c9 .\CortexM3\ARM_GCC_493\Debug\Unificada.a(isr_1.o)
 .debug_info    0x00017f90      0x1dc .\CortexM3\ARM_GCC_493\Debug\Unificada.a(VDAC8_1.o)
 .debug_info    0x0001816c      0x2c9 .\CortexM3\ARM_GCC_493\Debug\Unificada.a(Timer_2.o)
 .debug_info    0x00018435      0x2c9 .\CortexM3\ARM_GCC_493\Debug\Unificada.a(isr_2.o)
 .debug_info    0x000186fe      0x1dc .\CortexM3\ARM_GCC_493\Debug\Unificada.a(VDAC8_2.o)
 .debug_info    0x000188da      0x1de .\CortexM3\ARM_GCC_493\Debug\Unificada.a(VDAC8_3.o)
 .debug_info    0x00018ab8      0x11e .\CortexM3\ARM_GCC_493\Debug\Unificada.a(SDown.o)
 .debug_info    0x00018bd6      0x281 .\CortexM3\ARM_GCC_493\Debug\Unificada.a(Impresora_IntClock.o)
 .debug_info    0x00018e57      0x281 .\CortexM3\ARM_GCC_493\Debug\Unificada.a(PC_IntClock.o)
 .debug_info    0x000190d8      0x281 .\CortexM3\ARM_GCC_493\Debug\Unificada.a(LCD_1_IntClock.o)
 .debug_info    0x00019359      0x281 .\CortexM3\ARM_GCC_493\Debug\Unificada.a(LCD_2_IntClock.o)
 .debug_info    0x000195da       0x8c .\CortexM3\ARM_GCC_493\Debug\Unificada.a(CyBootAsmGnu.o)
 .debug_info    0x00019666     0x136c .\CortexM3\ARM_GCC_493\Debug\Unificada.a(CyLib.o)
 .debug_info    0x0001a9d2      0xa55 .\CortexM3\ARM_GCC_493\Debug\Unificada.a(cyPm.o)
 .debug_info    0x0001b427      0x608 .\CortexM3\ARM_GCC_493\Debug\Unificada.a(CyFlash.o)
 .debug_info    0x0001ba2f      0x4ed .\CortexM3\ARM_GCC_493\Debug\Unificada.a(CySpc.o)

.debug_abbrev   0x00000000     0x4147
 *(.debug_abbrev)
 .debug_abbrev  0x00000000      0x1f3 .\CortexM3\ARM_GCC_493\Debug\main.o
 .debug_abbrev  0x000001f3      0x214 .\CortexM3\ARM_GCC_493\Debug\I2C.o
 .debug_abbrev  0x00000407      0x1f4 .\CortexM3\ARM_GCC_493\Debug\ibuton.o
 .debug_abbrev  0x000005fb      0x1a9 .\CortexM3\ARM_GCC_493\Debug\LCD.o
 .debug_abbrev  0x000007a4      0x209 .\CortexM3\ARM_GCC_493\Debug\Print.o
 .debug_abbrev  0x000009ad      0x241 .\CortexM3\ARM_GCC_493\Debug\Protocolo.o
 .debug_abbrev  0x00000bee      0x177 .\CortexM3\ARM_GCC_493\Debug\Sonido.o
 .debug_abbrev  0x00000d65       0x77 .\CortexM3\ARM_GCC_493\Debug\cybootloader.o
 .debug_abbrev  0x00000ddc       0x66 .\CortexM3\ARM_GCC_493\Debug\cymetadata.o
 .debug_abbrev  0x00000e42      0x20f .\CortexM3\ARM_GCC_493\Debug\Cm3Start.o
 .debug_abbrev  0x00001051      0x223 .\CortexM3\ARM_GCC_493\Debug\Unificada.a(cyfitter_cfg.o)
 .debug_abbrev  0x00001274      0x1dd .\CortexM3\ARM_GCC_493\Debug\Unificada.a(Surtidor.o)
 .debug_abbrev  0x00001451       0x97 .\CortexM3\ARM_GCC_493\Debug\Unificada.a(Surtidor_INT.o)
 .debug_abbrev  0x000014e8      0x1dd .\CortexM3\ARM_GCC_493\Debug\Unificada.a(Impresora.o)
 .debug_abbrev  0x000016c5       0x97 .\CortexM3\ARM_GCC_493\Debug\Unificada.a(Impresora_INT.o)
 .debug_abbrev  0x0000175c      0x1dd .\CortexM3\ARM_GCC_493\Debug\Unificada.a(PC.o)
 .debug_abbrev  0x00001939       0x97 .\CortexM3\ARM_GCC_493\Debug\Unificada.a(PC_INT.o)
 .debug_abbrev  0x000019d0      0x159 .\CortexM3\ARM_GCC_493\Debug\Unificada.a(I2C_1.o)
 .debug_abbrev  0x00001b29       0xe8 .\CortexM3\ARM_GCC_493\Debug\Unificada.a(I2C_1_INT.o)
 .debug_abbrev  0x00001c11      0x12b .\CortexM3\ARM_GCC_493\Debug\Unificada.a(I2C_1_PM.o)
 .debug_abbrev  0x00001d3c      0x149 .\CortexM3\ARM_GCC_493\Debug\Unificada.a(I2C_1_MASTER.o)
 .debug_abbrev  0x00001e85       0x9d .\CortexM3\ARM_GCC_493\Debug\Unificada.a(Pin_WP.o)
 .debug_abbrev  0x00001f22      0x1dd .\CortexM3\ARM_GCC_493\Debug\Unificada.a(LCD_1.o)
 .debug_abbrev  0x000020ff       0x97 .\CortexM3\ARM_GCC_493\Debug\Unificada.a(LCD_1_INT.o)
 .debug_abbrev  0x00002196      0x1dd .\CortexM3\ARM_GCC_493\Debug\Unificada.a(LCD_2.o)
 .debug_abbrev  0x00002373       0x97 .\CortexM3\ARM_GCC_493\Debug\Unificada.a(LCD_2_INT.o)
 .debug_abbrev  0x0000240a       0x9d .\CortexM3\ARM_GCC_493\Debug\Unificada.a(IB1.o)
 .debug_abbrev  0x000024a7       0x9d .\CortexM3\ARM_GCC_493\Debug\Unificada.a(IB2.o)
 .debug_abbrev  0x00002544      0x127 .\CortexM3\ARM_GCC_493\Debug\Unificada.a(Timer_Animacion.o)
 .debug_abbrev  0x0000266b      0x180 .\CortexM3\ARM_GCC_493\Debug\Unificada.a(isr_3.o)
 .debug_abbrev  0x000027eb      0x127 .\CortexM3\ARM_GCC_493\Debug\Unificada.a(Timer_Animacion2.o)
 .debug_abbrev  0x00002912      0x180 .\CortexM3\ARM_GCC_493\Debug\Unificada.a(isr_4.o)
 .debug_abbrev  0x00002a92      0x152 .\CortexM3\ARM_GCC_493\Debug\Unificada.a(Timer_1.o)
 .debug_abbrev  0x00002be4      0x180 .\CortexM3\ARM_GCC_493\Debug\Unificada.a(isr_1.o)
 .debug_abbrev  0x00002d64      0x104 .\CortexM3\ARM_GCC_493\Debug\Unificada.a(VDAC8_1.o)
 .debug_abbrev  0x00002e68      0x152 .\CortexM3\ARM_GCC_493\Debug\Unificada.a(Timer_2.o)
 .debug_abbrev  0x00002fba      0x180 .\CortexM3\ARM_GCC_493\Debug\Unificada.a(isr_2.o)
 .debug_abbrev  0x0000313a      0x104 .\CortexM3\ARM_GCC_493\Debug\Unificada.a(VDAC8_2.o)
 .debug_abbrev  0x0000323e      0x104 .\CortexM3\ARM_GCC_493\Debug\Unificada.a(VDAC8_3.o)
 .debug_abbrev  0x00003342       0x9d .\CortexM3\ARM_GCC_493\Debug\Unificada.a(SDown.o)
 .debug_abbrev  0x000033df      0x146 .\CortexM3\ARM_GCC_493\Debug\Unificada.a(Impresora_IntClock.o)
 .debug_abbrev  0x00003525      0x146 .\CortexM3\ARM_GCC_493\Debug\Unificada.a(PC_IntClock.o)
 .debug_abbrev  0x0000366b      0x146 .\CortexM3\ARM_GCC_493\Debug\Unificada.a(LCD_1_IntClock.o)
 .debug_abbrev  0x000037b1      0x146 .\CortexM3\ARM_GCC_493\Debug\Unificada.a(LCD_2_IntClock.o)
 .debug_abbrev  0x000038f7       0x14 .\CortexM3\ARM_GCC_493\Debug\Unificada.a(CyBootAsmGnu.o)
 .debug_abbrev  0x0000390b      0x296 .\CortexM3\ARM_GCC_493\Debug\Unificada.a(CyLib.o)
 .debug_abbrev  0x00003ba1      0x1fa .\CortexM3\ARM_GCC_493\Debug\Unificada.a(cyPm.o)
 .debug_abbrev  0x00003d9b      0x1de .\CortexM3\ARM_GCC_493\Debug\Unificada.a(CyFlash.o)
 .debug_abbrev  0x00003f79      0x1ce .\CortexM3\ARM_GCC_493\Debug\Unificada.a(CySpc.o)

.debug_line     0x00000000     0x8d4e
 *(.debug_line)
 .debug_line    0x00000000     0x181f .\CortexM3\ARM_GCC_493\Debug\main.o
 .debug_line    0x0000181f      0x322 .\CortexM3\ARM_GCC_493\Debug\I2C.o
 .debug_line    0x00001b41      0x3f1 .\CortexM3\ARM_GCC_493\Debug\ibuton.o
 .debug_line    0x00001f32      0x67a .\CortexM3\ARM_GCC_493\Debug\LCD.o
 .debug_line    0x000025ac      0xc57 .\CortexM3\ARM_GCC_493\Debug\Print.o
 .debug_line    0x00003203     0x1676 .\CortexM3\ARM_GCC_493\Debug\Protocolo.o
 .debug_line    0x00004879      0x259 .\CortexM3\ARM_GCC_493\Debug\Sonido.o
 .debug_line    0x00004ad2       0x55 .\CortexM3\ARM_GCC_493\Debug\cybootloader.o
 .debug_line    0x00004b27       0x53 .\CortexM3\ARM_GCC_493\Debug\cymetadata.o
 .debug_line    0x00004b7a      0x246 .\CortexM3\ARM_GCC_493\Debug\Cm3Start.o
 .debug_line    0x00004dc0      0x219 .\CortexM3\ARM_GCC_493\Debug\Unificada.a(cyfitter_cfg.o)
 .debug_line    0x00004fd9      0x31b .\CortexM3\ARM_GCC_493\Debug\Unificada.a(Surtidor.o)
 .debug_line    0x000052f4       0x8e .\CortexM3\ARM_GCC_493\Debug\Unificada.a(Surtidor_INT.o)
 .debug_line    0x00005382      0x334 .\CortexM3\ARM_GCC_493\Debug\Unificada.a(Impresora.o)
 .debug_line    0x000056b6       0x90 .\CortexM3\ARM_GCC_493\Debug\Unificada.a(Impresora_INT.o)
 .debug_line    0x00005746      0x326 .\CortexM3\ARM_GCC_493\Debug\Unificada.a(PC.o)
 .debug_line    0x00005a6c       0x82 .\CortexM3\ARM_GCC_493\Debug\Unificada.a(PC_INT.o)
 .debug_line    0x00005aee       0xde .\CortexM3\ARM_GCC_493\Debug\Unificada.a(I2C_1.o)
 .debug_line    0x00005bcc      0x12a .\CortexM3\ARM_GCC_493\Debug\Unificada.a(I2C_1_INT.o)
 .debug_line    0x00005cf6       0xc4 .\CortexM3\ARM_GCC_493\Debug\Unificada.a(I2C_1_PM.o)
 .debug_line    0x00005dba      0x203 .\CortexM3\ARM_GCC_493\Debug\Unificada.a(I2C_1_MASTER.o)
 .debug_line    0x00005fbd       0x95 .\CortexM3\ARM_GCC_493\Debug\Unificada.a(Pin_WP.o)
 .debug_line    0x00006052      0x32c .\CortexM3\ARM_GCC_493\Debug\Unificada.a(LCD_1.o)
 .debug_line    0x0000637e       0x88 .\CortexM3\ARM_GCC_493\Debug\Unificada.a(LCD_1_INT.o)
 .debug_line    0x00006406      0x32c .\CortexM3\ARM_GCC_493\Debug\Unificada.a(LCD_2.o)
 .debug_line    0x00006732       0x88 .\CortexM3\ARM_GCC_493\Debug\Unificada.a(LCD_2_INT.o)
 .debug_line    0x000067ba       0x92 .\CortexM3\ARM_GCC_493\Debug\Unificada.a(IB1.o)
 .debug_line    0x0000684c       0x92 .\CortexM3\ARM_GCC_493\Debug\Unificada.a(IB2.o)
 .debug_line    0x000068de      0x15f .\CortexM3\ARM_GCC_493\Debug\Unificada.a(Timer_Animacion.o)
 .debug_line    0x00006a3d      0x14b .\CortexM3\ARM_GCC_493\Debug\Unificada.a(isr_3.o)
 .debug_line    0x00006b88      0x160 .\CortexM3\ARM_GCC_493\Debug\Unificada.a(Timer_Animacion2.o)
 .debug_line    0x00006ce8      0x14b .\CortexM3\ARM_GCC_493\Debug\Unificada.a(isr_4.o)
 .debug_line    0x00006e33      0x174 .\CortexM3\ARM_GCC_493\Debug\Unificada.a(Timer_1.o)
 .debug_line    0x00006fa7      0x14b .\CortexM3\ARM_GCC_493\Debug\Unificada.a(isr_1.o)
 .debug_line    0x000070f2       0xe6 .\CortexM3\ARM_GCC_493\Debug\Unificada.a(VDAC8_1.o)
 .debug_line    0x000071d8      0x174 .\CortexM3\ARM_GCC_493\Debug\Unificada.a(Timer_2.o)
 .debug_line    0x0000734c      0x14b .\CortexM3\ARM_GCC_493\Debug\Unificada.a(isr_2.o)
 .debug_line    0x00007497       0xe6 .\CortexM3\ARM_GCC_493\Debug\Unificada.a(VDAC8_2.o)
 .debug_line    0x0000757d       0xe6 .\CortexM3\ARM_GCC_493\Debug\Unificada.a(VDAC8_3.o)
 .debug_line    0x00007663       0x94 .\CortexM3\ARM_GCC_493\Debug\Unificada.a(SDown.o)
 .debug_line    0x000076f7      0x19a .\CortexM3\ARM_GCC_493\Debug\Unificada.a(Impresora_IntClock.o)
 .debug_line    0x00007891      0x193 .\CortexM3\ARM_GCC_493\Debug\Unificada.a(PC_IntClock.o)
 .debug_line    0x00007a24      0x196 .\CortexM3\ARM_GCC_493\Debug\Unificada.a(LCD_1_IntClock.o)
 .debug_line    0x00007bba      0x196 .\CortexM3\ARM_GCC_493\Debug\Unificada.a(LCD_2_IntClock.o)
 .debug_line    0x00007d50       0x68 .\CortexM3\ARM_GCC_493\Debug\Unificada.a(CyBootAsmGnu.o)
 .debug_line    0x00007db8      0x806 .\CortexM3\ARM_GCC_493\Debug\Unificada.a(CyLib.o)
 .debug_line    0x000085be      0x366 .\CortexM3\ARM_GCC_493\Debug\Unificada.a(cyPm.o)
 .debug_line    0x00008924      0x1ec .\CortexM3\ARM_GCC_493\Debug\Unificada.a(CyFlash.o)
 .debug_line    0x00008b10      0x23e .\CortexM3\ARM_GCC_493\Debug\Unificada.a(CySpc.o)

.debug_frame    0x00000000     0x3528
 *(.debug_frame)
 .debug_frame   0x00000000       0xf8 .\CortexM3\ARM_GCC_493\Debug\main.o
 .debug_frame   0x000000f8       0xfc .\CortexM3\ARM_GCC_493\Debug\I2C.o
 .debug_frame   0x000001f4       0xc4 .\CortexM3\ARM_GCC_493\Debug\ibuton.o
 .debug_frame   0x000002b8      0x254 .\CortexM3\ARM_GCC_493\Debug\LCD.o
 .debug_frame   0x0000050c      0x134 .\CortexM3\ARM_GCC_493\Debug\Print.o
 .debug_frame   0x00000640      0x140 .\CortexM3\ARM_GCC_493\Debug\Protocolo.o
 .debug_frame   0x00000780       0x64 .\CortexM3\ARM_GCC_493\Debug\Sonido.o
 .debug_frame   0x000007e4       0xac .\CortexM3\ARM_GCC_493\Debug\Cm3Start.o
 .debug_frame   0x00000890       0xe4 .\CortexM3\ARM_GCC_493\Debug\Unificada.a(cyfitter_cfg.o)
 .debug_frame   0x00000974      0x290 .\CortexM3\ARM_GCC_493\Debug\Unificada.a(Surtidor.o)
 .debug_frame   0x00000c04       0x20 .\CortexM3\ARM_GCC_493\Debug\Unificada.a(Surtidor_INT.o)
 .debug_frame   0x00000c24      0x290 .\CortexM3\ARM_GCC_493\Debug\Unificada.a(Impresora.o)
 .debug_frame   0x00000eb4       0x20 .\CortexM3\ARM_GCC_493\Debug\Unificada.a(Impresora_INT.o)
 .debug_frame   0x00000ed4      0x290 .\CortexM3\ARM_GCC_493\Debug\Unificada.a(PC.o)
 .debug_frame   0x00001164       0x20 .\CortexM3\ARM_GCC_493\Debug\Unificada.a(PC_INT.o)
 .debug_frame   0x00001184       0x8c .\CortexM3\ARM_GCC_493\Debug\Unificada.a(I2C_1.o)
 .debug_frame   0x00001210       0x30 .\CortexM3\ARM_GCC_493\Debug\Unificada.a(I2C_1_INT.o)
 .debug_frame   0x00001240       0x74 .\CortexM3\ARM_GCC_493\Debug\Unificada.a(I2C_1_PM.o)
 .debug_frame   0x000012b4      0x120 .\CortexM3\ARM_GCC_493\Debug\Unificada.a(I2C_1_MASTER.o)
 .debug_frame   0x000013d4       0x50 .\CortexM3\ARM_GCC_493\Debug\Unificada.a(Pin_WP.o)
 .debug_frame   0x00001424      0x290 .\CortexM3\ARM_GCC_493\Debug\Unificada.a(LCD_1.o)
 .debug_frame   0x000016b4       0x20 .\CortexM3\ARM_GCC_493\Debug\Unificada.a(LCD_1_INT.o)
 .debug_frame   0x000016d4      0x290 .\CortexM3\ARM_GCC_493\Debug\Unificada.a(LCD_2.o)
 .debug_frame   0x00001964       0x20 .\CortexM3\ARM_GCC_493\Debug\Unificada.a(LCD_2_INT.o)
 .debug_frame   0x00001984       0x50 .\CortexM3\ARM_GCC_493\Debug\Unificada.a(IB1.o)
 .debug_frame   0x000019d4       0x50 .\CortexM3\ARM_GCC_493\Debug\Unificada.a(IB2.o)
 .debug_frame   0x00001a24      0x108 .\CortexM3\ARM_GCC_493\Debug\Unificada.a(Timer_Animacion.o)
 .debug_frame   0x00001b2c      0x104 .\CortexM3\ARM_GCC_493\Debug\Unificada.a(isr_3.o)
 .debug_frame   0x00001c30      0x108 .\CortexM3\ARM_GCC_493\Debug\Unificada.a(Timer_Animacion2.o)
 .debug_frame   0x00001d38      0x104 .\CortexM3\ARM_GCC_493\Debug\Unificada.a(isr_4.o)
 .debug_frame   0x00001e3c      0x124 .\CortexM3\ARM_GCC_493\Debug\Unificada.a(Timer_1.o)
 .debug_frame   0x00001f60      0x104 .\CortexM3\ARM_GCC_493\Debug\Unificada.a(isr_1.o)
 .debug_frame   0x00002064       0xb4 .\CortexM3\ARM_GCC_493\Debug\Unificada.a(VDAC8_1.o)
 .debug_frame   0x00002118      0x124 .\CortexM3\ARM_GCC_493\Debug\Unificada.a(Timer_2.o)
 .debug_frame   0x0000223c      0x104 .\CortexM3\ARM_GCC_493\Debug\Unificada.a(isr_2.o)
 .debug_frame   0x00002340       0xb4 .\CortexM3\ARM_GCC_493\Debug\Unificada.a(VDAC8_2.o)
 .debug_frame   0x000023f4       0xb4 .\CortexM3\ARM_GCC_493\Debug\Unificada.a(VDAC8_3.o)
 .debug_frame   0x000024a8       0x50 .\CortexM3\ARM_GCC_493\Debug\Unificada.a(SDown.o)
 .debug_frame   0x000024f8       0xe0 .\CortexM3\ARM_GCC_493\Debug\Unificada.a(Impresora_IntClock.o)
 .debug_frame   0x000025d8       0xe0 .\CortexM3\ARM_GCC_493\Debug\Unificada.a(PC_IntClock.o)
 .debug_frame   0x000026b8       0xe0 .\CortexM3\ARM_GCC_493\Debug\Unificada.a(LCD_1_IntClock.o)
 .debug_frame   0x00002798       0xe0 .\CortexM3\ARM_GCC_493\Debug\Unificada.a(LCD_2_IntClock.o)
 .debug_frame   0x00002878      0x728 .\CortexM3\ARM_GCC_493\Debug\Unificada.a(CyLib.o)
 .debug_frame   0x00002fa0      0x1f8 .\CortexM3\ARM_GCC_493\Debug\Unificada.a(cyPm.o)
 .debug_frame   0x00003198      0x174 .\CortexM3\ARM_GCC_493\Debug\Unificada.a(CyFlash.o)
 .debug_frame   0x0000330c      0x160 .\CortexM3\ARM_GCC_493\Debug\Unificada.a(CySpc.o)
 .debug_frame   0x0000346c       0x20 c:/program files (x86)/cypress/psoc creator/3.3/psoc creator/import/gnu/arm/4.9.3/bin/../lib/gcc/arm-none-eabi/4.9.3/../../../../arm-none-eabi/lib/armv7-m\libg_nano.a(lib_a-errno.o)
 .debug_frame   0x0000348c       0x28 c:/program files (x86)/cypress/psoc creator/3.3/psoc creator/import/gnu/arm/4.9.3/bin/../lib/gcc/arm-none-eabi/4.9.3/../../../../arm-none-eabi/lib/armv7-m\libg_nano.a(lib_a-exit.o)
 .debug_frame   0x000034b4       0x2c c:/program files (x86)/cypress/psoc creator/3.3/psoc creator/import/gnu/arm/4.9.3/bin/../lib/gcc/arm-none-eabi/4.9.3/../../../../arm-none-eabi/lib/armv7-m\libg_nano.a(lib_a-init.o)
 .debug_frame   0x000034e0       0x28 c:/program files (x86)/cypress/psoc creator/3.3/psoc creator/import/gnu/arm/4.9.3/bin/../lib/gcc/arm-none-eabi/4.9.3/../../../../arm-none-eabi/lib/armv7-m\libg_nano.a(lib_a-memcpy.o)
 .debug_frame   0x00003508       0x20 c:/program files (x86)/cypress/psoc creator/3.3/psoc creator/import/gnu/arm/4.9.3/bin/../lib/gcc/arm-none-eabi/4.9.3/../../../../arm-none-eabi/lib/armv7-m\libg_nano.a(lib_a-memset.o)

.debug_str      0x00000000     0x427a
 *(.debug_str)
 .debug_str     0x00000000      0x880 .\CortexM3\ARM_GCC_493\Debug\main.o
                                0x915 (size before relaxing)
 .debug_str     0x00000880       0x94 .\CortexM3\ARM_GCC_493\Debug\I2C.o
                                0x592 (size before relaxing)
 .debug_str     0x00000914       0x44 .\CortexM3\ARM_GCC_493\Debug\ibuton.o
                                0x560 (size before relaxing)
 .debug_str     0x00000958        0x8 .\CortexM3\ARM_GCC_493\Debug\LCD.o
                                0x57c (size before relaxing)
 .debug_str     0x00000960      0x262 .\CortexM3\ARM_GCC_493\Debug\Print.o
                                0x758 (size before relaxing)
 .debug_str     0x00000bc2      0x104 .\CortexM3\ARM_GCC_493\Debug\Protocolo.o
                                0x667 (size before relaxing)
 .debug_str     0x00000cc6      0x13a .\CortexM3\ARM_GCC_493\Debug\Sonido.o
                                0x600 (size before relaxing)
 .debug_str     0x00000e00       0x84 .\CortexM3\ARM_GCC_493\Debug\cybootloader.o
                                0x1f3 (size before relaxing)
 .debug_str     0x00000e84       0x49 .\CortexM3\ARM_GCC_493\Debug\cymetadata.o
                                0x1b8 (size before relaxing)
 .debug_str     0x00000ecd      0x153 .\CortexM3\ARM_GCC_493\Debug\Cm3Start.o
                                0x2fa (size before relaxing)
 .debug_str     0x00001020      0x199 .\CortexM3\ARM_GCC_493\Debug\Unificada.a(cyfitter_cfg.o)
                                0x342 (size before relaxing)
 .debug_str     0x000011b9      0x37d .\CortexM3\ARM_GCC_493\Debug\Unificada.a(Surtidor.o)
                                0x5b1 (size before relaxing)
 .debug_str     0x00001536       0x52 .\CortexM3\ARM_GCC_493\Debug\Unificada.a(Surtidor_INT.o)
                                0x242 (size before relaxing)
 .debug_str     0x00001588      0x345 .\CortexM3\ARM_GCC_493\Debug\Unificada.a(Impresora.o)
                                0x606 (size before relaxing)
 .debug_str     0x000018cd       0x39 .\CortexM3\ARM_GCC_493\Debug\Unificada.a(Impresora_INT.o)
                                0x242 (size before relaxing)
 .debug_str     0x00001906      0x249 .\CortexM3\ARM_GCC_493\Debug\Unificada.a(PC.o)
                                0x4fc (size before relaxing)
 .debug_str     0x00001b4f       0x2b .\CortexM3\ARM_GCC_493\Debug\Unificada.a(PC_INT.o)
                                0x211 (size before relaxing)
 .debug_str     0x00001b7a       0xd3 .\CortexM3\ARM_GCC_493\Debug\Unificada.a(I2C_1.o)
                                0x2f4 (size before relaxing)
 .debug_str     0x00001c4d       0xe2 .\CortexM3\ARM_GCC_493\Debug\Unificada.a(I2C_1_INT.o)
                                0x276 (size before relaxing)
 .debug_str     0x00001d2f       0x62 .\CortexM3\ARM_GCC_493\Debug\Unificada.a(I2C_1_PM.o)
                                0x282 (size before relaxing)
 .debug_str     0x00001d91       0xf2 .\CortexM3\ARM_GCC_493\Debug\Unificada.a(I2C_1_MASTER.o)
                                0x3d3 (size before relaxing)
 .debug_str     0x00001e83       0x60 .\CortexM3\ARM_GCC_493\Debug\Unificada.a(Pin_WP.o)
                                0x1e3 (size before relaxing)
 .debug_str     0x00001ee3      0x26e .\CortexM3\ARM_GCC_493\Debug\Unificada.a(LCD_1.o)
                                0x56e (size before relaxing)
 .debug_str     0x00002151       0x31 .\CortexM3\ARM_GCC_493\Debug\Unificada.a(LCD_1_INT.o)
                                0x226 (size before relaxing)
 .debug_str     0x00002182      0x26e .\CortexM3\ARM_GCC_493\Debug\Unificada.a(LCD_2.o)
                                0x56e (size before relaxing)
 .debug_str     0x000023f0       0x31 .\CortexM3\ARM_GCC_493\Debug\Unificada.a(LCD_2_INT.o)
                                0x226 (size before relaxing)
 .debug_str     0x00002421       0x40 .\CortexM3\ARM_GCC_493\Debug\Unificada.a(IB1.o)
                                0x1d4 (size before relaxing)
 .debug_str     0x00002461       0x40 .\CortexM3\ARM_GCC_493\Debug\Unificada.a(IB2.o)
                                0x1d4 (size before relaxing)
 .debug_str     0x000024a1      0x1a7 .\CortexM3\ARM_GCC_493\Debug\Unificada.a(Timer_Animacion.o)
                                0x385 (size before relaxing)
 .debug_str     0x00002648       0xe7 .\CortexM3\ARM_GCC_493\Debug\Unificada.a(isr_3.o)
                                0x296 (size before relaxing)
 .debug_str     0x0000272f      0x192 .\CortexM3\ARM_GCC_493\Debug\Unificada.a(Timer_Animacion2.o)
                                0x395 (size before relaxing)
 .debug_str     0x000028c1       0xcf .\CortexM3\ARM_GCC_493\Debug\Unificada.a(isr_4.o)
                                0x296 (size before relaxing)
 .debug_str     0x00002990      0x146 .\CortexM3\ARM_GCC_493\Debug\Unificada.a(Timer_1.o)
                                0x342 (size before relaxing)
 .debug_str     0x00002ad6       0xda .\CortexM3\ARM_GCC_493\Debug\Unificada.a(isr_1.o)
                                0x296 (size before relaxing)
 .debug_str     0x00002bb0       0x8d .\CortexM3\ARM_GCC_493\Debug\Unificada.a(VDAC8_1.o)
                                0x22f (size before relaxing)
 .debug_str     0x00002c3d      0x146 .\CortexM3\ARM_GCC_493\Debug\Unificada.a(Timer_2.o)
                                0x342 (size before relaxing)
 .debug_str     0x00002d83       0xda .\CortexM3\ARM_GCC_493\Debug\Unificada.a(isr_2.o)
                                0x296 (size before relaxing)
 .debug_str     0x00002e5d       0x81 .\CortexM3\ARM_GCC_493\Debug\Unificada.a(VDAC8_2.o)
                                0x22f (size before relaxing)
 .debug_str     0x00002ede       0x9f .\CortexM3\ARM_GCC_493\Debug\Unificada.a(VDAC8_3.o)
                                0x22f (size before relaxing)
 .debug_str     0x00002f7d       0x51 .\CortexM3\ARM_GCC_493\Debug\Unificada.a(SDown.o)
                                0x1de (size before relaxing)
 .debug_str     0x00002fce      0x1b7 .\CortexM3\ARM_GCC_493\Debug\Unificada.a(Impresora_IntClock.o)
                                0x36e (size before relaxing)
 .debug_str     0x00003185      0x126 .\CortexM3\ARM_GCC_493\Debug\Unificada.a(PC_IntClock.o)
                                0x31a (size before relaxing)
 .debug_str     0x000032ab      0x144 .\CortexM3\ARM_GCC_493\Debug\Unificada.a(LCD_1_IntClock.o)
                                0x33e (size before relaxing)
 .debug_str     0x000033ef      0x144 .\CortexM3\ARM_GCC_493\Debug\Unificada.a(LCD_2_IntClock.o)
                                0x33e (size before relaxing)
 .debug_str     0x00003533      0x7a7 .\CortexM3\ARM_GCC_493\Debug\Unificada.a(CyLib.o)
                                0xa1f (size before relaxing)
 .debug_str     0x00003cda      0x35b .\CortexM3\ARM_GCC_493\Debug\Unificada.a(cyPm.o)
                                0x717 (size before relaxing)
 .debug_str     0x00004035      0x197 .\CortexM3\ARM_GCC_493\Debug\Unificada.a(CyFlash.o)
                                0x391 (size before relaxing)
 .debug_str     0x000041cc       0xae .\CortexM3\ARM_GCC_493\Debug\Unificada.a(CySpc.o)
                                0x31a (size before relaxing)

.debug_loc      0x00000000     0x5c54
 *(.debug_loc)
 .debug_loc     0x00000000       0x70 .\CortexM3\ARM_GCC_493\Debug\main.o
 .debug_loc     0x00000070      0x3f1 .\CortexM3\ARM_GCC_493\Debug\I2C.o
 .debug_loc     0x00000461      0x5f1 .\CortexM3\ARM_GCC_493\Debug\ibuton.o
 .debug_loc     0x00000a52      0x422 .\CortexM3\ARM_GCC_493\Debug\LCD.o