Archive member included because of file (symbol)

.\CortexM3\ARM_GCC_493\Debug\Unificada.a(cyfitter_cfg.o)
                              .\CortexM3\ARM_GCC_493\Debug\Cm3Start.o (cyfitter_cfg)
.\CortexM3\ARM_GCC_493\Debug\Unificada.a(Surtidor.o)
                              .\CortexM3\ARM_GCC_493\Debug\main.o (Surtidor_Start)
.\CortexM3\ARM_GCC_493\Debug\Unificada.a(Surtidor_INT.o)
                              .\CortexM3\ARM_GCC_493\Debug\Unificada.a(Surtidor.o) (Surtidor_RXISR)
.\CortexM3\ARM_GCC_493\Debug\Unificada.a(Impresora.o)
                              .\CortexM3\ARM_GCC_493\Debug\main.o (Impresora_Start)
.\CortexM3\ARM_GCC_493\Debug\Unificada.a(Impresora_INT.o)
                              .\CortexM3\ARM_GCC_493\Debug\Unificada.a(Impresora.o) (Impresora_RXISR)
.\CortexM3\ARM_GCC_493\Debug\Unificada.a(PC.o)
                              .\CortexM3\ARM_GCC_493\Debug\main.o (PC_Start)
.\CortexM3\ARM_GCC_493\Debug\Unificada.a(PC_INT.o)
                              .\CortexM3\ARM_GCC_493\Debug\Unificada.a(PC.o) (PC_RXISR)
.\CortexM3\ARM_GCC_493\Debug\Unificada.a(I2C_1.o)
                              .\CortexM3\ARM_GCC_493\Debug\main.o (I2C_1_Start)
.\CortexM3\ARM_GCC_493\Debug\Unificada.a(I2C_1_INT.o)
                              .\CortexM3\ARM_GCC_493\Debug\Unificada.a(I2C_1.o) (I2C_1_ISR)
.\CortexM3\ARM_GCC_493\Debug\Unificada.a(I2C_1_PM.o)
                              .\CortexM3\ARM_GCC_493\Debug\Unificada.a(I2C_1.o) (I2C_1_backup)
.\CortexM3\ARM_GCC_493\Debug\Unificada.a(I2C_1_MASTER.o)
                              .\CortexM3\ARM_GCC_493\Debug\Unificada.a(I2C_1_INT.o) (I2C_1_mstrStatus)
.\CortexM3\ARM_GCC_493\Debug\Unificada.a(Pin_WP.o)
                              .\CortexM3\ARM_GCC_493\Debug\I2C.o (Pin_WP_Write)
.\CortexM3\ARM_GCC_493\Debug\Unificada.a(LCD_1.o)
                              .\CortexM3\ARM_GCC_493\Debug\main.o (LCD_1_Start)
.\CortexM3\ARM_GCC_493\Debug\Unificada.a(LCD_1_INT.o)
                              .\CortexM3\ARM_GCC_493\Debug\Unificada.a(LCD_1.o) (LCD_1_RXISR)
.\CortexM3\ARM_GCC_493\Debug\Unificada.a(LCD_2.o)
                              .\CortexM3\ARM_GCC_493\Debug\main.o (LCD_2_Start)
.\CortexM3\ARM_GCC_493\Debug\Unificada.a(LCD_2_INT.o)
                              .\CortexM3\ARM_GCC_493\Debug\Unificada.a(LCD_2.o) (LCD_2_RXISR)
.\CortexM3\ARM_GCC_493\Debug\Unificada.a(IB1.o)
                              .\CortexM3\ARM_GCC_493\Debug\ibuton.o (IB1_Write)
.\CortexM3\ARM_GCC_493\Debug\Unificada.a(IB2.o)
                              .\CortexM3\ARM_GCC_493\Debug\ibuton.o (IB2_Write)
.\CortexM3\ARM_GCC_493\Debug\Unificada.a(Timer_Animacion.o)
                              .\CortexM3\ARM_GCC_493\Debug\main.o (Timer_Animacion_Stop)
.\CortexM3\ARM_GCC_493\Debug\Unificada.a(isr_3.o)
                              .\CortexM3\ARM_GCC_493\Debug\main.o (isr_3_StartEx)
.\CortexM3\ARM_GCC_493\Debug\Unificada.a(Timer_Animacion2.o)
                              .\CortexM3\ARM_GCC_493\Debug\main.o (Timer_Animacion2_Stop)
.\CortexM3\ARM_GCC_493\Debug\Unificada.a(isr_4.o)
                              .\CortexM3\ARM_GCC_493\Debug\main.o (isr_4_StartEx)
.\CortexM3\ARM_GCC_493\Debug\Unificada.a(Timer_1.o)
                              .\CortexM3\ARM_GCC_493\Debug\Sonido.o (Timer_1_Stop)
.\CortexM3\ARM_GCC_493\Debug\Unificada.a(isr_1.o)
                              .\CortexM3\ARM_GCC_493\Debug\Sonido.o (isr_1_StartEx)
.\CortexM3\ARM_GCC_493\Debug\Unificada.a(VDAC8_1.o)
                              .\CortexM3\ARM_GCC_493\Debug\Sonido.o (VDAC8_1_Stop)
.\CortexM3\ARM_GCC_493\Debug\Unificada.a(Timer_2.o)
                              .\CortexM3\ARM_GCC_493\Debug\Sonido.o (Timer_2_Stop)
.\CortexM3\ARM_GCC_493\Debug\Unificada.a(isr_2.o)
                              .\CortexM3\ARM_GCC_493\Debug\Sonido.o (isr_2_StartEx)
.\CortexM3\ARM_GCC_493\Debug\Unificada.a(VDAC8_2.o)
                              .\CortexM3\ARM_GCC_493\Debug\Sonido.o (VDAC8_2_Stop)
.\CortexM3\ARM_GCC_493\Debug\Unificada.a(VDAC8_3.o)
                              .\CortexM3\ARM_GCC_493\Debug\main.o (VDAC8_3_Start)
.\CortexM3\ARM_GCC_493\Debug\Unificada.a(SDown.o)
                              .\CortexM3\ARM_GCC_493\Debug\main.o (SDown_Write)
.\CortexM3\ARM_GCC_493\Debug\Unificada.a(Impresora_IntClock.o)
                              .\CortexM3\ARM_GCC_493\Debug\Unificada.a(Impresora.o) (Impresora_IntClock_Start)
.\CortexM3\ARM_GCC_493\Debug\Unificada.a(PC_IntClock.o)
                              .\CortexM3\ARM_GCC_493\Debug\Unificada.a(PC.o) (PC_IntClock_Start)
.\CortexM3\ARM_GCC_493\Debug\Unificada.a(LCD_1_IntClock.o)
                              .\CortexM3\ARM_GCC_493\Debug\Unificada.a(LCD_1.o) (LCD_1_IntClock_Start)
.\CortexM3\ARM_GCC_493\Debug\Unificada.a(LCD_2_IntClock.o)
                              .\CortexM3\ARM_GCC_493\Debug\Unificada.a(LCD_2.o) (LCD_2_IntClock_Start)
.\CortexM3\ARM_GCC_493\Debug\Unificada.a(CyBootAsmGnu.o)
[...]
Memory Configuration

Name             Origin             Length             Attributes
rom              0x00000000         0x00040000         xr
ram              0x1fff8000         0x00010000         xrw
*default*        0x00000000         0xffffffff

Linker script and memory map

LOAD c:/program files (x86)/cypress/psoc creator/3.3/psoc creator/import/gnu/arm/4.9.3/bin/../lib/gcc/arm-none-eabi/4.9.3/armv7-m/crti.o
LOAD c:/program files (x86)/cypress/psoc creator/3.3/psoc creator/import/gnu/arm/4.9.3/bin/../lib/gcc/arm-none-eabi/4.9.3/armv7-m/crtbegin.o
LOAD c:/program files (x86)/cypress/psoc creator/3.3/psoc creator/import/gnu/arm/4.9.3/bin/../lib/gcc/arm-none-eabi/4.9.3/../../../../arm-none-eabi/lib/armv7-m/crt0.o
START GROUP
LOAD .\CortexM3\ARM_GCC_493\Debug\main.o
LOAD .\CortexM3\ARM_GCC_493\Debug\I2C.o
LOAD .\CortexM3\ARM_GCC_493\Debug\ibuton.o
LOAD .\CortexM3\ARM_GCC_493\Debug\LCD.o
LOAD .\CortexM3\ARM_GCC_493\Debug\Print.o
LOAD .\CortexM3\ARM_GCC_493\Debug\Protocolo.o
LOAD .\CortexM3\ARM_GCC_493\Debug\Sonido.o
LOAD .\CortexM3\ARM_GCC_493\Debug\cybootloader.o
LOAD .\CortexM3\ARM_GCC_493\Debug\cymetadata.o
LOAD .\CortexM3\ARM_GCC_493\Debug\Cm3Start.o
LOAD .\CortexM3\ARM_GCC_493\Debug\Unificada.a
LOAD C:\Program Files (x86)\Cypress\PSoC Creator\3.3\PSoC Creator\psoc\content\cycomponentlibrary\CyComponentLibrary.cylib\CortexM3\ARM_GCC_493\Debug\CyComponentLibrary.a
END GROUP
START GROUP
LOAD c:/program files (x86)/cypress/psoc creator/3.3/psoc creator/import/gnu/arm/4.9.3/bin/../lib/gcc/arm-none-eabi/4.9.3/armv7-m\libgcc.a
LOAD c:/program files (x86)/cypress/psoc creator/3.3/psoc creator/import/gnu/arm/4.9.3/bin/../lib/gcc/arm-none-eabi/4.9.3/../../../../arm-none-eabi/lib/armv7-m\libg_nano.a
LOAD c:/program files (x86)/cypress/psoc creator/3.3/psoc creator/import/gnu/arm/4.9.3/bin/../lib/gcc/arm-none-eabi/4.9.3/../../../../arm-none-eabi/lib/armv7-m\libc_nano.a
END GROUP
START GROUP
LOAD c:/program files (x86)/cypress/psoc creator/3.3/psoc creator/import/gnu/arm/4.9.3/bin/../lib/gcc/arm-none-eabi/4.9.3/armv7-m\libgcc.a
LOAD c:/program files (x86)/cypress/psoc creator/3.3/psoc creator/import/gnu/arm/4.9.3/bin/../lib/gcc/arm-none-eabi/4.9.3/../../../../arm-none-eabi/lib/armv7-m\libc_nano.a
END GROUP
LOAD c:/program files (x86)/cypress/psoc creator/3.3/psoc creator/import/gnu/arm/4.9.3/bin/../lib/gcc/arm-none-eabi/4.9.3/armv7-m/crtend.o
LOAD c:/program files (x86)/cypress/psoc creator/3.3/psoc creator/import/gnu/arm/4.9.3/bin/../lib/gcc/arm-none-eabi/4.9.3/armv7-m/crtn.o
START GROUP
LOAD c:/program files (x86)/cypress/psoc creator/3.3/psoc creator/import/gnu/arm/4.9.3/bin/../lib/gcc/arm-none-eabi/4.9.3/armv7-m\libgcc.a
LOAD c:/program files (x86)/cypress/psoc creator/3.3/psoc creator/import/gnu/arm/4.9.3/bin/../lib/gcc/arm-none-eabi/4.9.3/../../../../arm-none-eabi/lib/armv7-m\libc.a
LOAD c:/program files (x86)/cypress/psoc creator/3.3/psoc creator/import/gnu/arm/4.9.3/bin/../lib/gcc/arm-none-eabi/4.9.3/../../../../arm-none-eabi/lib/armv7-m\libnosys.a
END GROUP
                0x00000000                CY_APPL_ORIGIN = 0x0
                0x00000100                CY_FLASH_ROW_SIZE = 0x100
                0x00000020                CY_ECC_ROW_SIZE = 0x20
                0x00000000                CY_EE_IN_BTLDR = 0x0
                0x00000001                CY_APPL_LOADABLE = 0x1
                0x00000800                CY_EE_SIZE = 0x800
                0x00000001                CY_APPL_NUM = 0x1
                0x00000001                CY_APPL_MAX = 0x1
                0x00000040                CY_METADATA_SIZE = 0x40
                0x1fff8af8                PROVIDE (__cy_heap_start, _end)
                0x00000001                PROVIDE (__cy_region_num, ((__cy_regions_end - __cy_regions) / 0x10))
                0x20008000                PROVIDE (__cy_stack, (ORIGIN (ram) + 0x10000))
                0x20007800                PROVIDE (__cy_heap_end, (__cy_stack - 0x800))

.cybootloader   0x00000000     0x2200
 *(.cybootloader)
 .cybootloader  0x00000000     0x2200 .\CortexM3\ARM_GCC_493\Debug\cybootloader.o
                0x00000000                cy_bootloader
                0x00002200                appl1_start = CY_APPL_ORIGIN?CY_APPL_ORIGIN:ALIGN (CY_FLASH_ROW_SIZE)
                0x00021000                appl2_start = (appl1_start + ALIGN ((((0x40000 - appl1_start) - (0x2 * CY_FLASH_ROW_SIZE)) / 0x2), CY_FLASH_ROW_SIZE))
                0x00002200                appl_start = (CY_APPL_NUM == 0x1)?appl1_start:appl2_start
                0x00000440                ecc_offset = ((appl_start / CY_FLASH_ROW_SIZE) * CY_ECC_ROW_SIZE)
                0x00000000                ee_offset = (CY_APPL_LOADABLE && ! (CY_EE_IN_BTLDR))?((CY_EE_SIZE / CY_APPL_MAX) * (CY_APPL_NUM - 0x1)):0x0
                0x00000800                ee_size = (CY_APPL_LOADABLE && ! (CY_EE_IN_BTLDR))?(CY_EE_SIZE / CY_APPL_MAX):CY_EE_SIZE
                0x00000440                PROVIDE (CY_ECC_OFFSET, ecc_offset)

.text           0x00002200    0x11296
 CREATE_OBJECT_SYMBOLS
                0x00002200                PROVIDE (__cy_interrupt_vector, RomVectors)
 *(.romvectors)
 .romvectors    0x00002200       0x10 .\CortexM3\ARM_GCC_493\Debug\Cm3Start.o
                0x00002200                RomVectors
                0x00000001                ASSERT ((. != __cy_interrupt_vector), No interrupt vector)
                0x00000001                ASSERT (CY_APPL_ORIGIN?(SIZEOF (.cybootloader) <= CY_APPL_ORIGIN):0x1, Wrong image location)
                0x00002210                PROVIDE (__cy_reset, Reset)
 *(.text.Reset)
 .text.Reset    0x00002210        0x8 .\CortexM3\ARM_GCC_493\Debug\Cm3Start.o
                0x00002210                Reset
                0x00000001                ASSERT ((. != __cy_reset), No reset code)
 *(.dma_init)
                0x00000001                ASSERT ((((appl_start + .) <= 0x10000) || 0x1), DMA Init must be within the first 64k of flash)
 *(.text .text.* .gnu.linkonce.t.*)
 .text          0x00002218       0x5c c:/program files (x86)/cypress/psoc creator/3.3/psoc creator/import/gnu/arm/4.9.3/bin/../lib/gcc/arm-none-eabi/4.9.3/armv7-m/crtbegin.o
 .text.animacion
                0x00002274       0x48 .\CortexM3\ARM_GCC_493\Debug\main.o
                0x00002274                animacion
 .text.animacion2
                0x000022bc       0x48 .\CortexM3\ARM_GCC_493\Debug\main.o
                0x000022bc                animacion2
 .text.init     0x00002304      0x5e4 .\CortexM3\ARM_GCC_493\Debug\main.o
                0x00002304                init
 .text.init_surt
                0x000028e8       0x38 .\CortexM3\ARM_GCC_493\Debug\main.o
                0x000028e8                init_surt
 .text.error_op
                0x00002920       0x5c .\CortexM3\ARM_GCC_493\Debug\main.o
                0x00002920                error_op
 .text.polling_LCD1
                0x0000297c     0x3e80 .\CortexM3\ARM_GCC_493\Debug\main.o
                0x0000297c                polling_LCD1
 .text.polling_LCD2
                0x000067fc     0x3bf8 .\CortexM3\ARM_GCC_493\Debug\main.o
                0x000067fc                polling_LCD2
 .text.main     0x0000a3f4       0x14 .\CortexM3\ARM_GCC_493\Debug\main.o
                0x0000a3f4                main
 .text.leer_hora
                0x0000a408       0x60 .\CortexM3\ARM_GCC_493\Debug\I2C.o
                0x0000a408                leer_hora
 .text.leer_fecha
                0x0000a468       0x60 .\CortexM3\ARM_GCC_493\Debug\I2C.o
                0x0000a468                leer_fecha
 .text.write_hora
                0x0000a4c8       0x5c .\CortexM3\ARM_GCC_493\Debug\I2C.o
                0x0000a4c8                write_hora
 .text.write_fecha
                0x0000a524       0x64 .\CortexM3\ARM_GCC_493\Debug\I2C.o
                0x0000a524                write_fecha
 .text.write_eeprom
                0x0000a588       0x7c .\CortexM3\ARM_GCC_493\Debug\I2C.o
                0x0000a588                write_eeprom
 .text.leer_eeprom
                0x0000a604       0x94 .\CortexM3\ARM_GCC_493\Debug\I2C.o
                0x0000a604                leer_eeprom
 .text.write_psoc1
                0x0000a698       0x48 .\CortexM3\ARM_GCC_493\Debug\I2C.o
                0x0000a698                write_psoc1
 .text.touch_present
                0x0000a6e0       0x84 .\CortexM3\ARM_GCC_493\Debug\ibuton.o
                0x0000a6e0                touch_present
 .text.touch_write
                0x0000a764       0xd4 .\CortexM3\ARM_GCC_493\Debug\ibuton.o
                0x0000a764                touch_write
 .text.touch_read_byte
                0x0000a838       0x78 .\CortexM3\ARM_GCC_493\Debug\ibuton.o
                0x0000a838                touch_read_byte
 .text.touch_read_memoria
                0x0000a8b0      0x1b4 .\CortexM3\ARM_GCC_493\Debug\ibuton.o
                0x0000a8b0                touch_read_memoria
 .text.touch_write_memoria
                0x0000aa64      0x30c .\CortexM3\ARM_GCC_493\Debug\ibuton.o
                0x0000aa64                touch_write_memoria
 .text.crc_check
                0x0000ad70       0x20 .\CortexM3\ARM_GCC_493\Debug\ibuton.o
                0x0000ad70                crc_check
 .text.set_imagen
                0x0000ad90       0x6c .\CortexM3\ARM_GCC_493\Debug\LCD.o
                0x0000ad90                set_imagen
 .text.write_LCD
                0x0000adfc      0x100 .\CortexM3\ARM_GCC_493\Debug\LCD.o
                0x0000adfc                write_LCD
 .text.Hora_LCD
                0x0000aefc       0xbc .\CortexM3\ARM_GCC_493\Debug\LCD.o
                0x0000aefc                Hora_LCD
 .text.Fecha_LCD
                0x0000afb8       0xc8 .\CortexM3\ARM_GCC_493\Debug\LCD.o
                0x0000afb8                Fecha_LCD
 .text.Nombre_LCD
                0x0000b080      0x104 .\CortexM3\ARM_GCC_493\Debug\LCD.o
                0x0000b080                Nombre_LCD
 .text.Precio_LCD
                0x0000b184       0xc4 .\CortexM3\ARM_GCC_493\Debug\LCD.o
                0x0000b184                Precio_LCD
 .text.Grado_LCD
                0x0000b248       0xbc .\CortexM3\ARM_GCC_493\Debug\LCD.o
                0x0000b248                Grado_LCD
 .text.direccion_LCD
                0x0000b304      0x10c .\CortexM3\ARM_GCC_493\Debug\LCD.o
                0x0000b304                direccion_LCD
 .text.lema1_LCD
                0x0000b410      0x10c .\CortexM3\ARM_GCC_493\Debug\LCD.o
                0x0000b410                lema1_LCD
 .text.lema2_LCD
                0x0000b51c      0x10c .\CortexM3\ARM_GCC_493\Debug\LCD.o
                0x0000b51c                lema2_LCD
 .text.telefono_LCD
                0x0000b628      0x10c .\CortexM3\ARM_GCC_493\Debug\LCD.o
                0x0000b628                telefono_LCD
 .text.nit_LCD  0x0000b734      0x10c .\CortexM3\ARM_GCC_493\Debug\LCD.o
                0x0000b734                nit_LCD
 .text.Cuenta_LCD
                0x0000b840      0x104 .\CortexM3\ARM_GCC_493\Debug\LCD.o
                0x0000b840                Cuenta_LCD
 .text.Placa_LCD
                0x0000b944      0x108 .\CortexM3\ARM_GCC_493\Debug\LCD.o
                0x0000b944                Placa_LCD
 .text.writemini_LCD
                0x0000ba4c      0x108 .\CortexM3\ARM_GCC_493\Debug\LCD.o
                0x0000ba4c                writemini_LCD
 .text.operacion
                0x0000bb54      0x128 .\CortexM3\ARM_GCC_493\Debug\Print.o
                0x0000bb54                operacion
 .text.print_logo_k
                0x0000bc7c      0x200 .\CortexM3\ARM_GCC_493\Debug\Print.o
                0x0000bc7c                print_logo_k
 .text.print_logo_p
                0x0000be7c      0x1f0 .\CortexM3\ARM_GCC_493\Debug\Print.o
                0x0000be7c                print_logo_p
 .text.print_totales
                0x0000c06c      0x110 .\CortexM3\ARM_GCC_493\Debug\Print.o
                0x0000c06c                print_totales
 .text.print_totalesac
                0x0000c17c      0x114 .\CortexM3\ARM_GCC_493\Debug\Print.o
                0x0000c17c                print_totalesac
 .text.print_valor
                0x0000c290       0x50 .\CortexM3\ARM_GCC_493\Debug\Print.o
                0x0000c290                print_valor
 .text.imprimir
                0x0000c2e0     0x1018 .\CortexM3\ARM_GCC_493\Debug\Print.o
                0x0000c2e0                imprimir
 .text.imprimir_corte
                0x0000d2f8      0x758 .\CortexM3\ARM_GCC_493\Debug\Print.o
                0x0000d2f8                imprimir_corte
 .text.ver_pos  0x0000da50       0x80 .\CortexM3\ARM_GCC_493\Debug\Protocolo.o
                0x0000da50                ver_pos
 .text.get_estado
                0x0000dad0       0x28 .\CortexM3\ARM_GCC_493\Debug\Protocolo.o
                0x0000dad0                get_estado
 .text.estado_ex
                0x0000daf8       0xe8 .\CortexM3\ARM_GCC_493\Debug\Protocolo.o
                0x0000daf8                estado_ex
 .text.venta    0x0000dbe0      0x1e8 .\CortexM3\ARM_GCC_493\Debug\Protocolo.o
                0x0000dbe0                venta
 .text.get_totales
                0x0000ddc8     0x3274 .\CortexM3\ARM_GCC_493\Debug\Protocolo.o
                0x0000ddc8                get_totales
 .text.programar
                0x0001103c      0x484 .\CortexM3\ARM_GCC_493\Debug\Protocolo.o
                0x0001103c                programar
 .text.cambiar_precio
                0x000114c0      0x2c4 .\CortexM3\ARM_GCC_493\Debug\Protocolo.o
                0x000114c0                cambiar_precio
 .text.Interrupcion_1
                0x00011784       0xd8 .\CortexM3\ARM_GCC_493\Debug\Sonido.o
                0x00011784                Interrupcion_1
 .text.Interrupcion_2
                0x0001185c       0xe0 .\CortexM3\ARM_GCC_493\Debug\Sonido.o
                0x0001185c                Interrupcion_2
 .text.sonido   0x0001193c       0x60 .\CortexM3\ARM_GCC_493\Debug\Sonido.o
                0x0001193c                sonido
 .text.IntDefaultHandler
                0x0001199c        0x4 .\CortexM3\ARM_GCC_493\Debug\Cm3Start.o
                0x0001199c                IntDefaultHandler
 .text.Start_c  0x000119a0       0x4c .\CortexM3\ARM_GCC_493\Debug\Cm3Start.o
                0x000119a0                Start_c
 .text.initialize_psoc
                0x000119ec       0x74 .\CortexM3\ARM_GCC_493\Debug\Cm3Start.o
                0x000119ec                initialize_psoc
 .text.CyClockStartupError
                0x00011a60        0x4 .\CortexM3\ARM_GCC_493\Debug\Unificada.a(cyfitter_cfg.o)
 .text.cfg_write_bytes32
                0x00011a64       0x34 .\CortexM3\ARM_GCC_493\Debug\Unificada.a(cyfitter_cfg.o)
 .text.AnalogSetDefault
                0x00011a98       0x54 .\CortexM3\ARM_GCC_493\Debug\Unificada.a(cyfitter_cfg.o)
 .text.CYMEMZERO
                0x00011aec        0xc .\CortexM3\ARM_GCC_493\Debug\Unificada.a(cyfitter_cfg.o)
 .text.ClockSetup
                0x00011af8      0x104 .\CortexM3\ARM_GCC_493\Debug\Unificada.a(cyfitter_cfg.o)
 .text.CYCONFIGCPY
                0x00011bfc        0x8 .\CortexM3\ARM_GCC_493\Debug\Unificada.a(cyfitter_cfg.o)
 .text.cyfitter_cfg
                0x00011c04      0x170 .\CortexM3\ARM_GCC_493\Debug\Unificada.a(cyfitter_cfg.o)
                0x00011c04                cyfitter_cfg
 .text.Surtidor_Init
                0x00011d74       0x3c .\CortexM3\ARM_GCC_493\Debug\Unificada.a(Surtidor.o)
                0x00011d74                Surtidor_Init
 .text.Surtidor_Enable
                0x00011db0       0x3c .\CortexM3\ARM_GCC_493\Debug\Unificada.a(Surtidor.o)
                0x00011db0                Surtidor_Enable
 .text.Surtidor_Start
                0x00011dec       0x1c .\CortexM3\ARM_GCC_493\Debug\Unificada.a(Surtidor.o)
                0x00011dec                Surtidor_Start
 .text.Surtidor_EnableRxInt
                0x00011e08        0xc .\CortexM3\ARM_GCC_493\Debug\Unificada.a(Surtidor.o)
                0x00011e08                Surtidor_EnableRxInt
 .text.Surtidor_DisableRxInt
                0x00011e14        0xc .\CortexM3\ARM_GCC_493\Debug\Unificada.a(Surtidor.o)
                0x00011e14                Surtidor_DisableRxInt
 .text.Surtidor_ReadRxData
                0x00011e20       0x5c .\CortexM3\ARM_GCC_493\Debug\Unificada.a(Surtidor.o)
                0x00011e20                Surtidor_ReadRxData
 .text.Surtidor_GetRxBufferSize
                0x00011e7c       0x60 .\CortexM3\ARM_GCC_493\Debug\Unificada.a(Surtidor.o)
                0x00011e7c                Surtidor_GetRxBufferSize
 .text.Surtidor_ClearRxBuffer
                0x00011edc       0x3c .\CortexM3\ARM_GCC_493\Debug\Unificada.a(Surtidor.o)
                0x00011edc                Surtidor_ClearRxBuffer
 .text.Surtidor_PutChar
                0x00011f18       0x18 .\CortexM3\ARM_GCC_493\Debug\Unificada.a(Surtidor.o)
                0x00011f18                Surtidor_PutChar
 .text.Surtidor_RXISR
                0x00011f30       0x80 .\CortexM3\ARM_GCC_493\Debug\Unificada.a(Surtidor_INT.o)
                0x00011f30                Surtidor_RXISR
 .text.Impresora_Init
                0x00011fb0       0x3c .\CortexM3\ARM_GCC_493\Debug\Unificada.a(Impresora.o)
                0x00011fb0                Impresora_Init
 .text.Impresora_Enable
                0x00011fec       0x44 .\CortexM3\ARM_GCC_493\Debug\Unificada.a(Impresora.o)
                0x00011fec                Impresora_Enable
 .text.Impresora_Start
                0x00012030       0x1c .\CortexM3\ARM_GCC_493\Debug\Unificada.a(Impresora.o)
                0x00012030                Impresora_Start
 .text.Impresora_EnableRxInt
                0x0001204c        0xc .\CortexM3\ARM_GCC_493\Debug\Unificada.a(Impresora.o)
                0x0001204c                Impresora_EnableRxInt
 .text.Impresora_RXISR
                0x00012058       0x80 .\CortexM3\ARM_GCC_493\Debug\Unificada.a(Impresora_INT.o)
                0x00012058                Impresora_RXISR
 .text.PC_Init  0x000120d8       0x3c .\CortexM3\ARM_GCC_493\Debug\Unificada.a(PC.o)
                0x000120d8                PC_Init
 .text.PC_Enable
                0x00012114       0x44 .\CortexM3\ARM_GCC_493\Debug\Unificada.a(PC.o)
                0x00012114                PC_Enable
 .text.PC_Start
                0x00012158       0x1c .\CortexM3\ARM_GCC_493\Debug\Unificada.a(PC.o)
                0x00012158                PC_Start
 .text.PC_EnableRxInt
                0x00012174        0xc .\CortexM3\ARM_GCC_493\Debug\Unificada.a(PC.o)
                0x00012174                PC_EnableRxInt
 .text.PC_RXISR
                0x00012180       0x80 .\CortexM3\ARM_GCC_493\Debug\Unificada.a(PC_INT.o)
                0x00012180                PC_RXISR
 .text.I2C_1_Init
                0x00012200       0x58 .\CortexM3\ARM_GCC_493\Debug\Unificada.a(I2C_1.o)
                0x00012200                I2C_1_Init
 .text.I2C_1_Enable
                0x00012258       0x24 .\CortexM3\ARM_GCC_493\Debug\Unificada.a(I2C_1.o)
                0x00012258                I2C_1_Enable
 .text.I2C_1_Start
                0x0001227c       0x28 .\CortexM3\ARM_GCC_493\Debug\Unificada.a(I2C_1.o)
                0x0001227c                I2C_1_Start
 .text.I2C_1_ISR
                0x000122a4      0x2d0 .\CortexM3\ARM_GCC_493\Debug\Unificada.a(I2C_1_INT.o)
                0x000122a4                I2C_1_ISR
 .text.I2C_1_MasterSendStart
                0x00012574       0x80 .\CortexM3\ARM_GCC_493\Debug\Unificada.a(I2C_1_MASTER.o)
                0x00012574                I2C_1_MasterSendStart
 .text.I2C_1_MasterSendStop
                0x000125f4       0x38 .\CortexM3\ARM_GCC_493\Debug\Unificada.a(I2C_1_MASTER.o)
                0x000125f4                I2C_1_MasterSendStop
 .text.I2C_1_MasterWriteByte
                0x0001262c       0x58 .\CortexM3\ARM_GCC_493\Debug\Unificada.a(I2C_1_MASTER.o)
                0x0001262c                I2C_1_MasterWriteByte
 .text.I2C_1_MasterReadByte
                0x00012684       0x58 .\CortexM3\ARM_GCC_493\Debug\Unificada.a(I2C_1_MASTER.o)
                0x00012684                I2C_1_MasterReadByte
 .text.I2C_1_MasterClearStatus
                0x000126dc       0x10 .\CortexM3\ARM_GCC_493\Debug\Unificada.a(I2C_1_MASTER.o)
                0x000126dc                I2C_1_MasterClearStatus
 .text.I2C_1_MasterClearReadBuf
                0x000126ec       0x1c .\CortexM3\ARM_GCC_493\Debug\Unificada.a(I2C_1_MASTER.o)
                0x000126ec                I2C_1_MasterClearReadBuf
 .text.I2C_1_MasterClearWriteBuf
                0x00012708       0x1c .\CortexM3\ARM_GCC_493\Debug\Unificada.a(I2C_1_MASTER.o)
                0x00012708                I2C_1_MasterClearWriteBuf
 .text.I2C_1_Workaround
                0x00012724        0x4 .\CortexM3\ARM_GCC_493\Debug\Unificada.a(I2C_1_MASTER.o)
                0x00012724                I2C_1_Workaround
 .text.Pin_WP_Write
                0x00012728       0x18 .\CortexM3\ARM_GCC_493\Debug\Unificada.a(Pin_WP.o)
                0x00012728                Pin_WP_Write
 .text.LCD_1_Init
                0x00012740       0x3c .\CortexM3\ARM_GCC_493\Debug\Unificada.a(LCD_1.o)
                0x00012740                LCD_1_Init
 .text.LCD_1_Enable
                0x0001277c       0x44 .\CortexM3\ARM_GCC_493\Debug\Unificada.a(LCD_1.o)
                0x0001277c                LCD_1_Enable
 .text.LCD_1_Start
                0x000127c0       0x1c .\CortexM3\ARM_GCC_493\Debug\Unificada.a(LCD_1.o)
                0x000127c0                LCD_1_Start
 .text.LCD_1_EnableRxInt
                0x000127dc        0xc .\CortexM3\ARM_GCC_493\Debug\Unificada.a(LCD_1.o)
                0x000127dc                LCD_1_EnableRxInt
 .text.LCD_1_DisableRxInt
                0x000127e8        0xc .\CortexM3\ARM_GCC_493\Debug\Unificada.a(LCD_1.o)
                0x000127e8                LCD_1_DisableRxInt
 .text.LCD_1_GetRxBufferSize
                0x000127f4       0x54 .\CortexM3\ARM_GCC_493\Debug\Unificada.a(LCD_1.o)
                0x000127f4                LCD_1_GetRxBufferSize
 .text.LCD_1_ClearRxBuffer
                0x00012848       0x3c .\CortexM3\ARM_GCC_493\Debug\Unificada.a(LCD_1.o)
                0x00012848                LCD_1_ClearRxBuffer
 .text.LCD_1_PutChar
                0x00012884       0x18 .\CortexM3\ARM_GCC_493\Debug\Unificada.a(LCD_1.o)
                0x00012884                LCD_1_PutChar
 .text.LCD_1_RXISR
                0x0001289c       0x80 .\CortexM3\ARM_GCC_493\Debug\Unificada.a(LCD_1_INT.o)
                0x0001289c                LCD_1_RXISR
 .text.LCD_2_Init
                0x0001291c       0x3c .\CortexM3\ARM_GCC_493\Debug\Unificada.a(LCD_2.o)
                0x0001291c                LCD_2_Init
 .text.LCD_2_Enable
                0x00012958       0x44 .\CortexM3\ARM_GCC_493\Debug\Unificada.a(LCD_2.o)
                0x00012958                LCD_2_Enable
 .text.LCD_2_Start
                0x0001299c       0x1c .\CortexM3\ARM_GCC_493\Debug\Unificada.a(LCD_2.o)
                0x0001299c                LCD_2_Start
 .text.LCD_2_EnableRxInt
                0x000129b8        0xc .\CortexM3\ARM_GCC_493\Debug\Unificada.a(LCD_2.o)
                0x000129b8                LCD_2_EnableRxInt
 .text.LCD_2_DisableRxInt
                0x000129c4        0xc .\CortexM3\ARM_GCC_493\Debug\Unificada.a(LCD_2.o)
                0x000129c4                LCD_2_DisableRxInt
 .text.LCD_2_GetRxBufferSize
                0x000129d0       0x54 .\CortexM3\ARM_GCC_493\Debug\Unificada.a(LCD_2.o)
                0x000129d0                LCD_2_GetRxBufferSize
 .text.LCD_2_ClearRxBuffer
                0x00012a24       0x3c .\CortexM3\ARM_GCC_493\Debug\Unificada.a(LCD_2.o)
                0x00012a24                LCD_2_ClearRxBuffer
 .text.LCD_2_PutChar
                0x00012a60       0x18 .\CortexM3\ARM_GCC_493\Debug\Unificada.a(LCD_2.o)
                0x00012a60                LCD_2_PutChar
 .text.LCD_2_RXISR
                0x00012a78       0x80 .\CortexM3\ARM_GCC_493\Debug\Unificada.a(LCD_2_INT.o)
                0x00012a78                LCD_2_RXISR
 .text.IB1_Write
                0x00012af8       0x18 .\CortexM3\ARM_GCC_493\Debug\Unificada.a(IB1.o)
                0x00012af8                IB1_Write
 .text.IB1_Read
                0x00012b10       0x10 .\CortexM3\ARM_GCC_493\Debug\Unificada.a(IB1.o)
                0x00012b10                IB1_Read
 .text.IB2_Write
                0x00012b20       0x18 .\CortexM3\ARM_GCC_493\Debug\Unificada.a(IB2.o)
                0x00012b20                IB2_Write
 .text.IB2_Read
                0x00012b38        0xc .\CortexM3\ARM_GCC_493\Debug\Unificada.a(IB2.o)
                0x00012b38                IB2_Read
 .text.Timer_Animacion_Enable
                0x00012b44       0x28 .\CortexM3\ARM_GCC_493\Debug\Unificada.a(Timer_Animacion.o)
                0x00012b44                Timer_Animacion_Enable
 .text.Timer_Animacion_Stop
                0x00012b6c       0x28 .\CortexM3\ARM_GCC_493\Debug\Unificada.a(Timer_Animacion.o)
                0x00012b6c                Timer_Animacion_Stop
 .text.Timer_Animacion_SetInterruptMode
                0x00012b94        0xc .\CortexM3\ARM_GCC_493\Debug\Unificada.a(Timer_Animacion.o)
                0x00012b94                Timer_Animacion_SetInterruptMode
 .text.Timer_Animacion_ReadStatusRegister
                0x00012ba0        0xc .\CortexM3\ARM_GCC_493\Debug\Unificada.a(Timer_Animacion.o)
                0x00012ba0                Timer_Animacion_ReadStatusRegister
 .text.Timer_Animacion_WritePeriod
                0x00012bac        0xc .\CortexM3\ARM_GCC_493\Debug\Unificada.a(Timer_Animacion.o)
                0x00012bac                Timer_Animacion_WritePeriod
 .text.Timer_Animacion_WriteCounter
                0x00012bb8        0xc .\CortexM3\ARM_GCC_493\Debug\Unificada.a(Timer_Animacion.o)
                0x00012bb8                Timer_Animacion_WriteCounter
 .text.Timer_Animacion_Init
                0x00012bc4       0x68 .\CortexM3\ARM_GCC_493\Debug\Unificada.a(Timer_Animacion.o)
                0x00012bc4                Timer_Animacion_Init
 .text.Timer_Animacion_Start
                0x00012c2c       0x1c .\CortexM3\ARM_GCC_493\Debug\Unificada.a(Timer_Animacion.o)
                0x00012c2c                Timer_Animacion_Start
 .text.isr_3_SetVector
                0x00012c48       0x10 .\CortexM3\ARM_GCC_493\Debug\Unificada.a(isr_3.o)
                0x00012c48                isr_3_SetVector
 .text.isr_3_SetPriority
                0x00012c58       0x10 .\CortexM3\ARM_GCC_493\Debug\Unificada.a(isr_3.o)
                0x00012c58                isr_3_SetPriority
 .text.isr_3_Enable
                0x00012c68       0x10 .\CortexM3\ARM_GCC_493\Debug\Unificada.a(isr_3.o)
                0x00012c68                isr_3_Enable
 .text.isr_3_Disable
                0x00012c78       0x10 .\CortexM3\ARM_GCC_493\Debug\Unificada.a(isr_3.o)
                0x00012c78                isr_3_Disable
 .text.isr_3_StartEx
                0x00012c88       0x1c .\CortexM3\ARM_GCC_493\Debug\Unificada.a(isr_3.o)
                0x00012c88                isr_3_StartEx
 .text.isr_3_Stop
                0x00012ca4       0x14 .\CortexM3\ARM_GCC_493\Debug\Unificada.a(isr_3.o)
                0x00012ca4                isr_3_Stop
 .text.Timer_Animacion2_Enable
                0x00012cb8       0x28 .\CortexM3\ARM_GCC_493\Debug\Unificada.a(Timer_Animacion2.o)
                0x00012cb8                Timer_Animacion2_Enable
 .text.Timer_Animacion2_Stop
                0x00012ce0       0x28 .\CortexM3\ARM_GCC_493\Debug\Unificada.a(Timer_Animacion2.o)
                0x00012ce0                Timer_Animacion2_Stop
 .text.Timer_Animacion2_SetInterruptMode
                0x00012d08        0xc .\CortexM3\ARM_GCC_493\Debug\Unificada.a(Timer_Animacion2.o)
                0x00012d08                Timer_Animacion2_SetInterruptMode
 .text.Timer_Animacion2_ReadStatusRegister
                0x00012d14        0xc .\CortexM3\ARM_GCC_493\Debug\Unificada.a(Timer_Animacion2.o)
                0x00012d14                Timer_Animacion2_ReadStatusRegister
 .text.Timer_Animacion2_WritePeriod
                0x00012d20        0xc .\CortexM3\ARM_GCC_493\Debug\Unificada.a(Timer_Animacion2.o)
                0x00012d20                Timer_Animacion2_WritePeriod
 .text.Timer_Animacion2_WriteCounter
                0x00012d2c        0xc .\CortexM3\ARM_GCC_493\Debug\Unificada.a(Timer_Animacion2.o)
                0x00012d2c                Timer_Animacion2_WriteCounter
 .text.Timer_Animacion2_Init
                0x00012d38       0x68 .\CortexM3\ARM_GCC_493\Debug\Unificada.a(Timer_Animacion2.o)
                0x00012d38                Timer_Animacion2_Init
 .text.Timer_Animacion2_Start
                0x00012da0       0x1c .\CortexM3\ARM_GCC_493\Debug\Unificada.a(Timer_Animacion2.o)
                0x00012da0                Timer_Animacion2_Start
 .text.isr_4_SetVector
                0x00012dbc       0x10 .\CortexM3\ARM_GCC_493\Debug\Unificada.a(isr_4.o)
                0x00012dbc                isr_4_SetVector
 .text.isr_4_SetPriority
                0x00012dcc       0x10 .\CortexM3\ARM_GCC_493\Debug\Unificada.a(isr_4.o)
                0x00012dcc                isr_4_SetPriority
 .text.isr_4_Enable
                0x00012ddc       0x10 .\CortexM3\ARM_GCC_493\Debug\Unificada.a(isr_4.o)
                0x00012ddc                isr_4_Enable
 .text.isr_4_Disable
                0x00012dec       0x10 .\CortexM3\ARM_GCC_493\Debug\Unificada.a(isr_4.o)
                0x00012dec                isr_4_Disable
 .text.isr_4_StartEx
                0x00012dfc       0x1c .\CortexM3\ARM_GCC_493\Debug\Unificada.a(isr_4.o)
                0x00012dfc                isr_4_StartEx
 .text.isr_4_Stop
                0x00012e18       0x14 .\CortexM3\ARM_GCC_493\Debug\Unificada.a(isr_4.o)
                0x00012e18                isr_4_Stop
 .text.Timer_1_Enable
                0x00012e2c       0x10 .\CortexM3\ARM_GCC_493\Debug\Unificada.a(Timer_1.o)
                0x00012e2c                Timer_1_Enable
 .text.Timer_1_Stop
                0x00012e3c       0x10 .\CortexM3\ARM_GCC_493\Debug\Unificada.a(Timer_1.o)
                0x00012e3c                Timer_1_Stop
 .text.Timer_1_SetInterruptMode
                0x00012e4c        0xc .\CortexM3\ARM_GCC_493\Debug\Unificada.a(Timer_1.o)
                0x00012e4c                Timer_1_SetInterruptMode
 .text.Timer_1_ReadStatusRegister
                0x00012e58        0xc .\CortexM3\ARM_GCC_493\Debug\Unificada.a(Timer_1.o)
                0x00012e58                Timer_1_ReadStatusRegister
 .text.Timer_1_WritePeriod
                0x00012e64        0xc .\CortexM3\ARM_GCC_493\Debug\Unificada.a(Timer_1.o)
                0x00012e64                Timer_1_WritePeriod
 .text.Timer_1_ReadCapture
                0x00012e70        0xc .\CortexM3\ARM_GCC_493\Debug\Unificada.a(Timer_1.o)
                0x00012e70                Timer_1_ReadCapture
 .text.Timer_1_WriteCounter
                0x00012e7c        0xc .\CortexM3\ARM_GCC_493\Debug\Unificada.a(Timer_1.o)
                0x00012e7c                Timer_1_WriteCounter
 .text.Timer_1_ClearFIFO
                0x00012e88       0x14 .\CortexM3\ARM_GCC_493\Debug\Unificada.a(Timer_1.o)
                0x00012e88                Timer_1_ClearFIFO
 .text.Timer_1_Init
                0x00012e9c       0x30 .\CortexM3\ARM_GCC_493\Debug\Unificada.a(Timer_1.o)
                0x00012e9c                Timer_1_Init
 .text.Timer_1_Start
                0x00012ecc       0x1c .\CortexM3\ARM_GCC_493\Debug\Unificada.a(Timer_1.o)
                0x00012ecc                Timer_1_Start
 .text.isr_1_SetVector
                0x00012ee8        0xc .\CortexM3\ARM_GCC_493\Debug\Unificada.a(isr_1.o)
                0x00012ee8                isr_1_SetVector
 .text.isr_1_SetPriority
                0x00012ef4       0x10 .\CortexM3\ARM_GCC_493\Debug\Unificada.a(isr_1.o)
                0x00012ef4                isr_1_SetPriority
 .text.isr_1_Enable
                0x00012f04        0xc .\CortexM3\ARM_GCC_493\Debug\Unificada.a(isr_1.o)
                0x00012f04                isr_1_Enable
 .text.isr_1_Disable
                0x00012f10        0xc .\CortexM3\ARM_GCC_493\Debug\Unificada.a(isr_1.o)
                0x00012f10                isr_1_Disable
 .text.isr_1_StartEx
                0x00012f1c       0x1c .\CortexM3\ARM_GCC_493\Debug\Unificada.a(isr_1.o)
                0x00012f1c                isr_1_StartEx
 .text.VDAC8_1_Enable
                0x00012f38       0x1c .\CortexM3\ARM_GCC_493\Debug\Unificada.a(VDAC8_1.o)
                0x00012f38                VDAC8_1_Enable
 .text.VDAC8_1_Stop
                0x00012f54       0x1c .\CortexM3\ARM_GCC_493\Debug\Unificada.a(VDAC8_1.o)
                0x00012f54                VDAC8_1_Stop
 .text.VDAC8_1_SetSpeed
                0x00012f70       0x1c .\CortexM3\ARM_GCC_493\Debug\Unificada.a(VDAC8_1.o)
                0x00012f70                VDAC8_1_SetSpeed
 .text.VDAC8_1_SetValue
                0x00012f8c        0xc .\CortexM3\ARM_GCC_493\Debug\Unificada.a(VDAC8_1.o)
                0x00012f8c                VDAC8_1_SetValue
 .text.VDAC8_1_DacTrim
                0x00012f98       0x24 .\CortexM3\ARM_GCC_493\Debug\Unificada.a(VDAC8_1.o)
                0x00012f98                VDAC8_1_DacTrim
 .text.VDAC8_1_SetRange
                0x00012fbc       0x20 .\CortexM3\ARM_GCC_493\Debug\Unificada.a(VDAC8_1.o)
                0x00012fbc                VDAC8_1_SetRange
 .text.VDAC8_1_Init
                0x00012fdc       0x20 .\CortexM3\ARM_GCC_493\Debug\Unificada.a(VDAC8_1.o)
                0x00012fdc                VDAC8_1_Init
 .text.VDAC8_1_Start
                0x00012ffc       0x24 .\CortexM3\ARM_GCC_493\Debug\Unificada.a(VDAC8_1.o)
                0x00012ffc                VDAC8_1_Start
 .text.Timer_2_Enable
                0x00013020       0x10 .\CortexM3\ARM_GCC_493\Debug\Unificada.a(Timer_2.o)
                0x00013020                Timer_2_Enable
 .text.Timer_2_Stop
                0x00013030       0x10 .\CortexM3\ARM_GCC_493\Debug\Unificada.a(Timer_2.o)
                0x00013030                Timer_2_Stop
 .text.Timer_2_SetInterruptMode
                0x00013040        0xc .\CortexM3\ARM_GCC_493\Debug\Unificada.a(Timer_2.o)
                0x00013040                Timer_2_SetInterruptMode
 .text.Timer_2_ReadStatusRegister
                0x0001304c        0xc .\CortexM3\ARM_GCC_493\Debug\Unificada.a(Timer_2.o)
                0x0001304c                Timer_2_ReadStatusRegister
 .text.Timer_2_WritePeriod
                0x00013058        0xc .\CortexM3\ARM_GCC_493\Debug\Unificada.a(Timer_2.o)
                0x00013058                Timer_2_WritePeriod
 .text.Timer_2_ReadCapture
                0x00013064        0xc .\CortexM3\ARM_GCC_493\Debug\Unificada.a(Timer_2.o)
                0x00013064                Timer_2_ReadCapture
 .text.Timer_2_WriteCounter
                0x00013070        0xc .\CortexM3\ARM_GCC_493\Debug\Unificada.a(Timer_2.o)
                0x00013070                Timer_2_WriteCounter
 .text.Timer_2_ClearFIFO
                0x0001307c       0x14 .\CortexM3\ARM_GCC_493\Debug\Unificada.a(Timer_2.o)
                0x0001307c                Timer_2_ClearFIFO
 .text.Timer_2_Init
                0x00013090       0x30 .\CortexM3\ARM_GCC_493\Debug\Unificada.a(Timer_2.o)
                0x00013090                Timer_2_Init
 .text.Timer_2_Start
                0x000130c0       0x1c .\CortexM3\ARM_GCC_493\Debug\Unificada.a(Timer_2.o)
                0x000130c0                Timer_2_Start
 .text.isr_2_SetVector
                0x000130dc        0xc .\CortexM3\ARM_GCC_493\Debug\Unificada.a(isr_2.o)
                0x000130dc                isr_2_SetVector
 .text.isr_2_SetPriority
                0x000130e8       0x10 .\CortexM3\ARM_GCC_493\Debug\Unificada.a(isr_2.o)
                0x000130e8                isr_2_SetPriority
 .text.isr_2_Enable
                0x000130f8        0xc .\CortexM3\ARM_GCC_493\Debug\Unificada.a(isr_2.o)
                0x000130f8                isr_2_Enable
 .text.isr_2_Disable
                0x00013104        0xc .\CortexM3\ARM_GCC_493\Debug\Unificada.a(isr_2.o)
                0x00013104                isr_2_Disable
 .text.isr_2_StartEx
                0x00013110       0x1c .\CortexM3\ARM_GCC_493\Debug\Unificada.a(isr_2.o)
                0x00013110                isr_2_StartEx
 .text.VDAC8_2_Enable
                0x0001312c       0x1c .\CortexM3\ARM_GCC_493\Debug\Unificada.a(VDAC8_2.o)
                0x0001312c                VDAC8_2_Enable
 .text.VDAC8_2_Stop
                0x00013148       0x1c .\CortexM3\ARM_GCC_493\Debug\Unificada.a(VDAC8_2.o)
                0x00013148                VDAC8_2_Stop
 .text.VDAC8_2_SetSpeed
                0x00013164       0x1c .\CortexM3\ARM_GCC_493\Debug\Unificada.a(VDAC8_2.o)
                0x00013164                VDAC8_2_SetSpeed
 .text.VDAC8_2_SetValue
                0x00013180        0xc .\CortexM3\ARM_GCC_493\Debug\Unificada.a(VDAC8_2.o)
                0x00013180                VDAC8_2_SetValue
 .text.VDAC8_2_DacTrim
                0x0001318c       0x24 .\CortexM3\ARM_GCC_493\Debug\Unificada.a(VDAC8_2.o)
                0x0001318c                VDAC8_2_DacTrim
 .text.VDAC8_2_SetRange
                0x000131b0       0x20 .\CortexM3\ARM_GCC_493\Debug\Unificada.a(VDAC8_2.o)
                0x000131b0                VDAC8_2_SetRange
 .text.VDAC8_2_Init
                0x000131d0       0x20 .\CortexM3\ARM_GCC_493\Debug\Unificada.a(VDAC8_2.o)
                0x000131d0                VDAC8_2_Init
 .text.VDAC8_2_Start
                0x000131f0       0x24 .\CortexM3\ARM_GCC_493\Debug\Unificada.a(VDAC8_2.o)
                0x000131f0                VDAC8_2_Start
 .text.VDAC8_3_Enable
                0x00013214       0x1c .\CortexM3\ARM_GCC_493\Debug\Unificada.a(VDAC8_3.o)
                0x00013214                VDAC8_3_Enable
 .text.VDAC8_3_SetSpeed
                0x00013230       0x1c .\CortexM3\ARM_GCC_493\Debug\Unificada.a(VDAC8_3.o)
                0x00013230                VDAC8_3_SetSpeed
 .text.VDAC8_3_SetValue
                0x0001324c        0xc .\CortexM3\ARM_GCC_493\Debug\Unificada.a(VDAC8_3.o)
                0x0001324c                VDAC8_3_SetValue
 .text.VDAC8_3_DacTrim
                0x00013258       0x24 .\CortexM3\ARM_GCC_493\Debug\Unificada.a(VDAC8_3.o)
                0x00013258                VDAC8_3_DacTrim
 .text.VDAC8_3_SetRange
                0x0001327c       0x20 .\CortexM3\ARM_GCC_493\Debug\Unificada.a(VDAC8_3.o)
                0x0001327c                VDAC8_3_SetRange
 .text.VDAC8_3_Init
                0x0001329c       0x20 .\CortexM3\ARM_GCC_493\Debug\Unificada.a(VDAC8_3.o)
                0x0001329c                VDAC8_3_Init
 .text.VDAC8_3_Start
                0x000132bc       0x24 .\CortexM3\ARM_GCC_493\Debug\Unificada.a(VDAC8_3.o)
                0x000132bc                VDAC8_3_Start
 .text.SDown_Write
                0x000132e0       0x18 .\CortexM3\ARM_GCC_493\Debug\Unificada.a(SDown.o)
                0x000132e0                SDown_Write
 .text.Impresora_IntClock_Start
                0x000132f8       0x1c .\CortexM3\ARM_GCC_493\Debug\Unificada.a(Impresora_IntClock.o)
                0x000132f8                Impresora_IntClock_Start
 .text.PC_IntClock_Start
                0x00013314       0x1c .\CortexM3\ARM_GCC_493\Debug\Unificada.a(PC_IntClock.o)
                0x00013314                PC_IntClock_Start
 .text.LCD_1_IntClock_Start
                0x00013330       0x1c .\CortexM3\ARM_GCC_493\Debug\Unificada.a(LCD_1_IntClock.o)
                0x00013330                LCD_1_IntClock_Start
 .text.LCD_2_IntClock_Start
                0x0001334c       0x1c .\CortexM3\ARM_GCC_493\Debug\Unificada.a(LCD_2_IntClock.o)
                0x0001334c                LCD_2_IntClock_Start
 .text          0x00013368       0x20 .\CortexM3\ARM_GCC_493\Debug\Unificada.a(CyBootAsmGnu.o)
                0x00013368                CyDelayCycles
                0x00013378                CyEnterCriticalSection
                0x00013380                CyExitCriticalSection
 .text.CyHalt   0x00013388        0x4 .\CortexM3\ARM_GCC_493\Debug\Unificada.a(CyLib.o)
                0x00013388                CyHalt
 .text.CyDelay  0x0001338c       0x2c .\CortexM3\ARM_GCC_493\Debug\Unificada.a(CyLib.o)
                0x0001338c                CyDelay
 .text.CyDelayUs
                0x000133b8       0x14 .\CortexM3\ARM_GCC_493\Debug\Unificada.a(CyLib.o)
                0x000133b8                CyDelayUs
 .text.CyIntSetVector
                0x000133cc       0x28 .\CortexM3\ARM_GCC_493\Debug\Unificada.a(CyLib.o)
                0x000133cc                CyIntSetVector
 .text.CyIntSetPriority
                0x000133f4       0x30 .\CortexM3\ARM_GCC_493\Debug\Unificada.a(CyLib.o)
                0x000133f4                CyIntSetPriority
 .text.__libc_init_array
                0x00013424       0x4c c:/program files (x86)/cypress/psoc creator/3.3/psoc creator/import/gnu/arm/4.9.3/bin/../lib/gcc/arm-none-eabi/4.9.3/../../../../arm-none-eabi/lib/armv7-m\libg_nano.a(lib_a-init.o)
                0x00013424                __libc_init_array
 .text.memcpy   0x00013470       0x16 c:/program files (x86)/cypress/psoc creator/3.3/psoc creator/import/gnu/arm/4.9.3/bin/../lib/gcc/arm-none-eabi/4.9.3/../../../../arm-none-eabi/lib/armv7-m\libg_nano.a(lib_a-memcpy.o)
                0x00013470                memcpy
 .text.memset   0x00013486       0x10 c:/program files (x86)/cypress/psoc creator/3.3/psoc creator/import/gnu/arm/4.9.3/bin/../lib/gcc/arm-none-eabi/4.9.3/../../../../arm-none-eabi/lib/armv7-m\libg_nano.a(lib_a-memset.o)
                0x00013486                memset
 *(.plt)
 *(.gnu.warning)
 *(.glue_7t)
 .glue_7t       0x00000000        0x0 linker stubs
 *(.glue_7)
 .glue_7        0x00000000        0x0 linker stubs
 *(.vfp11_veneer)
 .vfp11_veneer  0x00000000        0x0 linker stubs
 *(.bootloader)
 *(.ARM.extab* .gnu.linkonce.armextab.*)
 *(.gcc_except_table)

.v4_bx          0x00013498        0x0
 .v4_bx         0x00000000        0x0 linker stubs

.iplt           0x00013498        0x0
 .iplt          0x00000000        0x0 c:/program files (x86)/cypress/psoc creator/3.3/psoc creator/import/gnu/arm/4.9.3/bin/../lib/gcc/arm-none-eabi/4.9.3/armv7-m/crtbegin.o

.eh_frame_hdr
 *(.eh_frame_hdr)

.eh_frame       0x00013498        0x4
 *(.eh_frame)
 .eh_frame      0x00013498        0x0 c:/program files (x86)/cypress/psoc creator/3.3/psoc creator/import/gnu/arm/4.9.3/bin/../lib/gcc/arm-none-eabi/4.9.3/armv7-m/crtbegin.o
 .eh_frame      0x00013498        0x4 c:/program files (x86)/cypress/psoc creator/3.3/psoc creator/import/gnu/arm/4.9.3/bin/../lib/gcc/arm-none-eabi/4.9.3/armv7-m/crtend.o
                0x0001349c                PROVIDE (__exidx_start, .)

.ARM.exidx
 *(.ARM.exidx* .gnu.linkonce.armexidx.*)
                0x0001349c                __exidx_end = .

.rodata         0x0001349c     0xeabc
 *(.rodata .rodata.* .gnu.linkonce.r.*)
 .rodata        0x0001349c      0x100 .\CortexM3\ARM_GCC_493\Debug\LCD.o
 .rodata        0x0001359c     0x8370 .\CortexM3\ARM_GCC_493\Debug\Print.o
                0x000135a8                biomax
                0x00013b90                brio
                0x00014178                cencosud
                0x00014760                ecospetrol
                0x00014d48                esso
                0x00015330                gulf
                0x00015918                mineroil
                0x00015ccc                mobil
                0x00016080                petrobras
                0x00016668                plus
                0x0001695c                terpel
                0x00016f44                texaco
                0x0001752c                zeus
                0x00017820                petromil
                0x00017e08                biomax1
                0x000181b8                brio1
                0x00018568                cencosud1
                0x00018918                ecospetrol1
                0x00018cc8                esso1
                0x00019078                gulf1
                0x00019428                mineroil1
                0x000197d8                mobil1
                0x00019b88                petrobras1
                0x00019f38                plus1
                0x0001a2e8                terpel1
                0x0001a698                texaco1
                0x0001aa48                zeus1
                0x0001adf8                petromil1
                0x0001b1a8                exito1
                0x0001b558                exito
 .rodata        0x0001b90c        0xc .\CortexM3\ARM_GCC_493\Debug\Protocolo.o
 .rodata        0x0001b918     0x65a8 .\CortexM3\ARM_GCC_493\Debug\Sonido.o
                0x0001b918                Extra
                0x0001d730                Corriente
                0x0001fe38                Diesel
 .rodata        0x00021ec0       0x64 .\CortexM3\ARM_GCC_493\Debug\Unificada.a(cyfitter_cfg.o)
                0x00021f24                . = ALIGN (0x4)
 *(.init)
 .init          0x00021f24        0x4 c:/program files (x86)/cypress/psoc creator/3.3/psoc creator/import/gnu/arm/4.9.3/bin/../lib/gcc/arm-none-eabi/4.9.3/armv7-m/crti.o
                0x00021f24                _init
 .init          0x00021f28        0x8 c:/program files (x86)/cypress/psoc creator/3.3/psoc creator/import/gnu/arm/4.9.3/bin/../lib/gcc/arm-none-eabi/4.9.3/armv7-m/crtn.o
                0x00021f30                . = ALIGN (0x4)
                0x00021f30                __preinit_array_start = .
 *(.preinit_array)
                0x00021f30                __preinit_array_end = .
                0x00021f30                . = ALIGN (0x4)
                0x00021f30                __init_array_start = .
 *(SORT(.init_array.*))
 *(.init_array)
 .init_array    0x00021f30        0x4 c:/program files (x86)/cypress/psoc creator/3.3/psoc creator/import/gnu/arm/4.9.3/bin/../lib/gcc/arm-none-eabi/4.9.3/armv7-m/crtbegin.o
 .init_array    0x00021f34        0x4 .\CortexM3\ARM_GCC_493\Debug\Cm3Start.o
                0x00021f38                __init_array_end = .
                0x00021f38                . = ALIGN (0x4)
 *(.fini)
 .fini          0x00021f38        0x4 c:/program files (x86)/cypress/psoc creator/3.3/psoc creator/import/gnu/arm/4.9.3/bin/../lib/gcc/arm-none-eabi/4.9.3/armv7-m/crti.o
                0x00021f38                _fini
 .fini          0x00021f3c        0x8 c:/program files (x86)/cypress/psoc creator/3.3/psoc creator/import/gnu/arm/4.9.3/bin/../lib/gcc/arm-none-eabi/4.9.3/armv7-m/crtn.o
                0x00021f44                . = ALIGN (0x4)
                0x00021f44                __fini_array_start = .
 *(.fini_array)
 .fini_array    0x00021f44        0x4 c:/program files (x86)/cypress/psoc creator/3.3/psoc creator/import/gnu/arm/4.9.3/bin/../lib/gcc/arm-none-eabi/4.9.3/armv7-m/crtbegin.o
 *(SORT(.fini_array.*))
                0x00021f48                __fini_array_end = .
                0x00021f48                . = ALIGN (0x4)
 *crtbegin.o(.ctors)
 *(EXCLUDE_FILE(*crtend.o) .ctors)
 *(SORT(.ctors.*))
 *crtend.o(.ctors)
                0x00021f48                . = ALIGN (0x4)
 *crtbegin.o(.dtors)
 *(EXCLUDE_FILE(*crtend.o) .dtors)
 *(SORT(.dtors.*))
 *crtend.o(.dtors)
                0x00021f48                . = ALIGN (0x4)
                0x00021f48                __cy_regions = .
                0x00021f48        0x4 LONG 0x21f58 __cy_region_init_ram
                0x00021f4c        0x4 LONG 0x1fff8108 __cy_region_start_data
                0x00021f50        0x4 LONG 0x220 __cy_region_init_size_ram
                0x00021f54        0x4 LONG 0x7d0 __cy_region_zero_size_ram
                0x00021f58                __cy_regions_end = .
                0x00021f58                . = ALIGN (0x8)
                0x00021f58                _etext = .

.ramvectors     0x1fff8000      0x100
                0x1fff8000                __cy_region_start_ram = .
 *(.ramvectors)
 .ramvectors    0x1fff8000      0x100 .\CortexM3\ARM_GCC_493\Debug\Cm3Start.o
                0x1fff8000                CyRamVectors

.noinit         0x1fff8100        0x5
 *(.noinit)
 .noinit        0x1fff8100        0x4 .\CortexM3\ARM_GCC_493\Debug\Cm3Start.o
 .noinit        0x1fff8104        0x1 .\CortexM3\ARM_GCC_493\Debug\Unificada.a(CyLib.o)
                0x1fff8104                CyResetStatus

.data           0x1fff8108      0x220 load address 0x00021f58
                0x1fff8108                __cy_region_start_data = .
 *(.jcr)
 .jcr           0x1fff8108        0x0 c:/program files (x86)/cypress/psoc creator/3.3/psoc creator/import/gnu/arm/4.9.3/bin/../lib/gcc/arm-none-eabi/4.9.3/armv7-m/crtbegin.o
 .jcr           0x1fff8108        0x4 c:/program files (x86)/cypress/psoc creator/3.3/psoc creator/import/gnu/arm/4.9.3/bin/../lib/gcc/arm-none-eabi/4.9.3/armv7-m/crtend.o
 *(.got.plt)
 *(.got)
 *(.shdata)
 *(.data .data.* .gnu.linkonce.d.*)
 .data          0x1fff810c       0x60 .\CortexM3\ARM_GCC_493\Debug\main.o
                0x1fff810c                pasword_corte
                0x1fff8114                letras
                0x1fff8130                puk
                0x1fff8138                test
                0x1fff814c                borrado
                0x1fff8158                serial
 .data          0x1fff816c      0x12c .\CortexM3\ARM_GCC_493\Debug\Print.o
                0x1fff816c                msn_din
                0x1fff817c                msn_vol
                0x1fff818c                msn_eds
                0x1fff81a0                msn_nit
                0x1fff81a4                msn_tel
                0x1fff81a8                msn_numero
                0x1fff81b0                msn_fecha
                0x1fff81b8                msn_hora
                0x1fff81c0                msn_copia
                0x1fff81c8                msn_pos
                0x1fff81d4                msn_producto
                0x1fff81e0                msn_ppu
                0x1fff81f0                msn_placa
                0x1fff81fc                msn_cuenta
                0x1fff8208                msn_km
                0x1fff8214                msn_id
                0x1fff8220                msn_idcorte
                0x1fff8230                msn_fcorte
                0x1fff8240                msn_hcorte
                0x1fff8250                msn_ufcorte
                0x1fff8268                msn_uhcorte
                0x1fff8280                msn_consecutivo
 .data          0x1fff8298       0x7c .\CortexM3\ARM_GCC_493\Debug\Protocolo.o
                0x1fff8298                msn_tc
                0x1fff82a0                msn_lecact
                0x1fff82b0                msn_lecaan
                0x1fff82c4                msn_tventas
                0x1fff82d8                msn_totalcero
                0x1fff82e8                msn_tk
                0x1fff82f4                msn_td
                0x1fff8304                msn_te
 .data          0x1fff8314       0x10 .\CortexM3\ARM_GCC_493\Debug\Unificada.a(CyLib.o)
                0x1fff8314                cydelay_32k_ms
                0x1fff8318                cydelay_freq_khz
                0x1fff831c                cydelay_freq_mhz
                0x1fff8320                cydelay_freq_hz
                0x1fff8328                . = ALIGN (0x8)
 *fill*         0x1fff8324        0x4 
 *(.ram)
                0x1fff8328                _edata = .

.igot.plt       0x1fff8328        0x0 load address 0x00022178
 .igot.plt      0x00000000        0x0 c:/program files (x86)/cypress/psoc creator/3.3/psoc creator/import/gnu/arm/4.9.3/bin/../lib/gcc/arm-none-eabi/4.9.3/armv7-m/crtbegin.o

.bss            0x1fff8328      0x7d0 load address 0x00022178
                0x1fff8328                PROVIDE (__bss_start__, .)
 *(.shbss)
 *(.bss .bss.* .gnu.linkonce.b.*)
 .bss           0x1fff8328       0x1c c:/program files (x86)/cypress/psoc creator/3.3/psoc creator/import/gnu/arm/4.9.3/bin/../lib/gcc/arm-none-eabi/4.9.3/armv7-m/crtbegin.o
 .bss           0x1fff8344        0xa .\CortexM3\ARM_GCC_493\Debug\Unificada.a(Surtidor.o)
                0x1fff8344                Surtidor_initVar
                0x1fff8346                Surtidor_rxBufferRead
                0x1fff8348                Surtidor_rxBufferWrite
                0x1fff834a                Surtidor_rxBufferLoopDetect
                0x1fff834b                Surtidor_rxBufferOverflow
 .bss           0x1fff834e        0x6 .\CortexM3\ARM_GCC_493\Debug\Unificada.a(Impresora.o)
                0x1fff834e                Impresora_initVar
                0x1fff834f                Impresora_rxBufferRead
                0x1fff8350                Impresora_rxBufferWrite
                0x1fff8351                Impresora_rxBufferLoopDetect
                0x1fff8352                Impresora_rxBufferOverflow
 .bss           0x1fff8354        0x6 .\CortexM3\ARM_GCC_493\Debug\Unificada.a(PC.o)
                0x1fff8354                PC_initVar
                0x1fff8355                PC_rxBufferRead
                0x1fff8356                PC_rxBufferWrite
                0x1fff8357                PC_rxBufferLoopDetect
                0x1fff8358                PC_rxBufferOverflow
 .bss           0x1fff835a        0x1 .\CortexM3\ARM_GCC_493\Debug\Unificada.a(I2C_1.o)
                0x1fff835a                I2C_1_initVar
 .bss           0x1fff835b        0x6 .\CortexM3\ARM_GCC_493\Debug\Unificada.a(LCD_1.o)
                0x1fff835b                LCD_1_initVar
                0x1fff835c                LCD_1_rxBufferRead
                0x1fff835d                LCD_1_rxBufferWrite
                0x1fff835e                LCD_1_rxBufferLoopDetect
                0x1fff835f                LCD_1_rxBufferOverflow
 .bss           0x1fff8361        0x6 .\CortexM3\ARM_GCC_493\Debug\Unificada.a(LCD_2.o)
                0x1fff8361                LCD_2_initVar
                0x1fff8362                LCD_2_rxBufferRead
                0x1fff8363                LCD_2_rxBufferWrite
                0x1fff8364                LCD_2_rxBufferLoopDetect
                0x1fff8365                LCD_2_rxBufferOverflow
 .bss           0x1fff8367        0x1 .\CortexM3\ARM_GCC_493\Debug\Unificada.a(Timer_Animacion.o)
                0x1fff8367                Timer_Animacion_initVar
 .bss           0x1fff8368        0x1 .\CortexM3\ARM_GCC_493\Debug\Unificada.a(Timer_Animacion2.o)
                0x1fff8368                Timer_Animacion2_initVar
 .bss           0x1fff8369        0x1 .\CortexM3\ARM_GCC_493\Debug\Unificada.a(Timer_1.o)
                0x1fff8369                Timer_1_initVar
 .bss           0x1fff836a        0x1 .\CortexM3\ARM_GCC_493\Debug\Unificada.a(VDAC8_1.o)
                0x1fff836a                VDAC8_1_initVar
 .bss           0x1fff836b        0x1 .\CortexM3\ARM_GCC_493\Debug\Unificada.a(Timer_2.o)
                0x1fff836b                Timer_2_initVar
 .bss           0x1fff836c        0x1 .\CortexM3\ARM_GCC_493\Debug\Unificada.a(VDAC8_2.o)
                0x1fff836c                VDAC8_2_initVar
 .bss           0x1fff836d        0x1 .\CortexM3\ARM_GCC_493\Debug\Unificada.a(VDAC8_3.o)
                0x1fff836d                VDAC8_3_initVar
 *(COMMON)
 *fill*         0x1fff836e        0x2 
 COMMON         0x1fff8370      0x570 .\CortexM3\ARM_GCC_493\Debug\main.o
                0x1fff8370                lado
                0x1fff8378                copia_recibo
                0x1fff837a                flujo_LCD
                0x1fff837b                comas1
                0x1fff837c                no_imprime2
                0x1fff837d                kero
                0x1fff837e                decimalD
                0x1fff8380                producto2n
                0x1fff838c                x
                0x1fff8390                modulo
                0x1fff8520                ok_LCD1
                0x1fff8522                id_corte
                0x1fff8524                extra2
                0x1fff8525                count_protector2
                0x1fff8526                ok_LCD2
                0x1fff8527                version
                0x1fff8528                producto1n
                0x1fff8533                no_imprime
                0x1fff8534                versurt
                0x1fff8535                crc_total
                0x1fff8538                producto4n
                0x1fff8544                w
                0x1fff8548                bandera
                0x1fff854a                estado_0
                0x1fff854b                flujo_LCD2
                0x1fff854c                diesel
                0x1fff854d                teclas1
                0x1fff854e                comas2
                0x1fff854f                producto
                0x1fff8550                z
                0x1fff8554                buffer_i2c
                0x1fff8594                cont1
                0x1fff8595                teclado2
                0x1fff8596                count_protector
                0x1fff8597                teclado
                0x1fff8598                pos_ibutton
                0x1fff859c                id_venta
                0x1fff85a2                ppux10
                0x1fff85a4                y
                0x1fff85a8                rventa2
                0x1fff868c                tipo_imp
                0x1fff868e                corriente2
                0x1fff868f                a_copias
                0x1fff8690                print1
                0x1fff8692                producto2
                0x1fff8693                diesel2
                0x1fff8694                Buffer_LCD1
                0x1fff872c                kero2
                0x1fff872d                teclas2
                0x1fff8730                print2
                0x1fff8734                rventa
                0x1fff8818                fecha_corte
                0x1fff881e                extra
                0x1fff881f                decimalV
                0x1fff8820                resultado
                0x1fff8830                no_venta
                0x1fff8834                copia_recibo2
                0x1fff8836                nombreproducto
                0x1fff8837                producto1
                0x1fff8838                Buffer_LCD2
                0x1fff88d0                n_copias
                0x1fff88d4                producto3n
                0x1fff88df                corriente
 COMMON         0x1fff88e0       0x10 .\CortexM3\ARM_GCC_493\Debug\Sonido.o
                0x1fff88e0                NextSample_2
                0x1fff88e4                i2
                0x1fff88e8                NextSample_1
                0x1fff88ec                i1
 COMMON         0x1fff88f0      0x100 .\CortexM3\ARM_GCC_493\Debug\Unificada.a(Surtidor.o)
                0x1fff88f0                Surtidor_rxBuffer
 COMMON         0x1fff89f0       0x64 .\CortexM3\ARM_GCC_493\Debug\Unificada.a(Impresora.o)
                0x1fff89f0                Impresora_rxBuffer
 COMMON         0x1fff8a54       0x64 .\CortexM3\ARM_GCC_493\Debug\Unificada.a(PC.o)
                0x1fff8a54                PC_rxBuffer
 COMMON         0x1fff8ab8        0x1 .\CortexM3\ARM_GCC_493\Debug\Unificada.a(I2C_1.o)
                0x1fff8ab8                I2C_1_state
 *fill*         0x1fff8ab9        0x3 
 COMMON         0x1fff8abc       0x11 .\CortexM3\ARM_GCC_493\Debug\Unificada.a(I2C_1_MASTER.o)
                0x1fff8abc                I2C_1_mstrWrBufIndex
                0x1fff8abd                I2C_1_mstrControl
                0x1fff8abe                I2C_1_mstrStatus
                0x1fff8abf                I2C_1_mstrWrBufSize
                0x1fff8ac0                I2C_1_mstrRdBufIndex
                0x1fff8ac4                I2C_1_mstrWrBufPtr
                0x1fff8ac8                I2C_1_mstrRdBufPtr
                0x1fff8acc                I2C_1_mstrRdBufSize
 *fill*         0x1fff8acd        0x3 
 COMMON         0x1fff8ad0       0x14 .\CortexM3\ARM_GCC_493\Debug\Unificada.a(LCD_1.o)
                0x1fff8ad0                LCD_1_rxBuffer
 COMMON         0x1fff8ae4       0x14 .\CortexM3\ARM_GCC_493\Debug\Unificada.a(LCD_2.o)
                0x1fff8ae4                LCD_2_rxBuffer
                0x1fff8af8                . = ALIGN (0x8)
 *(.ram.b)
                0x1fff8af8                _end = .
                0x1fff8af8                __end = .
                0x1fff8af8                PROVIDE (end, .)
                0x1fff8af8                PROVIDE (__bss_end__, .)
                0x00021f58                __cy_region_init_ram = LOADADDR (.data)
                0x00000220                __cy_region_init_size_ram = (_edata - ADDR (.data))
                0x000007d0                __cy_region_zero_size_ram = (_end - _edata)

.heap           0x1fff8af8       0x80 load address 0x00022178
                0x1fff8af8                . = _end
                0x1fff8b78                . = (. + 0x80)
 *fill*         0x1fff8af8       0x80 
                0x1fff8b78                __cy_heap_limit = .

.stack          0x20007800      0x800
                0x20007800                __cy_stack_limit = .
                0x20008000                . = (. + 0x800)
 *fill*         0x20007800      0x800 
                0x00000001                ASSERT ((__cy_stack_limit >= __cy_heap_limit), region RAM overflowed with stack)

.cyloadermeta   0xf0000000       0x40
 *(.cyloadermeta)
 .cyloadermeta  0xf0000000       0x40 .\CortexM3\ARM_GCC_493\Debug\cybootloader.o
                0xf0000000                cy_meta_loader

.cyloadablemeta
                0x0003ffc0       0x40
 *(.cyloadablemeta)
 .cyloadablemeta
                0x0003ffc0       0x40 .\CortexM3\ARM_GCC_493\Debug\cymetadata.o
                0x0003ffc0                cy_meta_loadable

.cyconfigecc    0x80000440     0x101c
 *(.cyconfigecc)
 .cyconfigecc   0x80000440     0x101c .\CortexM3\ARM_GCC_493\Debug\cymetadata.o
                0x80000440                cy_meta_configecc

.cycustnvl      0x90000000        0x4
 *(.cycustnvl)
 .cycustnvl     0x90000000        0x4 .\CortexM3\ARM_GCC_493\Debug\cybootloader.o
                0x90000000                cy_meta_custnvl

.cywolatch      0x90100000        0x4
 *(.cywolatch)
 .cywolatch     0x90100000        0x4 .\CortexM3\ARM_GCC_493\Debug\cybootloader.o
                0x90100000                cy_meta_wonvl

.cyeeprom       0x90200000        0x0
 *(.cyeeprom)
                0x00000001                ASSERT ((. <= ((0x90200000 + ee_offset) + ee_size)), .cyeeprom data will not fit in EEPROM)

.cyflashprotect
                0x90400000      0x100
 *(.cyflashprotect)
 .cyflashprotect
                0x90400000      0x100 .\CortexM3\ARM_GCC_493\Debug\cybootloader.o
                0x90400000                cy_meta_flashprotect

.cymeta         0x90500000        0xc
 *(.cymeta)
 .cymeta        0x90500000        0xc .\CortexM3\ARM_GCC_493\Debug\cybootloader.o
                0x90500000                cy_metadata

.rel.dyn        0x00040000        0x0 load address 0x9050000c
 .rel.iplt      0x00000000        0x0 c:/program files (x86)/cypress/psoc creator/3.3/psoc creator/import/gnu/arm/4.9.3/bin/../lib/gcc/arm-none-eabi/4.9.3/armv7-m/crtbegin.o

.stab
 *(.stab)

.stabstr
 *(.stabstr)

.debug
 *(.debug)

.line
 *(.line)

.debug_srcinfo
 *(.debug_srcinfo)

.debug_sfnames
 *(.debug_sfnames)

.debug_aranges  0x00000000     0x1610
 *(.debug_aranges)
 .debug_aranges
                0x00000000       0x58 .\CortexM3\ARM_GCC_493\Debug\main.o
 .debug_aranges
                0x00000058       0x50 .\CortexM3\ARM_GCC_493\Debug\I2C.o
 .debug_aranges
                0x000000a8       0x48 .\CortexM3\ARM_GCC_493\Debug\ibuton.o
 .debug_aranges
                0x000000f0       0x90 .\CortexM3\ARM_GCC_493\Debug\LCD.o
 .debug_aranges
                0x00000180       0x58 .\CortexM3\ARM_GCC_493\Debug\Print.o
 .debug_aranges
                0x000001d8       0x60 .\CortexM3\ARM_GCC_493\Debug\Protocolo.o
 .debug_aranges
                0x00000238       0x30 .\CortexM3\ARM_GCC_493\Debug\Sonido.o
 .debug_aranges
                0x00000268       0x18 .\CortexM3\ARM_GCC_493\Debug\cybootloader.o
 .debug_aranges
                0x00000280       0x18 .\CortexM3\ARM_GCC_493\Debug\cymetadata.o
 .debug_aranges
                0x00000298       0x48 .\CortexM3\ARM_GCC_493\Debug\Cm3Start.o
 .debug_aranges
                0x000002e0       0x58 .\CortexM3\ARM_GCC_493\Debug\Unificada.a(cyfitter_cfg.o)
 .debug_aranges
                0x00000338      0x100 .\CortexM3\ARM_GCC_493\Debug\Unificada.a(Surtidor.o)
 .debug_aranges
                0x00000438       0x20 .\CortexM3\ARM_GCC_493\Debug\Unificada.a(Surtidor_INT.o)
 .debug_aranges
                0x00000458      0x100 .\CortexM3\ARM_GCC_493\Debug\Unificada.a(Impresora.o)
 .debug_aranges
                0x00000558       0x20 .\CortexM3\ARM_GCC_493\Debug\Unificada.a(Impresora_INT.o)
 .debug_aranges
                0x00000578      0x100 .\CortexM3\ARM_GCC_493\Debug\Unificada.a(PC.o)
 .debug_aranges
                0x00000678       0x20 .\CortexM3\ARM_GCC_493\Debug\Unificada.a(PC_INT.o)
 .debug_aranges
                0x00000698       0x38 .\CortexM3\ARM_GCC_493\Debug\Unificada.a(I2C_1.o)
 .debug_aranges
                0x000006d0       0x20 .\CortexM3\ARM_GCC_493\Debug\Unificada.a(I2C_1_INT.o)
 .debug_aranges
                0x000006f0       0x38 .\CortexM3\ARM_GCC_493\Debug\Unificada.a(I2C_1_PM.o)
 .debug_aranges
                0x00000728       0x88 .\CortexM3\ARM_GCC_493\Debug\Unificada.a(I2C_1_MASTER.o)
 .debug_aranges
                0x000007b0       0x38 .\CortexM3\ARM_GCC_493\Debug\Unificada.a(Pin_WP.o)
 .debug_aranges
                0x000007e8      0x100 .\CortexM3\ARM_GCC_493\Debug\Unificada.a(LCD_1.o)
 .debug_aranges
                0x000008e8       0x20 .\CortexM3\ARM_GCC_493\Debug\Unificada.a(LCD_1_INT.o)
 .debug_aranges
                0x00000908      0x100 .\CortexM3\ARM_GCC_493\Debug\Unificada.a(LCD_2.o)
 .debug_aranges
                0x00000a08       0x20 .\CortexM3\ARM_GCC_493\Debug\Unificada.a(LCD_2_INT.o)
 .debug_aranges
                0x00000a28       0x38 .\CortexM3\ARM_GCC_493\Debug\Unificada.a(IB1.o)
 .debug_aranges
                0x00000a60       0x38 .\CortexM3\ARM_GCC_493\Debug\Unificada.a(IB2.o)
 .debug_aranges
                0x00000a98       0x88 .\CortexM3\ARM_GCC_493\Debug\Unificada.a(Timer_Animacion.o)
 .debug_aranges
                0x00000b20       0x80 .\CortexM3\ARM_GCC_493\Debug\Unificada.a(isr_3.o)
 .debug_aranges
                0x00000ba0       0x88 .\CortexM3\ARM_GCC_493\Debug\Unificada.a(Timer_Animacion2.o)
 .debug_aranges
                0x00000c28       0x80 .\CortexM3\ARM_GCC_493\Debug\Unificada.a(isr_4.o)
 .debug_aranges
                0x00000ca8       0x90 .\CortexM3\ARM_GCC_493\Debug\Unificada.a(Timer_1.o)
 .debug_aranges
                0x00000d38       0x80 .\CortexM3\ARM_GCC_493\Debug\Unificada.a(isr_1.o)
 .debug_aranges
                0x00000db8       0x58 .\CortexM3\ARM_GCC_493\Debug\Unificada.a(VDAC8_1.o)
 .debug_aranges
                0x00000e10       0x90 .\CortexM3\ARM_GCC_493\Debug\Unificada.a(Timer_2.o)
 .debug_aranges
                0x00000ea0       0x80 .\CortexM3\ARM_GCC_493\Debug\Unificada.a(isr_2.o)
 .debug_aranges
                0x00000f20       0x58 .\CortexM3\ARM_GCC_493\Debug\Unificada.a(VDAC8_2.o)
 .debug_aranges
                0x00000f78       0x58 .\CortexM3\ARM_GCC_493\Debug\Unificada.a(VDAC8_3.o)
 .debug_aranges
                0x00000fd0       0x38 .\CortexM3\ARM_GCC_493\Debug\Unificada.a(SDown.o)
 .debug_aranges
                0x00001008       0x70 .\CortexM3\ARM_GCC_493\Debug\Unificada.a(Impresora_IntClock.o)
 .debug_aranges
                0x00001078       0x70 .\CortexM3\ARM_GCC_493\Debug\Unificada.a(PC_IntClock.o)
 .debug_aranges
                0x000010e8       0x70 .\CortexM3\ARM_GCC_493\Debug\Unificada.a(LCD_1_IntClock.o)
 .debug_aranges
                0x00001158       0x70 .\CortexM3\ARM_GCC_493\Debug\Unificada.a(LCD_2_IntClock.o)
 .debug_aranges
                0x000011c8       0x20 .\CortexM3\ARM_GCC_493\Debug\Unificada.a(CyBootAsmGnu.o)
 .debug_aranges
                0x000011e8      0x298 .\CortexM3\ARM_GCC_493\Debug\Unificada.a(CyLib.o)
 .debug_aranges
                0x00001480       0x98 .\CortexM3\ARM_GCC_493\Debug\Unificada.a(cyPm.o)
 .debug_aranges
                0x00001518       0x80 .\CortexM3\ARM_GCC_493\Debug\Unificada.a(CyFlash.o)
 .debug_aranges
                0x00001598       0x78 .\CortexM3\ARM_GCC_493\Debug\Unificada.a(CySpc.o)

.debug_pubnames
 *(.debug_pubnames)

.debug_info     0x00000000    0x1be05
 *(.debug_info .gnu.linkonce.wi.*)
 .debug_info    0x00000000     0x804d .\CortexM3\ARM_GCC_493\Debug\main.o
 .debug_info    0x0000804d      0xdc8 .\CortexM3\ARM_GCC_493\Debug\I2C.o
 .debug_info    0x00008e15     0x1442 .\CortexM3\ARM_GCC_493\Debug\ibuton.o
 .debug_info    0x0000a257     0x13d6 .\CortexM3\ARM_GCC_493\Debug\LCD.o
 .debug_info    0x0000b62d     0x2ac0 .\CortexM3\ARM_GCC_493\Debug\Print.o
 .debug_info    0x0000e0ed     0x3c68 .\CortexM3\ARM_GCC_493\Debug\Protocolo.o
 .debug_info    0x00011d55      0xac6 .\CortexM3\ARM_GCC_493\Debug\Sonido.o
 .debug_info    0x0001281b      0x164 .\CortexM3\ARM_GCC_493\Debug\cybootloader.o
 .debug_info    0x0001297f       0xd8 .\CortexM3\ARM_GCC_493\Debug\cymetadata.o
 .debug_info    0x00012a57      0x3a3 .\CortexM3\ARM_GCC_493\Debug\Cm3Start.o
 .debug_info    0x00012dfa      0x666 .\CortexM3\ARM_GCC_493\Debug\Unificada.a(cyfitter_cfg.o)
 .debug_info    0x00013460      0x788 .\CortexM3\ARM_GCC_493\Debug\Unificada.a(Surtidor.o)
 .debug_info    0x00013be8      0x139 .\CortexM3\ARM_GCC_493\Debug\Unificada.a(Surtidor_INT.o)
 .debug_info    0x00013d21      0x7ae .\CortexM3\ARM_GCC_493\Debug\Unificada.a(Impresora.o)
 .debug_info    0x000144cf      0x129 .\CortexM3\ARM_GCC_493\Debug\Unificada.a(Impresora_INT.o)
 .debug_info    0x000145f8      0x7ae .\CortexM3\ARM_GCC_493\Debug\Unificada.a(PC.o)
 .debug_info    0x00014da6      0x129 .\CortexM3\ARM_GCC_493\Debug\Unificada.a(PC_INT.o)
 .debug_info    0x00014ecf      0x2d4 .\CortexM3\ARM_GCC_493\Debug\Unificada.a(I2C_1.o)
 .debug_info    0x000151a3      0x191 .\CortexM3\ARM_GCC_493\Debug\Unificada.a(I2C_1_INT.o)
 .debug_info    0x00015334      0x1ef .\CortexM3\ARM_GCC_493\Debug\Unificada.a(I2C_1_PM.o)
 .debug_info    0x00015523      0x410 .\CortexM3\ARM_GCC_493\Debug\Unificada.a(I2C_1_MASTER.o)
 .debug_info    0x00015933      0x11e .\CortexM3\ARM_GCC_493\Debug\Unificada.a(Pin_WP.o)
 .debug_info    0x00015a51      0x7ae .\CortexM3\ARM_GCC_493\Debug\Unificada.a(LCD_1.o)
 .debug_info    0x000161ff      0x129 .\CortexM3\ARM_GCC_493\Debug\Unificada.a(LCD_1_INT.o)
 .debug_info    0x00016328      0x7ae .\CortexM3\ARM_GCC_493\Debug\Unificada.a(LCD_2.o)
 .debug_info    0x00016ad6      0x129 .\CortexM3\ARM_GCC_493\Debug\Unificada.a(LCD_2_INT.o)
 .debug_info    0x00016bff      0x11e .\CortexM3\ARM_GCC_493\Debug\Unificada.a(IB1.o)
 .debug_info    0x00016d1d      0x120 .\CortexM3\ARM_GCC_493\Debug\Unificada.a(IB2.o)
 .debug_info    0x00016e3d      0x28c .\CortexM3\ARM_GCC_493\Debug\Unificada.a(Timer_Animacion.o)
 .debug_info    0x000170c9      0x2c9 .\CortexM3\ARM_GCC_493\Debug\Unificada.a(isr_3.o)
 .debug_info    0x00017392      0x28c .\CortexM3\ARM_GCC_493\Debug\Unificada.a(Timer_Animacion2.o)
 .debug_info    0x0001761e      0x2c9 .\CortexM3\ARM_GCC_493\Debug\Unificada.a(isr_4.o)
 .debug_info    0x000178e7      0x2c9 .\CortexM3\ARM_GCC_493\Debug\Unificada.a(Timer_1.o)
 .debug_info    0x00017bb0      0x2c9 .\CortexM3\ARM_GCC_493\Debug\Unificada.a(isr_1.o)
 .debug_info    0x00017e79      0x1dc .\CortexM3\ARM_GCC_493\Debug\Unificada.a(VDAC8_1.o)
 .debug_info    0x00018055      0x2c9 .\CortexM3\ARM_GCC_493\Debug\Unificada.a(Timer_2.o)
 .debug_info    0x0001831e      0x2c9 .\CortexM3\ARM_GCC_493\Debug\Unificada.a(isr_2.o)
 .debug_info    0x000185e7      0x1dc .\CortexM3\ARM_GCC_493\Debug\Unificada.a(VDAC8_2.o)
 .debug_info    0x000187c3      0x1de .\CortexM3\ARM_GCC_493\Debug\Unificada.a(VDAC8_3.o)
 .debug_info    0x000189a1      0x11e .\CortexM3\ARM_GCC_493\Debug\Unificada.a(SDown.o)
 .debug_info    0x00018abf      0x281 .\CortexM3\ARM_GCC_493\Debug\Unificada.a(Impresora_IntClock.o)
 .debug_info    0x00018d40      0x281 .\CortexM3\ARM_GCC_493\Debug\Unificada.a(PC_IntClock.o)
 .debug_info    0x00018fc1      0x281 .\CortexM3\ARM_GCC_493\Debug\Unificada.a(LCD_1_IntClock.o)
 .debug_info    0x00019242      0x281 .\CortexM3\ARM_GCC_493\Debug\Unificada.a(LCD_2_IntClock.o)
 .debug_info    0x000194c3       0x8c .\CortexM3\ARM_GCC_493\Debug\Unificada.a(CyBootAsmGnu.o)
 .debug_info    0x0001954f     0x136c .\CortexM3\ARM_GCC_493\Debug\Unificada.a(CyLib.o)
 .debug_info    0x0001a8bb      0xa55 .\CortexM3\ARM_GCC_493\Debug\Unificada.a(cyPm.o)
 .debug_info    0x0001b310      0x608 .\CortexM3\ARM_GCC_493\Debug\Unificada.a(CyFlash.o)
 .debug_info    0x0001b918      0x4ed .\CortexM3\ARM_GCC_493\Debug\Unificada.a(CySpc.o)

.debug_abbrev   0x00000000     0x4147
 *(.debug_abbrev)
 .debug_abbrev  0x00000000      0x1f3 .\CortexM3\ARM_GCC_493\Debug\main.o
 .debug_abbrev  0x000001f3      0x214 .\CortexM3\ARM_GCC_493\Debug\I2C.o
 .debug_abbrev  0x00000407      0x1f4 .\CortexM3\ARM_GCC_493\Debug\ibuton.o
 .debug_abbrev  0x000005fb      0x1a9 .\CortexM3\ARM_GCC_493\Debug\LCD.o
 .debug_abbrev  0x000007a4      0x209 .\CortexM3\ARM_GCC_493\Debug\Print.o
 .debug_abbrev  0x000009ad      0x241 .\CortexM3\ARM_GCC_493\Debug\Protocolo.o
 .debug_abbrev  0x00000bee      0x177 .\CortexM3\ARM_GCC_493\Debug\Sonido.o
 .debug_abbrev  0x00000d65       0x77 .\CortexM3\ARM_GCC_493\Debug\cybootloader.o
 .debug_abbrev  0x00000ddc       0x66 .\CortexM3\ARM_GCC_493\Debug\cymetadata.o
 .debug_abbrev  0x00000e42      0x20f .\CortexM3\ARM_GCC_493\Debug\Cm3Start.o
 .debug_abbrev  0x00001051      0x223 .\CortexM3\ARM_GCC_493\Debug\Unificada.a(cyfitter_cfg.o)
 .debug_abbrev  0x00001274      0x1dd .\CortexM3\ARM_GCC_493\Debug\Unificada.a(Surtidor.o)
 .debug_abbrev  0x00001451       0x97 .\CortexM3\ARM_GCC_493\Debug\Unificada.a(Surtidor_INT.o)
 .debug_abbrev  0x000014e8      0x1dd .\CortexM3\ARM_GCC_493\Debug\Unificada.a(Impresora.o)
 .debug_abbrev  0x000016c5       0x97 .\CortexM3\ARM_GCC_493\Debug\Unificada.a(Impresora_INT.o)
 .debug_abbrev  0x0000175c      0x1dd .\CortexM3\ARM_GCC_493\Debug\Unificada.a(PC.o)
 .debug_abbrev  0x00001939       0x97 .\CortexM3\ARM_GCC_493\Debug\Unificada.a(PC_INT.o)
 .debug_abbrev  0x000019d0      0x159 .\CortexM3\ARM_GCC_493\Debug\Unificada.a(I2C_1.o)
 .debug_abbrev  0x00001b29       0xe8 .\CortexM3\ARM_GCC_493\Debug\Unificada.a(I2C_1_INT.o)
 .debug_abbrev  0x00001c11      0x12b .\CortexM3\ARM_GCC_493\Debug\Unificada.a(I2C_1_PM.o)
 .debug_abbrev  0x00001d3c      0x149 .\CortexM3\ARM_GCC_493\Debug\Unificada.a(I2C_1_MASTER.o)
 .debug_abbrev  0x00001e85       0x9d .\CortexM3\ARM_GCC_493\Debug\Unificada.a(Pin_WP.o)
 .debug_abbrev  0x00001f22      0x1dd .\CortexM3\ARM_GCC_493\Debug\Unificada.a(LCD_1.o)
 .debug_abbrev  0x000020ff       0x97 .\CortexM3\ARM_GCC_493\Debug\Unificada.a(LCD_1_INT.o)
 .debug_abbrev  0x00002196      0x1dd .\CortexM3\ARM_GCC_493\Debug\Unificada.a(LCD_2.o)
 .debug_abbrev  0x00002373       0x97 .\CortexM3\ARM_GCC_493\Debug\Unificada.a(LCD_2_INT.o)
 .debug_abbrev  0x0000240a       0x9d .\CortexM3\ARM_GCC_493\Debug\Unificada.a(IB1.o)
 .debug_abbrev  0x000024a7       0x9d .\CortexM3\ARM_GCC_493\Debug\Unificada.a(IB2.o)
 .debug_abbrev  0x00002544      0x127 .\CortexM3\ARM_GCC_493\Debug\Unificada.a(Timer_Animacion.o)
 .debug_abbrev  0x0000266b      0x180 .\CortexM3\ARM_GCC_493\Debug\Unificada.a(isr_3.o)
 .debug_abbrev  0x000027eb      0x127 .\CortexM3\ARM_GCC_493\Debug\Unificada.a(Timer_Animacion2.o)
 .debug_abbrev  0x00002912      0x180 .\CortexM3\ARM_GCC_493\Debug\Unificada.a(isr_4.o)
 .debug_abbrev  0x00002a92      0x152 .\CortexM3\ARM_GCC_493\Debug\Unificada.a(Timer_1.o)
 .debug_abbrev  0x00002be4      0x180 .\CortexM3\ARM_GCC_493\Debug\Unificada.a(isr_1.o)
 .debug_abbrev  0x00002d64      0x104 .\CortexM3\ARM_GCC_493\Debug\Unificada.a(VDAC8_1.o)
 .debug_abbrev  0x00002e68      0x152 .\CortexM3\ARM_GCC_493\Debug\Unificada.a(Timer_2.o)
 .debug_abbrev  0x00002fba      0x180 .\CortexM3\ARM_GCC_493\Debug\Unificada.a(isr_2.o)
 .debug_abbrev  0x0000313a      0x104 .\CortexM3\ARM_GCC_493\Debug\Unificada.a(VDAC8_2.o)
 .debug_abbrev  0x0000323e      0x104 .\CortexM3\ARM_GCC_493\Debug\Unificada.a(VDAC8_3.o)
 .debug_abbrev  0x00003342       0x9d .\CortexM3\ARM_GCC_493\Debug\Unificada.a(SDown.o)
 .debug_abbrev  0x000033df      0x146 .\CortexM3\ARM_GCC_493\Debug\Unificada.a(Impresora_IntClock.o)
 .debug_abbrev  0x00003525      0x146 .\CortexM3\ARM_GCC_493\Debug\Unificada.a(PC_IntClock.o)
 .debug_abbrev  0x0000366b      0x146 .\CortexM3\ARM_GCC_493\Debug\Unificada.a(LCD_1_IntClock.o)
 .debug_abbrev  0x000037b1      0x146 .\CortexM3\ARM_GCC_493\Debug\Unificada.a(LCD_2_IntClock.o)
 .debug_abbrev  0x000038f7       0x14 .\CortexM3\ARM_GCC_493\Debug\Unificada.a(CyBootAsmGnu.o)
 .debug_abbrev  0x0000390b      0x296 .\CortexM3\ARM_GCC_493\Debug\Unificada.a(CyLib.o)
 .debug_abbrev  0x00003ba1      0x1fa .\CortexM3\ARM_GCC_493\Debug\Unificada.a(cyPm.o)
 .debug_abbrev  0x00003d9b      0x1de .\CortexM3\ARM_GCC_493\Debug\Unificada.a(CyFlash.o)
 .debug_abbrev  0x00003f79      0x1ce .\CortexM3\ARM_GCC_493\Debug\Unificada.a(CySpc.o)

.debug_line     0x00000000     0x8d34
 *(.debug_line)
 .debug_line    0x00000000     0x1805 .\CortexM3\ARM_GCC_493\Debug\main.o
 .debug_line    0x00001805      0x322 .\CortexM3\ARM_GCC_493\Debug\I2C.o
 .debug_line    0x00001b27      0x3f1 .\CortexM3\ARM_GCC_493\Debug\ibuton.o
 .debug_line    0x00001f18      0x67a .\CortexM3\ARM_GCC_493\Debug\LCD.o
 .debug_line    0x00002592      0xc57 .\CortexM3\ARM_GCC_493\Debug\Print.o
 .debug_line    0x000031e9     0x1676 .\CortexM3\ARM_GCC_493\Debug\Protocolo.o
 .debug_line    0x0000485f      0x259 .\CortexM3\ARM_GCC_493\Debug\Sonido.o
 .debug_line    0x00004ab8       0x55 .\CortexM3\ARM_GCC_493\Debug\cybootloader.o
 .debug_line    0x00004b0d       0x53 .\CortexM3\ARM_GCC_493\Debug\cymetadata.o
 .debug_line    0x00004b60      0x246 .\CortexM3\ARM_GCC_493\Debug\Cm3Start.o
 .debug_line    0x00004da6      0x219 .\CortexM3\ARM_GCC_493\Debug\Unificada.a(cyfitter_cfg.o)
 .debug_line    0x00004fbf      0x31b .\CortexM3\ARM_GCC_493\Debug\Unificada.a(Surtidor.o)
 .debug_line    0x000052da       0x8e .\CortexM3\ARM_GCC_493\Debug\Unificada.a(Surtidor_INT.o)
 .debug_line    0x00005368      0x334 .\CortexM3\ARM_GCC_493\Debug\Unificada.a(Impresora.o)
 .debug_line    0x0000569c       0x90 .\CortexM3\ARM_GCC_493\Debug\Unificada.a(Impresora_INT.o)
 .debug_line    0x0000572c      0x326 .\CortexM3\ARM_GCC_493\Debug\Unificada.a(PC.o)
 .debug_line    0x00005a52       0x82 .\CortexM3\ARM_GCC_493\Debug\Unificada.a(PC_INT.o)
 .debug_line    0x00005ad4       0xde .\CortexM3\ARM_GCC_493\Debug\Unificada.a(I2C_1.o)
 .debug_line    0x00005bb2      0x12a .\CortexM3\ARM_GCC_493\Debug\Unificada.a(I2C_1_INT.o)
 .debug_line    0x00005cdc       0xc4 .\CortexM3\ARM_GCC_493\Debug\Unificada.a(I2C_1_PM.o)
 .debug_line    0x00005da0      0x203 .\CortexM3\ARM_GCC_493\Debug\Unificada.a(I2C_1_MASTER.o)
 .debug_line    0x00005fa3       0x95 .\CortexM3\ARM_GCC_493\Debug\Unificada.a(Pin_WP.o)
 .debug_line    0x00006038      0x32c .\CortexM3\ARM_GCC_493\Debug\Unificada.a(LCD_1.o)
 .debug_line    0x00006364       0x88 .\CortexM3\ARM_GCC_493\Debug\Unificada.a(LCD_1_INT.o)
 .debug_line    0x000063ec      0x32c .\CortexM3\ARM_GCC_493\Debug\Unificada.a(LCD_2.o)
 .debug_line    0x00006718       0x88 .\CortexM3\ARM_GCC_493\Debug\Unificada.a(LCD_2_INT.o)
 .debug_line    0x000067a0       0x92 .\CortexM3\ARM_GCC_493\Debug\Unificada.a(IB1.o)
 .debug_line    0x00006832       0x92 .\CortexM3\ARM_GCC_493\Debug\Unificada.a(IB2.o)
 .debug_line    0x000068c4      0x15f .\CortexM3\ARM_GCC_493\Debug\Unificada.a(Timer_Animacion.o)
 .debug_line    0x00006a23      0x14b .\CortexM3\ARM_GCC_493\Debug\Unificada.a(isr_3.o)
 .debug_line    0x00006b6e      0x160 .\CortexM3\ARM_GCC_493\Debug\Unificada.a(Timer_Animacion2.o)
 .debug_line    0x00006cce      0x14b .\CortexM3\ARM_GCC_493\Debug\Unificada.a(isr_4.o)
 .debug_line    0x00006e19      0x174 .\CortexM3\ARM_GCC_493\Debug\Unificada.a(Timer_1.o)
 .debug_line    0x00006f8d      0x14b .\CortexM3\ARM_GCC_493\Debug\Unificada.a(isr_1.o)
 .debug_line    0x000070d8       0xe6 .\CortexM3\ARM_GCC_493\Debug\Unificada.a(VDAC8_1.o)
 .debug_line    0x000071be      0x174 .\CortexM3\ARM_GCC_493\Debug\Unificada.a(Timer_2.o)
 .debug_line    0x00007332      0x14b .\CortexM3\ARM_GCC_493\Debug\Unificada.a(isr_2.o)
 .debug_line    0x0000747d       0xe6 .\CortexM3\ARM_GCC_493\Debug\Unificada.a(VDAC8_2.o)
 .debug_line    0x00007563       0xe6 .\CortexM3\ARM_GCC_493\Debug\Unificada.a(VDAC8_3.o)
 .debug_line    0x00007649       0x94 .\CortexM3\ARM_GCC_493\Debug\Unificada.a(SDown.o)
 .debug_line    0x000076dd      0x19a .\CortexM3\ARM_GCC_493\Debug\Unificada.a(Impresora_IntClock.o)
 .debug_line    0x00007877      0x193 .\CortexM3\ARM_GCC_493\Debug\Unificada.a(PC_IntClock.o)
 .debug_line    0x00007a0a      0x196 .\CortexM3\ARM_GCC_493\Debug\Unificada.a(LCD_1_IntClock.o)
 .debug_line    0x00007ba0      0x196 .\CortexM3\ARM_GCC_493\Debug\Unificada.a(LCD_2_IntClock.o)
 .debug_line    0x00007d36       0x68 .\CortexM3\ARM_GCC_493\Debug\Unificada.a(CyBootAsmGnu.o)
 .debug_line    0x00007d9e      0x806 .\CortexM3\ARM_GCC_493\Debug\Unificada.a(CyLib.o)
 .debug_line    0x000085a4      0x366 .\CortexM3\ARM_GCC_493\Debug\Unificada.a(cyPm.o)
 .debug_line    0x0000890a      0x1ec .\CortexM3\ARM_GCC_493\Debug\Unificada.a(CyFlash.o)
 .debug_line    0x00008af6      0x23e .\CortexM3\ARM_GCC_493\Debug\Unificada.a(CySpc.o)

.debug_frame    0x00000000     0x3528
 *(.debug_frame)
 .debug_frame   0x00000000       0xf8 .\CortexM3\ARM_GCC_493\Debug\main.o
 .debug_frame   0x000000f8       0xfc .\CortexM3\ARM_GCC_493\Debug\I2C.o
 .debug_frame   0x000001f4       0xc4 .\CortexM3\ARM_GCC_493\Debug\ibuton.o
 .debug_frame   0x000002b8      0x254 .\CortexM3\ARM_GCC_493\Debug\LCD.o
 .debug_frame   0x0000050c      0x134 .\CortexM3\ARM_GCC_493\Debug\Print.o
 .debug_frame   0x00000640      0x140 .\CortexM3\ARM_GCC_493\Debug\Protocolo.o
 .debug_frame   0x00000780       0x64 .\CortexM3\ARM_GCC_493\Debug\Sonido.o
 .debug_frame   0x000007e4       0xac .\CortexM3\ARM_GCC_493\Debug\Cm3Start.o
 .debug_frame   0x00000890       0xe4 .\CortexM3\ARM_GCC_493\Debug\Unificada.a(cyfitter_cfg.o)
 .debug_frame   0x00000974      0x290 .\CortexM3\ARM_GCC_493\Debug\Unificada.a(Surtidor.o)
 .debug_frame   0x00000c04       0x20 .\CortexM3\ARM_GCC_493\Debug\Unificada.a(Surtidor_INT.o)
 .debug_frame   0x00000c24      0x290 .\CortexM3\ARM_GCC_493\Debug\Unificada.a(Impresora.o)
 .debug_frame   0x00000eb4       0x20 .\CortexM3\ARM_GCC_493\Debug\Unificada.a(Impresora_INT.o)
 .debug_frame   0x00000ed4      0x290 .\CortexM3\ARM_GCC_493\Debug\Unificada.a(PC.o)
 .debug_frame   0x00001164       0x20 .\CortexM3\ARM_GCC_493\Debug\Unificada.a(PC_INT.o)
 .debug_frame   0x00001184       0x8c .\CortexM3\ARM_GCC_493\Debug\Unificada.a(I2C_1.o)
 .debug_frame   0x00001210       0x30 .\CortexM3\ARM_GCC_493\Debug\Unificada.a(I2C_1_INT.o)
 .debug_frame   0x00001240       0x74 .\CortexM3\ARM_GCC_493\Debug\Unificada.a(I2C_1_PM.o)
 .debug_frame   0x000012b4      0x120 .\CortexM3\ARM_GCC_493\Debug\Unificada.a(I2C_1_MASTER.o)
 .debug_frame   0x000013d4       0x50 .\CortexM3\ARM_GCC_493\Debug\Unificada.a(Pin_WP.o)
 .debug_frame   0x00001424      0x290 .\CortexM3\ARM_GCC_493\Debug\Unificada.a(LCD_1.o)
 .debug_frame   0x000016b4       0x20 .\CortexM3\ARM_GCC_493\Debug\Unificada.a(LCD_1_INT.o)
 .debug_frame   0x000016d4      0x290 .\CortexM3\ARM_GCC_493\Debug\Unificada.a(LCD_2.o)
 .debug_frame   0x00001964       0x20 .\CortexM3\ARM_GCC_493\Debug\Unificada.a(LCD_2_INT.o)
 .debug_frame   0x00001984       0x50 .\CortexM3\ARM_GCC_493\Debug\Unificada.a(IB1.o)
 .debug_frame   0x000019d4       0x50 .\CortexM3\ARM_GCC_493\Debug\Unificada.a(IB2.o)
 .debug_frame   0x00001a24      0x108 .\CortexM3\ARM_GCC_493\Debug\Unificada.a(Timer_Animacion.o)
 .debug_frame   0x00001b2c      0x104 .\CortexM3\ARM_GCC_493\Debug\Unificada.a(isr_3.o)
 .debug_frame   0x00001c30      0x108 .\CortexM3\ARM_GCC_493\Debug\Unificada.a(Timer_Animacion2.o)
 .debug_frame   0x00001d38      0x104 .\CortexM3\ARM_GCC_493\Debug\Unificada.a(isr_4.o)
 .debug_frame   0x00001e3c      0x124 .\CortexM3\ARM_GCC_493\Debug\Unificada.a(Timer_1.o)
 .debug_frame   0x00001f60      0x104 .\CortexM3\ARM_GCC_493\Debug\Unificada.a(isr_1.o)
 .debug_frame   0x00002064       0xb4 .\CortexM3\ARM_GCC_493\Debug\Unificada.a(VDAC8_1.o)
 .debug_frame   0x00002118      0x124 .\CortexM3\ARM_GCC_493\Debug\Unificada.a(Timer_2.o)
 .debug_frame   0x0000223c      0x104 .\CortexM3\ARM_GCC_493\Debug\Unificada.a(isr_2.o)
 .debug_frame   0x00002340       0xb4 .\CortexM3\ARM_GCC_493\Debug\Unificada.a(VDAC8_2.o)
 .debug_frame   0x000023f4       0xb4 .\CortexM3\ARM_GCC_493\Debug\Unificada.a(VDAC8_3.o)
 .debug_frame   0x000024a8       0x50 .\CortexM3\ARM_GCC_493\Debug\Unificada.a(SDown.o)
 .debug_frame   0x000024f8       0xe0 .\CortexM3\ARM_GCC_493\Debug\Unificada.a(Impresora_IntClock.o)
 .debug_frame   0x000025d8       0xe0 .\CortexM3\ARM_GCC_493\Debug\Unificada.a(PC_IntClock.o)
 .debug_frame   0x000026b8       0xe0 .\CortexM3\ARM_GCC_493\Debug\Unificada.a(LCD_1_IntClock.o)
 .debug_frame   0x00002798       0xe0 .\CortexM3\ARM_GCC_493\Debug\Unificada.a(LCD_2_IntClock.o)
 .debug_frame   0x00002878      0x728 .\CortexM3\ARM_GCC_493\Debug\Unificada.a(CyLib.o)
 .debug_frame   0x00002fa0      0x1f8 .\CortexM3\ARM_GCC_493\Debug\Unificada.a(cyPm.o)
 .debug_frame   0x00003198      0x174 .\CortexM3\ARM_GCC_493\Debug\Unificada.a(CyFlash.o)
 .debug_frame   0x0000330c      0x160 .\CortexM3\ARM_GCC_493\Debug\Unificada.a(CySpc.o)
 .debug_frame   0x0000346c       0x20 c:/program files (x86)/cypress/psoc creator/3.3/psoc creator/import/gnu/arm/4.9.3/bin/../lib/gcc/arm-none-eabi/4.9.3/../../../../arm-none-eabi/lib/armv7-m\libg_nano.a(lib_a-errno.o)
 .debug_frame   0x0000348c       0x28 c:/program files (x86)/cypress/psoc creator/3.3/psoc creator/import/gnu/arm/4.9.3/bin/../lib/gcc/arm-none-eabi/4.9.3/../../../../arm-none-eabi/lib/armv7-m\libg_nano.a(lib_a-exit.o)
 .debug_frame   0x000034b4       0x2c c:/program files (x86)/cypress/psoc creator/3.3/psoc creator/import/gnu/arm/4.9.3/bin/../lib/gcc/arm-none-eabi/4.9.3/../../../../arm-none-eabi/lib/armv7-m\libg_nano.a(lib_a-init.o)
 .debug_frame   0x000034e0       0x28 c:/program files (x86)/cypress/psoc creator/3.3/psoc creator/import/gnu/arm/4.9.3/bin/../lib/gcc/arm-none-eabi/4.9.3/../../../../arm-none-eabi/lib/armv7-m\libg_nano.a(lib_a-memcpy.o)
 .debug_frame   0x00003508       0x20 c:/program files (x86)/cypress/psoc creator/3.3/psoc creator/import/gnu/arm/4.9.3/bin/../lib/gcc/arm-none-eabi/4.9.3/../../../../arm-none-eabi/lib/armv7-m\libg_nano.a(lib_a-memset.o)

.debug_str      0x00000000     0x4272
 *(.debug_str)
 .debug_str     0x00000000      0x880 .\CortexM3\ARM_GCC_493\Debug\main.o
                                0x915 (size before relaxing)
 .debug_str     0x00000880       0x94 .\CortexM3\ARM_GCC_493\Debug\I2C.o
                                0x592 (size before relaxing)
 .debug_str     0x00000914       0x44 .\CortexM3\ARM_GCC_493\Debug\ibuton.o
                                0x560 (size before relaxing)
 .debug_str     0x00000958        0x8 .\CortexM3\ARM_GCC_493\Debug\LCD.o
                                0x57c (size before relaxing)
 .debug_str     0x00000960      0x25a .\CortexM3\ARM_GCC_493\Debug\Print.o
                                0x750 (size before relaxing)
 .debug_str     0x00000bba      0x104 .\CortexM3\ARM_GCC_493\Debug\Protocolo.o
                                0x667 (size before relaxing)
 .debug_str     0x00000cbe      0x13a .\CortexM3\ARM_GCC_493\Debug\Sonido.o
                                0x600 (size before relaxing)
 .debug_str     0x00000df8       0x84 .\CortexM3\ARM_GCC_493\Debug\cybootloader.o
                                0x1f3 (size before relaxing)
 .debug_str     0x00000e7c       0x49 .\CortexM3\ARM_GCC_493\Debug\cymetadata.o
                                0x1b8 (size before relaxing)
 .debug_str     0x00000ec5      0x153 .\CortexM3\ARM_GCC_493\Debug\Cm3Start.o
                                0x2fa (size before relaxing)
 .debug_str     0x00001018      0x199 .\CortexM3\ARM_GCC_493\Debug\Unificada.a(cyfitter_cfg.o)
                                0x342 (size before relaxing)
 .debug_str     0x000011b1      0x37d .\CortexM3\ARM_GCC_493\Debug\Unificada.a(Surtidor.o)
                                0x5b1 (size before relaxing)
 .debug_str     0x0000152e       0x52 .\CortexM3\ARM_GCC_493\Debug\Unificada.a(Surtidor_INT.o)
                                0x242 (size before relaxing)
 .debug_str     0x00001580      0x345 .\CortexM3\ARM_GCC_493\Debug\Unificada.a(Impresora.o)
                                0x606 (size before relaxing)
 .debug_str     0x000018c5       0x39 .\CortexM3\ARM_GCC_493\Debug\Unificada.a(Impresora_INT.o)
                                0x242 (size before relaxing)
 .debug_str     0x000018fe      0x249 .\CortexM3\ARM_GCC_493\Debug\Unificada.a(PC.o)
                                0x4fc (size before relaxing)
 .debug_str     0x00001b47       0x2b .\CortexM3\ARM_GCC_493\Debug\Unificada.a(PC_INT.o)
                                0x211 (size before relaxing)
 .debug_str     0x00001b72       0xd3 .\CortexM3\ARM_GCC_493\Debug\Unificada.a(I2C_1.o)
                                0x2f4 (size before relaxing)
 .debug_str     0x00001c45       0xe2 .\CortexM3\ARM_GCC_493\Debug\Unificada.a(I2C_1_INT.o)
                                0x276 (size before relaxing)
 .debug_str     0x00001d27       0x62 .\CortexM3\ARM_GCC_493\Debug\Unificada.a(I2C_1_PM.o)
                                0x282 (size before relaxing)
 .debug_str     0x00001d89       0xf2 .\CortexM3\ARM_GCC_493\Debug\Unificada.a(I2C_1_MASTER.o)
                                0x3d3 (size before relaxing)
 .debug_str     0x00001e7b       0x60 .\CortexM3\ARM_GCC_493\Debug\Unificada.a(Pin_WP.o)
                                0x1e3 (size before relaxing)
 .debug_str     0x00001edb      0x26e .\CortexM3\ARM_GCC_493\Debug\Unificada.a(LCD_1.o)
                                0x56e (size before relaxing)
 .debug_str     0x00002149       0x31 .\CortexM3\ARM_GCC_493\Debug\Unificada.a(LCD_1_INT.o)
                                0x226 (size before relaxing)
 .debug_str     0x0000217a      0x26e .\CortexM3\ARM_GCC_493\Debug\Unificada.a(LCD_2.o)
                                0x56e (size before relaxing)
 .debug_str     0x000023e8       0x31 .\CortexM3\ARM_GCC_493\Debug\Unificada.a(LCD_2_INT.o)
                                0x226 (size before relaxing)
 .debug_str     0x00002419       0x40 .\CortexM3\ARM_GCC_493\Debug\Unificada.a(IB1.o)
                                0x1d4 (size before relaxing)
 .debug_str     0x00002459       0x40 .\CortexM3\ARM_GCC_493\Debug\Unificada.a(IB2.o)
                                0x1d4 (size before relaxing)
 .debug_str     0x00002499      0x1a7 .\CortexM3\ARM_GCC_493\Debug\Unificada.a(Timer_Animacion.o)
                                0x385 (size before relaxing)
 .debug_str     0x00002640       0xe7 .\CortexM3\ARM_GCC_493\Debug\Unificada.a(isr_3.o)
                                0x296 (size before relaxing)
 .debug_str     0x00002727      0x192 .\CortexM3\ARM_GCC_493\Debug\Unificada.a(Timer_Animacion2.o)
                                0x395 (size before relaxing)
 .debug_str     0x000028b9       0xcf .\CortexM3\ARM_GCC_493\Debug\Unificada.a(isr_4.o)
                                0x296 (size before relaxing)
 .debug_str     0x00002988      0x146 .\CortexM3\ARM_GCC_493\Debug\Unificada.a(Timer_1.o)
                                0x342 (size before relaxing)
 .debug_str     0x00002ace       0xda .\CortexM3\ARM_GCC_493\Debug\Unificada.a(isr_1.o)
                                0x296 (size before relaxing)
 .debug_str     0x00002ba8       0x8d .\CortexM3\ARM_GCC_493\Debug\Unificada.a(VDAC8_1.o)
                                0x22f (size before relaxing)
 .debug_str     0x00002c35      0x146 .\CortexM3\ARM_GCC_493\Debug\Unificada.a(Timer_2.o)
                                0x342 (size before relaxing)
 .debug_str     0x00002d7b       0xda .\CortexM3\ARM_GCC_493\Debug\Unificada.a(isr_2.o)
                                0x296 (size before relaxing)
 .debug_str     0x00002e55       0x81 .\CortexM3\ARM_GCC_493\Debug\Unificada.a(VDAC8_2.o)
                                0x22f (size before relaxing)
 .debug_str     0x00002ed6       0x9f .\CortexM3\ARM_GCC_493\Debug\Unificada.a(VDAC8_3.o)
                                0x22f (size before relaxing)
 .debug_str     0x00002f75       0x51 .\CortexM3\ARM_GCC_493\Debug\Unificada.a(SDown.o)
                                0x1de (size before relaxing)
 .debug_str     0x00002fc6      0x1b7 .\CortexM3\ARM_GCC_493\Debug\Unificada.a(Impresora_IntClock.o)
                                0x36e (size before relaxing)
 .debug_str     0x0000317d      0x126 .\CortexM3\ARM_GCC_493\Debug\Unificada.a(PC_IntClock.o)
                                0x31a (size before relaxing)
 .debug_str     0x000032a3      0x144 .\CortexM3\ARM_GCC_493\Debug\Unificada.a(LCD_1_IntClock.o)
                                0x33e (size before relaxing)
 .debug_str     0x000033e7      0x144 .\CortexM3\ARM_GCC_493\Debug\Unificada.a(LCD_2_IntClock.o)
                                0x33e (size before relaxing)
 .debug_str     0x0000352b      0x7a7 .\CortexM3\ARM_GCC_493\Debug\Unificada.a(CyLib.o)
                                0xa1f (size before relaxing)
 .debug_str     0x00003cd2      0x35b .\CortexM3\ARM_GCC_493\Debug\Unificada.a(cyPm.o)
                                0x717 (size before relaxing)
 .debug_str     0x0000402d      0x197 .\CortexM3\ARM_GCC_493\Debug\Unificada.a(CyFlash.o)
                                0x391 (size before relaxing)
 .debug_str     0x000041c4       0xae .\CortexM3\ARM_GCC_493\Debug\Unificada.a(CySpc.o)
                                0x31a (size before relaxing)

.debug_loc      0x00000000     0x5c3d
 *(.debug_loc)
 .debug_loc     0x00000000       0x59 .\CortexM3\ARM_GCC_493\Debug\main.o
 .debug_loc     0x00000059      0x3f1 .\CortexM3\ARM_GCC_493\Debug\I2C.o
 .debug_loc     0x0000044a      0x5f1 .\CortexM3\ARM_GCC_493\Debug\ibuton.o
 .debug_loc     0x00000a3b      0x422 .\CortexM3\ARM_GCC_493\Debug\LCD.o