Archive member included because of file (symbol)

.\CortexM3\ARM_GCC_493\Debug\Unificada.a(cyfitter_cfg.o)
                              .\CortexM3\ARM_GCC_493\Debug\Cm3Start.o (cyfitter_cfg)
.\CortexM3\ARM_GCC_493\Debug\Unificada.a(Surtidor.o)
                              .\CortexM3\ARM_GCC_493\Debug\main.o (Surtidor_Start)
.\CortexM3\ARM_GCC_493\Debug\Unificada.a(Surtidor_INT.o)
                              .\CortexM3\ARM_GCC_493\Debug\Unificada.a(Surtidor.o) (Surtidor_RXISR)
.\CortexM3\ARM_GCC_493\Debug\Unificada.a(Impresora.o)
                              .\CortexM3\ARM_GCC_493\Debug\main.o (Impresora_Start)
.\CortexM3\ARM_GCC_493\Debug\Unificada.a(Impresora_INT.o)
                              .\CortexM3\ARM_GCC_493\Debug\Unificada.a(Impresora.o) (Impresora_RXISR)
.\CortexM3\ARM_GCC_493\Debug\Unificada.a(PC.o)
                              .\CortexM3\ARM_GCC_493\Debug\main.o (PC_Start)
.\CortexM3\ARM_GCC_493\Debug\Unificada.a(PC_INT.o)
                              .\CortexM3\ARM_GCC_493\Debug\Unificada.a(PC.o) (PC_RXISR)
.\CortexM3\ARM_GCC_493\Debug\Unificada.a(I2C_1.o)
                              .\CortexM3\ARM_GCC_493\Debug\main.o (I2C_1_Start)
.\CortexM3\ARM_GCC_493\Debug\Unificada.a(I2C_1_INT.o)
                              .\CortexM3\ARM_GCC_493\Debug\Unificada.a(I2C_1.o) (I2C_1_ISR)
.\CortexM3\ARM_GCC_493\Debug\Unificada.a(I2C_1_PM.o)
                              .\CortexM3\ARM_GCC_493\Debug\Unificada.a(I2C_1.o) (I2C_1_backup)
.\CortexM3\ARM_GCC_493\Debug\Unificada.a(I2C_1_MASTER.o)
                              .\CortexM3\ARM_GCC_493\Debug\Unificada.a(I2C_1_INT.o) (I2C_1_mstrStatus)
.\CortexM3\ARM_GCC_493\Debug\Unificada.a(Pin_WP.o)
                              .\CortexM3\ARM_GCC_493\Debug\I2C.o (Pin_WP_Write)
.\CortexM3\ARM_GCC_493\Debug\Unificada.a(LCD_1.o)
                              .\CortexM3\ARM_GCC_493\Debug\main.o (LCD_1_Start)
.\CortexM3\ARM_GCC_493\Debug\Unificada.a(LCD_1_INT.o)
                              .\CortexM3\ARM_GCC_493\Debug\Unificada.a(LCD_1.o) (LCD_1_RXISR)
.\CortexM3\ARM_GCC_493\Debug\Unificada.a(LCD_2.o)
                              .\CortexM3\ARM_GCC_493\Debug\main.o (LCD_2_Start)
.\CortexM3\ARM_GCC_493\Debug\Unificada.a(LCD_2_INT.o)
                              .\CortexM3\ARM_GCC_493\Debug\Unificada.a(LCD_2.o) (LCD_2_RXISR)
.\CortexM3\ARM_GCC_493\Debug\Unificada.a(IB1.o)
                              .\CortexM3\ARM_GCC_493\Debug\ibuton.o (IB1_Write)
.\CortexM3\ARM_GCC_493\Debug\Unificada.a(IB2.o)
                              .\CortexM3\ARM_GCC_493\Debug\ibuton.o (IB2_Write)
.\CortexM3\ARM_GCC_493\Debug\Unificada.a(Timer_Animacion.o)
                              .\CortexM3\ARM_GCC_493\Debug\main.o (Timer_Animacion_Stop)
.\CortexM3\ARM_GCC_493\Debug\Unificada.a(isr_3.o)
                              .\CortexM3\ARM_GCC_493\Debug\main.o (isr_3_StartEx)
.\CortexM3\ARM_GCC_493\Debug\Unificada.a(Timer_Animacion2.o)
                              .\CortexM3\ARM_GCC_493\Debug\main.o (Timer_Animacion2_Stop)
.\CortexM3\ARM_GCC_493\Debug\Unificada.a(isr_4.o)
                              .\CortexM3\ARM_GCC_493\Debug\main.o (isr_4_StartEx)
.\CortexM3\ARM_GCC_493\Debug\Unificada.a(Timer_1.o)
                              .\CortexM3\ARM_GCC_493\Debug\Sonido.o (Timer_1_Stop)
.\CortexM3\ARM_GCC_493\Debug\Unificada.a(isr_1.o)
                              .\CortexM3\ARM_GCC_493\Debug\Sonido.o (isr_1_StartEx)
.\CortexM3\ARM_GCC_493\Debug\Unificada.a(VDAC8_1.o)
                              .\CortexM3\ARM_GCC_493\Debug\Sonido.o (VDAC8_1_Stop)
.\CortexM3\ARM_GCC_493\Debug\Unificada.a(Timer_2.o)
                              .\CortexM3\ARM_GCC_493\Debug\Sonido.o (Timer_2_Stop)
.\CortexM3\ARM_GCC_493\Debug\Unificada.a(isr_2.o)
                              .\CortexM3\ARM_GCC_493\Debug\Sonido.o (isr_2_StartEx)
.\CortexM3\ARM_GCC_493\Debug\Unificada.a(VDAC8_2.o)
                              .\CortexM3\ARM_GCC_493\Debug\Sonido.o (VDAC8_2_Stop)
.\CortexM3\ARM_GCC_493\Debug\Unificada.a(VDAC8_3.o)
                              .\CortexM3\ARM_GCC_493\Debug\main.o (VDAC8_3_Start)
.\CortexM3\ARM_GCC_493\Debug\Unificada.a(SDown.o)
                              .\CortexM3\ARM_GCC_493\Debug\main.o (SDown_Write)
.\CortexM3\ARM_GCC_493\Debug\Unificada.a(Impresora_IntClock.o)
                              .\CortexM3\ARM_GCC_493\Debug\Unificada.a(Impresora.o) (Impresora_IntClock_Start)
.\CortexM3\ARM_GCC_493\Debug\Unificada.a(PC_IntClock.o)
                              .\CortexM3\ARM_GCC_493\Debug\Unificada.a(PC.o) (PC_IntClock_Start)
.\CortexM3\ARM_GCC_493\Debug\Unificada.a(LCD_1_IntClock.o)
                              .\CortexM3\ARM_GCC_493\Debug\Unificada.a(LCD_1.o) (LCD_1_IntClock_Start)
.\CortexM3\ARM_GCC_493\Debug\Unificada.a(LCD_2_IntClock.o)
                              .\CortexM3\ARM_GCC_493\Debug\Unificada.a(LCD_2.o) (LCD_2_IntClock_Start)
.\CortexM3\ARM_GCC_493\Debug\Unificada.a(CyBootAsmGnu.o)
[...]
Memory Configuration

Name             Origin             Length             Attributes
rom              0x00000000         0x00040000         xr
ram              0x1fff8000         0x00010000         xrw
*default*        0x00000000         0xffffffff

Linker script and memory map

LOAD c:/program files (x86)/cypress/psoc creator/3.3/psoc creator/import/gnu/arm/4.9.3/bin/../lib/gcc/arm-none-eabi/4.9.3/armv7-m/crti.o
LOAD c:/program files (x86)/cypress/psoc creator/3.3/psoc creator/import/gnu/arm/4.9.3/bin/../lib/gcc/arm-none-eabi/4.9.3/armv7-m/crtbegin.o
LOAD c:/program files (x86)/cypress/psoc creator/3.3/psoc creator/import/gnu/arm/4.9.3/bin/../lib/gcc/arm-none-eabi/4.9.3/../../../../arm-none-eabi/lib/armv7-m/crt0.o
START GROUP
LOAD .\CortexM3\ARM_GCC_493\Debug\main.o
LOAD .\CortexM3\ARM_GCC_493\Debug\I2C.o
LOAD .\CortexM3\ARM_GCC_493\Debug\ibuton.o
LOAD .\CortexM3\ARM_GCC_493\Debug\LCD.o
LOAD .\CortexM3\ARM_GCC_493\Debug\Print.o
LOAD .\CortexM3\ARM_GCC_493\Debug\Protocolo.o
LOAD .\CortexM3\ARM_GCC_493\Debug\Sonido.o
LOAD .\CortexM3\ARM_GCC_493\Debug\cybootloader.o
LOAD .\CortexM3\ARM_GCC_493\Debug\cymetadata.o
LOAD .\CortexM3\ARM_GCC_493\Debug\Cm3Start.o
LOAD .\CortexM3\ARM_GCC_493\Debug\Unificada.a
LOAD C:\Program Files (x86)\Cypress\PSoC Creator\3.3\PSoC Creator\psoc\content\cycomponentlibrary\CyComponentLibrary.cylib\CortexM3\ARM_GCC_493\Debug\CyComponentLibrary.a
END GROUP
START GROUP
LOAD c:/program files (x86)/cypress/psoc creator/3.3/psoc creator/import/gnu/arm/4.9.3/bin/../lib/gcc/arm-none-eabi/4.9.3/armv7-m\libgcc.a
LOAD c:/program files (x86)/cypress/psoc creator/3.3/psoc creator/import/gnu/arm/4.9.3/bin/../lib/gcc/arm-none-eabi/4.9.3/../../../../arm-none-eabi/lib/armv7-m\libg_nano.a
LOAD c:/program files (x86)/cypress/psoc creator/3.3/psoc creator/import/gnu/arm/4.9.3/bin/../lib/gcc/arm-none-eabi/4.9.3/../../../../arm-none-eabi/lib/armv7-m\libc_nano.a
END GROUP
START GROUP
LOAD c:/program files (x86)/cypress/psoc creator/3.3/psoc creator/import/gnu/arm/4.9.3/bin/../lib/gcc/arm-none-eabi/4.9.3/armv7-m\libgcc.a
LOAD c:/program files (x86)/cypress/psoc creator/3.3/psoc creator/import/gnu/arm/4.9.3/bin/../lib/gcc/arm-none-eabi/4.9.3/../../../../arm-none-eabi/lib/armv7-m\libc_nano.a
END GROUP
LOAD c:/program files (x86)/cypress/psoc creator/3.3/psoc creator/import/gnu/arm/4.9.3/bin/../lib/gcc/arm-none-eabi/4.9.3/armv7-m/crtend.o
LOAD c:/program files (x86)/cypress/psoc creator/3.3/psoc creator/import/gnu/arm/4.9.3/bin/../lib/gcc/arm-none-eabi/4.9.3/armv7-m/crtn.o
START GROUP
LOAD c:/program files (x86)/cypress/psoc creator/3.3/psoc creator/import/gnu/arm/4.9.3/bin/../lib/gcc/arm-none-eabi/4.9.3/armv7-m\libgcc.a
LOAD c:/program files (x86)/cypress/psoc creator/3.3/psoc creator/import/gnu/arm/4.9.3/bin/../lib/gcc/arm-none-eabi/4.9.3/../../../../arm-none-eabi/lib/armv7-m\libc.a
LOAD c:/program files (x86)/cypress/psoc creator/3.3/psoc creator/import/gnu/arm/4.9.3/bin/../lib/gcc/arm-none-eabi/4.9.3/../../../../arm-none-eabi/lib/armv7-m\libnosys.a
END GROUP
                0x00000000                CY_APPL_ORIGIN = 0x0
                0x00000100                CY_FLASH_ROW_SIZE = 0x100
                0x00000020                CY_ECC_ROW_SIZE = 0x20
                0x00000000                CY_EE_IN_BTLDR = 0x0
                0x00000001                CY_APPL_LOADABLE = 0x1
                0x00000800                CY_EE_SIZE = 0x800
                0x00000001                CY_APPL_NUM = 0x1
                0x00000001                CY_APPL_MAX = 0x1
                0x00000040                CY_METADATA_SIZE = 0x40
                0x1fff8ad8                PROVIDE (__cy_heap_start, _end)
                0x00000001                PROVIDE (__cy_region_num, ((__cy_regions_end - __cy_regions) / 0x10))
                0x20008000                PROVIDE (__cy_stack, (ORIGIN (ram) + 0x10000))
                0x20007800                PROVIDE (__cy_heap_end, (__cy_stack - 0x800))

.cybootloader   0x00000000     0x2200
 *(.cybootloader)
 .cybootloader  0x00000000     0x2200 .\CortexM3\ARM_GCC_493\Debug\cybootloader.o
                0x00000000                cy_bootloader
                0x00002200                appl1_start = CY_APPL_ORIGIN?CY_APPL_ORIGIN:ALIGN (CY_FLASH_ROW_SIZE)
                0x00021000                appl2_start = (appl1_start + ALIGN ((((0x40000 - appl1_start) - (0x2 * CY_FLASH_ROW_SIZE)) / 0x2), CY_FLASH_ROW_SIZE))
                0x00002200                appl_start = (CY_APPL_NUM == 0x1)?appl1_start:appl2_start
                0x00000440                ecc_offset = ((appl_start / CY_FLASH_ROW_SIZE) * CY_ECC_ROW_SIZE)
                0x00000000                ee_offset = (CY_APPL_LOADABLE && ! (CY_EE_IN_BTLDR))?((CY_EE_SIZE / CY_APPL_MAX) * (CY_APPL_NUM - 0x1)):0x0
                0x00000800                ee_size = (CY_APPL_LOADABLE && ! (CY_EE_IN_BTLDR))?(CY_EE_SIZE / CY_APPL_MAX):CY_EE_SIZE
                0x00000440                PROVIDE (CY_ECC_OFFSET, ecc_offset)

.text           0x00002200    0x113fe
 CREATE_OBJECT_SYMBOLS
                0x00002200                PROVIDE (__cy_interrupt_vector, RomVectors)
 *(.romvectors)
 .romvectors    0x00002200       0x10 .\CortexM3\ARM_GCC_493\Debug\Cm3Start.o
                0x00002200                RomVectors
                0x00000001                ASSERT ((. != __cy_interrupt_vector), No interrupt vector)
                0x00000001                ASSERT (CY_APPL_ORIGIN?(SIZEOF (.cybootloader) <= CY_APPL_ORIGIN):0x1, Wrong image location)
                0x00002210                PROVIDE (__cy_reset, Reset)
 *(.text.Reset)
 .text.Reset    0x00002210        0x8 .\CortexM3\ARM_GCC_493\Debug\Cm3Start.o
                0x00002210                Reset
                0x00000001                ASSERT ((. != __cy_reset), No reset code)
 *(.dma_init)
                0x00000001                ASSERT ((((appl_start + .) <= 0x10000) || 0x1), DMA Init must be within the first 64k of flash)
 *(.text .text.* .gnu.linkonce.t.*)
 .text          0x00002218       0x5c c:/program files (x86)/cypress/psoc creator/3.3/psoc creator/import/gnu/arm/4.9.3/bin/../lib/gcc/arm-none-eabi/4.9.3/armv7-m/crtbegin.o
 .text.animacion
                0x00002274       0x48 .\CortexM3\ARM_GCC_493\Debug\main.o
                0x00002274                animacion
 .text.animacion2
                0x000022bc       0x48 .\CortexM3\ARM_GCC_493\Debug\main.o
                0x000022bc                animacion2
 .text.init     0x00002304      0x620 .\CortexM3\ARM_GCC_493\Debug\main.o
                0x00002304                init
 .text.init_surt
                0x00002924       0xb0 .\CortexM3\ARM_GCC_493\Debug\main.o
                0x00002924                init_surt
 .text.error_op
                0x000029d4       0x5c .\CortexM3\ARM_GCC_493\Debug\main.o
                0x000029d4                error_op
 .text.polling_LCD1
                0x00002a30     0x3ed4 .\CortexM3\ARM_GCC_493\Debug\main.o
                0x00002a30                polling_LCD1
 .text.polling_LCD2
                0x00006904     0x3c5c .\CortexM3\ARM_GCC_493\Debug\main.o
                0x00006904                polling_LCD2
 .text.main     0x0000a560       0x14 .\CortexM3\ARM_GCC_493\Debug\main.o
                0x0000a560                main
 .text.leer_hora
                0x0000a574       0x60 .\CortexM3\ARM_GCC_493\Debug\I2C.o
                0x0000a574                leer_hora
 .text.leer_fecha
                0x0000a5d4       0x60 .\CortexM3\ARM_GCC_493\Debug\I2C.o
                0x0000a5d4                leer_fecha
 .text.write_hora
                0x0000a634       0x5c .\CortexM3\ARM_GCC_493\Debug\I2C.o
                0x0000a634                write_hora
 .text.write_fecha
                0x0000a690       0x64 .\CortexM3\ARM_GCC_493\Debug\I2C.o
                0x0000a690                write_fecha
 .text.write_eeprom
                0x0000a6f4       0x7c .\CortexM3\ARM_GCC_493\Debug\I2C.o
                0x0000a6f4                write_eeprom
 .text.leer_eeprom
                0x0000a770       0x94 .\CortexM3\ARM_GCC_493\Debug\I2C.o
                0x0000a770                leer_eeprom
 .text.write_psoc1
                0x0000a804       0x48 .\CortexM3\ARM_GCC_493\Debug\I2C.o
                0x0000a804                write_psoc1
 .text.touch_present
                0x0000a84c       0x84 .\CortexM3\ARM_GCC_493\Debug\ibuton.o
                0x0000a84c                touch_present
 .text.touch_write
                0x0000a8d0       0xd4 .\CortexM3\ARM_GCC_493\Debug\ibuton.o
                0x0000a8d0                touch_write
 .text.touch_read_byte
                0x0000a9a4       0x78 .\CortexM3\ARM_GCC_493\Debug\ibuton.o
                0x0000a9a4                touch_read_byte
 .text.touch_read_memoria
                0x0000aa1c      0x1b4 .\CortexM3\ARM_GCC_493\Debug\ibuton.o
                0x0000aa1c                touch_read_memoria
 .text.touch_write_memoria
                0x0000abd0      0x30c .\CortexM3\ARM_GCC_493\Debug\ibuton.o
                0x0000abd0                touch_write_memoria
 .text.crc_check
                0x0000aedc       0x20 .\CortexM3\ARM_GCC_493\Debug\ibuton.o
                0x0000aedc                crc_check
 .text.set_imagen
                0x0000aefc       0x6c .\CortexM3\ARM_GCC_493\Debug\LCD.o
                0x0000aefc                set_imagen
 .text.write_LCD
                0x0000af68      0x100 .\CortexM3\ARM_GCC_493\Debug\LCD.o
                0x0000af68                write_LCD
 .text.Hora_LCD
                0x0000b068       0xbc .\CortexM3\ARM_GCC_493\Debug\LCD.o
                0x0000b068                Hora_LCD
 .text.Fecha_LCD
                0x0000b124       0xc8 .\CortexM3\ARM_GCC_493\Debug\LCD.o
                0x0000b124                Fecha_LCD
 .text.Nombre_LCD
                0x0000b1ec      0x104 .\CortexM3\ARM_GCC_493\Debug\LCD.o
                0x0000b1ec                Nombre_LCD
 .text.Precio_LCD
                0x0000b2f0       0xc4 .\CortexM3\ARM_GCC_493\Debug\LCD.o
                0x0000b2f0                Precio_LCD
 .text.Grado_LCD
                0x0000b3b4       0xbc .\CortexM3\ARM_GCC_493\Debug\LCD.o
                0x0000b3b4                Grado_LCD
 .text.direccion_LCD
                0x0000b470      0x10c .\CortexM3\ARM_GCC_493\Debug\LCD.o
                0x0000b470                direccion_LCD
 .text.lema1_LCD
                0x0000b57c      0x10c .\CortexM3\ARM_GCC_493\Debug\LCD.o
                0x0000b57c                lema1_LCD
 .text.lema2_LCD
                0x0000b688      0x10c .\CortexM3\ARM_GCC_493\Debug\LCD.o
                0x0000b688                lema2_LCD
 .text.telefono_LCD
                0x0000b794      0x10c .\CortexM3\ARM_GCC_493\Debug\LCD.o
                0x0000b794                telefono_LCD
 .text.nit_LCD  0x0000b8a0      0x10c .\CortexM3\ARM_GCC_493\Debug\LCD.o
                0x0000b8a0                nit_LCD
 .text.Cuenta_LCD
                0x0000b9ac      0x104 .\CortexM3\ARM_GCC_493\Debug\LCD.o
                0x0000b9ac                Cuenta_LCD
 .text.Placa_LCD
                0x0000bab0      0x108 .\CortexM3\ARM_GCC_493\Debug\LCD.o
                0x0000bab0                Placa_LCD
 .text.writemini_LCD
                0x0000bbb8      0x108 .\CortexM3\ARM_GCC_493\Debug\LCD.o
                0x0000bbb8                writemini_LCD
 .text.operacion
                0x0000bcc0      0x128 .\CortexM3\ARM_GCC_493\Debug\Print.o
                0x0000bcc0                operacion
 .text.print_logo_k
                0x0000bde8      0x200 .\CortexM3\ARM_GCC_493\Debug\Print.o
                0x0000bde8                print_logo_k
 .text.print_logo_p
                0x0000bfe8      0x1f0 .\CortexM3\ARM_GCC_493\Debug\Print.o
                0x0000bfe8                print_logo_p
 .text.print_totales
                0x0000c1d8      0x110 .\CortexM3\ARM_GCC_493\Debug\Print.o
                0x0000c1d8                print_totales
 .text.print_totalesac
                0x0000c2e8      0x114 .\CortexM3\ARM_GCC_493\Debug\Print.o
                0x0000c2e8                print_totalesac
 .text.print_valor
                0x0000c3fc       0x50 .\CortexM3\ARM_GCC_493\Debug\Print.o
                0x0000c3fc                print_valor
 .text.imprimir
                0x0000c44c     0x1014 .\CortexM3\ARM_GCC_493\Debug\Print.o
                0x0000c44c                imprimir
 .text.imprimir_corte
                0x0000d460      0x758 .\CortexM3\ARM_GCC_493\Debug\Print.o
                0x0000d460                imprimir_corte
 .text.ver_pos  0x0000dbb8       0x80 .\CortexM3\ARM_GCC_493\Debug\Protocolo.o
                0x0000dbb8                ver_pos
 .text.get_estado
                0x0000dc38       0x28 .\CortexM3\ARM_GCC_493\Debug\Protocolo.o
                0x0000dc38                get_estado
 .text.estado_ex
                0x0000dc60       0xe8 .\CortexM3\ARM_GCC_493\Debug\Protocolo.o
                0x0000dc60                estado_ex
 .text.venta    0x0000dd48      0x1e8 .\CortexM3\ARM_GCC_493\Debug\Protocolo.o
                0x0000dd48                venta
 .text.get_totales
                0x0000df30     0x3274 .\CortexM3\ARM_GCC_493\Debug\Protocolo.o
                0x0000df30                get_totales
 .text.programar
                0x000111a4      0x484 .\CortexM3\ARM_GCC_493\Debug\Protocolo.o
                0x000111a4                programar
 .text.cambiar_precio
                0x00011628      0x2c4 .\CortexM3\ARM_GCC_493\Debug\Protocolo.o
                0x00011628                cambiar_precio
 .text.Interrupcion_1
                0x000118ec       0xd8 .\CortexM3\ARM_GCC_493\Debug\Sonido.o
                0x000118ec                Interrupcion_1
 .text.Interrupcion_2
                0x000119c4       0xe0 .\CortexM3\ARM_GCC_493\Debug\Sonido.o
                0x000119c4                Interrupcion_2
 .text.sonido   0x00011aa4       0x60 .\CortexM3\ARM_GCC_493\Debug\Sonido.o
                0x00011aa4                sonido
 .text.IntDefaultHandler
                0x00011b04        0x4 .\CortexM3\ARM_GCC_493\Debug\Cm3Start.o
                0x00011b04                IntDefaultHandler
 .text.Start_c  0x00011b08       0x4c .\CortexM3\ARM_GCC_493\Debug\Cm3Start.o
                0x00011b08                Start_c
 .text.initialize_psoc
                0x00011b54       0x74 .\CortexM3\ARM_GCC_493\Debug\Cm3Start.o
                0x00011b54                initialize_psoc
 .text.CyClockStartupError
                0x00011bc8        0x4 .\CortexM3\ARM_GCC_493\Debug\Unificada.a(cyfitter_cfg.o)
 .text.cfg_write_bytes32
                0x00011bcc       0x34 .\CortexM3\ARM_GCC_493\Debug\Unificada.a(cyfitter_cfg.o)
 .text.AnalogSetDefault
                0x00011c00       0x54 .\CortexM3\ARM_GCC_493\Debug\Unificada.a(cyfitter_cfg.o)
 .text.CYMEMZERO
                0x00011c54        0xc .\CortexM3\ARM_GCC_493\Debug\Unificada.a(cyfitter_cfg.o)
 .text.ClockSetup
                0x00011c60      0x104 .\CortexM3\ARM_GCC_493\Debug\Unificada.a(cyfitter_cfg.o)
 .text.CYCONFIGCPY
                0x00011d64        0x8 .\CortexM3\ARM_GCC_493\Debug\Unificada.a(cyfitter_cfg.o)
 .text.cyfitter_cfg
                0x00011d6c      0x170 .\CortexM3\ARM_GCC_493\Debug\Unificada.a(cyfitter_cfg.o)
                0x00011d6c                cyfitter_cfg
 .text.Surtidor_Init
                0x00011edc       0x3c .\CortexM3\ARM_GCC_493\Debug\Unificada.a(Surtidor.o)
                0x00011edc                Surtidor_Init
 .text.Surtidor_Enable
                0x00011f18       0x3c .\CortexM3\ARM_GCC_493\Debug\Unificada.a(Surtidor.o)
                0x00011f18                Surtidor_Enable
 .text.Surtidor_Start
                0x00011f54       0x1c .\CortexM3\ARM_GCC_493\Debug\Unificada.a(Surtidor.o)
                0x00011f54                Surtidor_Start
 .text.Surtidor_EnableRxInt
                0x00011f70        0xc .\CortexM3\ARM_GCC_493\Debug\Unificada.a(Surtidor.o)
                0x00011f70                Surtidor_EnableRxInt
 .text.Surtidor_DisableRxInt
                0x00011f7c        0xc .\CortexM3\ARM_GCC_493\Debug\Unificada.a(Surtidor.o)
                0x00011f7c                Surtidor_DisableRxInt
 .text.Surtidor_ReadRxData
                0x00011f88       0x5c .\CortexM3\ARM_GCC_493\Debug\Unificada.a(Surtidor.o)
                0x00011f88                Surtidor_ReadRxData
 .text.Surtidor_GetRxBufferSize
                0x00011fe4       0x60 .\CortexM3\ARM_GCC_493\Debug\Unificada.a(Surtidor.o)
                0x00011fe4                Surtidor_GetRxBufferSize
 .text.Surtidor_ClearRxBuffer
                0x00012044       0x3c .\CortexM3\ARM_GCC_493\Debug\Unificada.a(Surtidor.o)
                0x00012044                Surtidor_ClearRxBuffer
 .text.Surtidor_PutChar
                0x00012080       0x18 .\CortexM3\ARM_GCC_493\Debug\Unificada.a(Surtidor.o)
                0x00012080                Surtidor_PutChar
 .text.Surtidor_RXISR
                0x00012098       0x80 .\CortexM3\ARM_GCC_493\Debug\Unificada.a(Surtidor_INT.o)
                0x00012098                Surtidor_RXISR
 .text.Impresora_Init
                0x00012118       0x3c .\CortexM3\ARM_GCC_493\Debug\Unificada.a(Impresora.o)
                0x00012118                Impresora_Init
 .text.Impresora_Enable
                0x00012154       0x44 .\CortexM3\ARM_GCC_493\Debug\Unificada.a(Impresora.o)
                0x00012154                Impresora_Enable
 .text.Impresora_Start
                0x00012198       0x1c .\CortexM3\ARM_GCC_493\Debug\Unificada.a(Impresora.o)
                0x00012198                Impresora_Start
 .text.Impresora_EnableRxInt
                0x000121b4        0xc .\CortexM3\ARM_GCC_493\Debug\Unificada.a(Impresora.o)
                0x000121b4                Impresora_EnableRxInt
 .text.Impresora_RXISR
                0x000121c0       0x80 .\CortexM3\ARM_GCC_493\Debug\Unificada.a(Impresora_INT.o)
                0x000121c0                Impresora_RXISR
 .text.PC_Init  0x00012240       0x3c .\CortexM3\ARM_GCC_493\Debug\Unificada.a(PC.o)
                0x00012240                PC_Init
 .text.PC_Enable
                0x0001227c       0x44 .\CortexM3\ARM_GCC_493\Debug\Unificada.a(PC.o)
                0x0001227c                PC_Enable
 .text.PC_Start
                0x000122c0       0x1c .\CortexM3\ARM_GCC_493\Debug\Unificada.a(PC.o)
                0x000122c0                PC_Start
 .text.PC_EnableRxInt
                0x000122dc        0xc .\CortexM3\ARM_GCC_493\Debug\Unificada.a(PC.o)
                0x000122dc                PC_EnableRxInt
 .text.PC_RXISR
                0x000122e8       0x80 .\CortexM3\ARM_GCC_493\Debug\Unificada.a(PC_INT.o)
                0x000122e8                PC_RXISR
 .text.I2C_1_Init
                0x00012368       0x58 .\CortexM3\ARM_GCC_493\Debug\Unificada.a(I2C_1.o)
                0x00012368                I2C_1_Init
 .text.I2C_1_Enable
                0x000123c0       0x24 .\CortexM3\ARM_GCC_493\Debug\Unificada.a(I2C_1.o)
                0x000123c0                I2C_1_Enable
 .text.I2C_1_Start
                0x000123e4       0x28 .\CortexM3\ARM_GCC_493\Debug\Unificada.a(I2C_1.o)
                0x000123e4                I2C_1_Start
 .text.I2C_1_ISR
                0x0001240c      0x2d0 .\CortexM3\ARM_GCC_493\Debug\Unificada.a(I2C_1_INT.o)
                0x0001240c                I2C_1_ISR
 .text.I2C_1_MasterSendStart
                0x000126dc       0x80 .\CortexM3\ARM_GCC_493\Debug\Unificada.a(I2C_1_MASTER.o)
                0x000126dc                I2C_1_MasterSendStart
 .text.I2C_1_MasterSendStop
                0x0001275c       0x38 .\CortexM3\ARM_GCC_493\Debug\Unificada.a(I2C_1_MASTER.o)
                0x0001275c                I2C_1_MasterSendStop
 .text.I2C_1_MasterWriteByte
                0x00012794       0x58 .\CortexM3\ARM_GCC_493\Debug\Unificada.a(I2C_1_MASTER.o)
                0x00012794                I2C_1_MasterWriteByte
 .text.I2C_1_MasterReadByte
                0x000127ec       0x58 .\CortexM3\ARM_GCC_493\Debug\Unificada.a(I2C_1_MASTER.o)
                0x000127ec                I2C_1_MasterReadByte
 .text.I2C_1_MasterClearStatus
                0x00012844       0x10 .\CortexM3\ARM_GCC_493\Debug\Unificada.a(I2C_1_MASTER.o)
                0x00012844                I2C_1_MasterClearStatus
 .text.I2C_1_MasterClearReadBuf
                0x00012854       0x1c .\CortexM3\ARM_GCC_493\Debug\Unificada.a(I2C_1_MASTER.o)
                0x00012854                I2C_1_MasterClearReadBuf
 .text.I2C_1_MasterClearWriteBuf
                0x00012870       0x1c .\CortexM3\ARM_GCC_493\Debug\Unificada.a(I2C_1_MASTER.o)
                0x00012870                I2C_1_MasterClearWriteBuf
 .text.I2C_1_Workaround
                0x0001288c        0x4 .\CortexM3\ARM_GCC_493\Debug\Unificada.a(I2C_1_MASTER.o)
                0x0001288c                I2C_1_Workaround
 .text.Pin_WP_Write
                0x00012890       0x18 .\CortexM3\ARM_GCC_493\Debug\Unificada.a(Pin_WP.o)
                0x00012890                Pin_WP_Write
 .text.LCD_1_Init
                0x000128a8       0x3c .\CortexM3\ARM_GCC_493\Debug\Unificada.a(LCD_1.o)
                0x000128a8                LCD_1_Init
 .text.LCD_1_Enable
                0x000128e4       0x44 .\CortexM3\ARM_GCC_493\Debug\Unificada.a(LCD_1.o)
                0x000128e4                LCD_1_Enable
 .text.LCD_1_Start
                0x00012928       0x1c .\CortexM3\ARM_GCC_493\Debug\Unificada.a(LCD_1.o)
                0x00012928                LCD_1_Start
 .text.LCD_1_EnableRxInt
                0x00012944        0xc .\CortexM3\ARM_GCC_493\Debug\Unificada.a(LCD_1.o)
                0x00012944                LCD_1_EnableRxInt
 .text.LCD_1_DisableRxInt
                0x00012950        0xc .\CortexM3\ARM_GCC_493\Debug\Unificada.a(LCD_1.o)
                0x00012950                LCD_1_DisableRxInt
 .text.LCD_1_GetRxBufferSize
                0x0001295c       0x54 .\CortexM3\ARM_GCC_493\Debug\Unificada.a(LCD_1.o)
                0x0001295c                LCD_1_GetRxBufferSize
 .text.LCD_1_ClearRxBuffer
                0x000129b0       0x3c .\CortexM3\ARM_GCC_493\Debug\Unificada.a(LCD_1.o)
                0x000129b0                LCD_1_ClearRxBuffer
 .text.LCD_1_PutChar
                0x000129ec       0x18 .\CortexM3\ARM_GCC_493\Debug\Unificada.a(LCD_1.o)
                0x000129ec                LCD_1_PutChar
 .text.LCD_1_RXISR
                0x00012a04       0x80 .\CortexM3\ARM_GCC_493\Debug\Unificada.a(LCD_1_INT.o)
                0x00012a04                LCD_1_RXISR
 .text.LCD_2_Init
                0x00012a84       0x3c .\CortexM3\ARM_GCC_493\Debug\Unificada.a(LCD_2.o)
                0x00012a84                LCD_2_Init
 .text.LCD_2_Enable
                0x00012ac0       0x44 .\CortexM3\ARM_GCC_493\Debug\Unificada.a(LCD_2.o)
                0x00012ac0                LCD_2_Enable
 .text.LCD_2_Start
                0x00012b04       0x1c .\CortexM3\ARM_GCC_493\Debug\Unificada.a(LCD_2.o)
                0x00012b04                LCD_2_Start
 .text.LCD_2_EnableRxInt
                0x00012b20        0xc .\CortexM3\ARM_GCC_493\Debug\Unificada.a(LCD_2.o)
                0x00012b20                LCD_2_EnableRxInt
 .text.LCD_2_DisableRxInt
                0x00012b2c        0xc .\CortexM3\ARM_GCC_493\Debug\Unificada.a(LCD_2.o)
                0x00012b2c                LCD_2_DisableRxInt
 .text.LCD_2_GetRxBufferSize
                0x00012b38       0x54 .\CortexM3\ARM_GCC_493\Debug\Unificada.a(LCD_2.o)
                0x00012b38                LCD_2_GetRxBufferSize
 .text.LCD_2_ClearRxBuffer
                0x00012b8c       0x3c .\CortexM3\ARM_GCC_493\Debug\Unificada.a(LCD_2.o)
                0x00012b8c                LCD_2_ClearRxBuffer
 .text.LCD_2_PutChar
                0x00012bc8       0x18 .\CortexM3\ARM_GCC_493\Debug\Unificada.a(LCD_2.o)
                0x00012bc8                LCD_2_PutChar
 .text.LCD_2_RXISR
                0x00012be0       0x80 .\CortexM3\ARM_GCC_493\Debug\Unificada.a(LCD_2_INT.o)
                0x00012be0                LCD_2_RXISR
 .text.IB1_Write
                0x00012c60       0x18 .\CortexM3\ARM_GCC_493\Debug\Unificada.a(IB1.o)
                0x00012c60                IB1_Write
 .text.IB1_Read
                0x00012c78       0x10 .\CortexM3\ARM_GCC_493\Debug\Unificada.a(IB1.o)
                0x00012c78                IB1_Read
 .text.IB2_Write
                0x00012c88       0x18 .\CortexM3\ARM_GCC_493\Debug\Unificada.a(IB2.o)
                0x00012c88                IB2_Write
 .text.IB2_Read
                0x00012ca0        0xc .\CortexM3\ARM_GCC_493\Debug\Unificada.a(IB2.o)
                0x00012ca0                IB2_Read
 .text.Timer_Animacion_Enable
                0x00012cac       0x28 .\CortexM3\ARM_GCC_493\Debug\Unificada.a(Timer_Animacion.o)
                0x00012cac                Timer_Animacion_Enable
 .text.Timer_Animacion_Stop
                0x00012cd4       0x28 .\CortexM3\ARM_GCC_493\Debug\Unificada.a(Timer_Animacion.o)
                0x00012cd4                Timer_Animacion_Stop
 .text.Timer_Animacion_SetInterruptMode
                0x00012cfc        0xc .\CortexM3\ARM_GCC_493\Debug\Unificada.a(Timer_Animacion.o)
                0x00012cfc                Timer_Animacion_SetInterruptMode
 .text.Timer_Animacion_ReadStatusRegister
                0x00012d08        0xc .\CortexM3\ARM_GCC_493\Debug\Unificada.a(Timer_Animacion.o)
                0x00012d08                Timer_Animacion_ReadStatusRegister
 .text.Timer_Animacion_WritePeriod
                0x00012d14        0xc .\CortexM3\ARM_GCC_493\Debug\Unificada.a(Timer_Animacion.o)
                0x00012d14                Timer_Animacion_WritePeriod
 .text.Timer_Animacion_WriteCounter
                0x00012d20        0xc .\CortexM3\ARM_GCC_493\Debug\Unificada.a(Timer_Animacion.o)
                0x00012d20                Timer_Animacion_WriteCounter
 .text.Timer_Animacion_Init
                0x00012d2c       0x68 .\CortexM3\ARM_GCC_493\Debug\Unificada.a(Timer_Animacion.o)
                0x00012d2c                Timer_Animacion_Init
 .text.Timer_Animacion_Start
                0x00012d94       0x1c .\CortexM3\ARM_GCC_493\Debug\Unificada.a(Timer_Animacion.o)
                0x00012d94                Timer_Animacion_Start
 .text.isr_3_SetVector
                0x00012db0       0x10 .\CortexM3\ARM_GCC_493\Debug\Unificada.a(isr_3.o)
                0x00012db0                isr_3_SetVector
 .text.isr_3_SetPriority
                0x00012dc0       0x10 .\CortexM3\ARM_GCC_493\Debug\Unificada.a(isr_3.o)
                0x00012dc0                isr_3_SetPriority
 .text.isr_3_Enable
                0x00012dd0       0x10 .\CortexM3\ARM_GCC_493\Debug\Unificada.a(isr_3.o)
                0x00012dd0                isr_3_Enable
 .text.isr_3_Disable
                0x00012de0       0x10 .\CortexM3\ARM_GCC_493\Debug\Unificada.a(isr_3.o)
                0x00012de0                isr_3_Disable
 .text.isr_3_StartEx
                0x00012df0       0x1c .\CortexM3\ARM_GCC_493\Debug\Unificada.a(isr_3.o)
                0x00012df0                isr_3_StartEx
 .text.isr_3_Stop
                0x00012e0c       0x14 .\CortexM3\ARM_GCC_493\Debug\Unificada.a(isr_3.o)
                0x00012e0c                isr_3_Stop
 .text.Timer_Animacion2_Enable
                0x00012e20       0x28 .\CortexM3\ARM_GCC_493\Debug\Unificada.a(Timer_Animacion2.o)
                0x00012e20                Timer_Animacion2_Enable
 .text.Timer_Animacion2_Stop
                0x00012e48       0x28 .\CortexM3\ARM_GCC_493\Debug\Unificada.a(Timer_Animacion2.o)
                0x00012e48                Timer_Animacion2_Stop
 .text.Timer_Animacion2_SetInterruptMode
                0x00012e70        0xc .\CortexM3\ARM_GCC_493\Debug\Unificada.a(Timer_Animacion2.o)
                0x00012e70                Timer_Animacion2_SetInterruptMode
 .text.Timer_Animacion2_ReadStatusRegister
                0x00012e7c        0xc .\CortexM3\ARM_GCC_493\Debug\Unificada.a(Timer_Animacion2.o)
                0x00012e7c                Timer_Animacion2_ReadStatusRegister
 .text.Timer_Animacion2_WritePeriod
                0x00012e88        0xc .\CortexM3\ARM_GCC_493\Debug\Unificada.a(Timer_Animacion2.o)
                0x00012e88                Timer_Animacion2_WritePeriod
 .text.Timer_Animacion2_WriteCounter
                0x00012e94        0xc .\CortexM3\ARM_GCC_493\Debug\Unificada.a(Timer_Animacion2.o)
                0x00012e94                Timer_Animacion2_WriteCounter
 .text.Timer_Animacion2_Init
                0x00012ea0       0x68 .\CortexM3\ARM_GCC_493\Debug\Unificada.a(Timer_Animacion2.o)
                0x00012ea0                Timer_Animacion2_Init
 .text.Timer_Animacion2_Start
                0x00012f08       0x1c .\CortexM3\ARM_GCC_493\Debug\Unificada.a(Timer_Animacion2.o)
                0x00012f08                Timer_Animacion2_Start
 .text.isr_4_SetVector
                0x00012f24       0x10 .\CortexM3\ARM_GCC_493\Debug\Unificada.a(isr_4.o)
                0x00012f24                isr_4_SetVector
 .text.isr_4_SetPriority
                0x00012f34       0x10 .\CortexM3\ARM_GCC_493\Debug\Unificada.a(isr_4.o)
                0x00012f34                isr_4_SetPriority
 .text.isr_4_Enable
                0x00012f44       0x10 .\CortexM3\ARM_GCC_493\Debug\Unificada.a(isr_4.o)
                0x00012f44                isr_4_Enable
 .text.isr_4_Disable
                0x00012f54       0x10 .\CortexM3\ARM_GCC_493\Debug\Unificada.a(isr_4.o)
                0x00012f54                isr_4_Disable
 .text.isr_4_StartEx
                0x00012f64       0x1c .\CortexM3\ARM_GCC_493\Debug\Unificada.a(isr_4.o)
                0x00012f64                isr_4_StartEx
 .text.isr_4_Stop
                0x00012f80       0x14 .\CortexM3\ARM_GCC_493\Debug\Unificada.a(isr_4.o)
                0x00012f80                isr_4_Stop
 .text.Timer_1_Enable
                0x00012f94       0x10 .\CortexM3\ARM_GCC_493\Debug\Unificada.a(Timer_1.o)
                0x00012f94                Timer_1_Enable
 .text.Timer_1_Stop
                0x00012fa4       0x10 .\CortexM3\ARM_GCC_493\Debug\Unificada.a(Timer_1.o)
                0x00012fa4                Timer_1_Stop
 .text.Timer_1_SetInterruptMode
                0x00012fb4        0xc .\CortexM3\ARM_GCC_493\Debug\Unificada.a(Timer_1.o)
                0x00012fb4                Timer_1_SetInterruptMode
 .text.Timer_1_ReadStatusRegister
                0x00012fc0        0xc .\CortexM3\ARM_GCC_493\Debug\Unificada.a(Timer_1.o)
                0x00012fc0                Timer_1_ReadStatusRegister
 .text.Timer_1_WritePeriod
                0x00012fcc        0xc .\CortexM3\ARM_GCC_493\Debug\Unificada.a(Timer_1.o)
                0x00012fcc                Timer_1_WritePeriod
 .text.Timer_1_ReadCapture
                0x00012fd8        0xc .\CortexM3\ARM_GCC_493\Debug\Unificada.a(Timer_1.o)
                0x00012fd8                Timer_1_ReadCapture
 .text.Timer_1_WriteCounter
                0x00012fe4        0xc .\CortexM3\ARM_GCC_493\Debug\Unificada.a(Timer_1.o)
                0x00012fe4                Timer_1_WriteCounter
 .text.Timer_1_ClearFIFO
                0x00012ff0       0x14 .\CortexM3\ARM_GCC_493\Debug\Unificada.a(Timer_1.o)
                0x00012ff0                Timer_1_ClearFIFO
 .text.Timer_1_Init
                0x00013004       0x30 .\CortexM3\ARM_GCC_493\Debug\Unificada.a(Timer_1.o)
                0x00013004                Timer_1_Init
 .text.Timer_1_Start
                0x00013034       0x1c .\CortexM3\ARM_GCC_493\Debug\Unificada.a(Timer_1.o)
                0x00013034                Timer_1_Start
 .text.isr_1_SetVector
                0x00013050        0xc .\CortexM3\ARM_GCC_493\Debug\Unificada.a(isr_1.o)
                0x00013050                isr_1_SetVector
 .text.isr_1_SetPriority
                0x0001305c       0x10 .\CortexM3\ARM_GCC_493\Debug\Unificada.a(isr_1.o)
                0x0001305c                isr_1_SetPriority
 .text.isr_1_Enable
                0x0001306c        0xc .\CortexM3\ARM_GCC_493\Debug\Unificada.a(isr_1.o)
                0x0001306c                isr_1_Enable
 .text.isr_1_Disable
                0x00013078        0xc .\CortexM3\ARM_GCC_493\Debug\Unificada.a(isr_1.o)
                0x00013078                isr_1_Disable
 .text.isr_1_StartEx
                0x00013084       0x1c .\CortexM3\ARM_GCC_493\Debug\Unificada.a(isr_1.o)
                0x00013084                isr_1_StartEx
 .text.VDAC8_1_Enable
                0x000130a0       0x1c .\CortexM3\ARM_GCC_493\Debug\Unificada.a(VDAC8_1.o)
                0x000130a0                VDAC8_1_Enable
 .text.VDAC8_1_Stop
                0x000130bc       0x1c .\CortexM3\ARM_GCC_493\Debug\Unificada.a(VDAC8_1.o)
                0x000130bc                VDAC8_1_Stop
 .text.VDAC8_1_SetSpeed
                0x000130d8       0x1c .\CortexM3\ARM_GCC_493\Debug\Unificada.a(VDAC8_1.o)
                0x000130d8                VDAC8_1_SetSpeed
 .text.VDAC8_1_SetValue
                0x000130f4        0xc .\CortexM3\ARM_GCC_493\Debug\Unificada.a(VDAC8_1.o)
                0x000130f4                VDAC8_1_SetValue
 .text.VDAC8_1_DacTrim
                0x00013100       0x24 .\CortexM3\ARM_GCC_493\Debug\Unificada.a(VDAC8_1.o)
                0x00013100                VDAC8_1_DacTrim
 .text.VDAC8_1_SetRange
                0x00013124       0x20 .\CortexM3\ARM_GCC_493\Debug\Unificada.a(VDAC8_1.o)
                0x00013124                VDAC8_1_SetRange
 .text.VDAC8_1_Init
                0x00013144       0x20 .\CortexM3\ARM_GCC_493\Debug\Unificada.a(VDAC8_1.o)
                0x00013144                VDAC8_1_Init
 .text.VDAC8_1_Start
                0x00013164       0x24 .\CortexM3\ARM_GCC_493\Debug\Unificada.a(VDAC8_1.o)
                0x00013164                VDAC8_1_Start
 .text.Timer_2_Enable
                0x00013188       0x10 .\CortexM3\ARM_GCC_493\Debug\Unificada.a(Timer_2.o)
                0x00013188                Timer_2_Enable
 .text.Timer_2_Stop
                0x00013198       0x10 .\CortexM3\ARM_GCC_493\Debug\Unificada.a(Timer_2.o)
                0x00013198                Timer_2_Stop
 .text.Timer_2_SetInterruptMode
                0x000131a8        0xc .\CortexM3\ARM_GCC_493\Debug\Unificada.a(Timer_2.o)
                0x000131a8                Timer_2_SetInterruptMode
 .text.Timer_2_ReadStatusRegister
                0x000131b4        0xc .\CortexM3\ARM_GCC_493\Debug\Unificada.a(Timer_2.o)
                0x000131b4                Timer_2_ReadStatusRegister
 .text.Timer_2_WritePeriod
                0x000131c0        0xc .\CortexM3\ARM_GCC_493\Debug\Unificada.a(Timer_2.o)
                0x000131c0                Timer_2_WritePeriod
 .text.Timer_2_ReadCapture
                0x000131cc        0xc .\CortexM3\ARM_GCC_493\Debug\Unificada.a(Timer_2.o)
                0x000131cc                Timer_2_ReadCapture
 .text.Timer_2_WriteCounter
                0x000131d8        0xc .\CortexM3\ARM_GCC_493\Debug\Unificada.a(Timer_2.o)
                0x000131d8                Timer_2_WriteCounter
 .text.Timer_2_ClearFIFO
                0x000131e4       0x14 .\CortexM3\ARM_GCC_493\Debug\Unificada.a(Timer_2.o)
                0x000131e4                Timer_2_ClearFIFO
 .text.Timer_2_Init
                0x000131f8       0x30 .\CortexM3\ARM_GCC_493\Debug\Unificada.a(Timer_2.o)
                0x000131f8                Timer_2_Init
 .text.Timer_2_Start
                0x00013228       0x1c .\CortexM3\ARM_GCC_493\Debug\Unificada.a(Timer_2.o)
                0x00013228                Timer_2_Start
 .text.isr_2_SetVector
                0x00013244        0xc .\CortexM3\ARM_GCC_493\Debug\Unificada.a(isr_2.o)
                0x00013244                isr_2_SetVector
 .text.isr_2_SetPriority
                0x00013250       0x10 .\CortexM3\ARM_GCC_493\Debug\Unificada.a(isr_2.o)
                0x00013250                isr_2_SetPriority
 .text.isr_2_Enable
                0x00013260        0xc .\CortexM3\ARM_GCC_493\Debug\Unificada.a(isr_2.o)
                0x00013260                isr_2_Enable
 .text.isr_2_Disable
                0x0001326c        0xc .\CortexM3\ARM_GCC_493\Debug\Unificada.a(isr_2.o)
                0x0001326c                isr_2_Disable
 .text.isr_2_StartEx
                0x00013278       0x1c .\CortexM3\ARM_GCC_493\Debug\Unificada.a(isr_2.o)
                0x00013278                isr_2_StartEx
 .text.VDAC8_2_Enable
                0x00013294       0x1c .\CortexM3\ARM_GCC_493\Debug\Unificada.a(VDAC8_2.o)
                0x00013294                VDAC8_2_Enable
 .text.VDAC8_2_Stop
                0x000132b0       0x1c .\CortexM3\ARM_GCC_493\Debug\Unificada.a(VDAC8_2.o)
                0x000132b0                VDAC8_2_Stop
 .text.VDAC8_2_SetSpeed
                0x000132cc       0x1c .\CortexM3\ARM_GCC_493\Debug\Unificada.a(VDAC8_2.o)
                0x000132cc                VDAC8_2_SetSpeed
 .text.VDAC8_2_SetValue
                0x000132e8        0xc .\CortexM3\ARM_GCC_493\Debug\Unificada.a(VDAC8_2.o)
                0x000132e8                VDAC8_2_SetValue
 .text.VDAC8_2_DacTrim
                0x000132f4       0x24 .\CortexM3\ARM_GCC_493\Debug\Unificada.a(VDAC8_2.o)
                0x000132f4                VDAC8_2_DacTrim
 .text.VDAC8_2_SetRange
                0x00013318       0x20 .\CortexM3\ARM_GCC_493\Debug\Unificada.a(VDAC8_2.o)
                0x00013318                VDAC8_2_SetRange
 .text.VDAC8_2_Init
                0x00013338       0x20 .\CortexM3\ARM_GCC_493\Debug\Unificada.a(VDAC8_2.o)
                0x00013338                VDAC8_2_Init
 .text.VDAC8_2_Start
                0x00013358       0x24 .\CortexM3\ARM_GCC_493\Debug\Unificada.a(VDAC8_2.o)
                0x00013358                VDAC8_2_Start
 .text.VDAC8_3_Enable
                0x0001337c       0x1c .\CortexM3\ARM_GCC_493\Debug\Unificada.a(VDAC8_3.o)
                0x0001337c                VDAC8_3_Enable
 .text.VDAC8_3_SetSpeed
                0x00013398       0x1c .\CortexM3\ARM_GCC_493\Debug\Unificada.a(VDAC8_3.o)
                0x00013398                VDAC8_3_SetSpeed
 .text.VDAC8_3_SetValue
                0x000133b4        0xc .\CortexM3\ARM_GCC_493\Debug\Unificada.a(VDAC8_3.o)
                0x000133b4                VDAC8_3_SetValue
 .text.VDAC8_3_DacTrim
                0x000133c0       0x24 .\CortexM3\ARM_GCC_493\Debug\Unificada.a(VDAC8_3.o)
                0x000133c0                VDAC8_3_DacTrim
 .text.VDAC8_3_SetRange
                0x000133e4       0x20 .\CortexM3\ARM_GCC_493\Debug\Unificada.a(VDAC8_3.o)
                0x000133e4                VDAC8_3_SetRange
 .text.VDAC8_3_Init
                0x00013404       0x20 .\CortexM3\ARM_GCC_493\Debug\Unificada.a(VDAC8_3.o)
                0x00013404                VDAC8_3_Init
 .text.VDAC8_3_Start
                0x00013424       0x24 .\CortexM3\ARM_GCC_493\Debug\Unificada.a(VDAC8_3.o)
                0x00013424                VDAC8_3_Start
 .text.SDown_Write
                0x00013448       0x18 .\CortexM3\ARM_GCC_493\Debug\Unificada.a(SDown.o)
                0x00013448                SDown_Write
 .text.Impresora_IntClock_Start
                0x00013460       0x1c .\CortexM3\ARM_GCC_493\Debug\Unificada.a(Impresora_IntClock.o)
                0x00013460                Impresora_IntClock_Start
 .text.PC_IntClock_Start
                0x0001347c       0x1c .\CortexM3\ARM_GCC_493\Debug\Unificada.a(PC_IntClock.o)
                0x0001347c                PC_IntClock_Start
 .text.LCD_1_IntClock_Start
                0x00013498       0x1c .\CortexM3\ARM_GCC_493\Debug\Unificada.a(LCD_1_IntClock.o)
                0x00013498                LCD_1_IntClock_Start
 .text.LCD_2_IntClock_Start
                0x000134b4       0x1c .\CortexM3\ARM_GCC_493\Debug\Unificada.a(LCD_2_IntClock.o)
                0x000134b4                LCD_2_IntClock_Start
 .text          0x000134d0       0x20 .\CortexM3\ARM_GCC_493\Debug\Unificada.a(CyBootAsmGnu.o)
                0x000134d0                CyDelayCycles
                0x000134e0                CyEnterCriticalSection
                0x000134e8                CyExitCriticalSection
 .text.CyHalt   0x000134f0        0x4 .\CortexM3\ARM_GCC_493\Debug\Unificada.a(CyLib.o)
                0x000134f0                CyHalt
 .text.CyDelay  0x000134f4       0x2c .\CortexM3\ARM_GCC_493\Debug\Unificada.a(CyLib.o)
                0x000134f4                CyDelay
 .text.CyDelayUs
                0x00013520       0x14 .\CortexM3\ARM_GCC_493\Debug\Unificada.a(CyLib.o)
                0x00013520                CyDelayUs
 .text.CyIntSetVector
                0x00013534       0x28 .\CortexM3\ARM_GCC_493\Debug\Unificada.a(CyLib.o)
                0x00013534                CyIntSetVector
 .text.CyIntSetPriority
                0x0001355c       0x30 .\CortexM3\ARM_GCC_493\Debug\Unificada.a(CyLib.o)
                0x0001355c                CyIntSetPriority
 .text.__libc_init_array
                0x0001358c       0x4c c:/program files (x86)/cypress/psoc creator/3.3/psoc creator/import/gnu/arm/4.9.3/bin/../lib/gcc/arm-none-eabi/4.9.3/../../../../arm-none-eabi/lib/armv7-m\libg_nano.a(lib_a-init.o)
                0x0001358c                __libc_init_array
 .text.memcpy   0x000135d8       0x16 c:/program files (x86)/cypress/psoc creator/3.3/psoc creator/import/gnu/arm/4.9.3/bin/../lib/gcc/arm-none-eabi/4.9.3/../../../../arm-none-eabi/lib/armv7-m\libg_nano.a(lib_a-memcpy.o)
                0x000135d8                memcpy
 .text.memset   0x000135ee       0x10 c:/program files (x86)/cypress/psoc creator/3.3/psoc creator/import/gnu/arm/4.9.3/bin/../lib/gcc/arm-none-eabi/4.9.3/../../../../arm-none-eabi/lib/armv7-m\libg_nano.a(lib_a-memset.o)
                0x000135ee                memset
 *(.plt)
 *(.gnu.warning)
 *(.glue_7t)
 .glue_7t       0x00000000        0x0 linker stubs
 *(.glue_7)
 .glue_7        0x00000000        0x0 linker stubs
 *(.vfp11_veneer)
 .vfp11_veneer  0x00000000        0x0 linker stubs
 *(.bootloader)
 *(.ARM.extab* .gnu.linkonce.armextab.*)
 *(.gcc_except_table)

.v4_bx          0x00013600        0x0
 .v4_bx         0x00000000        0x0 linker stubs

.iplt           0x00013600        0x0
 .iplt          0x00000000        0x0 c:/program files (x86)/cypress/psoc creator/3.3/psoc creator/import/gnu/arm/4.9.3/bin/../lib/gcc/arm-none-eabi/4.9.3/armv7-m/crtbegin.o

.eh_frame_hdr
 *(.eh_frame_hdr)

.eh_frame       0x00013600        0x4
 *(.eh_frame)
 .eh_frame      0x00013600        0x0 c:/program files (x86)/cypress/psoc creator/3.3/psoc creator/import/gnu/arm/4.9.3/bin/../lib/gcc/arm-none-eabi/4.9.3/armv7-m/crtbegin.o
 .eh_frame      0x00013600        0x4 c:/program files (x86)/cypress/psoc creator/3.3/psoc creator/import/gnu/arm/4.9.3/bin/../lib/gcc/arm-none-eabi/4.9.3/armv7-m/crtend.o
                0x00013604                PROVIDE (__exidx_start, .)

.ARM.exidx
 *(.ARM.exidx* .gnu.linkonce.armexidx.*)
                0x00013604                __exidx_end = .

.rodata         0x00013604     0xeabc
 *(.rodata .rodata.* .gnu.linkonce.r.*)
 .rodata        0x00013604      0x100 .\CortexM3\ARM_GCC_493\Debug\LCD.o
 .rodata        0x00013704     0x8370 .\CortexM3\ARM_GCC_493\Debug\Print.o
                0x00013710                biomax
                0x00013cf8                brio
                0x000142e0                cencosud
                0x000148c8                ecospetrol
                0x00014eb0                esso
                0x00015498                National
                0x00015a80                mineroil
                0x00015e34                mobil
                0x000161e8                petrobras
                0x000167d0                plus
                0x00016ac4                terpel
                0x000170ac                texaco
                0x00017694                zeus
                0x00017988                petromil
                0x00017f70                biomax1
                0x00018320                brio1
                0x000186d0                cencosud1
                0x00018a80                ecospetrol1
                0x00018e30                esso1
                0x000191e0                National1
                0x00019590                mineroil1
                0x00019940                mobil1
                0x00019cf0                petrobras1
                0x0001a0a0                plus1
                0x0001a450                terpel1
                0x0001a800                texaco1
                0x0001abb0                zeus1
                0x0001af60                petromil1
                0x0001b310                exito1
                0x0001b6c0                exito
 .rodata        0x0001ba74        0xc .\CortexM3\ARM_GCC_493\Debug\Protocolo.o
 .rodata        0x0001ba80     0x65a8 .\CortexM3\ARM_GCC_493\Debug\Sonido.o
                0x0001ba80                Extra
                0x0001d898                Corriente
                0x0001ffa0                Diesel
 .rodata        0x00022028       0x64 .\CortexM3\ARM_GCC_493\Debug\Unificada.a(cyfitter_cfg.o)
                0x0002208c                . = ALIGN (0x4)
 *(.init)
 .init          0x0002208c        0x4 c:/program files (x86)/cypress/psoc creator/3.3/psoc creator/import/gnu/arm/4.9.3/bin/../lib/gcc/arm-none-eabi/4.9.3/armv7-m/crti.o
                0x0002208c                _init
 .init          0x00022090        0x8 c:/program files (x86)/cypress/psoc creator/3.3/psoc creator/import/gnu/arm/4.9.3/bin/../lib/gcc/arm-none-eabi/4.9.3/armv7-m/crtn.o
                0x00022098                . = ALIGN (0x4)
                0x00022098                __preinit_array_start = .
 *(.preinit_array)
                0x00022098                __preinit_array_end = .
                0x00022098                . = ALIGN (0x4)
                0x00022098                __init_array_start = .
 *(SORT(.init_array.*))
 *(.init_array)
 .init_array    0x00022098        0x4 c:/program files (x86)/cypress/psoc creator/3.3/psoc creator/import/gnu/arm/4.9.3/bin/../lib/gcc/arm-none-eabi/4.9.3/armv7-m/crtbegin.o
 .init_array    0x0002209c        0x4 .\CortexM3\ARM_GCC_493\Debug\Cm3Start.o
                0x000220a0                __init_array_end = .
                0x000220a0                . = ALIGN (0x4)
 *(.fini)
 .fini          0x000220a0        0x4 c:/program files (x86)/cypress/psoc creator/3.3/psoc creator/import/gnu/arm/4.9.3/bin/../lib/gcc/arm-none-eabi/4.9.3/armv7-m/crti.o
                0x000220a0                _fini
 .fini          0x000220a4        0x8 c:/program files (x86)/cypress/psoc creator/3.3/psoc creator/import/gnu/arm/4.9.3/bin/../lib/gcc/arm-none-eabi/4.9.3/armv7-m/crtn.o
                0x000220ac                . = ALIGN (0x4)
                0x000220ac                __fini_array_start = .
 *(.fini_array)
 .fini_array    0x000220ac        0x4 c:/program files (x86)/cypress/psoc creator/3.3/psoc creator/import/gnu/arm/4.9.3/bin/../lib/gcc/arm-none-eabi/4.9.3/armv7-m/crtbegin.o
 *(SORT(.fini_array.*))
                0x000220b0                __fini_array_end = .
                0x000220b0                . = ALIGN (0x4)
 *crtbegin.o(.ctors)
 *(EXCLUDE_FILE(*crtend.o) .ctors)
 *(SORT(.ctors.*))
 *crtend.o(.ctors)
                0x000220b0                . = ALIGN (0x4)
 *crtbegin.o(.dtors)
 *(EXCLUDE_FILE(*crtend.o) .dtors)
 *(SORT(.dtors.*))
 *crtend.o(.dtors)
                0x000220b0                . = ALIGN (0x4)
                0x000220b0                __cy_regions = .
                0x000220b0        0x4 LONG 0x220c0 __cy_region_init_ram
                0x000220b4        0x4 LONG 0x1fff8108 __cy_region_start_data
                0x000220b8        0x4 LONG 0x200 __cy_region_init_size_ram
                0x000220bc        0x4 LONG 0x7d0 __cy_region_zero_size_ram
                0x000220c0                __cy_regions_end = .
                0x000220c0                . = ALIGN (0x8)
                0x000220c0                _etext = .

.ramvectors     0x1fff8000      0x100
                0x1fff8000                __cy_region_start_ram = .
 *(.ramvectors)
 .ramvectors    0x1fff8000      0x100 .\CortexM3\ARM_GCC_493\Debug\Cm3Start.o
                0x1fff8000                CyRamVectors

.noinit         0x1fff8100        0x5
 *(.noinit)
 .noinit        0x1fff8100        0x4 .\CortexM3\ARM_GCC_493\Debug\Cm3Start.o
 .noinit        0x1fff8104        0x1 .\CortexM3\ARM_GCC_493\Debug\Unificada.a(CyLib.o)
                0x1fff8104                CyResetStatus

.data           0x1fff8108      0x200 load address 0x000220c0
                0x1fff8108                __cy_region_start_data = .
 *(.jcr)
 .jcr           0x1fff8108        0x0 c:/program files (x86)/cypress/psoc creator/3.3/psoc creator/import/gnu/arm/4.9.3/bin/../lib/gcc/arm-none-eabi/4.9.3/armv7-m/crtbegin.o
 .jcr           0x1fff8108        0x4 c:/program files (x86)/cypress/psoc creator/3.3/psoc creator/import/gnu/arm/4.9.3/bin/../lib/gcc/arm-none-eabi/4.9.3/armv7-m/crtend.o
 *(.got.plt)
 *(.got)
 *(.shdata)
 *(.data .data.* .gnu.linkonce.d.*)
 .data          0x1fff810c       0x60 .\CortexM3\ARM_GCC_493\Debug\main.o
                0x1fff810c                pasword_corte
                0x1fff8114                letras
                0x1fff8130                puk
                0x1fff8138                test
                0x1fff814c                borrado
                0x1fff8158                serial
 .data          0x1fff816c      0x114 .\CortexM3\ARM_GCC_493\Debug\Print.o
                0x1fff816c                msn_din
                0x1fff8178                msn_vol
                0x1fff8188                msn_eds
                0x1fff8198                msn_nit
                0x1fff819c                msn_tel
                0x1fff81a0                msn_numero
                0x1fff81a8                msn_fecha
                0x1fff81b0                msn_hora
                0x1fff81b8                msn_copia
                0x1fff81c0                msn_pos
                0x1fff81cc                msn_producto
                0x1fff81d8                msn_ppu
                0x1fff81e8                msn_placa
                0x1fff81f4                msn_cuenta
                0x1fff8200                msn_km
                0x1fff820c                msn_id
                0x1fff8218                msn_idcorte
                0x1fff8228                msn_fcorte
                0x1fff8234                msn_hcorte
                0x1fff8244                msn_ufcorte
                0x1fff8258                msn_uhcorte
                0x1fff826c                msn_consecutivo
 .data          0x1fff8280       0x78 .\CortexM3\ARM_GCC_493\Debug\Protocolo.o
                0x1fff8280                msn_tc
                0x1fff8288                msn_lecact
                0x1fff8298                msn_lecaan
                0x1fff82a8                msn_tventas
                0x1fff82bc                msn_totalcero
                0x1fff82cc                msn_tk
                0x1fff82d8                msn_td
                0x1fff82e8                msn_te
 .data          0x1fff82f8       0x10 .\CortexM3\ARM_GCC_493\Debug\Unificada.a(CyLib.o)
                0x1fff82f8                cydelay_32k_ms
                0x1fff82fc                cydelay_freq_khz
                0x1fff8300                cydelay_freq_mhz
                0x1fff8304                cydelay_freq_hz
                0x1fff8308                . = ALIGN (0x8)
 *(.ram)
                0x1fff8308                _edata = .

.igot.plt       0x1fff8308        0x0 load address 0x000222c0
 .igot.plt      0x00000000        0x0 c:/program files (x86)/cypress/psoc creator/3.3/psoc creator/import/gnu/arm/4.9.3/bin/../lib/gcc/arm-none-eabi/4.9.3/armv7-m/crtbegin.o

.bss            0x1fff8308      0x7d0 load address 0x000222c0
                0x1fff8308                PROVIDE (__bss_start__, .)
 *(.shbss)
 *(.bss .bss.* .gnu.linkonce.b.*)
 .bss           0x1fff8308       0x1c c:/program files (x86)/cypress/psoc creator/3.3/psoc creator/import/gnu/arm/4.9.3/bin/../lib/gcc/arm-none-eabi/4.9.3/armv7-m/crtbegin.o
 .bss           0x1fff8324        0xa .\CortexM3\ARM_GCC_493\Debug\Unificada.a(Surtidor.o)
                0x1fff8324                Surtidor_initVar
                0x1fff8326                Surtidor_rxBufferRead
                0x1fff8328                Surtidor_rxBufferWrite
                0x1fff832a                Surtidor_rxBufferLoopDetect
                0x1fff832b                Surtidor_rxBufferOverflow
 .bss           0x1fff832e        0x6 .\CortexM3\ARM_GCC_493\Debug\Unificada.a(Impresora.o)
                0x1fff832e                Impresora_initVar
                0x1fff832f                Impresora_rxBufferRead
                0x1fff8330                Impresora_rxBufferWrite
                0x1fff8331                Impresora_rxBufferLoopDetect
                0x1fff8332                Impresora_rxBufferOverflow
 .bss           0x1fff8334        0x6 .\CortexM3\ARM_GCC_493\Debug\Unificada.a(PC.o)
                0x1fff8334                PC_initVar
                0x1fff8335                PC_rxBufferRead
                0x1fff8336                PC_rxBufferWrite
                0x1fff8337                PC_rxBufferLoopDetect
                0x1fff8338                PC_rxBufferOverflow
 .bss           0x1fff833a        0x1 .\CortexM3\ARM_GCC_493\Debug\Unificada.a(I2C_1.o)
                0x1fff833a                I2C_1_initVar
 .bss           0x1fff833b        0x6 .\CortexM3\ARM_GCC_493\Debug\Unificada.a(LCD_1.o)
                0x1fff833b                LCD_1_initVar
                0x1fff833c                LCD_1_rxBufferRead
                0x1fff833d                LCD_1_rxBufferWrite
                0x1fff833e                LCD_1_rxBufferLoopDetect
                0x1fff833f                LCD_1_rxBufferOverflow
 .bss           0x1fff8341        0x6 .\CortexM3\ARM_GCC_493\Debug\Unificada.a(LCD_2.o)
                0x1fff8341                LCD_2_initVar
                0x1fff8342                LCD_2_rxBufferRead
                0x1fff8343                LCD_2_rxBufferWrite
                0x1fff8344                LCD_2_rxBufferLoopDetect
                0x1fff8345                LCD_2_rxBufferOverflow
 .bss           0x1fff8347        0x1 .\CortexM3\ARM_GCC_493\Debug\Unificada.a(Timer_Animacion.o)
                0x1fff8347                Timer_Animacion_initVar
 .bss           0x1fff8348        0x1 .\CortexM3\ARM_GCC_493\Debug\Unificada.a(Timer_Animacion2.o)
                0x1fff8348                Timer_Animacion2_initVar
 .bss           0x1fff8349        0x1 .\CortexM3\ARM_GCC_493\Debug\Unificada.a(Timer_1.o)
                0x1fff8349                Timer_1_initVar
 .bss           0x1fff834a        0x1 .\CortexM3\ARM_GCC_493\Debug\Unificada.a(VDAC8_1.o)
                0x1fff834a                VDAC8_1_initVar
 .bss           0x1fff834b        0x1 .\CortexM3\ARM_GCC_493\Debug\Unificada.a(Timer_2.o)
                0x1fff834b                Timer_2_initVar
 .bss           0x1fff834c        0x1 .\CortexM3\ARM_GCC_493\Debug\Unificada.a(VDAC8_2.o)
                0x1fff834c                VDAC8_2_initVar
 .bss           0x1fff834d        0x1 .\CortexM3\ARM_GCC_493\Debug\Unificada.a(VDAC8_3.o)
                0x1fff834d                VDAC8_3_initVar
 *(COMMON)
 *fill*         0x1fff834e        0x2 
 COMMON         0x1fff8350      0x570 .\CortexM3\ARM_GCC_493\Debug\main.o
                0x1fff8350                lado
                0x1fff8358                copia_recibo
                0x1fff835a                flujo_LCD
                0x1fff835b                comas1
                0x1fff835c                no_imprime2
                0x1fff835d                kero
                0x1fff835e                decimalD
                0x1fff8360                producto2n
                0x1fff836c                x
                0x1fff8370                modulo
                0x1fff8500                ok_LCD1
                0x1fff8502                id_corte
                0x1fff8504                extra2
                0x1fff8505                count_protector2
                0x1fff8506                ok_LCD2
                0x1fff8507                version
                0x1fff8508                producto1n
                0x1fff8513                no_imprime
                0x1fff8514                versurt
                0x1fff8515                crc_total
                0x1fff8518                producto4n
                0x1fff8524                w
                0x1fff8528                bandera
                0x1fff852a                estado_0
                0x1fff852b                flujo_LCD2
                0x1fff852c                diesel
                0x1fff852d                teclas1
                0x1fff852e                comas2
                0x1fff852f                producto
                0x1fff8530                z
                0x1fff8534                buffer_i2c
                0x1fff8574                cont1
                0x1fff8575                teclado2
                0x1fff8576                count_protector
                0x1fff8577                teclado
                0x1fff8578                pos_ibutton
                0x1fff857c                id_venta
                0x1fff8582                ppux10
                0x1fff8584                y
                0x1fff8588                rventa2
                0x1fff866c                tipo_imp
                0x1fff866e                corriente2
                0x1fff866f                a_copias
                0x1fff8670                print1
                0x1fff8672                producto2
                0x1fff8673                diesel2
                0x1fff8674                Buffer_LCD1
                0x1fff870c                kero2
                0x1fff870d                teclas2
                0x1fff8710                print2
                0x1fff8714                rventa
                0x1fff87f8                fecha_corte
                0x1fff87fe                extra
                0x1fff87ff                decimalV
                0x1fff8800                resultado
                0x1fff8810                no_venta
                0x1fff8814                copia_recibo2
                0x1fff8816                nombreproducto
                0x1fff8817                producto1
                0x1fff8818                Buffer_LCD2
                0x1fff88b0                n_copias
                0x1fff88b4                producto3n
                0x1fff88bf                corriente
 COMMON         0x1fff88c0       0x10 .\CortexM3\ARM_GCC_493\Debug\Sonido.o
                0x1fff88c0                NextSample_2
                0x1fff88c4                i2
                0x1fff88c8                NextSample_1
                0x1fff88cc                i1
 COMMON         0x1fff88d0      0x100 .\CortexM3\ARM_GCC_493\Debug\Unificada.a(Surtidor.o)
                0x1fff88d0                Surtidor_rxBuffer
 COMMON         0x1fff89d0       0x64 .\CortexM3\ARM_GCC_493\Debug\Unificada.a(Impresora.o)
                0x1fff89d0                Impresora_rxBuffer
 COMMON         0x1fff8a34       0x64 .\CortexM3\ARM_GCC_493\Debug\Unificada.a(PC.o)
                0x1fff8a34                PC_rxBuffer
 COMMON         0x1fff8a98        0x1 .\CortexM3\ARM_GCC_493\Debug\Unificada.a(I2C_1.o)
                0x1fff8a98                I2C_1_state
 *fill*         0x1fff8a99        0x3 
 COMMON         0x1fff8a9c       0x11 .\CortexM3\ARM_GCC_493\Debug\Unificada.a(I2C_1_MASTER.o)
                0x1fff8a9c                I2C_1_mstrWrBufIndex
                0x1fff8a9d                I2C_1_mstrControl
                0x1fff8a9e                I2C_1_mstrStatus
                0x1fff8a9f                I2C_1_mstrWrBufSize
                0x1fff8aa0                I2C_1_mstrRdBufIndex
                0x1fff8aa4                I2C_1_mstrWrBufPtr
                0x1fff8aa8                I2C_1_mstrRdBufPtr
                0x1fff8aac                I2C_1_mstrRdBufSize
 *fill*         0x1fff8aad        0x3 
 COMMON         0x1fff8ab0       0x14 .\CortexM3\ARM_GCC_493\Debug\Unificada.a(LCD_1.o)
                0x1fff8ab0                LCD_1_rxBuffer
 COMMON         0x1fff8ac4       0x14 .\CortexM3\ARM_GCC_493\Debug\Unificada.a(LCD_2.o)
                0x1fff8ac4                LCD_2_rxBuffer
                0x1fff8ad8                . = ALIGN (0x8)
 *(.ram.b)
                0x1fff8ad8                _end = .
                0x1fff8ad8                __end = .
                0x1fff8ad8                PROVIDE (end, .)
                0x1fff8ad8                PROVIDE (__bss_end__, .)
                0x000220c0                __cy_region_init_ram = LOADADDR (.data)
                0x00000200                __cy_region_init_size_ram = (_edata - ADDR (.data))
                0x000007d0                __cy_region_zero_size_ram = (_end - _edata)

.heap           0x1fff8ad8       0x80 load address 0x000222c0
                0x1fff8ad8                . = _end
                0x1fff8b58                . = (. + 0x80)
 *fill*         0x1fff8ad8       0x80 
                0x1fff8b58                __cy_heap_limit = .

.stack          0x20007800      0x800
                0x20007800                __cy_stack_limit = .
                0x20008000                . = (. + 0x800)
 *fill*         0x20007800      0x800 
                0x00000001                ASSERT ((__cy_stack_limit >= __cy_heap_limit), region RAM overflowed with stack)

.cyloadermeta   0xf0000000       0x40
 *(.cyloadermeta)
 .cyloadermeta  0xf0000000       0x40 .\CortexM3\ARM_GCC_493\Debug\cybootloader.o
                0xf0000000                cy_meta_loader

.cyloadablemeta
                0x0003ffc0       0x40
 *(.cyloadablemeta)
 .cyloadablemeta
                0x0003ffc0       0x40 .\CortexM3\ARM_GCC_493\Debug\cymetadata.o
                0x0003ffc0                cy_meta_loadable

.cyconfigecc    0x80000440     0x101c
 *(.cyconfigecc)
 .cyconfigecc   0x80000440     0x101c .\CortexM3\ARM_GCC_493\Debug\cymetadata.o
                0x80000440                cy_meta_configecc

.cycustnvl      0x90000000        0x4
 *(.cycustnvl)
 .cycustnvl     0x90000000        0x4 .\CortexM3\ARM_GCC_493\Debug\cybootloader.o
                0x90000000                cy_meta_custnvl

.cywolatch      0x90100000        0x4
 *(.cywolatch)
 .cywolatch     0x90100000        0x4 .\CortexM3\ARM_GCC_493\Debug\cybootloader.o
                0x90100000                cy_meta_wonvl

.cyeeprom       0x90200000        0x0
 *(.cyeeprom)
                0x00000001                ASSERT ((. <= ((0x90200000 + ee_offset) + ee_size)), .cyeeprom data will not fit in EEPROM)

.cyflashprotect
                0x90400000      0x100
 *(.cyflashprotect)
 .cyflashprotect
                0x90400000      0x100 .\CortexM3\ARM_GCC_493\Debug\cybootloader.o
                0x90400000                cy_meta_flashprotect

.cymeta         0x90500000        0xc
 *(.cymeta)
 .cymeta        0x90500000        0xc .\CortexM3\ARM_GCC_493\Debug\cybootloader.o
                0x90500000                cy_metadata

.rel.dyn        0x00040000        0x0 load address 0x9050000c
 .rel.iplt      0x00000000        0x0 c:/program files (x86)/cypress/psoc creator/3.3/psoc creator/import/gnu/arm/4.9.3/bin/../lib/gcc/arm-none-eabi/4.9.3/armv7-m/crtbegin.o

.stab
 *(.stab)

.stabstr
 *(.stabstr)

.debug
 *(.debug)

.line
 *(.line)

.debug_srcinfo
 *(.debug_srcinfo)

.debug_sfnames
 *(.debug_sfnames)

.debug_aranges  0x00000000     0x1610
 *(.debug_aranges)
 .debug_aranges
                0x00000000       0x58 .\CortexM3\ARM_GCC_493\Debug\main.o
 .debug_aranges
                0x00000058       0x50 .\CortexM3\ARM_GCC_493\Debug\I2C.o
 .debug_aranges
                0x000000a8       0x48 .\CortexM3\ARM_GCC_493\Debug\ibuton.o
 .debug_aranges
                0x000000f0       0x90 .\CortexM3\ARM_GCC_493\Debug\LCD.o
 .debug_aranges
                0x00000180       0x58 .\CortexM3\ARM_GCC_493\Debug\Print.o
 .debug_aranges
                0x000001d8       0x60 .\CortexM3\ARM_GCC_493\Debug\Protocolo.o
 .debug_aranges
                0x00000238       0x30 .\CortexM3\ARM_GCC_493\Debug\Sonido.o
 .debug_aranges
                0x00000268       0x18 .\CortexM3\ARM_GCC_493\Debug\cybootloader.o
 .debug_aranges
                0x00000280       0x18 .\CortexM3\ARM_GCC_493\Debug\cymetadata.o
 .debug_aranges
                0x00000298       0x48 .\CortexM3\ARM_GCC_493\Debug\Cm3Start.o
 .debug_aranges
                0x000002e0       0x58 .\CortexM3\ARM_GCC_493\Debug\Unificada.a(cyfitter_cfg.o)
 .debug_aranges
                0x00000338      0x100 .\CortexM3\ARM_GCC_493\Debug\Unificada.a(Surtidor.o)
 .debug_aranges
                0x00000438       0x20 .\CortexM3\ARM_GCC_493\Debug\Unificada.a(Surtidor_INT.o)
 .debug_aranges
                0x00000458      0x100 .\CortexM3\ARM_GCC_493\Debug\Unificada.a(Impresora.o)
 .debug_aranges
                0x00000558       0x20 .\CortexM3\ARM_GCC_493\Debug\Unificada.a(Impresora_INT.o)
 .debug_aranges
                0x00000578      0x100 .\CortexM3\ARM_GCC_493\Debug\Unificada.a(PC.o)
 .debug_aranges
                0x00000678       0x20 .\CortexM3\ARM_GCC_493\Debug\Unificada.a(PC_INT.o)
 .debug_aranges
                0x00000698       0x38 .\CortexM3\ARM_GCC_493\Debug\Unificada.a(I2C_1.o)
 .debug_aranges
                0x000006d0       0x20 .\CortexM3\ARM_GCC_493\Debug\Unificada.a(I2C_1_INT.o)
 .debug_aranges
                0x000006f0       0x38 .\CortexM3\ARM_GCC_493\Debug\Unificada.a(I2C_1_PM.o)
 .debug_aranges
                0x00000728       0x88 .\CortexM3\ARM_GCC_493\Debug\Unificada.a(I2C_1_MASTER.o)
 .debug_aranges
                0x000007b0       0x38 .\CortexM3\ARM_GCC_493\Debug\Unificada.a(Pin_WP.o)
 .debug_aranges
                0x000007e8      0x100 .\CortexM3\ARM_GCC_493\Debug\Unificada.a(LCD_1.o)
 .debug_aranges
                0x000008e8       0x20 .\CortexM3\ARM_GCC_493\Debug\Unificada.a(LCD_1_INT.o)
 .debug_aranges
                0x00000908      0x100 .\CortexM3\ARM_GCC_493\Debug\Unificada.a(LCD_2.o)
 .debug_aranges
                0x00000a08       0x20 .\CortexM3\ARM_GCC_493\Debug\Unificada.a(LCD_2_INT.o)
 .debug_aranges
                0x00000a28       0x38 .\CortexM3\ARM_GCC_493\Debug\Unificada.a(IB1.o)
 .debug_aranges
                0x00000a60       0x38 .\CortexM3\ARM_GCC_493\Debug\Unificada.a(IB2.o)
 .debug_aranges
                0x00000a98       0x88 .\CortexM3\ARM_GCC_493\Debug\Unificada.a(Timer_Animacion.o)
 .debug_aranges
                0x00000b20       0x80 .\CortexM3\ARM_GCC_493\Debug\Unificada.a(isr_3.o)
 .debug_aranges
                0x00000ba0       0x88 .\CortexM3\ARM_GCC_493\Debug\Unificada.a(Timer_Animacion2.o)
 .debug_aranges
                0x00000c28       0x80 .\CortexM3\ARM_GCC_493\Debug\Unificada.a(isr_4.o)
 .debug_aranges
                0x00000ca8       0x90 .\CortexM3\ARM_GCC_493\Debug\Unificada.a(Timer_1.o)
 .debug_aranges
                0x00000d38       0x80 .\CortexM3\ARM_GCC_493\Debug\Unificada.a(isr_1.o)
 .debug_aranges
                0x00000db8       0x58 .\CortexM3\ARM_GCC_493\Debug\Unificada.a(VDAC8_1.o)
 .debug_aranges
                0x00000e10       0x90 .\CortexM3\ARM_GCC_493\Debug\Unificada.a(Timer_2.o)
 .debug_aranges
                0x00000ea0       0x80 .\CortexM3\ARM_GCC_493\Debug\Unificada.a(isr_2.o)
 .debug_aranges
                0x00000f20       0x58 .\CortexM3\ARM_GCC_493\Debug\Unificada.a(VDAC8_2.o)
 .debug_aranges
                0x00000f78       0x58 .\CortexM3\ARM_GCC_493\Debug\Unificada.a(VDAC8_3.o)
 .debug_aranges
                0x00000fd0       0x38 .\CortexM3\ARM_GCC_493\Debug\Unificada.a(SDown.o)
 .debug_aranges
                0x00001008       0x70 .\CortexM3\ARM_GCC_493\Debug\Unificada.a(Impresora_IntClock.o)
 .debug_aranges
                0x00001078       0x70 .\CortexM3\ARM_GCC_493\Debug\Unificada.a(PC_IntClock.o)
 .debug_aranges
                0x000010e8       0x70 .\CortexM3\ARM_GCC_493\Debug\Unificada.a(LCD_1_IntClock.o)
 .debug_aranges
                0x00001158       0x70 .\CortexM3\ARM_GCC_493\Debug\Unificada.a(LCD_2_IntClock.o)
 .debug_aranges
                0x000011c8       0x20 .\CortexM3\ARM_GCC_493\Debug\Unificada.a(CyBootAsmGnu.o)
 .debug_aranges
                0x000011e8      0x298 .\CortexM3\ARM_GCC_493\Debug\Unificada.a(CyLib.o)
 .debug_aranges
                0x00001480       0x98 .\CortexM3\ARM_GCC_493\Debug\Unificada.a(cyPm.o)
 .debug_aranges
                0x00001518       0x80 .\CortexM3\ARM_GCC_493\Debug\Unificada.a(CyFlash.o)
 .debug_aranges
                0x00001598       0x78 .\CortexM3\ARM_GCC_493\Debug\Unificada.a(CySpc.o)

.debug_pubnames
 *(.debug_pubnames)

.debug_info     0x00000000    0x1bf92
 *(.debug_info .gnu.linkonce.wi.*)
 .debug_info    0x00000000     0x81ca .\CortexM3\ARM_GCC_493\Debug\main.o
 .debug_info    0x000081ca      0xdc8 .\CortexM3\ARM_GCC_493\Debug\I2C.o
 .debug_info    0x00008f92     0x1442 .\CortexM3\ARM_GCC_493\Debug\ibuton.o
 .debug_info    0x0000a3d4     0x13d6 .\CortexM3\ARM_GCC_493\Debug\LCD.o
 .debug_info    0x0000b7aa     0x2ad0 .\CortexM3\ARM_GCC_493\Debug\Print.o
 .debug_info    0x0000e27a     0x3c68 .\CortexM3\ARM_GCC_493\Debug\Protocolo.o
 .debug_info    0x00011ee2      0xac6 .\CortexM3\ARM_GCC_493\Debug\Sonido.o
 .debug_info    0x000129a8      0x164 .\CortexM3\ARM_GCC_493\Debug\cybootloader.o
 .debug_info    0x00012b0c       0xd8 .\CortexM3\ARM_GCC_493\Debug\cymetadata.o
 .debug_info    0x00012be4      0x3a3 .\CortexM3\ARM_GCC_493\Debug\Cm3Start.o
 .debug_info    0x00012f87      0x666 .\CortexM3\ARM_GCC_493\Debug\Unificada.a(cyfitter_cfg.o)
 .debug_info    0x000135ed      0x788 .\CortexM3\ARM_GCC_493\Debug\Unificada.a(Surtidor.o)
 .debug_info    0x00013d75      0x139 .\CortexM3\ARM_GCC_493\Debug\Unificada.a(Surtidor_INT.o)
 .debug_info    0x00013eae      0x7ae .\CortexM3\ARM_GCC_493\Debug\Unificada.a(Impresora.o)
 .debug_info    0x0001465c      0x129 .\CortexM3\ARM_GCC_493\Debug\Unificada.a(Impresora_INT.o)
 .debug_info    0x00014785      0x7ae .\CortexM3\ARM_GCC_493\Debug\Unificada.a(PC.o)
 .debug_info    0x00014f33      0x129 .\CortexM3\ARM_GCC_493\Debug\Unificada.a(PC_INT.o)
 .debug_info    0x0001505c      0x2d4 .\CortexM3\ARM_GCC_493\Debug\Unificada.a(I2C_1.o)
 .debug_info    0x00015330      0x191 .\CortexM3\ARM_GCC_493\Debug\Unificada.a(I2C_1_INT.o)
 .debug_info    0x000154c1      0x1ef .\CortexM3\ARM_GCC_493\Debug\Unificada.a(I2C_1_PM.o)
 .debug_info    0x000156b0      0x410 .\CortexM3\ARM_GCC_493\Debug\Unificada.a(I2C_1_MASTER.o)
 .debug_info    0x00015ac0      0x11e .\CortexM3\ARM_GCC_493\Debug\Unificada.a(Pin_WP.o)
 .debug_info    0x00015bde      0x7ae .\CortexM3\ARM_GCC_493\Debug\Unificada.a(LCD_1.o)
 .debug_info    0x0001638c      0x129 .\CortexM3\ARM_GCC_493\Debug\Unificada.a(LCD_1_INT.o)
 .debug_info    0x000164b5      0x7ae .\CortexM3\ARM_GCC_493\Debug\Unificada.a(LCD_2.o)
 .debug_info    0x00016c63      0x129 .\CortexM3\ARM_GCC_493\Debug\Unificada.a(LCD_2_INT.o)
 .debug_info    0x00016d8c      0x11e .\CortexM3\ARM_GCC_493\Debug\Unificada.a(IB1.o)
 .debug_info    0x00016eaa      0x120 .\CortexM3\ARM_GCC_493\Debug\Unificada.a(IB2.o)
 .debug_info    0x00016fca      0x28c .\CortexM3\ARM_GCC_493\Debug\Unificada.a(Timer_Animacion.o)
 .debug_info    0x00017256      0x2c9 .\CortexM3\ARM_GCC_493\Debug\Unificada.a(isr_3.o)
 .debug_info    0x0001751f      0x28c .\CortexM3\ARM_GCC_493\Debug\Unificada.a(Timer_Animacion2.o)
 .debug_info    0x000177ab      0x2c9 .\CortexM3\ARM_GCC_493\Debug\Unificada.a(isr_4.o)
 .debug_info    0x00017a74      0x2c9 .\CortexM3\ARM_GCC_493\Debug\Unificada.a(Timer_1.o)
 .debug_info    0x00017d3d      0x2c9 .\CortexM3\ARM_GCC_493\Debug\Unificada.a(isr_1.o)
 .debug_info    0x00018006      0x1dc .\CortexM3\ARM_GCC_493\Debug\Unificada.a(VDAC8_1.o)
 .debug_info    0x000181e2      0x2c9 .\CortexM3\ARM_GCC_493\Debug\Unificada.a(Timer_2.o)
 .debug_info    0x000184ab      0x2c9 .\CortexM3\ARM_GCC_493\Debug\Unificada.a(isr_2.o)
 .debug_info    0x00018774      0x1dc .\CortexM3\ARM_GCC_493\Debug\Unificada.a(VDAC8_2.o)
 .debug_info    0x00018950      0x1de .\CortexM3\ARM_GCC_493\Debug\Unificada.a(VDAC8_3.o)
 .debug_info    0x00018b2e      0x11e .\CortexM3\ARM_GCC_493\Debug\Unificada.a(SDown.o)
 .debug_info    0x00018c4c      0x281 .\CortexM3\ARM_GCC_493\Debug\Unificada.a(Impresora_IntClock.o)
 .debug_info    0x00018ecd      0x281 .\CortexM3\ARM_GCC_493\Debug\Unificada.a(PC_IntClock.o)
 .debug_info    0x0001914e      0x281 .\CortexM3\ARM_GCC_493\Debug\Unificada.a(LCD_1_IntClock.o)
 .debug_info    0x000193cf      0x281 .\CortexM3\ARM_GCC_493\Debug\Unificada.a(LCD_2_IntClock.o)
 .debug_info    0x00019650       0x8c .\CortexM3\ARM_GCC_493\Debug\Unificada.a(CyBootAsmGnu.o)
 .debug_info    0x000196dc     0x136c .\CortexM3\ARM_GCC_493\Debug\Unificada.a(CyLib.o)
 .debug_info    0x0001aa48      0xa55 .\CortexM3\ARM_GCC_493\Debug\Unificada.a(cyPm.o)
 .debug_info    0x0001b49d      0x608 .\CortexM3\ARM_GCC_493\Debug\Unificada.a(CyFlash.o)
 .debug_info    0x0001baa5      0x4ed .\CortexM3\ARM_GCC_493\Debug\Unificada.a(CySpc.o)

.debug_abbrev   0x00000000     0x4147
 *(.debug_abbrev)
 .debug_abbrev  0x00000000      0x1f3 .\CortexM3\ARM_GCC_493\Debug\main.o
 .debug_abbrev  0x000001f3      0x214 .\CortexM3\ARM_GCC_493\Debug\I2C.o
 .debug_abbrev  0x00000407      0x1f4 .\CortexM3\ARM_GCC_493\Debug\ibuton.o
 .debug_abbrev  0x000005fb      0x1a9 .\CortexM3\ARM_GCC_493\Debug\LCD.o
 .debug_abbrev  0x000007a4      0x209 .\CortexM3\ARM_GCC_493\Debug\Print.o
 .debug_abbrev  0x000009ad      0x241 .\CortexM3\ARM_GCC_493\Debug\Protocolo.o
 .debug_abbrev  0x00000bee      0x177 .\CortexM3\ARM_GCC_493\Debug\Sonido.o
 .debug_abbrev  0x00000d65       0x77 .\CortexM3\ARM_GCC_493\Debug\cybootloader.o
 .debug_abbrev  0x00000ddc       0x66 .\CortexM3\ARM_GCC_493\Debug\cymetadata.o
 .debug_abbrev  0x00000e42      0x20f .\CortexM3\ARM_GCC_493\Debug\Cm3Start.o
 .debug_abbrev  0x00001051      0x223 .\CortexM3\ARM_GCC_493\Debug\Unificada.a(cyfitter_cfg.o)
 .debug_abbrev  0x00001274      0x1dd .\CortexM3\ARM_GCC_493\Debug\Unificada.a(Surtidor.o)
 .debug_abbrev  0x00001451       0x97 .\CortexM3\ARM_GCC_493\Debug\Unificada.a(Surtidor_INT.o)
 .debug_abbrev  0x000014e8      0x1dd .\CortexM3\ARM_GCC_493\Debug\Unificada.a(Impresora.o)
 .debug_abbrev  0x000016c5       0x97 .\CortexM3\ARM_GCC_493\Debug\Unificada.a(Impresora_INT.o)
 .debug_abbrev  0x0000175c      0x1dd .\CortexM3\ARM_GCC_493\Debug\Unificada.a(PC.o)
 .debug_abbrev  0x00001939       0x97 .\CortexM3\ARM_GCC_493\Debug\Unificada.a(PC_INT.o)
 .debug_abbrev  0x000019d0      0x159 .\CortexM3\ARM_GCC_493\Debug\Unificada.a(I2C_1.o)
 .debug_abbrev  0x00001b29       0xe8 .\CortexM3\ARM_GCC_493\Debug\Unificada.a(I2C_1_INT.o)
 .debug_abbrev  0x00001c11      0x12b .\CortexM3\ARM_GCC_493\Debug\Unificada.a(I2C_1_PM.o)
 .debug_abbrev  0x00001d3c      0x149 .\CortexM3\ARM_GCC_493\Debug\Unificada.a(I2C_1_MASTER.o)
 .debug_abbrev  0x00001e85       0x9d .\CortexM3\ARM_GCC_493\Debug\Unificada.a(Pin_WP.o)
 .debug_abbrev  0x00001f22      0x1dd .\CortexM3\ARM_GCC_493\Debug\Unificada.a(LCD_1.o)
 .debug_abbrev  0x000020ff       0x97 .\CortexM3\ARM_GCC_493\Debug\Unificada.a(LCD_1_INT.o)
 .debug_abbrev  0x00002196      0x1dd .\CortexM3\ARM_GCC_493\Debug\Unificada.a(LCD_2.o)
 .debug_abbrev  0x00002373       0x97 .\CortexM3\ARM_GCC_493\Debug\Unificada.a(LCD_2_INT.o)
 .debug_abbrev  0x0000240a       0x9d .\CortexM3\ARM_GCC_493\Debug\Unificada.a(IB1.o)
 .debug_abbrev  0x000024a7       0x9d .\CortexM3\ARM_GCC_493\Debug\Unificada.a(IB2.o)
 .debug_abbrev  0x00002544      0x127 .\CortexM3\ARM_GCC_493\Debug\Unificada.a(Timer_Animacion.o)
 .debug_abbrev  0x0000266b      0x180 .\CortexM3\ARM_GCC_493\Debug\Unificada.a(isr_3.o)
 .debug_abbrev  0x000027eb      0x127 .\CortexM3\ARM_GCC_493\Debug\Unificada.a(Timer_Animacion2.o)
 .debug_abbrev  0x00002912      0x180 .\CortexM3\ARM_GCC_493\Debug\Unificada.a(isr_4.o)
 .debug_abbrev  0x00002a92      0x152 .\CortexM3\ARM_GCC_493\Debug\Unificada.a(Timer_1.o)
 .debug_abbrev  0x00002be4      0x180 .\CortexM3\ARM_GCC_493\Debug\Unificada.a(isr_1.o)
 .debug_abbrev  0x00002d64      0x104 .\CortexM3\ARM_GCC_493\Debug\Unificada.a(VDAC8_1.o)
 .debug_abbrev  0x00002e68      0x152 .\CortexM3\ARM_GCC_493\Debug\Unificada.a(Timer_2.o)
 .debug_abbrev  0x00002fba      0x180 .\CortexM3\ARM_GCC_493\Debug\Unificada.a(isr_2.o)
 .debug_abbrev  0x0000313a      0x104 .\CortexM3\ARM_GCC_493\Debug\Unificada.a(VDAC8_2.o)
 .debug_abbrev  0x0000323e      0x104 .\CortexM3\ARM_GCC_493\Debug\Unificada.a(VDAC8_3.o)
 .debug_abbrev  0x00003342       0x9d .\CortexM3\ARM_GCC_493\Debug\Unificada.a(SDown.o)
 .debug_abbrev  0x000033df      0x146 .\CortexM3\ARM_GCC_493\Debug\Unificada.a(Impresora_IntClock.o)
 .debug_abbrev  0x00003525      0x146 .\CortexM3\ARM_GCC_493\Debug\Unificada.a(PC_IntClock.o)
 .debug_abbrev  0x0000366b      0x146 .\CortexM3\ARM_GCC_493\Debug\Unificada.a(LCD_1_IntClock.o)
 .debug_abbrev  0x000037b1      0x146 .\CortexM3\ARM_GCC_493\Debug\Unificada.a(LCD_2_IntClock.o)
 .debug_abbrev  0x000038f7       0x14 .\CortexM3\ARM_GCC_493\Debug\Unificada.a(CyBootAsmGnu.o)
 .debug_abbrev  0x0000390b      0x296 .\CortexM3\ARM_GCC_493\Debug\Unificada.a(CyLib.o)
 .debug_abbrev  0x00003ba1      0x1fa .\CortexM3\ARM_GCC_493\Debug\Unificada.a(cyPm.o)
 .debug_abbrev  0x00003d9b      0x1de .\CortexM3\ARM_GCC_493\Debug\Unificada.a(CyFlash.o)
 .debug_abbrev  0x00003f79      0x1ce .\CortexM3\ARM_GCC_493\Debug\Unificada.a(CySpc.o)

.debug_line     0x00000000     0x8d75
 *(.debug_line)
 .debug_line    0x00000000     0x1846 .\CortexM3\ARM_GCC_493\Debug\main.o
 .debug_line    0x00001846      0x322 .\CortexM3\ARM_GCC_493\Debug\I2C.o
 .debug_line    0x00001b68      0x3f1 .\CortexM3\ARM_GCC_493\Debug\ibuton.o
 .debug_line    0x00001f59      0x67a .\CortexM3\ARM_GCC_493\Debug\LCD.o
 .debug_line    0x000025d3      0xc57 .\CortexM3\ARM_GCC_493\Debug\Print.o
 .debug_line    0x0000322a     0x1676 .\CortexM3\ARM_GCC_493\Debug\Protocolo.o
 .debug_line    0x000048a0      0x259 .\CortexM3\ARM_GCC_493\Debug\Sonido.o
 .debug_line    0x00004af9       0x55 .\CortexM3\ARM_GCC_493\Debug\cybootloader.o
 .debug_line    0x00004b4e       0x53 .\CortexM3\ARM_GCC_493\Debug\cymetadata.o
 .debug_line    0x00004ba1      0x246 .\CortexM3\ARM_GCC_493\Debug\Cm3Start.o
 .debug_line    0x00004de7      0x219 .\CortexM3\ARM_GCC_493\Debug\Unificada.a(cyfitter_cfg.o)
 .debug_line    0x00005000      0x31b .\CortexM3\ARM_GCC_493\Debug\Unificada.a(Surtidor.o)
 .debug_line    0x0000531b       0x8e .\CortexM3\ARM_GCC_493\Debug\Unificada.a(Surtidor_INT.o)
 .debug_line    0x000053a9      0x334 .\CortexM3\ARM_GCC_493\Debug\Unificada.a(Impresora.o)
 .debug_line    0x000056dd       0x90 .\CortexM3\ARM_GCC_493\Debug\Unificada.a(Impresora_INT.o)
 .debug_line    0x0000576d      0x326 .\CortexM3\ARM_GCC_493\Debug\Unificada.a(PC.o)
 .debug_line    0x00005a93       0x82 .\CortexM3\ARM_GCC_493\Debug\Unificada.a(PC_INT.o)
 .debug_line    0x00005b15       0xde .\CortexM3\ARM_GCC_493\Debug\Unificada.a(I2C_1.o)
 .debug_line    0x00005bf3      0x12a .\CortexM3\ARM_GCC_493\Debug\Unificada.a(I2C_1_INT.o)
 .debug_line    0x00005d1d       0xc4 .\CortexM3\ARM_GCC_493\Debug\Unificada.a(I2C_1_PM.o)
 .debug_line    0x00005de1      0x203 .\CortexM3\ARM_GCC_493\Debug\Unificada.a(I2C_1_MASTER.o)
 .debug_line    0x00005fe4       0x95 .\CortexM3\ARM_GCC_493\Debug\Unificada.a(Pin_WP.o)
 .debug_line    0x00006079      0x32c .\CortexM3\ARM_GCC_493\Debug\Unificada.a(LCD_1.o)
 .debug_line    0x000063a5       0x88 .\CortexM3\ARM_GCC_493\Debug\Unificada.a(LCD_1_INT.o)
 .debug_line    0x0000642d      0x32c .\CortexM3\ARM_GCC_493\Debug\Unificada.a(LCD_2.o)
 .debug_line    0x00006759       0x88 .\CortexM3\ARM_GCC_493\Debug\Unificada.a(LCD_2_INT.o)
 .debug_line    0x000067e1       0x92 .\CortexM3\ARM_GCC_493\Debug\Unificada.a(IB1.o)
 .debug_line    0x00006873       0x92 .\CortexM3\ARM_GCC_493\Debug\Unificada.a(IB2.o)
 .debug_line    0x00006905      0x15f .\CortexM3\ARM_GCC_493\Debug\Unificada.a(Timer_Animacion.o)
 .debug_line    0x00006a64      0x14b .\CortexM3\ARM_GCC_493\Debug\Unificada.a(isr_3.o)
 .debug_line    0x00006baf      0x160 .\CortexM3\ARM_GCC_493\Debug\Unificada.a(Timer_Animacion2.o)
 .debug_line    0x00006d0f      0x14b .\CortexM3\ARM_GCC_493\Debug\Unificada.a(isr_4.o)
 .debug_line    0x00006e5a      0x174 .\CortexM3\ARM_GCC_493\Debug\Unificada.a(Timer_1.o)
 .debug_line    0x00006fce      0x14b .\CortexM3\ARM_GCC_493\Debug\Unificada.a(isr_1.o)
 .debug_line    0x00007119       0xe6 .\CortexM3\ARM_GCC_493\Debug\Unificada.a(VDAC8_1.o)
 .debug_line    0x000071ff      0x174 .\CortexM3\ARM_GCC_493\Debug\Unificada.a(Timer_2.o)
 .debug_line    0x00007373      0x14b .\CortexM3\ARM_GCC_493\Debug\Unificada.a(isr_2.o)
 .debug_line    0x000074be       0xe6 .\CortexM3\ARM_GCC_493\Debug\Unificada.a(VDAC8_2.o)
 .debug_line    0x000075a4       0xe6 .\CortexM3\ARM_GCC_493\Debug\Unificada.a(VDAC8_3.o)
 .debug_line    0x0000768a       0x94 .\CortexM3\ARM_GCC_493\Debug\Unificada.a(SDown.o)
 .debug_line    0x0000771e      0x19a .\CortexM3\ARM_GCC_493\Debug\Unificada.a(Impresora_IntClock.o)
 .debug_line    0x000078b8      0x193 .\CortexM3\ARM_GCC_493\Debug\Unificada.a(PC_IntClock.o)
 .debug_line    0x00007a4b      0x196 .\CortexM3\ARM_GCC_493\Debug\Unificada.a(LCD_1_IntClock.o)
 .debug_line    0x00007be1      0x196 .\CortexM3\ARM_GCC_493\Debug\Unificada.a(LCD_2_IntClock.o)
 .debug_line    0x00007d77       0x68 .\CortexM3\ARM_GCC_493\Debug\Unificada.a(CyBootAsmGnu.o)
 .debug_line    0x00007ddf      0x806 .\CortexM3\ARM_GCC_493\Debug\Unificada.a(CyLib.o)
 .debug_line    0x000085e5      0x366 .\CortexM3\ARM_GCC_493\Debug\Unificada.a(cyPm.o)
 .debug_line    0x0000894b      0x1ec .\CortexM3\ARM_GCC_493\Debug\Unificada.a(CyFlash.o)
 .debug_line    0x00008b37      0x23e .\CortexM3\ARM_GCC_493\Debug\Unificada.a(CySpc.o)

.debug_frame    0x00000000     0x3528
 *(.debug_frame)
 .debug_frame   0x00000000       0xf8 .\CortexM3\ARM_GCC_493\Debug\main.o
 .debug_frame   0x000000f8       0xfc .\CortexM3\ARM_GCC_493\Debug\I2C.o
 .debug_frame   0x000001f4       0xc4 .\CortexM3\ARM_GCC_493\Debug\ibuton.o
 .debug_frame   0x000002b8      0x254 .\CortexM3\ARM_GCC_493\Debug\LCD.o
 .debug_frame   0x0000050c      0x134 .\CortexM3\ARM_GCC_493\Debug\Print.o
 .debug_frame   0x00000640      0x140 .\CortexM3\ARM_GCC_493\Debug\Protocolo.o
 .debug_frame   0x00000780       0x64 .\CortexM3\ARM_GCC_493\Debug\Sonido.o
 .debug_frame   0x000007e4       0xac .\CortexM3\ARM_GCC_493\Debug\Cm3Start.o
 .debug_frame   0x00000890       0xe4 .\CortexM3\ARM_GCC_493\Debug\Unificada.a(cyfitter_cfg.o)
 .debug_frame   0x00000974      0x290 .\CortexM3\ARM_GCC_493\Debug\Unificada.a(Surtidor.o)
 .debug_frame   0x00000c04       0x20 .\CortexM3\ARM_GCC_493\Debug\Unificada.a(Surtidor_INT.o)
 .debug_frame   0x00000c24      0x290 .\CortexM3\ARM_GCC_493\Debug\Unificada.a(Impresora.o)
 .debug_frame   0x00000eb4       0x20 .\CortexM3\ARM_GCC_493\Debug\Unificada.a(Impresora_INT.o)
 .debug_frame   0x00000ed4      0x290 .\CortexM3\ARM_GCC_493\Debug\Unificada.a(PC.o)
 .debug_frame   0x00001164       0x20 .\CortexM3\ARM_GCC_493\Debug\Unificada.a(PC_INT.o)
 .debug_frame   0x00001184       0x8c .\CortexM3\ARM_GCC_493\Debug\Unificada.a(I2C_1.o)
 .debug_frame   0x00001210       0x30 .\CortexM3\ARM_GCC_493\Debug\Unificada.a(I2C_1_INT.o)
 .debug_frame   0x00001240       0x74 .\CortexM3\ARM_GCC_493\Debug\Unificada.a(I2C_1_PM.o)
 .debug_frame   0x000012b4      0x120 .\CortexM3\ARM_GCC_493\Debug\Unificada.a(I2C_1_MASTER.o)
 .debug_frame   0x000013d4       0x50 .\CortexM3\ARM_GCC_493\Debug\Unificada.a(Pin_WP.o)
 .debug_frame   0x00001424      0x290 .\CortexM3\ARM_GCC_493\Debug\Unificada.a(LCD_1.o)
 .debug_frame   0x000016b4       0x20 .\CortexM3\ARM_GCC_493\Debug\Unificada.a(LCD_1_INT.o)
 .debug_frame   0x000016d4      0x290 .\CortexM3\ARM_GCC_493\Debug\Unificada.a(LCD_2.o)
 .debug_frame   0x00001964       0x20 .\CortexM3\ARM_GCC_493\Debug\Unificada.a(LCD_2_INT.o)
 .debug_frame   0x00001984       0x50 .\CortexM3\ARM_GCC_493\Debug\Unificada.a(IB1.o)
 .debug_frame   0x000019d4       0x50 .\CortexM3\ARM_GCC_493\Debug\Unificada.a(IB2.o)
 .debug_frame   0x00001a24      0x108 .\CortexM3\ARM_GCC_493\Debug\Unificada.a(Timer_Animacion.o)
 .debug_frame   0x00001b2c      0x104 .\CortexM3\ARM_GCC_493\Debug\Unificada.a(isr_3.o)
 .debug_frame   0x00001c30      0x108 .\CortexM3\ARM_GCC_493\Debug\Unificada.a(Timer_Animacion2.o)
 .debug_frame   0x00001d38      0x104 .\CortexM3\ARM_GCC_493\Debug\Unificada.a(isr_4.o)
 .debug_frame   0x00001e3c      0x124 .\CortexM3\ARM_GCC_493\Debug\Unificada.a(Timer_1.o)
 .debug_frame   0x00001f60      0x104 .\CortexM3\ARM_GCC_493\Debug\Unificada.a(isr_1.o)
 .debug_frame   0x00002064       0xb4 .\CortexM3\ARM_GCC_493\Debug\Unificada.a(VDAC8_1.o)
 .debug_frame   0x00002118      0x124 .\CortexM3\ARM_GCC_493\Debug\Unificada.a(Timer_2.o)
 .debug_frame   0x0000223c      0x104 .\CortexM3\ARM_GCC_493\Debug\Unificada.a(isr_2.o)
 .debug_frame   0x00002340       0xb4 .\CortexM3\ARM_GCC_493\Debug\Unificada.a(VDAC8_2.o)
 .debug_frame   0x000023f4       0xb4 .\CortexM3\ARM_GCC_493\Debug\Unificada.a(VDAC8_3.o)
 .debug_frame   0x000024a8       0x50 .\CortexM3\ARM_GCC_493\Debug\Unificada.a(SDown.o)
 .debug_frame   0x000024f8       0xe0 .\CortexM3\ARM_GCC_493\Debug\Unificada.a(Impresora_IntClock.o)
 .debug_frame   0x000025d8       0xe0 .\CortexM3\ARM_GCC_493\Debug\Unificada.a(PC_IntClock.o)
 .debug_frame   0x000026b8       0xe0 .\CortexM3\ARM_GCC_493\Debug\Unificada.a(LCD_1_IntClock.o)
 .debug_frame   0x00002798       0xe0 .\CortexM3\ARM_GCC_493\Debug\Unificada.a(LCD_2_IntClock.o)
 .debug_frame   0x00002878      0x728 .\CortexM3\ARM_GCC_493\Debug\Unificada.a(CyLib.o)
 .debug_frame   0x00002fa0      0x1f8 .\CortexM3\ARM_GCC_493\Debug\Unificada.a(cyPm.o)
 .debug_frame   0x00003198      0x174 .\CortexM3\ARM_GCC_493\Debug\Unificada.a(CyFlash.o)
 .debug_frame   0x0000330c      0x160 .\CortexM3\ARM_GCC_493\Debug\Unificada.a(CySpc.o)
 .debug_frame   0x0000346c       0x20 c:/program files (x86)/cypress/psoc creator/3.3/psoc creator/import/gnu/arm/4.9.3/bin/../lib/gcc/arm-none-eabi/4.9.3/../../../../arm-none-eabi/lib/armv7-m\libg_nano.a(lib_a-errno.o)
 .debug_frame   0x0000348c       0x28 c:/program files (x86)/cypress/psoc creator/3.3/psoc creator/import/gnu/arm/4.9.3/bin/../lib/gcc/arm-none-eabi/4.9.3/../../../../arm-none-eabi/lib/armv7-m\libg_nano.a(lib_a-exit.o)
 .debug_frame   0x000034b4       0x2c c:/program files (x86)/cypress/psoc creator/3.3/psoc creator/import/gnu/arm/4.9.3/bin/../lib/gcc/arm-none-eabi/4.9.3/../../../../arm-none-eabi/lib/armv7-m\libg_nano.a(lib_a-init.o)
 .debug_frame   0x000034e0       0x28 c:/program files (x86)/cypress/psoc creator/3.3/psoc creator/import/gnu/arm/4.9.3/bin/../lib/gcc/arm-none-eabi/4.9.3/../../../../arm-none-eabi/lib/armv7-m\libg_nano.a(lib_a-memcpy.o)
 .debug_frame   0x00003508       0x20 c:/program files (x86)/cypress/psoc creator/3.3/psoc creator/import/gnu/arm/4.9.3/bin/../lib/gcc/arm-none-eabi/4.9.3/../../../../arm-none-eabi/lib/armv7-m\libg_nano.a(lib_a-memset.o)

.debug_str      0x00000000     0x427a
 *(.debug_str)
 .debug_str     0x00000000      0x880 .\CortexM3\ARM_GCC_493\Debug\main.o
                                0x915 (size before relaxing)
 .debug_str     0x00000880       0x94 .\CortexM3\ARM_GCC_493\Debug\I2C.o
                                0x592 (size before relaxing)
 .debug_str     0x00000914       0x44 .\CortexM3\ARM_GCC_493\Debug\ibuton.o
                                0x560 (size before relaxing)
 .debug_str     0x00000958        0x8 .\CortexM3\ARM_GCC_493\Debug\LCD.o
                                0x57c (size before relaxing)
 .debug_str     0x00000960      0x262 .\CortexM3\ARM_GCC_493\Debug\Print.o
                                0x758 (size before relaxing)
 .debug_str     0x00000bc2      0x104 .\CortexM3\ARM_GCC_493\Debug\Protocolo.o
                                0x667 (size before relaxing)
 .debug_str     0x00000cc6      0x13a .\CortexM3\ARM_GCC_493\Debug\Sonido.o
                                0x600 (size before relaxing)
 .debug_str     0x00000e00       0x84 .\CortexM3\ARM_GCC_493\Debug\cybootloader.o
                                0x1f3 (size before relaxing)
 .debug_str     0x00000e84       0x49 .\CortexM3\ARM_GCC_493\Debug\cymetadata.o
                                0x1b8 (size before relaxing)
 .debug_str     0x00000ecd      0x153 .\CortexM3\ARM_GCC_493\Debug\Cm3Start.o
                                0x2fa (size before relaxing)
 .debug_str     0x00001020      0x199 .\CortexM3\ARM_GCC_493\Debug\Unificada.a(cyfitter_cfg.o)
                                0x342 (size before relaxing)
 .debug_str     0x000011b9      0x37d .\CortexM3\ARM_GCC_493\Debug\Unificada.a(Surtidor.o)
                                0x5b1 (size before relaxing)
 .debug_str     0x00001536       0x52 .\CortexM3\ARM_GCC_493\Debug\Unificada.a(Surtidor_INT.o)
                                0x242 (size before relaxing)
 .debug_str     0x00001588      0x345 .\CortexM3\ARM_GCC_493\Debug\Unificada.a(Impresora.o)
                                0x606 (size before relaxing)
 .debug_str     0x000018cd       0x39 .\CortexM3\ARM_GCC_493\Debug\Unificada.a(Impresora_INT.o)
                                0x242 (size before relaxing)
 .debug_str     0x00001906      0x249 .\CortexM3\ARM_GCC_493\Debug\Unificada.a(PC.o)
                                0x4fc (size before relaxing)
 .debug_str     0x00001b4f       0x2b .\CortexM3\ARM_GCC_493\Debug\Unificada.a(PC_INT.o)
                                0x211 (size before relaxing)
 .debug_str     0x00001b7a       0xd3 .\CortexM3\ARM_GCC_493\Debug\Unificada.a(I2C_1.o)
                                0x2f4 (size before relaxing)
 .debug_str     0x00001c4d       0xe2 .\CortexM3\ARM_GCC_493\Debug\Unificada.a(I2C_1_INT.o)
                                0x276 (size before relaxing)
 .debug_str     0x00001d2f       0x62 .\CortexM3\ARM_GCC_493\Debug\Unificada.a(I2C_1_PM.o)
                                0x282 (size before relaxing)
 .debug_str     0x00001d91       0xf2 .\CortexM3\ARM_GCC_493\Debug\Unificada.a(I2C_1_MASTER.o)
                                0x3d3 (size before relaxing)
 .debug_str     0x00001e83       0x60 .\CortexM3\ARM_GCC_493\Debug\Unificada.a(Pin_WP.o)
                                0x1e3 (size before relaxing)
 .debug_str     0x00001ee3      0x26e .\CortexM3\ARM_GCC_493\Debug\Unificada.a(LCD_1.o)
                                0x56e (size before relaxing)
 .debug_str     0x00002151       0x31 .\CortexM3\ARM_GCC_493\Debug\Unificada.a(LCD_1_INT.o)
                                0x226 (size before relaxing)
 .debug_str     0x00002182      0x26e .\CortexM3\ARM_GCC_493\Debug\Unificada.a(LCD_2.o)
                                0x56e (size before relaxing)
 .debug_str     0x000023f0       0x31 .\CortexM3\ARM_GCC_493\Debug\Unificada.a(LCD_2_INT.o)
                                0x226 (size before relaxing)
 .debug_str     0x00002421       0x40 .\CortexM3\ARM_GCC_493\Debug\Unificada.a(IB1.o)
                                0x1d4 (size before relaxing)
 .debug_str     0x00002461       0x40 .\CortexM3\ARM_GCC_493\Debug\Unificada.a(IB2.o)
                                0x1d4 (size before relaxing)
 .debug_str     0x000024a1      0x1a7 .\CortexM3\ARM_GCC_493\Debug\Unificada.a(Timer_Animacion.o)
                                0x385 (size before relaxing)
 .debug_str     0x00002648       0xe7 .\CortexM3\ARM_GCC_493\Debug\Unificada.a(isr_3.o)
                                0x296 (size before relaxing)
 .debug_str     0x0000272f      0x192 .\CortexM3\ARM_GCC_493\Debug\Unificada.a(Timer_Animacion2.o)
                                0x395 (size before relaxing)
 .debug_str     0x000028c1       0xcf .\CortexM3\ARM_GCC_493\Debug\Unificada.a(isr_4.o)
                                0x296 (size before relaxing)
 .debug_str     0x00002990      0x146 .\CortexM3\ARM_GCC_493\Debug\Unificada.a(Timer_1.o)
                                0x342 (size before relaxing)
 .debug_str     0x00002ad6       0xda .\CortexM3\ARM_GCC_493\Debug\Unificada.a(isr_1.o)
                                0x296 (size before relaxing)
 .debug_str     0x00002bb0       0x8d .\CortexM3\ARM_GCC_493\Debug\Unificada.a(VDAC8_1.o)
                                0x22f (size before relaxing)
 .debug_str     0x00002c3d      0x146 .\CortexM3\ARM_GCC_493\Debug\Unificada.a(Timer_2.o)
                                0x342 (size before relaxing)
 .debug_str     0x00002d83       0xda .\CortexM3\ARM_GCC_493\Debug\Unificada.a(isr_2.o)
                                0x296 (size before relaxing)
 .debug_str     0x00002e5d       0x81 .\CortexM3\ARM_GCC_493\Debug\Unificada.a(VDAC8_2.o)
                                0x22f (size before relaxing)
 .debug_str     0x00002ede       0x9f .\CortexM3\ARM_GCC_493\Debug\Unificada.a(VDAC8_3.o)
                                0x22f (size before relaxing)
 .debug_str     0x00002f7d       0x51 .\CortexM3\ARM_GCC_493\Debug\Unificada.a(SDown.o)
                                0x1de (size before relaxing)
 .debug_str     0x00002fce      0x1b7 .\CortexM3\ARM_GCC_493\Debug\Unificada.a(Impresora_IntClock.o)
                                0x36e (size before relaxing)
 .debug_str     0x00003185      0x126 .\CortexM3\ARM_GCC_493\Debug\Unificada.a(PC_IntClock.o)
                                0x31a (size before relaxing)
 .debug_str     0x000032ab      0x144 .\CortexM3\ARM_GCC_493\Debug\Unificada.a(LCD_1_IntClock.o)
                                0x33e (size before relaxing)
 .debug_str     0x000033ef      0x144 .\CortexM3\ARM_GCC_493\Debug\Unificada.a(LCD_2_IntClock.o)
                                0x33e (size before relaxing)
 .debug_str     0x00003533      0x7a7 .\CortexM3\ARM_GCC_493\Debug\Unificada.a(CyLib.o)
                                0xa1f (size before relaxing)
 .debug_str     0x00003cda      0x35b .\CortexM3\ARM_GCC_493\Debug\Unificada.a(cyPm.o)
                                0x717 (size before relaxing)
 .debug_str     0x00004035      0x197 .\CortexM3\ARM_GCC_493\Debug\Unificada.a(CyFlash.o)
                                0x391 (size before relaxing)
 .debug_str     0x000041cc       0xae .\CortexM3\ARM_GCC_493\Debug\Unificada.a(CySpc.o)
                                0x31a (size before relaxing)

.debug_loc      0x00000000     0x5c82
 *(.debug_loc)
 .debug_loc     0x00000000       0x9e .\CortexM3\ARM_GCC_493\Debug\main.o
 .debug_loc     0x0000009e      0x3f1 .\CortexM3\ARM_GCC_493\Debug\I2C.o
 .debug_loc     0x0000048f      0x5f1 .\CortexM3\ARM_GCC_493\Debug\ibuton.o
 .debug_loc     0x00000a80      0x422 .\CortexM3\ARM_GCC_493\Debug\LCD.o