Archive member included because of file (symbol)

.\CortexM3\ARM_GCC_493\Debug\Unificada.a(cyfitter_cfg.o)
                              .\CortexM3\ARM_GCC_493\Debug\Cm3Start.o (cyfitter_cfg)
.\CortexM3\ARM_GCC_493\Debug\Unificada.a(Surtidor.o)
                              .\CortexM3\ARM_GCC_493\Debug\main.o (Surtidor_Start)
.\CortexM3\ARM_GCC_493\Debug\Unificada.a(Surtidor_INT.o)
                              .\CortexM3\ARM_GCC_493\Debug\Unificada.a(Surtidor.o) (Surtidor_RXISR)
.\CortexM3\ARM_GCC_493\Debug\Unificada.a(Impresora.o)
                              .\CortexM3\ARM_GCC_493\Debug\main.o (Impresora_Start)
.\CortexM3\ARM_GCC_493\Debug\Unificada.a(Impresora_INT.o)
                              .\CortexM3\ARM_GCC_493\Debug\Unificada.a(Impresora.o) (Impresora_RXISR)
.\CortexM3\ARM_GCC_493\Debug\Unificada.a(PC.o)
                              .\CortexM3\ARM_GCC_493\Debug\main.o (PC_Start)
.\CortexM3\ARM_GCC_493\Debug\Unificada.a(PC_INT.o)
                              .\CortexM3\ARM_GCC_493\Debug\Unificada.a(PC.o) (PC_RXISR)
.\CortexM3\ARM_GCC_493\Debug\Unificada.a(I2C_1.o)
                              .\CortexM3\ARM_GCC_493\Debug\main.o (I2C_1_Start)
.\CortexM3\ARM_GCC_493\Debug\Unificada.a(I2C_1_INT.o)
                              .\CortexM3\ARM_GCC_493\Debug\Unificada.a(I2C_1.o) (I2C_1_ISR)
.\CortexM3\ARM_GCC_493\Debug\Unificada.a(I2C_1_PM.o)
                              .\CortexM3\ARM_GCC_493\Debug\Unificada.a(I2C_1.o) (I2C_1_backup)
.\CortexM3\ARM_GCC_493\Debug\Unificada.a(I2C_1_MASTER.o)
                              .\CortexM3\ARM_GCC_493\Debug\Unificada.a(I2C_1_INT.o) (I2C_1_mstrStatus)
.\CortexM3\ARM_GCC_493\Debug\Unificada.a(Pin_WP.o)
                              .\CortexM3\ARM_GCC_493\Debug\I2C.o (Pin_WP_Write)
.\CortexM3\ARM_GCC_493\Debug\Unificada.a(LCD_1.o)
                              .\CortexM3\ARM_GCC_493\Debug\main.o (LCD_1_Start)
.\CortexM3\ARM_GCC_493\Debug\Unificada.a(LCD_1_INT.o)
                              .\CortexM3\ARM_GCC_493\Debug\Unificada.a(LCD_1.o) (LCD_1_RXISR)
.\CortexM3\ARM_GCC_493\Debug\Unificada.a(LCD_2.o)
                              .\CortexM3\ARM_GCC_493\Debug\main.o (LCD_2_Start)
.\CortexM3\ARM_GCC_493\Debug\Unificada.a(LCD_2_INT.o)
                              .\CortexM3\ARM_GCC_493\Debug\Unificada.a(LCD_2.o) (LCD_2_RXISR)
.\CortexM3\ARM_GCC_493\Debug\Unificada.a(IB1.o)
                              .\CortexM3\ARM_GCC_493\Debug\ibuton.o (IB1_Write)
.\CortexM3\ARM_GCC_493\Debug\Unificada.a(IB2.o)
                              .\CortexM3\ARM_GCC_493\Debug\ibuton.o (IB2_Write)
.\CortexM3\ARM_GCC_493\Debug\Unificada.a(Timer_Animacion.o)
                              .\CortexM3\ARM_GCC_493\Debug\main.o (Timer_Animacion_Stop)
.\CortexM3\ARM_GCC_493\Debug\Unificada.a(isr_3.o)
                              .\CortexM3\ARM_GCC_493\Debug\main.o (isr_3_StartEx)
.\CortexM3\ARM_GCC_493\Debug\Unificada.a(Timer_Animacion2.o)
                              .\CortexM3\ARM_GCC_493\Debug\main.o (Timer_Animacion2_Stop)
.\CortexM3\ARM_GCC_493\Debug\Unificada.a(isr_4.o)
                              .\CortexM3\ARM_GCC_493\Debug\main.o (isr_4_StartEx)
.\CortexM3\ARM_GCC_493\Debug\Unificada.a(Timer_1.o)
                              .\CortexM3\ARM_GCC_493\Debug\Sonido.o (Timer_1_Stop)
.\CortexM3\ARM_GCC_493\Debug\Unificada.a(isr_1.o)
                              .\CortexM3\ARM_GCC_493\Debug\Sonido.o (isr_1_StartEx)
.\CortexM3\ARM_GCC_493\Debug\Unificada.a(VDAC8_1.o)
                              .\CortexM3\ARM_GCC_493\Debug\Sonido.o (VDAC8_1_Stop)
.\CortexM3\ARM_GCC_493\Debug\Unificada.a(Timer_2.o)
                              .\CortexM3\ARM_GCC_493\Debug\Sonido.o (Timer_2_Stop)
.\CortexM3\ARM_GCC_493\Debug\Unificada.a(isr_2.o)
                              .\CortexM3\ARM_GCC_493\Debug\Sonido.o (isr_2_StartEx)
.\CortexM3\ARM_GCC_493\Debug\Unificada.a(VDAC8_2.o)
                              .\CortexM3\ARM_GCC_493\Debug\Sonido.o (VDAC8_2_Stop)
.\CortexM3\ARM_GCC_493\Debug\Unificada.a(SDown.o)
                              .\CortexM3\ARM_GCC_493\Debug\main.o (SDown_Write)
.\CortexM3\ARM_GCC_493\Debug\Unificada.a(Impresora_IntClock.o)
                              .\CortexM3\ARM_GCC_493\Debug\Unificada.a(Impresora.o) (Impresora_IntClock_Start)
.\CortexM3\ARM_GCC_493\Debug\Unificada.a(PC_IntClock.o)
                              .\CortexM3\ARM_GCC_493\Debug\Unificada.a(PC.o) (PC_IntClock_Start)
.\CortexM3\ARM_GCC_493\Debug\Unificada.a(LCD_1_IntClock.o)
                              .\CortexM3\ARM_GCC_493\Debug\Unificada.a(LCD_1.o) (LCD_1_IntClock_Start)
.\CortexM3\ARM_GCC_493\Debug\Unificada.a(LCD_2_IntClock.o)
                              .\CortexM3\ARM_GCC_493\Debug\Unificada.a(LCD_2.o) (LCD_2_IntClock_Start)
.\CortexM3\ARM_GCC_493\Debug\Unificada.a(CyBootAsmGnu.o)
                              .\CortexM3\ARM_GCC_493\Debug\Unificada.a(cyfitter_cfg.o) (CyDelayCycles)
.\CortexM3\ARM_GCC_493\Debug\Unificada.a(CyLib.o)
[...]
Memory Configuration

Name             Origin             Length             Attributes
rom              0x00000000         0x00040000         xr
ram              0x1fff8000         0x00010000         xrw
*default*        0x00000000         0xffffffff

Linker script and memory map

LOAD c:/program files (x86)/cypress/psoc creator/3.3/psoc creator/import/gnu/arm/4.9.3/bin/../lib/gcc/arm-none-eabi/4.9.3/armv7-m/crti.o
LOAD c:/program files (x86)/cypress/psoc creator/3.3/psoc creator/import/gnu/arm/4.9.3/bin/../lib/gcc/arm-none-eabi/4.9.3/armv7-m/crtbegin.o
LOAD c:/program files (x86)/cypress/psoc creator/3.3/psoc creator/import/gnu/arm/4.9.3/bin/../lib/gcc/arm-none-eabi/4.9.3/../../../../arm-none-eabi/lib/armv7-m/crt0.o
START GROUP
LOAD .\CortexM3\ARM_GCC_493\Debug\main.o
LOAD .\CortexM3\ARM_GCC_493\Debug\I2C.o
LOAD .\CortexM3\ARM_GCC_493\Debug\ibuton.o
LOAD .\CortexM3\ARM_GCC_493\Debug\LCD.o
LOAD .\CortexM3\ARM_GCC_493\Debug\Print.o
LOAD .\CortexM3\ARM_GCC_493\Debug\Protocolo.o
LOAD .\CortexM3\ARM_GCC_493\Debug\Sonido.o
LOAD .\CortexM3\ARM_GCC_493\Debug\cymetadata.o
LOAD .\CortexM3\ARM_GCC_493\Debug\Cm3Start.o
LOAD .\CortexM3\ARM_GCC_493\Debug\Unificada.a
LOAD C:\Program Files (x86)\Cypress\PSoC Creator\3.3\PSoC Creator\psoc\content\cycomponentlibrary\CyComponentLibrary.cylib\CortexM3\ARM_GCC_493\Debug\CyComponentLibrary.a
END GROUP
START GROUP
LOAD c:/program files (x86)/cypress/psoc creator/3.3/psoc creator/import/gnu/arm/4.9.3/bin/../lib/gcc/arm-none-eabi/4.9.3/armv7-m\libgcc.a
LOAD c:/program files (x86)/cypress/psoc creator/3.3/psoc creator/import/gnu/arm/4.9.3/bin/../lib/gcc/arm-none-eabi/4.9.3/../../../../arm-none-eabi/lib/armv7-m\libg_nano.a
LOAD c:/program files (x86)/cypress/psoc creator/3.3/psoc creator/import/gnu/arm/4.9.3/bin/../lib/gcc/arm-none-eabi/4.9.3/../../../../arm-none-eabi/lib/armv7-m\libc_nano.a
END GROUP
START GROUP
LOAD c:/program files (x86)/cypress/psoc creator/3.3/psoc creator/import/gnu/arm/4.9.3/bin/../lib/gcc/arm-none-eabi/4.9.3/armv7-m\libgcc.a
LOAD c:/program files (x86)/cypress/psoc creator/3.3/psoc creator/import/gnu/arm/4.9.3/bin/../lib/gcc/arm-none-eabi/4.9.3/../../../../arm-none-eabi/lib/armv7-m\libc_nano.a
END GROUP
LOAD c:/program files (x86)/cypress/psoc creator/3.3/psoc creator/import/gnu/arm/4.9.3/bin/../lib/gcc/arm-none-eabi/4.9.3/armv7-m/crtend.o
LOAD c:/program files (x86)/cypress/psoc creator/3.3/psoc creator/import/gnu/arm/4.9.3/bin/../lib/gcc/arm-none-eabi/4.9.3/armv7-m/crtn.o
START GROUP
LOAD c:/program files (x86)/cypress/psoc creator/3.3/psoc creator/import/gnu/arm/4.9.3/bin/../lib/gcc/arm-none-eabi/4.9.3/armv7-m\libgcc.a
LOAD c:/program files (x86)/cypress/psoc creator/3.3/psoc creator/import/gnu/arm/4.9.3/bin/../lib/gcc/arm-none-eabi/4.9.3/../../../../arm-none-eabi/lib/armv7-m\libc.a
LOAD c:/program files (x86)/cypress/psoc creator/3.3/psoc creator/import/gnu/arm/4.9.3/bin/../lib/gcc/arm-none-eabi/4.9.3/../../../../arm-none-eabi/lib/armv7-m\libnosys.a
END GROUP
                0x00000000                CY_APPL_ORIGIN = 0x0
                0x00000100                CY_FLASH_ROW_SIZE = 0x100
                0x00000020                CY_ECC_ROW_SIZE = 0x20
                0x00000000                CY_EE_IN_BTLDR = 0x0
                0x00000000                CY_APPL_LOADABLE = 0x0
                0x00000800                CY_EE_SIZE = 0x800
                0x00000001                CY_APPL_NUM = 0x1
                0x00000001                CY_APPL_MAX = 0x1
                0x00000040                CY_METADATA_SIZE = 0x40
                0x1fff8ae8                PROVIDE (__cy_heap_start, _end)
                0x00000001                PROVIDE (__cy_region_num, ((__cy_regions_end - __cy_regions) / 0x10))
                0x20008000                PROVIDE (__cy_stack, (ORIGIN (ram) + 0x10000))
                0x20007800                PROVIDE (__cy_heap_end, (__cy_stack - 0x800))

.cybootloader   0x00000000        0x0
 *(.cybootloader)
                0x00000000                appl1_start = CY_APPL_ORIGIN?CY_APPL_ORIGIN:ALIGN (CY_FLASH_ROW_SIZE)
                0x0001ff00                appl2_start = (appl1_start + ALIGN ((((0x40000 - appl1_start) - (0x2 * CY_FLASH_ROW_SIZE)) / 0x2), CY_FLASH_ROW_SIZE))
                0x00000000                appl_start = (CY_APPL_NUM == 0x1)?appl1_start:appl2_start
                0x00000000                ecc_offset = ((appl_start / CY_FLASH_ROW_SIZE) * CY_ECC_ROW_SIZE)
                0x00000000                ee_offset = (CY_APPL_LOADABLE && ! (CY_EE_IN_BTLDR))?((CY_EE_SIZE / CY_APPL_MAX) * (CY_APPL_NUM - 0x1)):0x0
                0x00000800                ee_size = (CY_APPL_LOADABLE && ! (CY_EE_IN_BTLDR))?(CY_EE_SIZE / CY_APPL_MAX):CY_EE_SIZE
                0x00000000                PROVIDE (CY_ECC_OFFSET, ecc_offset)

.text           0x00000000    0x11326
 CREATE_OBJECT_SYMBOLS
                0x00000000                PROVIDE (__cy_interrupt_vector, RomVectors)
 *(.romvectors)
 .romvectors    0x00000000       0x10 .\CortexM3\ARM_GCC_493\Debug\Cm3Start.o
                0x00000000                RomVectors
                0x00000001                ASSERT ((. != __cy_interrupt_vector), No interrupt vector)
                0x00000001                ASSERT (CY_APPL_ORIGIN?(SIZEOF (.cybootloader) <= CY_APPL_ORIGIN):0x1, Wrong image location)
                0x00000010                PROVIDE (__cy_reset, Reset)
 *(.text.Reset)
 .text.Reset    0x00000010       0x24 .\CortexM3\ARM_GCC_493\Debug\Cm3Start.o
                0x00000010                Reset
                0x00000001                ASSERT ((. != __cy_reset), No reset code)
 *(.dma_init)
                0x00000001                ASSERT ((((appl_start + .) <= 0x10000) || 0x1), DMA Init must be within the first 64k of flash)
 *(.text .text.* .gnu.linkonce.t.*)
 .text          0x00000034       0x5c c:/program files (x86)/cypress/psoc creator/3.3/psoc creator/import/gnu/arm/4.9.3/bin/../lib/gcc/arm-none-eabi/4.9.3/armv7-m/crtbegin.o
 .text.animacion
                0x00000090       0x48 .\CortexM3\ARM_GCC_493\Debug\main.o
                0x00000090                animacion
 .text.animacion2
                0x000000d8       0x48 .\CortexM3\ARM_GCC_493\Debug\main.o
                0x000000d8                animacion2
 .text.init     0x00000120      0x60c .\CortexM3\ARM_GCC_493\Debug\main.o
                0x00000120                init
 .text.init_surt
                0x0000072c       0xb0 .\CortexM3\ARM_GCC_493\Debug\main.o
                0x0000072c                init_surt
 .text.error_op
                0x000007dc       0x5c .\CortexM3\ARM_GCC_493\Debug\main.o
                0x000007dc                error_op
 .text.polling_LCD1
                0x00000838     0x3ed0 .\CortexM3\ARM_GCC_493\Debug\main.o
                0x00000838                polling_LCD1
 .text.polling_LCD2
                0x00004708     0x3c5c .\CortexM3\ARM_GCC_493\Debug\main.o
                0x00004708                polling_LCD2
 .text.main     0x00008364       0x14 .\CortexM3\ARM_GCC_493\Debug\main.o
                0x00008364                main
 .text.leer_hora
                0x00008378       0x60 .\CortexM3\ARM_GCC_493\Debug\I2C.o
                0x00008378                leer_hora
 .text.leer_fecha
                0x000083d8       0x60 .\CortexM3\ARM_GCC_493\Debug\I2C.o
                0x000083d8                leer_fecha
 .text.write_hora
                0x00008438       0x5c .\CortexM3\ARM_GCC_493\Debug\I2C.o
                0x00008438                write_hora
 .text.write_fecha
                0x00008494       0x64 .\CortexM3\ARM_GCC_493\Debug\I2C.o
                0x00008494                write_fecha
 .text.write_eeprom
                0x000084f8       0x7c .\CortexM3\ARM_GCC_493\Debug\I2C.o
                0x000084f8                write_eeprom
 .text.leer_eeprom
                0x00008574       0x94 .\CortexM3\ARM_GCC_493\Debug\I2C.o
                0x00008574                leer_eeprom
 .text.write_psoc1
                0x00008608       0x48 .\CortexM3\ARM_GCC_493\Debug\I2C.o
                0x00008608                write_psoc1
 .text.touch_present
                0x00008650       0x84 .\CortexM3\ARM_GCC_493\Debug\ibuton.o
                0x00008650                touch_present
 .text.touch_write
                0x000086d4       0xd4 .\CortexM3\ARM_GCC_493\Debug\ibuton.o
                0x000086d4                touch_write
 .text.touch_read_byte
                0x000087a8       0x78 .\CortexM3\ARM_GCC_493\Debug\ibuton.o
                0x000087a8                touch_read_byte
 .text.touch_read_memoria
                0x00008820      0x1b4 .\CortexM3\ARM_GCC_493\Debug\ibuton.o
                0x00008820                touch_read_memoria
 .text.touch_write_memoria
                0x000089d4      0x30c .\CortexM3\ARM_GCC_493\Debug\ibuton.o
                0x000089d4                touch_write_memoria
 .text.crc_check
                0x00008ce0       0x20 .\CortexM3\ARM_GCC_493\Debug\ibuton.o
                0x00008ce0                crc_check
 .text.set_imagen
                0x00008d00       0x6c .\CortexM3\ARM_GCC_493\Debug\LCD.o
                0x00008d00                set_imagen
 .text.write_LCD
                0x00008d6c      0x100 .\CortexM3\ARM_GCC_493\Debug\LCD.o
                0x00008d6c                write_LCD
 .text.Hora_LCD
                0x00008e6c       0xbc .\CortexM3\ARM_GCC_493\Debug\LCD.o
                0x00008e6c                Hora_LCD
 .text.Fecha_LCD
                0x00008f28       0xc8 .\CortexM3\ARM_GCC_493\Debug\LCD.o
                0x00008f28                Fecha_LCD
 .text.Nombre_LCD
                0x00008ff0      0x104 .\CortexM3\ARM_GCC_493\Debug\LCD.o
                0x00008ff0                Nombre_LCD
 .text.Precio_LCD
                0x000090f4       0xc4 .\CortexM3\ARM_GCC_493\Debug\LCD.o
                0x000090f4                Precio_LCD
 .text.Grado_LCD
                0x000091b8       0xbc .\CortexM3\ARM_GCC_493\Debug\LCD.o
                0x000091b8                Grado_LCD
 .text.direccion_LCD
                0x00009274      0x10c .\CortexM3\ARM_GCC_493\Debug\LCD.o
                0x00009274                direccion_LCD
 .text.lema1_LCD
                0x00009380      0x10c .\CortexM3\ARM_GCC_493\Debug\LCD.o
                0x00009380                lema1_LCD
 .text.lema2_LCD
                0x0000948c      0x10c .\CortexM3\ARM_GCC_493\Debug\LCD.o
                0x0000948c                lema2_LCD
 .text.telefono_LCD
                0x00009598      0x10c .\CortexM3\ARM_GCC_493\Debug\LCD.o
                0x00009598                telefono_LCD
 .text.nit_LCD  0x000096a4      0x10c .\CortexM3\ARM_GCC_493\Debug\LCD.o
                0x000096a4                nit_LCD
 .text.Cuenta_LCD
                0x000097b0      0x104 .\CortexM3\ARM_GCC_493\Debug\LCD.o
                0x000097b0                Cuenta_LCD
 .text.Placa_LCD
                0x000098b4      0x108 .\CortexM3\ARM_GCC_493\Debug\LCD.o
                0x000098b4                Placa_LCD
 .text.writemini_LCD
                0x000099bc      0x108 .\CortexM3\ARM_GCC_493\Debug\LCD.o
                0x000099bc                writemini_LCD
 .text.operacion
                0x00009ac4      0x128 .\CortexM3\ARM_GCC_493\Debug\Print.o
                0x00009ac4                operacion
 .text.print_logo_k
                0x00009bec      0x200 .\CortexM3\ARM_GCC_493\Debug\Print.o
                0x00009bec                print_logo_k
 .text.print_logo_p
                0x00009dec      0x1f0 .\CortexM3\ARM_GCC_493\Debug\Print.o
                0x00009dec                print_logo_p
 .text.print_totales
                0x00009fdc      0x110 .\CortexM3\ARM_GCC_493\Debug\Print.o
                0x00009fdc                print_totales
 .text.print_totalesac
                0x0000a0ec      0x114 .\CortexM3\ARM_GCC_493\Debug\Print.o
                0x0000a0ec                print_totalesac
 .text.print_valor
                0x0000a200       0x50 .\CortexM3\ARM_GCC_493\Debug\Print.o
                0x0000a200                print_valor
 .text.imprimir
                0x0000a250     0x1018 .\CortexM3\ARM_GCC_493\Debug\Print.o
                0x0000a250                imprimir
 .text.imprimir_corte
                0x0000b268      0x758 .\CortexM3\ARM_GCC_493\Debug\Print.o
                0x0000b268                imprimir_corte
 .text.ver_pos  0x0000b9c0       0x80 .\CortexM3\ARM_GCC_493\Debug\Protocolo.o
                0x0000b9c0                ver_pos
 .text.get_estado
                0x0000ba40       0x28 .\CortexM3\ARM_GCC_493\Debug\Protocolo.o
                0x0000ba40                get_estado
 .text.estado_ex
                0x0000ba68       0xe8 .\CortexM3\ARM_GCC_493\Debug\Protocolo.o
                0x0000ba68                estado_ex
 .text.venta    0x0000bb50      0x1e8 .\CortexM3\ARM_GCC_493\Debug\Protocolo.o
                0x0000bb50                venta
 .text.get_totales
                0x0000bd38     0x3274 .\CortexM3\ARM_GCC_493\Debug\Protocolo.o
                0x0000bd38                get_totales
 .text.programar
                0x0000efac      0x484 .\CortexM3\ARM_GCC_493\Debug\Protocolo.o
                0x0000efac                programar
 .text.cambiar_precio
                0x0000f430      0x2c4 .\CortexM3\ARM_GCC_493\Debug\Protocolo.o
                0x0000f430                cambiar_precio
 .text.Interrupcion_1
                0x0000f6f4       0xd8 .\CortexM3\ARM_GCC_493\Debug\Sonido.o
                0x0000f6f4                Interrupcion_1
 .text.Interrupcion_2
                0x0000f7cc       0xe0 .\CortexM3\ARM_GCC_493\Debug\Sonido.o
                0x0000f7cc                Interrupcion_2
 .text.sonido   0x0000f8ac       0x60 .\CortexM3\ARM_GCC_493\Debug\Sonido.o
                0x0000f8ac                sonido
 .text.IntDefaultHandler
                0x0000f90c        0x4 .\CortexM3\ARM_GCC_493\Debug\Cm3Start.o
                0x0000f90c                IntDefaultHandler
 .text.Start_c  0x0000f910       0x4c .\CortexM3\ARM_GCC_493\Debug\Cm3Start.o
                0x0000f910                Start_c
 .text.initialize_psoc
                0x0000f95c       0x74 .\CortexM3\ARM_GCC_493\Debug\Cm3Start.o
                0x0000f95c                initialize_psoc
 .text.CyClockStartupError
                0x0000f9d0        0x4 .\CortexM3\ARM_GCC_493\Debug\Unificada.a(cyfitter_cfg.o)
 .text.cfg_write_bytes32
                0x0000f9d4       0x34 .\CortexM3\ARM_GCC_493\Debug\Unificada.a(cyfitter_cfg.o)
 .text.AnalogSetDefault
                0x0000fa08       0x54 .\CortexM3\ARM_GCC_493\Debug\Unificada.a(cyfitter_cfg.o)
 .text.CYMEMZERO
                0x0000fa5c        0xc .\CortexM3\ARM_GCC_493\Debug\Unificada.a(cyfitter_cfg.o)
 .text.ClockSetup
                0x0000fa68      0x104 .\CortexM3\ARM_GCC_493\Debug\Unificada.a(cyfitter_cfg.o)
 .text.CYCONFIGCPY
                0x0000fb6c        0x8 .\CortexM3\ARM_GCC_493\Debug\Unificada.a(cyfitter_cfg.o)
 .text.cyfitter_cfg
                0x0000fb74      0x170 .\CortexM3\ARM_GCC_493\Debug\Unificada.a(cyfitter_cfg.o)
                0x0000fb74                cyfitter_cfg
 .text.Surtidor_Init
                0x0000fce4       0x3c .\CortexM3\ARM_GCC_493\Debug\Unificada.a(Surtidor.o)
                0x0000fce4                Surtidor_Init
 .text.Surtidor_Enable
                0x0000fd20       0x3c .\CortexM3\ARM_GCC_493\Debug\Unificada.a(Surtidor.o)
                0x0000fd20                Surtidor_Enable
 .text.Surtidor_Start
                0x0000fd5c       0x1c .\CortexM3\ARM_GCC_493\Debug\Unificada.a(Surtidor.o)
                0x0000fd5c                Surtidor_Start
 .text.Surtidor_EnableRxInt
                0x0000fd78        0xc .\CortexM3\ARM_GCC_493\Debug\Unificada.a(Surtidor.o)
                0x0000fd78                Surtidor_EnableRxInt
 .text.Surtidor_DisableRxInt
                0x0000fd84        0xc .\CortexM3\ARM_GCC_493\Debug\Unificada.a(Surtidor.o)
                0x0000fd84                Surtidor_DisableRxInt
 .text.Surtidor_ReadRxData
                0x0000fd90       0x5c .\CortexM3\ARM_GCC_493\Debug\Unificada.a(Surtidor.o)
                0x0000fd90                Surtidor_ReadRxData
 .text.Surtidor_GetRxBufferSize
                0x0000fdec       0x60 .\CortexM3\ARM_GCC_493\Debug\Unificada.a(Surtidor.o)
                0x0000fdec                Surtidor_GetRxBufferSize
 .text.Surtidor_ClearRxBuffer
                0x0000fe4c       0x3c .\CortexM3\ARM_GCC_493\Debug\Unificada.a(Surtidor.o)
                0x0000fe4c                Surtidor_ClearRxBuffer
 .text.Surtidor_PutChar
                0x0000fe88       0x18 .\CortexM3\ARM_GCC_493\Debug\Unificada.a(Surtidor.o)
                0x0000fe88                Surtidor_PutChar
 .text.Surtidor_RXISR
                0x0000fea0       0x80 .\CortexM3\ARM_GCC_493\Debug\Unificada.a(Surtidor_INT.o)
                0x0000fea0                Surtidor_RXISR
 .text.Impresora_Init
                0x0000ff20       0x3c .\CortexM3\ARM_GCC_493\Debug\Unificada.a(Impresora.o)
                0x0000ff20                Impresora_Init
 .text.Impresora_Enable
                0x0000ff5c       0x44 .\CortexM3\ARM_GCC_493\Debug\Unificada.a(Impresora.o)
                0x0000ff5c                Impresora_Enable
 .text.Impresora_Start
                0x0000ffa0       0x1c .\CortexM3\ARM_GCC_493\Debug\Unificada.a(Impresora.o)
                0x0000ffa0                Impresora_Start
 .text.Impresora_RXISR
                0x0000ffbc       0x80 .\CortexM3\ARM_GCC_493\Debug\Unificada.a(Impresora_INT.o)
                0x0000ffbc                Impresora_RXISR
 .text.PC_Init  0x0001003c       0x3c .\CortexM3\ARM_GCC_493\Debug\Unificada.a(PC.o)
                0x0001003c                PC_Init
 .text.PC_Enable
                0x00010078       0x44 .\CortexM3\ARM_GCC_493\Debug\Unificada.a(PC.o)
                0x00010078                PC_Enable
 .text.PC_Start
                0x000100bc       0x1c .\CortexM3\ARM_GCC_493\Debug\Unificada.a(PC.o)
                0x000100bc                PC_Start
 .text.PC_RXISR
                0x000100d8       0x80 .\CortexM3\ARM_GCC_493\Debug\Unificada.a(PC_INT.o)
                0x000100d8                PC_RXISR
 .text.I2C_1_Init
                0x00010158       0x58 .\CortexM3\ARM_GCC_493\Debug\Unificada.a(I2C_1.o)
                0x00010158                I2C_1_Init
 .text.I2C_1_Enable
                0x000101b0       0x24 .\CortexM3\ARM_GCC_493\Debug\Unificada.a(I2C_1.o)
                0x000101b0                I2C_1_Enable
 .text.I2C_1_Start
                0x000101d4       0x28 .\CortexM3\ARM_GCC_493\Debug\Unificada.a(I2C_1.o)
                0x000101d4                I2C_1_Start
 .text.I2C_1_ISR
                0x000101fc      0x2d0 .\CortexM3\ARM_GCC_493\Debug\Unificada.a(I2C_1_INT.o)
                0x000101fc                I2C_1_ISR
 .text.I2C_1_MasterSendStart
                0x000104cc       0x80 .\CortexM3\ARM_GCC_493\Debug\Unificada.a(I2C_1_MASTER.o)
                0x000104cc                I2C_1_MasterSendStart
 .text.I2C_1_MasterSendStop
                0x0001054c       0x38 .\CortexM3\ARM_GCC_493\Debug\Unificada.a(I2C_1_MASTER.o)
                0x0001054c                I2C_1_MasterSendStop
 .text.I2C_1_MasterWriteByte
                0x00010584       0x58 .\CortexM3\ARM_GCC_493\Debug\Unificada.a(I2C_1_MASTER.o)
                0x00010584                I2C_1_MasterWriteByte
 .text.I2C_1_MasterReadByte
                0x000105dc       0x58 .\CortexM3\ARM_GCC_493\Debug\Unificada.a(I2C_1_MASTER.o)
                0x000105dc                I2C_1_MasterReadByte
 .text.I2C_1_MasterClearStatus
                0x00010634       0x10 .\CortexM3\ARM_GCC_493\Debug\Unificada.a(I2C_1_MASTER.o)
                0x00010634                I2C_1_MasterClearStatus
 .text.I2C_1_MasterClearReadBuf
                0x00010644       0x1c .\CortexM3\ARM_GCC_493\Debug\Unificada.a(I2C_1_MASTER.o)
                0x00010644                I2C_1_MasterClearReadBuf
 .text.I2C_1_MasterClearWriteBuf
                0x00010660       0x1c .\CortexM3\ARM_GCC_493\Debug\Unificada.a(I2C_1_MASTER.o)
                0x00010660                I2C_1_MasterClearWriteBuf
 .text.I2C_1_Workaround
                0x0001067c        0x4 .\CortexM3\ARM_GCC_493\Debug\Unificada.a(I2C_1_MASTER.o)
                0x0001067c                I2C_1_Workaround
 .text.Pin_WP_Write
                0x00010680       0x18 .\CortexM3\ARM_GCC_493\Debug\Unificada.a(Pin_WP.o)
                0x00010680                Pin_WP_Write
 .text.LCD_1_Init
                0x00010698       0x3c .\CortexM3\ARM_GCC_493\Debug\Unificada.a(LCD_1.o)
                0x00010698                LCD_1_Init
 .text.LCD_1_Enable
                0x000106d4       0x44 .\CortexM3\ARM_GCC_493\Debug\Unificada.a(LCD_1.o)
                0x000106d4                LCD_1_Enable
 .text.LCD_1_Start
                0x00010718       0x1c .\CortexM3\ARM_GCC_493\Debug\Unificada.a(LCD_1.o)
                0x00010718                LCD_1_Start
 .text.LCD_1_EnableRxInt
                0x00010734        0xc .\CortexM3\ARM_GCC_493\Debug\Unificada.a(LCD_1.o)
                0x00010734                LCD_1_EnableRxInt
 .text.LCD_1_DisableRxInt
                0x00010740        0xc .\CortexM3\ARM_GCC_493\Debug\Unificada.a(LCD_1.o)
                0x00010740                LCD_1_DisableRxInt
 .text.LCD_1_GetRxBufferSize
                0x0001074c       0x54 .\CortexM3\ARM_GCC_493\Debug\Unificada.a(LCD_1.o)
                0x0001074c                LCD_1_GetRxBufferSize
 .text.LCD_1_ClearRxBuffer
                0x000107a0       0x3c .\CortexM3\ARM_GCC_493\Debug\Unificada.a(LCD_1.o)
                0x000107a0                LCD_1_ClearRxBuffer
 .text.LCD_1_PutChar
                0x000107dc       0x18 .\CortexM3\ARM_GCC_493\Debug\Unificada.a(LCD_1.o)
                0x000107dc                LCD_1_PutChar
 .text.LCD_1_RXISR
                0x000107f4       0x80 .\CortexM3\ARM_GCC_493\Debug\Unificada.a(LCD_1_INT.o)
                0x000107f4                LCD_1_RXISR
 .text.LCD_2_Init
                0x00010874       0x3c .\CortexM3\ARM_GCC_493\Debug\Unificada.a(LCD_2.o)
                0x00010874                LCD_2_Init
 .text.LCD_2_Enable
                0x000108b0       0x44 .\CortexM3\ARM_GCC_493\Debug\Unificada.a(LCD_2.o)
                0x000108b0                LCD_2_Enable
 .text.LCD_2_Start
                0x000108f4       0x1c .\CortexM3\ARM_GCC_493\Debug\Unificada.a(LCD_2.o)
                0x000108f4                LCD_2_Start
 .text.LCD_2_EnableRxInt
                0x00010910        0xc .\CortexM3\ARM_GCC_493\Debug\Unificada.a(LCD_2.o)
                0x00010910                LCD_2_EnableRxInt
 .text.LCD_2_DisableRxInt
                0x0001091c        0xc .\CortexM3\ARM_GCC_493\Debug\Unificada.a(LCD_2.o)
                0x0001091c                LCD_2_DisableRxInt
 .text.LCD_2_GetRxBufferSize
                0x00010928       0x54 .\CortexM3\ARM_GCC_493\Debug\Unificada.a(LCD_2.o)
                0x00010928                LCD_2_GetRxBufferSize
 .text.LCD_2_ClearRxBuffer
                0x0001097c       0x3c .\CortexM3\ARM_GCC_493\Debug\Unificada.a(LCD_2.o)
                0x0001097c                LCD_2_ClearRxBuffer
 .text.LCD_2_PutChar
                0x000109b8       0x18 .\CortexM3\ARM_GCC_493\Debug\Unificada.a(LCD_2.o)
                0x000109b8                LCD_2_PutChar
 .text.LCD_2_RXISR
                0x000109d0       0x80 .\CortexM3\ARM_GCC_493\Debug\Unificada.a(LCD_2_INT.o)
                0x000109d0                LCD_2_RXISR
 .text.IB1_Write
                0x00010a50       0x18 .\CortexM3\ARM_GCC_493\Debug\Unificada.a(IB1.o)
                0x00010a50                IB1_Write
 .text.IB1_Read
                0x00010a68       0x10 .\CortexM3\ARM_GCC_493\Debug\Unificada.a(IB1.o)
                0x00010a68                IB1_Read
 .text.IB2_Write
                0x00010a78       0x18 .\CortexM3\ARM_GCC_493\Debug\Unificada.a(IB2.o)
                0x00010a78                IB2_Write
 .text.IB2_Read
                0x00010a90        0xc .\CortexM3\ARM_GCC_493\Debug\Unificada.a(IB2.o)
                0x00010a90                IB2_Read
 .text.Timer_Animacion_Enable
                0x00010a9c       0x28 .\CortexM3\ARM_GCC_493\Debug\Unificada.a(Timer_Animacion.o)
                0x00010a9c                Timer_Animacion_Enable
 .text.Timer_Animacion_Stop
                0x00010ac4       0x28 .\CortexM3\ARM_GCC_493\Debug\Unificada.a(Timer_Animacion.o)
                0x00010ac4                Timer_Animacion_Stop
 .text.Timer_Animacion_SetInterruptMode
                0x00010aec        0xc .\CortexM3\ARM_GCC_493\Debug\Unificada.a(Timer_Animacion.o)
                0x00010aec                Timer_Animacion_SetInterruptMode
 .text.Timer_Animacion_ReadStatusRegister
                0x00010af8        0xc .\CortexM3\ARM_GCC_493\Debug\Unificada.a(Timer_Animacion.o)
                0x00010af8                Timer_Animacion_ReadStatusRegister
 .text.Timer_Animacion_WritePeriod
                0x00010b04        0xc .\CortexM3\ARM_GCC_493\Debug\Unificada.a(Timer_Animacion.o)
                0x00010b04                Timer_Animacion_WritePeriod
 .text.Timer_Animacion_WriteCounter
                0x00010b10        0xc .\CortexM3\ARM_GCC_493\Debug\Unificada.a(Timer_Animacion.o)
                0x00010b10                Timer_Animacion_WriteCounter
 .text.Timer_Animacion_Init
                0x00010b1c       0x68 .\CortexM3\ARM_GCC_493\Debug\Unificada.a(Timer_Animacion.o)
                0x00010b1c                Timer_Animacion_Init
 .text.Timer_Animacion_Start
                0x00010b84       0x1c .\CortexM3\ARM_GCC_493\Debug\Unificada.a(Timer_Animacion.o)
                0x00010b84                Timer_Animacion_Start
 .text.isr_3_SetVector
                0x00010ba0       0x10 .\CortexM3\ARM_GCC_493\Debug\Unificada.a(isr_3.o)
                0x00010ba0                isr_3_SetVector
 .text.isr_3_SetPriority
                0x00010bb0       0x10 .\CortexM3\ARM_GCC_493\Debug\Unificada.a(isr_3.o)
                0x00010bb0                isr_3_SetPriority
 .text.isr_3_Enable
                0x00010bc0       0x10 .\CortexM3\ARM_GCC_493\Debug\Unificada.a(isr_3.o)
                0x00010bc0                isr_3_Enable
 .text.isr_3_Disable
                0x00010bd0       0x10 .\CortexM3\ARM_GCC_493\Debug\Unificada.a(isr_3.o)
                0x00010bd0                isr_3_Disable
 .text.isr_3_StartEx
                0x00010be0       0x1c .\CortexM3\ARM_GCC_493\Debug\Unificada.a(isr_3.o)
                0x00010be0                isr_3_StartEx
 .text.isr_3_Stop
                0x00010bfc       0x14 .\CortexM3\ARM_GCC_493\Debug\Unificada.a(isr_3.o)
                0x00010bfc                isr_3_Stop
 .text.Timer_Animacion2_Enable
                0x00010c10       0x28 .\CortexM3\ARM_GCC_493\Debug\Unificada.a(Timer_Animacion2.o)
                0x00010c10                Timer_Animacion2_Enable
 .text.Timer_Animacion2_Stop
                0x00010c38       0x28 .\CortexM3\ARM_GCC_493\Debug\Unificada.a(Timer_Animacion2.o)
                0x00010c38                Timer_Animacion2_Stop
 .text.Timer_Animacion2_SetInterruptMode
                0x00010c60        0xc .\CortexM3\ARM_GCC_493\Debug\Unificada.a(Timer_Animacion2.o)
                0x00010c60                Timer_Animacion2_SetInterruptMode
 .text.Timer_Animacion2_ReadStatusRegister
                0x00010c6c        0xc .\CortexM3\ARM_GCC_493\Debug\Unificada.a(Timer_Animacion2.o)
                0x00010c6c                Timer_Animacion2_ReadStatusRegister
 .text.Timer_Animacion2_WritePeriod
                0x00010c78        0xc .\CortexM3\ARM_GCC_493\Debug\Unificada.a(Timer_Animacion2.o)
                0x00010c78                Timer_Animacion2_WritePeriod
 .text.Timer_Animacion2_WriteCounter
                0x00010c84        0xc .\CortexM3\ARM_GCC_493\Debug\Unificada.a(Timer_Animacion2.o)
                0x00010c84                Timer_Animacion2_WriteCounter
 .text.Timer_Animacion2_Init
                0x00010c90       0x68 .\CortexM3\ARM_GCC_493\Debug\Unificada.a(Timer_Animacion2.o)
                0x00010c90                Timer_Animacion2_Init
 .text.Timer_Animacion2_Start
                0x00010cf8       0x1c .\CortexM3\ARM_GCC_493\Debug\Unificada.a(Timer_Animacion2.o)
                0x00010cf8                Timer_Animacion2_Start
 .text.isr_4_SetVector
                0x00010d14       0x10 .\CortexM3\ARM_GCC_493\Debug\Unificada.a(isr_4.o)
                0x00010d14                isr_4_SetVector
 .text.isr_4_SetPriority
                0x00010d24       0x10 .\CortexM3\ARM_GCC_493\Debug\Unificada.a(isr_4.o)
                0x00010d24                isr_4_SetPriority
 .text.isr_4_Enable
                0x00010d34       0x10 .\CortexM3\ARM_GCC_493\Debug\Unificada.a(isr_4.o)
                0x00010d34                isr_4_Enable
 .text.isr_4_Disable
                0x00010d44       0x10 .\CortexM3\ARM_GCC_493\Debug\Unificada.a(isr_4.o)
                0x00010d44                isr_4_Disable
 .text.isr_4_StartEx
                0x00010d54       0x1c .\CortexM3\ARM_GCC_493\Debug\Unificada.a(isr_4.o)
                0x00010d54                isr_4_StartEx
 .text.isr_4_Stop
                0x00010d70       0x14 .\CortexM3\ARM_GCC_493\Debug\Unificada.a(isr_4.o)
                0x00010d70                isr_4_Stop
 .text.Timer_1_Enable
                0x00010d84       0x10 .\CortexM3\ARM_GCC_493\Debug\Unificada.a(Timer_1.o)
                0x00010d84                Timer_1_Enable
 .text.Timer_1_Stop
                0x00010d94       0x10 .\CortexM3\ARM_GCC_493\Debug\Unificada.a(Timer_1.o)
                0x00010d94                Timer_1_Stop
 .text.Timer_1_SetInterruptMode
                0x00010da4        0xc .\CortexM3\ARM_GCC_493\Debug\Unificada.a(Timer_1.o)
                0x00010da4                Timer_1_SetInterruptMode
 .text.Timer_1_ReadStatusRegister
                0x00010db0        0xc .\CortexM3\ARM_GCC_493\Debug\Unificada.a(Timer_1.o)
                0x00010db0                Timer_1_ReadStatusRegister
 .text.Timer_1_WritePeriod
                0x00010dbc        0xc .\CortexM3\ARM_GCC_493\Debug\Unificada.a(Timer_1.o)
                0x00010dbc                Timer_1_WritePeriod
 .text.Timer_1_ReadCapture
                0x00010dc8        0xc .\CortexM3\ARM_GCC_493\Debug\Unificada.a(Timer_1.o)
                0x00010dc8                Timer_1_ReadCapture
 .text.Timer_1_WriteCounter
                0x00010dd4        0xc .\CortexM3\ARM_GCC_493\Debug\Unificada.a(Timer_1.o)
                0x00010dd4                Timer_1_WriteCounter
 .text.Timer_1_ClearFIFO
                0x00010de0       0x14 .\CortexM3\ARM_GCC_493\Debug\Unificada.a(Timer_1.o)
                0x00010de0                Timer_1_ClearFIFO
 .text.Timer_1_Init
                0x00010df4       0x30 .\CortexM3\ARM_GCC_493\Debug\Unificada.a(Timer_1.o)
                0x00010df4                Timer_1_Init
 .text.Timer_1_Start
                0x00010e24       0x1c .\CortexM3\ARM_GCC_493\Debug\Unificada.a(Timer_1.o)
                0x00010e24                Timer_1_Start
 .text.isr_1_SetVector
                0x00010e40        0xc .\CortexM3\ARM_GCC_493\Debug\Unificada.a(isr_1.o)
                0x00010e40                isr_1_SetVector
 .text.isr_1_SetPriority
                0x00010e4c       0x10 .\CortexM3\ARM_GCC_493\Debug\Unificada.a(isr_1.o)
                0x00010e4c                isr_1_SetPriority
 .text.isr_1_Enable
                0x00010e5c        0xc .\CortexM3\ARM_GCC_493\Debug\Unificada.a(isr_1.o)
                0x00010e5c                isr_1_Enable
 .text.isr_1_Disable
                0x00010e68        0xc .\CortexM3\ARM_GCC_493\Debug\Unificada.a(isr_1.o)
                0x00010e68                isr_1_Disable
 .text.isr_1_StartEx
                0x00010e74       0x1c .\CortexM3\ARM_GCC_493\Debug\Unificada.a(isr_1.o)
                0x00010e74                isr_1_StartEx
 .text.VDAC8_1_Enable
                0x00010e90       0x1c .\CortexM3\ARM_GCC_493\Debug\Unificada.a(VDAC8_1.o)
                0x00010e90                VDAC8_1_Enable
 .text.VDAC8_1_Stop
                0x00010eac       0x1c .\CortexM3\ARM_GCC_493\Debug\Unificada.a(VDAC8_1.o)
                0x00010eac                VDAC8_1_Stop
 .text.VDAC8_1_SetSpeed
                0x00010ec8       0x1c .\CortexM3\ARM_GCC_493\Debug\Unificada.a(VDAC8_1.o)
                0x00010ec8                VDAC8_1_SetSpeed
 .text.VDAC8_1_SetValue
                0x00010ee4        0xc .\CortexM3\ARM_GCC_493\Debug\Unificada.a(VDAC8_1.o)
                0x00010ee4                VDAC8_1_SetValue
 .text.VDAC8_1_DacTrim
                0x00010ef0       0x24 .\CortexM3\ARM_GCC_493\Debug\Unificada.a(VDAC8_1.o)
                0x00010ef0                VDAC8_1_DacTrim
 .text.VDAC8_1_SetRange
                0x00010f14       0x20 .\CortexM3\ARM_GCC_493\Debug\Unificada.a(VDAC8_1.o)
                0x00010f14                VDAC8_1_SetRange
 .text.VDAC8_1_Init
                0x00010f34       0x20 .\CortexM3\ARM_GCC_493\Debug\Unificada.a(VDAC8_1.o)
                0x00010f34                VDAC8_1_Init
 .text.VDAC8_1_Start
                0x00010f54       0x24 .\CortexM3\ARM_GCC_493\Debug\Unificada.a(VDAC8_1.o)
                0x00010f54                VDAC8_1_Start
 .text.Timer_2_Enable
                0x00010f78       0x10 .\CortexM3\ARM_GCC_493\Debug\Unificada.a(Timer_2.o)
                0x00010f78                Timer_2_Enable
 .text.Timer_2_Stop
                0x00010f88       0x10 .\CortexM3\ARM_GCC_493\Debug\Unificada.a(Timer_2.o)
                0x00010f88                Timer_2_Stop
 .text.Timer_2_SetInterruptMode
                0x00010f98        0xc .\CortexM3\ARM_GCC_493\Debug\Unificada.a(Timer_2.o)
                0x00010f98                Timer_2_SetInterruptMode
 .text.Timer_2_ReadStatusRegister
                0x00010fa4        0xc .\CortexM3\ARM_GCC_493\Debug\Unificada.a(Timer_2.o)
                0x00010fa4                Timer_2_ReadStatusRegister
 .text.Timer_2_WritePeriod
                0x00010fb0        0xc .\CortexM3\ARM_GCC_493\Debug\Unificada.a(Timer_2.o)
                0x00010fb0                Timer_2_WritePeriod
 .text.Timer_2_ReadCapture
                0x00010fbc        0xc .\CortexM3\ARM_GCC_493\Debug\Unificada.a(Timer_2.o)
                0x00010fbc                Timer_2_ReadCapture
 .text.Timer_2_WriteCounter
                0x00010fc8        0xc .\CortexM3\ARM_GCC_493\Debug\Unificada.a(Timer_2.o)
                0x00010fc8                Timer_2_WriteCounter
 .text.Timer_2_ClearFIFO
                0x00010fd4       0x14 .\CortexM3\ARM_GCC_493\Debug\Unificada.a(Timer_2.o)
                0x00010fd4                Timer_2_ClearFIFO
 .text.Timer_2_Init
                0x00010fe8       0x30 .\CortexM3\ARM_GCC_493\Debug\Unificada.a(Timer_2.o)
                0x00010fe8                Timer_2_Init
 .text.Timer_2_Start
                0x00011018       0x1c .\CortexM3\ARM_GCC_493\Debug\Unificada.a(Timer_2.o)
                0x00011018                Timer_2_Start
 .text.isr_2_SetVector
                0x00011034        0xc .\CortexM3\ARM_GCC_493\Debug\Unificada.a(isr_2.o)
                0x00011034                isr_2_SetVector
 .text.isr_2_SetPriority
                0x00011040       0x10 .\CortexM3\ARM_GCC_493\Debug\Unificada.a(isr_2.o)
                0x00011040                isr_2_SetPriority
 .text.isr_2_Enable
                0x00011050        0xc .\CortexM3\ARM_GCC_493\Debug\Unificada.a(isr_2.o)
                0x00011050                isr_2_Enable
 .text.isr_2_Disable
                0x0001105c        0xc .\CortexM3\ARM_GCC_493\Debug\Unificada.a(isr_2.o)
                0x0001105c                isr_2_Disable
 .text.isr_2_StartEx
                0x00011068       0x1c .\CortexM3\ARM_GCC_493\Debug\Unificada.a(isr_2.o)
                0x00011068                isr_2_StartEx
 .text.VDAC8_2_Enable
                0x00011084       0x1c .\CortexM3\ARM_GCC_493\Debug\Unificada.a(VDAC8_2.o)
                0x00011084                VDAC8_2_Enable
 .text.VDAC8_2_Stop
                0x000110a0       0x1c .\CortexM3\ARM_GCC_493\Debug\Unificada.a(VDAC8_2.o)
                0x000110a0                VDAC8_2_Stop
 .text.VDAC8_2_SetSpeed
                0x000110bc       0x1c .\CortexM3\ARM_GCC_493\Debug\Unificada.a(VDAC8_2.o)
                0x000110bc                VDAC8_2_SetSpeed
 .text.VDAC8_2_SetValue
                0x000110d8        0xc .\CortexM3\ARM_GCC_493\Debug\Unificada.a(VDAC8_2.o)
                0x000110d8                VDAC8_2_SetValue
 .text.VDAC8_2_DacTrim
                0x000110e4       0x24 .\CortexM3\ARM_GCC_493\Debug\Unificada.a(VDAC8_2.o)
                0x000110e4                VDAC8_2_DacTrim
 .text.VDAC8_2_SetRange
                0x00011108       0x20 .\CortexM3\ARM_GCC_493\Debug\Unificada.a(VDAC8_2.o)
                0x00011108                VDAC8_2_SetRange
 .text.VDAC8_2_Init
                0x00011128       0x20 .\CortexM3\ARM_GCC_493\Debug\Unificada.a(VDAC8_2.o)
                0x00011128                VDAC8_2_Init
 .text.VDAC8_2_Start
                0x00011148       0x24 .\CortexM3\ARM_GCC_493\Debug\Unificada.a(VDAC8_2.o)
                0x00011148                VDAC8_2_Start
 .text.SDown_Write
                0x0001116c       0x18 .\CortexM3\ARM_GCC_493\Debug\Unificada.a(SDown.o)
                0x0001116c                SDown_Write
 .text.Impresora_IntClock_Start
                0x00011184       0x1c .\CortexM3\ARM_GCC_493\Debug\Unificada.a(Impresora_IntClock.o)
                0x00011184                Impresora_IntClock_Start
 .text.PC_IntClock_Start
                0x000111a0       0x1c .\CortexM3\ARM_GCC_493\Debug\Unificada.a(PC_IntClock.o)
                0x000111a0                PC_IntClock_Start
 .text.LCD_1_IntClock_Start
                0x000111bc       0x1c .\CortexM3\ARM_GCC_493\Debug\Unificada.a(LCD_1_IntClock.o)
                0x000111bc                LCD_1_IntClock_Start
 .text.LCD_2_IntClock_Start
                0x000111d8       0x1c .\CortexM3\ARM_GCC_493\Debug\Unificada.a(LCD_2_IntClock.o)
                0x000111d8                LCD_2_IntClock_Start
 *fill*         0x000111f4        0x4 
 .text          0x000111f8       0x20 .\CortexM3\ARM_GCC_493\Debug\Unificada.a(CyBootAsmGnu.o)
                0x000111f8                CyDelayCycles
                0x00011208                CyEnterCriticalSection
                0x00011210                CyExitCriticalSection
 .text.CyHalt   0x00011218        0x4 .\CortexM3\ARM_GCC_493\Debug\Unificada.a(CyLib.o)
                0x00011218                CyHalt
 .text.CyDelay  0x0001121c       0x2c .\CortexM3\ARM_GCC_493\Debug\Unificada.a(CyLib.o)
                0x0001121c                CyDelay
 .text.CyDelayUs
                0x00011248       0x14 .\CortexM3\ARM_GCC_493\Debug\Unificada.a(CyLib.o)
                0x00011248                CyDelayUs
 .text.CyIntSetVector
                0x0001125c       0x28 .\CortexM3\ARM_GCC_493\Debug\Unificada.a(CyLib.o)
                0x0001125c                CyIntSetVector
 .text.CyIntSetPriority
                0x00011284       0x30 .\CortexM3\ARM_GCC_493\Debug\Unificada.a(CyLib.o)
                0x00011284                CyIntSetPriority
 .text.__libc_init_array
                0x000112b4       0x4c c:/program files (x86)/cypress/psoc creator/3.3/psoc creator/import/gnu/arm/4.9.3/bin/../lib/gcc/arm-none-eabi/4.9.3/../../../../arm-none-eabi/lib/armv7-m\libg_nano.a(lib_a-init.o)
                0x000112b4                __libc_init_array
 .text.memcpy   0x00011300       0x16 c:/program files (x86)/cypress/psoc creator/3.3/psoc creator/import/gnu/arm/4.9.3/bin/../lib/gcc/arm-none-eabi/4.9.3/../../../../arm-none-eabi/lib/armv7-m\libg_nano.a(lib_a-memcpy.o)
                0x00011300                memcpy
 .text.memset   0x00011316       0x10 c:/program files (x86)/cypress/psoc creator/3.3/psoc creator/import/gnu/arm/4.9.3/bin/../lib/gcc/arm-none-eabi/4.9.3/../../../../arm-none-eabi/lib/armv7-m\libg_nano.a(lib_a-memset.o)
                0x00011316                memset
 *(.plt)
 *(.gnu.warning)
 *(.glue_7t)
 .glue_7t       0x00000000        0x0 linker stubs
 *(.glue_7)
 .glue_7        0x00000000        0x0 linker stubs
 *(.vfp11_veneer)
 .vfp11_veneer  0x00000000        0x0 linker stubs
 *(.bootloader)
 *(.ARM.extab* .gnu.linkonce.armextab.*)
 *(.gcc_except_table)

.v4_bx          0x00011328        0x0
 .v4_bx         0x00000000        0x0 linker stubs

.iplt           0x00011328        0x0
 .iplt          0x00000000        0x0 c:/program files (x86)/cypress/psoc creator/3.3/psoc creator/import/gnu/arm/4.9.3/bin/../lib/gcc/arm-none-eabi/4.9.3/armv7-m/crtbegin.o

.eh_frame_hdr
 *(.eh_frame_hdr)

.eh_frame       0x00011328        0x4
 *(.eh_frame)
 .eh_frame      0x00011328        0x0 c:/program files (x86)/cypress/psoc creator/3.3/psoc creator/import/gnu/arm/4.9.3/bin/../lib/gcc/arm-none-eabi/4.9.3/armv7-m/crtbegin.o
 .eh_frame      0x00011328        0x4 c:/program files (x86)/cypress/psoc creator/3.3/psoc creator/import/gnu/arm/4.9.3/bin/../lib/gcc/arm-none-eabi/4.9.3/armv7-m/crtend.o
                0x0001132c                PROVIDE (__exidx_start, .)

.ARM.exidx
 *(.ARM.exidx* .gnu.linkonce.armexidx.*)
                0x0001132c                __exidx_end = .

.rodata         0x0001132c     0xeabc
 *(.rodata .rodata.* .gnu.linkonce.r.*)
 .rodata        0x0001132c      0x100 .\CortexM3\ARM_GCC_493\Debug\LCD.o
 .rodata        0x0001142c     0x8370 .\CortexM3\ARM_GCC_493\Debug\Print.o
                0x00011438                biomax
                0x00011a20                brio
                0x00012008                cencosud
                0x000125f0                ecospetrol
                0x00012bd8                esso
                0x000131c0                National
                0x000137a8                mineroil
                0x00013b5c                mobil
                0x00013f10                petrobras
                0x000144f8                plus
                0x000147ec                terpel
                0x00014dd4                texaco
                0x000153bc                zeus
                0x000156b0                petromil
                0x00015c98                biomax1
                0x00016048                brio1
                0x000163f8                cencosud1
                0x000167a8                ecospetrol1
                0x00016b58                esso1
                0x00016f08                National1
                0x000172b8                mineroil1
                0x00017668                mobil1
                0x00017a18                petrobras1
                0x00017dc8                plus1
                0x00018178                terpel1
                0x00018528                texaco1
                0x000188d8                zeus1
                0x00018c88                petromil1
                0x00019038                exito1
                0x000193e8                exito
 .rodata        0x0001979c        0xc .\CortexM3\ARM_GCC_493\Debug\Protocolo.o
 .rodata        0x000197a8     0x65a8 .\CortexM3\ARM_GCC_493\Debug\Sonido.o
                0x000197a8                Extra
                0x0001b5c0                Corriente
                0x0001dcc8                Diesel
 .rodata        0x0001fd50       0x64 .\CortexM3\ARM_GCC_493\Debug\Unificada.a(cyfitter_cfg.o)
                0x0001fdb4                . = ALIGN (0x4)
 *(.init)
 .init          0x0001fdb4        0x4 c:/program files (x86)/cypress/psoc creator/3.3/psoc creator/import/gnu/arm/4.9.3/bin/../lib/gcc/arm-none-eabi/4.9.3/armv7-m/crti.o
                0x0001fdb4                _init
 .init          0x0001fdb8        0x8 c:/program files (x86)/cypress/psoc creator/3.3/psoc creator/import/gnu/arm/4.9.3/bin/../lib/gcc/arm-none-eabi/4.9.3/armv7-m/crtn.o
                0x0001fdc0                . = ALIGN (0x4)
                0x0001fdc0                __preinit_array_start = .
 *(.preinit_array)
                0x0001fdc0                __preinit_array_end = .
                0x0001fdc0                . = ALIGN (0x4)
                0x0001fdc0                __init_array_start = .
 *(SORT(.init_array.*))
 *(.init_array)
 .init_array    0x0001fdc0        0x4 c:/program files (x86)/cypress/psoc creator/3.3/psoc creator/import/gnu/arm/4.9.3/bin/../lib/gcc/arm-none-eabi/4.9.3/armv7-m/crtbegin.o
 .init_array    0x0001fdc4        0x4 .\CortexM3\ARM_GCC_493\Debug\Cm3Start.o
                0x0001fdc8                __init_array_end = .
                0x0001fdc8                . = ALIGN (0x4)
 *(.fini)
 .fini          0x0001fdc8        0x4 c:/program files (x86)/cypress/psoc creator/3.3/psoc creator/import/gnu/arm/4.9.3/bin/../lib/gcc/arm-none-eabi/4.9.3/armv7-m/crti.o
                0x0001fdc8                _fini
 .fini          0x0001fdcc        0x8 c:/program files (x86)/cypress/psoc creator/3.3/psoc creator/import/gnu/arm/4.9.3/bin/../lib/gcc/arm-none-eabi/4.9.3/armv7-m/crtn.o
                0x0001fdd4                . = ALIGN (0x4)
                0x0001fdd4                __fini_array_start = .
 *(.fini_array)
 .fini_array    0x0001fdd4        0x4 c:/program files (x86)/cypress/psoc creator/3.3/psoc creator/import/gnu/arm/4.9.3/bin/../lib/gcc/arm-none-eabi/4.9.3/armv7-m/crtbegin.o
 *(SORT(.fini_array.*))
                0x0001fdd8                __fini_array_end = .
                0x0001fdd8                . = ALIGN (0x4)
 *crtbegin.o(.ctors)
 *(EXCLUDE_FILE(*crtend.o) .ctors)
 *(SORT(.ctors.*))
 *crtend.o(.ctors)
                0x0001fdd8                . = ALIGN (0x4)
 *crtbegin.o(.dtors)
 *(EXCLUDE_FILE(*crtend.o) .dtors)
 *(SORT(.dtors.*))
 *crtend.o(.dtors)
                0x0001fdd8                . = ALIGN (0x4)
                0x0001fdd8                __cy_regions = .
                0x0001fdd8        0x4 LONG 0x1fde8 __cy_region_init_ram
                0x0001fddc        0x4 LONG 0x1fff8108 __cy_region_start_data
                0x0001fde0        0x4 LONG 0x210 __cy_region_init_size_ram
                0x0001fde4        0x4 LONG 0x7d0 __cy_region_zero_size_ram
                0x0001fde8                __cy_regions_end = .
                0x0001fde8                . = ALIGN (0x8)
                0x0001fde8                _etext = .

.ramvectors     0x1fff8000      0x100
                0x1fff8000                __cy_region_start_ram = .
 *(.ramvectors)
 .ramvectors    0x1fff8000      0x100 .\CortexM3\ARM_GCC_493\Debug\Cm3Start.o
                0x1fff8000                CyRamVectors

.noinit         0x1fff8100        0x5
 *(.noinit)
 .noinit        0x1fff8100        0x4 .\CortexM3\ARM_GCC_493\Debug\Cm3Start.o
 .noinit        0x1fff8104        0x1 .\CortexM3\ARM_GCC_493\Debug\Unificada.a(CyLib.o)
                0x1fff8104                CyResetStatus

.data           0x1fff8108      0x210 load address 0x0001fde8
                0x1fff8108                __cy_region_start_data = .
 *(.jcr)
 .jcr           0x1fff8108        0x0 c:/program files (x86)/cypress/psoc creator/3.3/psoc creator/import/gnu/arm/4.9.3/bin/../lib/gcc/arm-none-eabi/4.9.3/armv7-m/crtbegin.o
 .jcr           0x1fff8108        0x4 c:/program files (x86)/cypress/psoc creator/3.3/psoc creator/import/gnu/arm/4.9.3/bin/../lib/gcc/arm-none-eabi/4.9.3/armv7-m/crtend.o
 *(.got.plt)
 *(.got)
 *(.shdata)
 *(.data .data.* .gnu.linkonce.d.*)
 .data          0x1fff810c       0x54 .\CortexM3\ARM_GCC_493\Debug\main.o
                0x1fff810c                pasword_corte
                0x1fff8114                letras
                0x1fff8130                puk
                0x1fff8138                test
                0x1fff814c                serial
 .data          0x1fff8160      0x12c .\CortexM3\ARM_GCC_493\Debug\Print.o
                0x1fff8160                msn_din
                0x1fff8170                msn_vol
                0x1fff8180                msn_eds
                0x1fff8194                msn_nit
                0x1fff8198                msn_tel
                0x1fff819c                msn_numero
                0x1fff81a4                msn_fecha
                0x1fff81ac                msn_hora
                0x1fff81b4                msn_copia
                0x1fff81bc                msn_pos
                0x1fff81c8                msn_producto
                0x1fff81d4                msn_ppu
                0x1fff81e4                msn_placa
                0x1fff81f0                msn_cuenta
                0x1fff81fc                msn_km
                0x1fff8208                msn_id
                0x1fff8214                msn_idcorte
                0x1fff8224                msn_fcorte
                0x1fff8234                msn_hcorte
                0x1fff8244                msn_ufcorte
                0x1fff825c                msn_uhcorte
                0x1fff8274                msn_consecutivo
 .data          0x1fff828c       0x7c .\CortexM3\ARM_GCC_493\Debug\Protocolo.o
                0x1fff828c                msn_tc
                0x1fff8294                msn_lecact
                0x1fff82a4                msn_lecaan
                0x1fff82b8                msn_tventas
                0x1fff82cc                msn_totalcero
                0x1fff82dc                msn_tk
                0x1fff82e8                msn_td
                0x1fff82f8                msn_te
 .data          0x1fff8308       0x10 .\CortexM3\ARM_GCC_493\Debug\Unificada.a(CyLib.o)
                0x1fff8308                cydelay_32k_ms
                0x1fff830c                cydelay_freq_khz
                0x1fff8310                cydelay_freq_mhz
                0x1fff8314                cydelay_freq_hz
                0x1fff8318                . = ALIGN (0x8)
 *(.ram)
                0x1fff8318                _edata = .

.igot.plt       0x1fff8318        0x0 load address 0x0001fff8
 .igot.plt      0x00000000        0x0 c:/program files (x86)/cypress/psoc creator/3.3/psoc creator/import/gnu/arm/4.9.3/bin/../lib/gcc/arm-none-eabi/4.9.3/armv7-m/crtbegin.o

.bss            0x1fff8318      0x7d0 load address 0x0001fff8
                0x1fff8318                PROVIDE (__bss_start__, .)
 *(.shbss)
 *(.bss .bss.* .gnu.linkonce.b.*)
 .bss           0x1fff8318       0x1c c:/program files (x86)/cypress/psoc creator/3.3/psoc creator/import/gnu/arm/4.9.3/bin/../lib/gcc/arm-none-eabi/4.9.3/armv7-m/crtbegin.o
 .bss           0x1fff8334        0xa .\CortexM3\ARM_GCC_493\Debug\Unificada.a(Surtidor.o)
                0x1fff8334                Surtidor_initVar
                0x1fff8336                Surtidor_rxBufferRead
                0x1fff8338                Surtidor_rxBufferWrite
                0x1fff833a                Surtidor_rxBufferLoopDetect
                0x1fff833b                Surtidor_rxBufferOverflow
 .bss           0x1fff833e        0x6 .\CortexM3\ARM_GCC_493\Debug\Unificada.a(Impresora.o)
                0x1fff833e                Impresora_initVar
                0x1fff833f                Impresora_rxBufferRead
                0x1fff8340                Impresora_rxBufferWrite
                0x1fff8341                Impresora_rxBufferLoopDetect
                0x1fff8342                Impresora_rxBufferOverflow
 .bss           0x1fff8344        0x6 .\CortexM3\ARM_GCC_493\Debug\Unificada.a(PC.o)
                0x1fff8344                PC_initVar
                0x1fff8345                PC_rxBufferRead
                0x1fff8346                PC_rxBufferWrite
                0x1fff8347                PC_rxBufferLoopDetect
                0x1fff8348                PC_rxBufferOverflow
 .bss           0x1fff834a        0x1 .\CortexM3\ARM_GCC_493\Debug\Unificada.a(I2C_1.o)
                0x1fff834a                I2C_1_initVar
 .bss           0x1fff834b        0x6 .\CortexM3\ARM_GCC_493\Debug\Unificada.a(LCD_1.o)
                0x1fff834b                LCD_1_initVar
                0x1fff834c                LCD_1_rxBufferRead
                0x1fff834d                LCD_1_rxBufferWrite
                0x1fff834e                LCD_1_rxBufferLoopDetect
                0x1fff834f                LCD_1_rxBufferOverflow
 .bss           0x1fff8351        0x6 .\CortexM3\ARM_GCC_493\Debug\Unificada.a(LCD_2.o)
                0x1fff8351                LCD_2_initVar
                0x1fff8352                LCD_2_rxBufferRead
                0x1fff8353                LCD_2_rxBufferWrite
                0x1fff8354                LCD_2_rxBufferLoopDetect
                0x1fff8355                LCD_2_rxBufferOverflow
 .bss           0x1fff8357        0x1 .\CortexM3\ARM_GCC_493\Debug\Unificada.a(Timer_Animacion.o)
                0x1fff8357                Timer_Animacion_initVar
 .bss           0x1fff8358        0x1 .\CortexM3\ARM_GCC_493\Debug\Unificada.a(Timer_Animacion2.o)
                0x1fff8358                Timer_Animacion2_initVar
 .bss           0x1fff8359        0x1 .\CortexM3\ARM_GCC_493\Debug\Unificada.a(Timer_1.o)
                0x1fff8359                Timer_1_initVar
 .bss           0x1fff835a        0x1 .\CortexM3\ARM_GCC_493\Debug\Unificada.a(VDAC8_1.o)
                0x1fff835a                VDAC8_1_initVar
 .bss           0x1fff835b        0x1 .\CortexM3\ARM_GCC_493\Debug\Unificada.a(Timer_2.o)
                0x1fff835b                Timer_2_initVar
 .bss           0x1fff835c        0x1 .\CortexM3\ARM_GCC_493\Debug\Unificada.a(VDAC8_2.o)
                0x1fff835c                VDAC8_2_initVar
 *(COMMON)
 *fill*         0x1fff835d        0x3 
 COMMON         0x1fff8360      0x570 .\CortexM3\ARM_GCC_493\Debug\main.o
                0x1fff8360                lado
                0x1fff8368                copia_recibo
                0x1fff836a                flujo_LCD
                0x1fff836b                comas1
                0x1fff836c                no_imprime2
                0x1fff836d                kero
                0x1fff836e                decimalD
                0x1fff8370                producto2n
                0x1fff837c                x
                0x1fff8380                modulo
                0x1fff8510                ok_LCD1
                0x1fff8512                id_corte
                0x1fff8514                extra2
                0x1fff8515                count_protector2
                0x1fff8516                ok_LCD2
                0x1fff8517                version
                0x1fff8518                producto1n
                0x1fff8523                no_imprime
                0x1fff8524                versurt
                0x1fff8525                crc_total
                0x1fff8528                producto4n
                0x1fff8534                w
                0x1fff8538                bandera
                0x1fff853a                estado_0
                0x1fff853b                flujo_LCD2
                0x1fff853c                diesel
                0x1fff853d                teclas1
                0x1fff853e                comas2
                0x1fff853f                producto
                0x1fff8540                z
                0x1fff8544                buffer_i2c
                0x1fff8584                cont1
                0x1fff8585                teclado2
                0x1fff8586                count_protector
                0x1fff8587                teclado
                0x1fff8588                pos_ibutton
                0x1fff858c                id_venta
                0x1fff8592                ppux10
                0x1fff8594                y
                0x1fff8598                rventa2
                0x1fff867c                tipo_imp
                0x1fff867e                corriente2
                0x1fff867f                a_copias
                0x1fff8680                print1
                0x1fff8682                producto2
                0x1fff8683                diesel2
                0x1fff8684                Buffer_LCD1
                0x1fff871c                kero2
                0x1fff871d                teclas2
                0x1fff8720                print2
                0x1fff8724                rventa
                0x1fff8808                fecha_corte
                0x1fff880e                extra
                0x1fff880f                decimalV
                0x1fff8810                resultado
                0x1fff8820                no_venta
                0x1fff8824                copia_recibo2
                0x1fff8826                nombreproducto
                0x1fff8827                producto1
                0x1fff8828                Buffer_LCD2
                0x1fff88c0                n_copias
                0x1fff88c4                producto3n
                0x1fff88cf                corriente
 COMMON         0x1fff88d0       0x10 .\CortexM3\ARM_GCC_493\Debug\Sonido.o
                0x1fff88d0                NextSample_2
                0x1fff88d4                i2
                0x1fff88d8                NextSample_1
                0x1fff88dc                i1
 COMMON         0x1fff88e0      0x100 .\CortexM3\ARM_GCC_493\Debug\Unificada.a(Surtidor.o)
                0x1fff88e0                Surtidor_rxBuffer
 COMMON         0x1fff89e0       0x64 .\CortexM3\ARM_GCC_493\Debug\Unificada.a(Impresora.o)
                0x1fff89e0                Impresora_rxBuffer
 COMMON         0x1fff8a44       0x64 .\CortexM3\ARM_GCC_493\Debug\Unificada.a(PC.o)
                0x1fff8a44                PC_rxBuffer
 COMMON         0x1fff8aa8        0x1 .\CortexM3\ARM_GCC_493\Debug\Unificada.a(I2C_1.o)
                0x1fff8aa8                I2C_1_state
 *fill*         0x1fff8aa9        0x3 
 COMMON         0x1fff8aac       0x11 .\CortexM3\ARM_GCC_493\Debug\Unificada.a(I2C_1_MASTER.o)
                0x1fff8aac                I2C_1_mstrWrBufIndex
                0x1fff8aad                I2C_1_mstrControl
                0x1fff8aae                I2C_1_mstrStatus
                0x1fff8aaf                I2C_1_mstrWrBufSize
                0x1fff8ab0                I2C_1_mstrRdBufIndex
                0x1fff8ab4                I2C_1_mstrWrBufPtr
                0x1fff8ab8                I2C_1_mstrRdBufPtr
                0x1fff8abc                I2C_1_mstrRdBufSize
 *fill*         0x1fff8abd        0x3 
 COMMON         0x1fff8ac0       0x14 .\CortexM3\ARM_GCC_493\Debug\Unificada.a(LCD_1.o)
                0x1fff8ac0                LCD_1_rxBuffer
 COMMON         0x1fff8ad4       0x14 .\CortexM3\ARM_GCC_493\Debug\Unificada.a(LCD_2.o)
                0x1fff8ad4                LCD_2_rxBuffer
                0x1fff8ae8                . = ALIGN (0x8)
 *(.ram.b)
                0x1fff8ae8                _end = .
                0x1fff8ae8                __end = .
                0x1fff8ae8                PROVIDE (end, .)
                0x1fff8ae8                PROVIDE (__bss_end__, .)
                0x0001fde8                __cy_region_init_ram = LOADADDR (.data)
                0x00000210                __cy_region_init_size_ram = (_edata - ADDR (.data))
                0x000007d0                __cy_region_zero_size_ram = (_end - _edata)

.heap           0x1fff8ae8       0x80 load address 0x0001fff8
                0x1fff8ae8                . = _end
                0x1fff8b68                . = (. + 0x80)
 *fill*         0x1fff8ae8       0x80 
                0x1fff8b68                __cy_heap_limit = .

.stack          0x20007800      0x800
                0x20007800                __cy_stack_limit = .
                0x20008000                . = (. + 0x800)
 *fill*         0x20007800      0x800 
                0x00000001                ASSERT ((__cy_stack_limit >= __cy_heap_limit), region RAM overflowed with stack)

.cyloadermeta
 *(.cyloadermeta)

.cyloadablemeta
 *(.cyloadablemeta)

.cyconfigecc    0x80000000     0x101c
 *(.cyconfigecc)
 .cyconfigecc   0x80000000     0x101c .\CortexM3\ARM_GCC_493\Debug\cymetadata.o
                0x80000000                cy_meta_configecc

.cycustnvl      0x90000000        0x4
 *(.cycustnvl)
 .cycustnvl     0x90000000        0x4 .\CortexM3\ARM_GCC_493\Debug\cymetadata.o
                0x90000000                cy_meta_custnvl

.cywolatch      0x90100000        0x4
 *(.cywolatch)
 .cywolatch     0x90100000        0x4 .\CortexM3\ARM_GCC_493\Debug\cymetadata.o
                0x90100000                cy_meta_wonvl

.cyeeprom       0x90200000        0x0
 *(.cyeeprom)
                0x00000001                ASSERT ((. <= ((0x90200000 + ee_offset) + ee_size)), .cyeeprom data will not fit in EEPROM)

.cyflashprotect
                0x90400000      0x100
 *(.cyflashprotect)
 .cyflashprotect
                0x90400000      0x100 .\CortexM3\ARM_GCC_493\Debug\cymetadata.o
                0x90400000                cy_meta_flashprotect

.cymeta         0x90500000        0xc
 *(.cymeta)
 .cymeta        0x90500000        0xc .\CortexM3\ARM_GCC_493\Debug\cymetadata.o
                0x90500000                cy_metadata

.rel.dyn        0x0001fff8        0x0 load address 0x9050000c
 .rel.iplt      0x00000000        0x0 c:/program files (x86)/cypress/psoc creator/3.3/psoc creator/import/gnu/arm/4.9.3/bin/../lib/gcc/arm-none-eabi/4.9.3/armv7-m/crtbegin.o

.stab
 *(.stab)

.stabstr
 *(.stabstr)

.debug
 *(.debug)

.line
 *(.line)

.debug_srcinfo
 *(.debug_srcinfo)

.debug_sfnames
 *(.debug_sfnames)

.debug_aranges  0x00000000     0x15a0
 *(.debug_aranges)
 .debug_aranges
                0x00000000       0x58 .\CortexM3\ARM_GCC_493\Debug\main.o
 .debug_aranges
                0x00000058       0x50 .\CortexM3\ARM_GCC_493\Debug\I2C.o
 .debug_aranges
                0x000000a8       0x48 .\CortexM3\ARM_GCC_493\Debug\ibuton.o
 .debug_aranges
                0x000000f0       0x90 .\CortexM3\ARM_GCC_493\Debug\LCD.o
 .debug_aranges
                0x00000180       0x58 .\CortexM3\ARM_GCC_493\Debug\Print.o
 .debug_aranges
                0x000001d8       0x60 .\CortexM3\ARM_GCC_493\Debug\Protocolo.o
 .debug_aranges
                0x00000238       0x30 .\CortexM3\ARM_GCC_493\Debug\Sonido.o
 .debug_aranges
                0x00000268       0x18 .\CortexM3\ARM_GCC_493\Debug\cymetadata.o
 .debug_aranges
                0x00000280       0x48 .\CortexM3\ARM_GCC_493\Debug\Cm3Start.o
 .debug_aranges
                0x000002c8       0x58 .\CortexM3\ARM_GCC_493\Debug\Unificada.a(cyfitter_cfg.o)
 .debug_aranges
                0x00000320      0x100 .\CortexM3\ARM_GCC_493\Debug\Unificada.a(Surtidor.o)
 .debug_aranges
                0x00000420       0x20 .\CortexM3\ARM_GCC_493\Debug\Unificada.a(Surtidor_INT.o)
 .debug_aranges
                0x00000440      0x100 .\CortexM3\ARM_GCC_493\Debug\Unificada.a(Impresora.o)
 .debug_aranges
                0x00000540       0x20 .\CortexM3\ARM_GCC_493\Debug\Unificada.a(Impresora_INT.o)
 .debug_aranges
                0x00000560      0x100 .\CortexM3\ARM_GCC_493\Debug\Unificada.a(PC.o)
 .debug_aranges
                0x00000660       0x20 .\CortexM3\ARM_GCC_493\Debug\Unificada.a(PC_INT.o)
 .debug_aranges
                0x00000680       0x38 .\CortexM3\ARM_GCC_493\Debug\Unificada.a(I2C_1.o)
 .debug_aranges
                0x000006b8       0x20 .\CortexM3\ARM_GCC_493\Debug\Unificada.a(I2C_1_INT.o)
 .debug_aranges
                0x000006d8       0x38 .\CortexM3\ARM_GCC_493\Debug\Unificada.a(I2C_1_PM.o)
 .debug_aranges
                0x00000710       0x88 .\CortexM3\ARM_GCC_493\Debug\Unificada.a(I2C_1_MASTER.o)
 .debug_aranges
                0x00000798       0x38 .\CortexM3\ARM_GCC_493\Debug\Unificada.a(Pin_WP.o)
 .debug_aranges
                0x000007d0      0x100 .\CortexM3\ARM_GCC_493\Debug\Unificada.a(LCD_1.o)
 .debug_aranges
                0x000008d0       0x20 .\CortexM3\ARM_GCC_493\Debug\Unificada.a(LCD_1_INT.o)
 .debug_aranges
                0x000008f0      0x100 .\CortexM3\ARM_GCC_493\Debug\Unificada.a(LCD_2.o)
 .debug_aranges
                0x000009f0       0x20 .\CortexM3\ARM_GCC_493\Debug\Unificada.a(LCD_2_INT.o)
 .debug_aranges
                0x00000a10       0x38 .\CortexM3\ARM_GCC_493\Debug\Unificada.a(IB1.o)
 .debug_aranges
                0x00000a48       0x38 .\CortexM3\ARM_GCC_493\Debug\Unificada.a(IB2.o)
 .debug_aranges
                0x00000a80       0x88 .\CortexM3\ARM_GCC_493\Debug\Unificada.a(Timer_Animacion.o)
 .debug_aranges
                0x00000b08       0x80 .\CortexM3\ARM_GCC_493\Debug\Unificada.a(isr_3.o)
 .debug_aranges
                0x00000b88       0x88 .\CortexM3\ARM_GCC_493\Debug\Unificada.a(Timer_Animacion2.o)
 .debug_aranges
                0x00000c10       0x80 .\CortexM3\ARM_GCC_493\Debug\Unificada.a(isr_4.o)
 .debug_aranges
                0x00000c90       0x90 .\CortexM3\ARM_GCC_493\Debug\Unificada.a(Timer_1.o)
 .debug_aranges
                0x00000d20       0x80 .\CortexM3\ARM_GCC_493\Debug\Unificada.a(isr_1.o)
 .debug_aranges
                0x00000da0       0x58 .\CortexM3\ARM_GCC_493\Debug\Unificada.a(VDAC8_1.o)
 .debug_aranges
                0x00000df8       0x90 .\CortexM3\ARM_GCC_493\Debug\Unificada.a(Timer_2.o)
 .debug_aranges
                0x00000e88       0x80 .\CortexM3\ARM_GCC_493\Debug\Unificada.a(isr_2.o)
 .debug_aranges
                0x00000f08       0x58 .\CortexM3\ARM_GCC_493\Debug\Unificada.a(VDAC8_2.o)
 .debug_aranges
                0x00000f60       0x38 .\CortexM3\ARM_GCC_493\Debug\Unificada.a(SDown.o)
 .debug_aranges
                0x00000f98       0x70 .\CortexM3\ARM_GCC_493\Debug\Unificada.a(Impresora_IntClock.o)
 .debug_aranges
                0x00001008       0x70 .\CortexM3\ARM_GCC_493\Debug\Unificada.a(PC_IntClock.o)
 .debug_aranges
                0x00001078       0x70 .\CortexM3\ARM_GCC_493\Debug\Unificada.a(LCD_1_IntClock.o)
 .debug_aranges
                0x000010e8       0x70 .\CortexM3\ARM_GCC_493\Debug\Unificada.a(LCD_2_IntClock.o)
 .debug_aranges
                0x00001158       0x20 .\CortexM3\ARM_GCC_493\Debug\Unificada.a(CyBootAsmGnu.o)
 .debug_aranges
                0x00001178      0x298 .\CortexM3\ARM_GCC_493\Debug\Unificada.a(CyLib.o)
 .debug_aranges
                0x00001410       0x98 .\CortexM3\ARM_GCC_493\Debug\Unificada.a(cyPm.o)
 .debug_aranges
                0x000014a8       0x80 .\CortexM3\ARM_GCC_493\Debug\Unificada.a(CyFlash.o)
 .debug_aranges
                0x00001528       0x78 .\CortexM3\ARM_GCC_493\Debug\Unificada.a(CySpc.o)

.debug_pubnames
 *(.debug_pubnames)

.debug_info     0x00000000    0x1bc34
 *(.debug_info .gnu.linkonce.wi.*)
 .debug_info    0x00000000     0x8156 .\CortexM3\ARM_GCC_493\Debug\main.o
 .debug_info    0x00008156      0xdc8 .\CortexM3\ARM_GCC_493\Debug\I2C.o
 .debug_info    0x00008f1e     0x1442 .\CortexM3\ARM_GCC_493\Debug\ibuton.o
 .debug_info    0x0000a360     0x13d6 .\CortexM3\ARM_GCC_493\Debug\LCD.o
 .debug_info    0x0000b736     0x2ac0 .\CortexM3\ARM_GCC_493\Debug\Print.o
 .debug_info    0x0000e1f6     0x3c68 .\CortexM3\ARM_GCC_493\Debug\Protocolo.o
 .debug_info    0x00011e5e      0xac6 .\CortexM3\ARM_GCC_493\Debug\Sonido.o
 .debug_info    0x00012924      0x13e .\CortexM3\ARM_GCC_493\Debug\cymetadata.o
 .debug_info    0x00012a62      0x3a3 .\CortexM3\ARM_GCC_493\Debug\Cm3Start.o
 .debug_info    0x00012e05      0x668 .\CortexM3\ARM_GCC_493\Debug\Unificada.a(cyfitter_cfg.o)
 .debug_info    0x0001346d      0x788 .\CortexM3\ARM_GCC_493\Debug\Unificada.a(Surtidor.o)
 .debug_info    0x00013bf5      0x139 .\CortexM3\ARM_GCC_493\Debug\Unificada.a(Surtidor_INT.o)
 .debug_info    0x00013d2e      0x7ae .\CortexM3\ARM_GCC_493\Debug\Unificada.a(Impresora.o)
 .debug_info    0x000144dc      0x129 .\CortexM3\ARM_GCC_493\Debug\Unificada.a(Impresora_INT.o)
 .debug_info    0x00014605      0x7ae .\CortexM3\ARM_GCC_493\Debug\Unificada.a(PC.o)
 .debug_info    0x00014db3      0x129 .\CortexM3\ARM_GCC_493\Debug\Unificada.a(PC_INT.o)
 .debug_info    0x00014edc      0x2d4 .\CortexM3\ARM_GCC_493\Debug\Unificada.a(I2C_1.o)
 .debug_info    0x000151b0      0x191 .\CortexM3\ARM_GCC_493\Debug\Unificada.a(I2C_1_INT.o)
 .debug_info    0x00015341      0x1ef .\CortexM3\ARM_GCC_493\Debug\Unificada.a(I2C_1_PM.o)
 .debug_info    0x00015530      0x410 .\CortexM3\ARM_GCC_493\Debug\Unificada.a(I2C_1_MASTER.o)
 .debug_info    0x00015940      0x11e .\CortexM3\ARM_GCC_493\Debug\Unificada.a(Pin_WP.o)
 .debug_info    0x00015a5e      0x7ae .\CortexM3\ARM_GCC_493\Debug\Unificada.a(LCD_1.o)
 .debug_info    0x0001620c      0x129 .\CortexM3\ARM_GCC_493\Debug\Unificada.a(LCD_1_INT.o)
 .debug_info    0x00016335      0x7ae .\CortexM3\ARM_GCC_493\Debug\Unificada.a(LCD_2.o)
 .debug_info    0x00016ae3      0x129 .\CortexM3\ARM_GCC_493\Debug\Unificada.a(LCD_2_INT.o)
 .debug_info    0x00016c0c      0x11e .\CortexM3\ARM_GCC_493\Debug\Unificada.a(IB1.o)
 .debug_info    0x00016d2a      0x120 .\CortexM3\ARM_GCC_493\Debug\Unificada.a(IB2.o)
 .debug_info    0x00016e4a      0x28c .\CortexM3\ARM_GCC_493\Debug\Unificada.a(Timer_Animacion.o)
 .debug_info    0x000170d6      0x2c9 .\CortexM3\ARM_GCC_493\Debug\Unificada.a(isr_3.o)
 .debug_info    0x0001739f      0x28c .\CortexM3\ARM_GCC_493\Debug\Unificada.a(Timer_Animacion2.o)
 .debug_info    0x0001762b      0x2c9 .\CortexM3\ARM_GCC_493\Debug\Unificada.a(isr_4.o)
 .debug_info    0x000178f4      0x2c9 .\CortexM3\ARM_GCC_493\Debug\Unificada.a(Timer_1.o)
 .debug_info    0x00017bbd      0x2c9 .\CortexM3\ARM_GCC_493\Debug\Unificada.a(isr_1.o)
 .debug_info    0x00017e86      0x1dc .\CortexM3\ARM_GCC_493\Debug\Unificada.a(VDAC8_1.o)
 .debug_info    0x00018062      0x2c9 .\CortexM3\ARM_GCC_493\Debug\Unificada.a(Timer_2.o)
 .debug_info    0x0001832b      0x2c9 .\CortexM3\ARM_GCC_493\Debug\Unificada.a(isr_2.o)
 .debug_info    0x000185f4      0x1dc .\CortexM3\ARM_GCC_493\Debug\Unificada.a(VDAC8_2.o)
 .debug_info    0x000187d0      0x11e .\CortexM3\ARM_GCC_493\Debug\Unificada.a(SDown.o)
 .debug_info    0x000188ee      0x281 .\CortexM3\ARM_GCC_493\Debug\Unificada.a(Impresora_IntClock.o)
 .debug_info    0x00018b6f      0x281 .\CortexM3\ARM_GCC_493\Debug\Unificada.a(PC_IntClock.o)
 .debug_info    0x00018df0      0x281 .\CortexM3\ARM_GCC_493\Debug\Unificada.a(LCD_1_IntClock.o)
 .debug_info    0x00019071      0x281 .\CortexM3\ARM_GCC_493\Debug\Unificada.a(LCD_2_IntClock.o)
 .debug_info    0x000192f2       0x8c .\CortexM3\ARM_GCC_493\Debug\Unificada.a(CyBootAsmGnu.o)
 .debug_info    0x0001937e     0x136c .\CortexM3\ARM_GCC_493\Debug\Unificada.a(CyLib.o)
 .debug_info    0x0001a6ea      0xa55 .\CortexM3\ARM_GCC_493\Debug\Unificada.a(cyPm.o)
 .debug_info    0x0001b13f      0x608 .\CortexM3\ARM_GCC_493\Debug\Unificada.a(CyFlash.o)
 .debug_info    0x0001b747      0x4ed .\CortexM3\ARM_GCC_493\Debug\Unificada.a(CySpc.o)

.debug_abbrev   0x00000000     0x3fcc
 *(.debug_abbrev)
 .debug_abbrev  0x00000000      0x1f3 .\CortexM3\ARM_GCC_493\Debug\main.o
 .debug_abbrev  0x000001f3      0x214 .\CortexM3\ARM_GCC_493\Debug\I2C.o
 .debug_abbrev  0x00000407      0x1f4 .\CortexM3\ARM_GCC_493\Debug\ibuton.o
 .debug_abbrev  0x000005fb      0x1a9 .\CortexM3\ARM_GCC_493\Debug\LCD.o
 .debug_abbrev  0x000007a4      0x209 .\CortexM3\ARM_GCC_493\Debug\Print.o
 .debug_abbrev  0x000009ad      0x241 .\CortexM3\ARM_GCC_493\Debug\Protocolo.o
 .debug_abbrev  0x00000bee      0x177 .\CortexM3\ARM_GCC_493\Debug\Sonido.o
 .debug_abbrev  0x00000d65       0x77 .\CortexM3\ARM_GCC_493\Debug\cymetadata.o
 .debug_abbrev  0x00000ddc      0x20f .\CortexM3\ARM_GCC_493\Debug\Cm3Start.o
 .debug_abbrev  0x00000feb      0x212 .\CortexM3\ARM_GCC_493\Debug\Unificada.a(cyfitter_cfg.o)
 .debug_abbrev  0x000011fd      0x1dd .\CortexM3\ARM_GCC_493\Debug\Unificada.a(Surtidor.o)
 .debug_abbrev  0x000013da       0x97 .\CortexM3\ARM_GCC_493\Debug\Unificada.a(Surtidor_INT.o)
 .debug_abbrev  0x00001471      0x1dd .\CortexM3\ARM_GCC_493\Debug\Unificada.a(Impresora.o)
 .debug_abbrev  0x0000164e       0x97 .\CortexM3\ARM_GCC_493\Debug\Unificada.a(Impresora_INT.o)
 .debug_abbrev  0x000016e5      0x1dd .\CortexM3\ARM_GCC_493\Debug\Unificada.a(PC.o)
 .debug_abbrev  0x000018c2       0x97 .\CortexM3\ARM_GCC_493\Debug\Unificada.a(PC_INT.o)
 .debug_abbrev  0x00001959      0x159 .\CortexM3\ARM_GCC_493\Debug\Unificada.a(I2C_1.o)
 .debug_abbrev  0x00001ab2       0xe8 .\CortexM3\ARM_GCC_493\Debug\Unificada.a(I2C_1_INT.o)
 .debug_abbrev  0x00001b9a      0x12b .\CortexM3\ARM_GCC_493\Debug\Unificada.a(I2C_1_PM.o)
 .debug_abbrev  0x00001cc5      0x149 .\CortexM3\ARM_GCC_493\Debug\Unificada.a(I2C_1_MASTER.o)
 .debug_abbrev  0x00001e0e       0x9d .\CortexM3\ARM_GCC_493\Debug\Unificada.a(Pin_WP.o)
 .debug_abbrev  0x00001eab      0x1dd .\CortexM3\ARM_GCC_493\Debug\Unificada.a(LCD_1.o)
 .debug_abbrev  0x00002088       0x97 .\CortexM3\ARM_GCC_493\Debug\Unificada.a(LCD_1_INT.o)
 .debug_abbrev  0x0000211f      0x1dd .\CortexM3\ARM_GCC_493\Debug\Unificada.a(LCD_2.o)
 .debug_abbrev  0x000022fc       0x97 .\CortexM3\ARM_GCC_493\Debug\Unificada.a(LCD_2_INT.o)
 .debug_abbrev  0x00002393       0x9d .\CortexM3\ARM_GCC_493\Debug\Unificada.a(IB1.o)
 .debug_abbrev  0x00002430       0x9d .\CortexM3\ARM_GCC_493\Debug\Unificada.a(IB2.o)
 .debug_abbrev  0x000024cd      0x127 .\CortexM3\ARM_GCC_493\Debug\Unificada.a(Timer_Animacion.o)
 .debug_abbrev  0x000025f4      0x180 .\CortexM3\ARM_GCC_493\Debug\Unificada.a(isr_3.o)
 .debug_abbrev  0x00002774      0x127 .\CortexM3\ARM_GCC_493\Debug\Unificada.a(Timer_Animacion2.o)
 .debug_abbrev  0x0000289b      0x180 .\CortexM3\ARM_GCC_493\Debug\Unificada.a(isr_4.o)
 .debug_abbrev  0x00002a1b      0x152 .\CortexM3\ARM_GCC_493\Debug\Unificada.a(Timer_1.o)
 .debug_abbrev  0x00002b6d      0x180 .\CortexM3\ARM_GCC_493\Debug\Unificada.a(isr_1.o)
 .debug_abbrev  0x00002ced      0x104 .\CortexM3\ARM_GCC_493\Debug\Unificada.a(VDAC8_1.o)
 .debug_abbrev  0x00002df1      0x152 .\CortexM3\ARM_GCC_493\Debug\Unificada.a(Timer_2.o)
 .debug_abbrev  0x00002f43      0x180 .\CortexM3\ARM_GCC_493\Debug\Unificada.a(isr_2.o)
 .debug_abbrev  0x000030c3      0x104 .\CortexM3\ARM_GCC_493\Debug\Unificada.a(VDAC8_2.o)
 .debug_abbrev  0x000031c7       0x9d .\CortexM3\ARM_GCC_493\Debug\Unificada.a(SDown.o)
 .debug_abbrev  0x00003264      0x146 .\CortexM3\ARM_GCC_493\Debug\Unificada.a(Impresora_IntClock.o)
 .debug_abbrev  0x000033aa      0x146 .\CortexM3\ARM_GCC_493\Debug\Unificada.a(PC_IntClock.o)
 .debug_abbrev  0x000034f0      0x146 .\CortexM3\ARM_GCC_493\Debug\Unificada.a(LCD_1_IntClock.o)
 .debug_abbrev  0x00003636      0x146 .\CortexM3\ARM_GCC_493\Debug\Unificada.a(LCD_2_IntClock.o)
 .debug_abbrev  0x0000377c       0x14 .\CortexM3\ARM_GCC_493\Debug\Unificada.a(CyBootAsmGnu.o)
 .debug_abbrev  0x00003790      0x296 .\CortexM3\ARM_GCC_493\Debug\Unificada.a(CyLib.o)
 .debug_abbrev  0x00003a26      0x1fa .\CortexM3\ARM_GCC_493\Debug\Unificada.a(cyPm.o)
 .debug_abbrev  0x00003c20      0x1de .\CortexM3\ARM_GCC_493\Debug\Unificada.a(CyFlash.o)
 .debug_abbrev  0x00003dfe      0x1ce .\CortexM3\ARM_GCC_493\Debug\Unificada.a(CySpc.o)

.debug_line     0x00000000     0x8c24
 *(.debug_line)
 .debug_line    0x00000000     0x1831 .\CortexM3\ARM_GCC_493\Debug\main.o
 .debug_line    0x00001831      0x322 .\CortexM3\ARM_GCC_493\Debug\I2C.o
 .debug_line    0x00001b53      0x3f1 .\CortexM3\ARM_GCC_493\Debug\ibuton.o
 .debug_line    0x00001f44      0x67a .\CortexM3\ARM_GCC_493\Debug\LCD.o
 .debug_line    0x000025be      0xc57 .\CortexM3\ARM_GCC_493\Debug\Print.o
 .debug_line    0x00003215     0x1676 .\CortexM3\ARM_GCC_493\Debug\Protocolo.o
 .debug_line    0x0000488b      0x259 .\CortexM3\ARM_GCC_493\Debug\Sonido.o
 .debug_line    0x00004ae4       0x53 .\CortexM3\ARM_GCC_493\Debug\cymetadata.o
 .debug_line    0x00004b37      0x246 .\CortexM3\ARM_GCC_493\Debug\Cm3Start.o
 .debug_line    0x00004d7d      0x218 .\CortexM3\ARM_GCC_493\Debug\Unificada.a(cyfitter_cfg.o)
 .debug_line    0x00004f95      0x31b .\CortexM3\ARM_GCC_493\Debug\Unificada.a(Surtidor.o)
 .debug_line    0x000052b0       0x8e .\CortexM3\ARM_GCC_493\Debug\Unificada.a(Surtidor_INT.o)
 .debug_line    0x0000533e      0x334 .\CortexM3\ARM_GCC_493\Debug\Unificada.a(Impresora.o)
 .debug_line    0x00005672       0x90 .\CortexM3\ARM_GCC_493\Debug\Unificada.a(Impresora_INT.o)
 .debug_line    0x00005702      0x326 .\CortexM3\ARM_GCC_493\Debug\Unificada.a(PC.o)
 .debug_line    0x00005a28       0x82 .\CortexM3\ARM_GCC_493\Debug\Unificada.a(PC_INT.o)
 .debug_line    0x00005aaa       0xde .\CortexM3\ARM_GCC_493\Debug\Unificada.a(I2C_1.o)
 .debug_line    0x00005b88      0x12a .\CortexM3\ARM_GCC_493\Debug\Unificada.a(I2C_1_INT.o)
 .debug_line    0x00005cb2       0xc4 .\CortexM3\ARM_GCC_493\Debug\Unificada.a(I2C_1_PM.o)
 .debug_line    0x00005d76      0x203 .\CortexM3\ARM_GCC_493\Debug\Unificada.a(I2C_1_MASTER.o)
 .debug_line    0x00005f79       0x95 .\CortexM3\ARM_GCC_493\Debug\Unificada.a(Pin_WP.o)
 .debug_line    0x0000600e      0x32c .\CortexM3\ARM_GCC_493\Debug\Unificada.a(LCD_1.o)
 .debug_line    0x0000633a       0x88 .\CortexM3\ARM_GCC_493\Debug\Unificada.a(LCD_1_INT.o)
 .debug_line    0x000063c2      0x32c .\CortexM3\ARM_GCC_493\Debug\Unificada.a(LCD_2.o)
 .debug_line    0x000066ee       0x88 .\CortexM3\ARM_GCC_493\Debug\Unificada.a(LCD_2_INT.o)
 .debug_line    0x00006776       0x92 .\CortexM3\ARM_GCC_493\Debug\Unificada.a(IB1.o)
 .debug_line    0x00006808       0x92 .\CortexM3\ARM_GCC_493\Debug\Unificada.a(IB2.o)
 .debug_line    0x0000689a      0x15f .\CortexM3\ARM_GCC_493\Debug\Unificada.a(Timer_Animacion.o)
 .debug_line    0x000069f9      0x14b .\CortexM3\ARM_GCC_493\Debug\Unificada.a(isr_3.o)
 .debug_line    0x00006b44      0x160 .\CortexM3\ARM_GCC_493\Debug\Unificada.a(Timer_Animacion2.o)
 .debug_line    0x00006ca4      0x14b .\CortexM3\ARM_GCC_493\Debug\Unificada.a(isr_4.o)
 .debug_line    0x00006def      0x174 .\CortexM3\ARM_GCC_493\Debug\Unificada.a(Timer_1.o)
 .debug_line    0x00006f63      0x14b .\CortexM3\ARM_GCC_493\Debug\Unificada.a(isr_1.o)
 .debug_line    0x000070ae       0xe6 .\CortexM3\ARM_GCC_493\Debug\Unificada.a(VDAC8_1.o)
 .debug_line    0x00007194      0x174 .\CortexM3\ARM_GCC_493\Debug\Unificada.a(Timer_2.o)
 .debug_line    0x00007308      0x14b .\CortexM3\ARM_GCC_493\Debug\Unificada.a(isr_2.o)
 .debug_line    0x00007453       0xe6 .\CortexM3\ARM_GCC_493\Debug\Unificada.a(VDAC8_2.o)
 .debug_line    0x00007539       0x94 .\CortexM3\ARM_GCC_493\Debug\Unificada.a(SDown.o)
 .debug_line    0x000075cd      0x19a .\CortexM3\ARM_GCC_493\Debug\Unificada.a(Impresora_IntClock.o)
 .debug_line    0x00007767      0x193 .\CortexM3\ARM_GCC_493\Debug\Unificada.a(PC_IntClock.o)
 .debug_line    0x000078fa      0x196 .\CortexM3\ARM_GCC_493\Debug\Unificada.a(LCD_1_IntClock.o)
 .debug_line    0x00007a90      0x196 .\CortexM3\ARM_GCC_493\Debug\Unificada.a(LCD_2_IntClock.o)
 .debug_line    0x00007c26       0x68 .\CortexM3\ARM_GCC_493\Debug\Unificada.a(CyBootAsmGnu.o)
 .debug_line    0x00007c8e      0x806 .\CortexM3\ARM_GCC_493\Debug\Unificada.a(CyLib.o)
 .debug_line    0x00008494      0x366 .\CortexM3\ARM_GCC_493\Debug\Unificada.a(cyPm.o)
 .debug_line    0x000087fa      0x1ec .\CortexM3\ARM_GCC_493\Debug\Unificada.a(CyFlash.o)
 .debug_line    0x000089e6      0x23e .\CortexM3\ARM_GCC_493\Debug\Unificada.a(CySpc.o)

.debug_frame    0x00000000     0x3474
 *(.debug_frame)
 .debug_frame   0x00000000       0xf8 .\CortexM3\ARM_GCC_493\Debug\main.o
 .debug_frame   0x000000f8       0xfc .\CortexM3\ARM_GCC_493\Debug\I2C.o
 .debug_frame   0x000001f4       0xc4 .\CortexM3\ARM_GCC_493\Debug\ibuton.o
 .debug_frame   0x000002b8      0x254 .\CortexM3\ARM_GCC_493\Debug\LCD.o
 .debug_frame   0x0000050c      0x134 .\CortexM3\ARM_GCC_493\Debug\Print.o
 .debug_frame   0x00000640      0x140 .\CortexM3\ARM_GCC_493\Debug\Protocolo.o
 .debug_frame   0x00000780       0x64 .\CortexM3\ARM_GCC_493\Debug\Sonido.o
 .debug_frame   0x000007e4       0xac .\CortexM3\ARM_GCC_493\Debug\Cm3Start.o
 .debug_frame   0x00000890       0xe4 .\CortexM3\ARM_GCC_493\Debug\Unificada.a(cyfitter_cfg.o)
 .debug_frame   0x00000974      0x290 .\CortexM3\ARM_GCC_493\Debug\Unificada.a(Surtidor.o)
 .debug_frame   0x00000c04       0x20 .\CortexM3\ARM_GCC_493\Debug\Unificada.a(Surtidor_INT.o)
 .debug_frame   0x00000c24      0x290 .\CortexM3\ARM_GCC_493\Debug\Unificada.a(Impresora.o)
 .debug_frame   0x00000eb4       0x20 .\CortexM3\ARM_GCC_493\Debug\Unificada.a(Impresora_INT.o)
 .debug_frame   0x00000ed4      0x290 .\CortexM3\ARM_GCC_493\Debug\Unificada.a(PC.o)
 .debug_frame   0x00001164       0x20 .\CortexM3\ARM_GCC_493\Debug\Unificada.a(PC_INT.o)
 .debug_frame   0x00001184       0x8c .\CortexM3\ARM_GCC_493\Debug\Unificada.a(I2C_1.o)
 .debug_frame   0x00001210       0x30 .\CortexM3\ARM_GCC_493\Debug\Unificada.a(I2C_1_INT.o)
 .debug_frame   0x00001240       0x74 .\CortexM3\ARM_GCC_493\Debug\Unificada.a(I2C_1_PM.o)
 .debug_frame   0x000012b4      0x120 .\CortexM3\ARM_GCC_493\Debug\Unificada.a(I2C_1_MASTER.o)
 .debug_frame   0x000013d4       0x50 .\CortexM3\ARM_GCC_493\Debug\Unificada.a(Pin_WP.o)
 .debug_frame   0x00001424      0x290 .\CortexM3\ARM_GCC_493\Debug\Unificada.a(LCD_1.o)
 .debug_frame   0x000016b4       0x20 .\CortexM3\ARM_GCC_493\Debug\Unificada.a(LCD_1_INT.o)
 .debug_frame   0x000016d4      0x290 .\CortexM3\ARM_GCC_493\Debug\Unificada.a(LCD_2.o)
 .debug_frame   0x00001964       0x20 .\CortexM3\ARM_GCC_493\Debug\Unificada.a(LCD_2_INT.o)
 .debug_frame   0x00001984       0x50 .\CortexM3\ARM_GCC_493\Debug\Unificada.a(IB1.o)
 .debug_frame   0x000019d4       0x50 .\CortexM3\ARM_GCC_493\Debug\Unificada.a(IB2.o)
 .debug_frame   0x00001a24      0x108 .\CortexM3\ARM_GCC_493\Debug\Unificada.a(Timer_Animacion.o)
 .debug_frame   0x00001b2c      0x104 .\CortexM3\ARM_GCC_493\Debug\Unificada.a(isr_3.o)
 .debug_frame   0x00001c30      0x108 .\CortexM3\ARM_GCC_493\Debug\Unificada.a(Timer_Animacion2.o)
 .debug_frame   0x00001d38      0x104 .\CortexM3\ARM_GCC_493\Debug\Unificada.a(isr_4.o)
 .debug_frame   0x00001e3c      0x124 .\CortexM3\ARM_GCC_493\Debug\Unificada.a(Timer_1.o)
 .debug_frame   0x00001f60      0x104 .\CortexM3\ARM_GCC_493\Debug\Unificada.a(isr_1.o)
 .debug_frame   0x00002064       0xb4 .\CortexM3\ARM_GCC_493\Debug\Unificada.a(VDAC8_1.o)
 .debug_frame   0x00002118      0x124 .\CortexM3\ARM_GCC_493\Debug\Unificada.a(Timer_2.o)
 .debug_frame   0x0000223c      0x104 .\CortexM3\ARM_GCC_493\Debug\Unificada.a(isr_2.o)
 .debug_frame   0x00002340       0xb4 .\CortexM3\ARM_GCC_493\Debug\Unificada.a(VDAC8_2.o)
 .debug_frame   0x000023f4       0x50 .\CortexM3\ARM_GCC_493\Debug\Unificada.a(SDown.o)
 .debug_frame   0x00002444       0xe0 .\CortexM3\ARM_GCC_493\Debug\Unificada.a(Impresora_IntClock.o)
 .debug_frame   0x00002524       0xe0 .\CortexM3\ARM_GCC_493\Debug\Unificada.a(PC_IntClock.o)
 .debug_frame   0x00002604       0xe0 .\CortexM3\ARM_GCC_493\Debug\Unificada.a(LCD_1_IntClock.o)
 .debug_frame   0x000026e4       0xe0 .\CortexM3\ARM_GCC_493\Debug\Unificada.a(LCD_2_IntClock.o)
 .debug_frame   0x000027c4      0x728 .\CortexM3\ARM_GCC_493\Debug\Unificada.a(CyLib.o)
 .debug_frame   0x00002eec      0x1f8 .\CortexM3\ARM_GCC_493\Debug\Unificada.a(cyPm.o)
 .debug_frame   0x000030e4      0x174 .\CortexM3\ARM_GCC_493\Debug\Unificada.a(CyFlash.o)
 .debug_frame   0x00003258      0x160 .\CortexM3\ARM_GCC_493\Debug\Unificada.a(CySpc.o)
 .debug_frame   0x000033b8       0x20 c:/program files (x86)/cypress/psoc creator/3.3/psoc creator/import/gnu/arm/4.9.3/bin/../lib/gcc/arm-none-eabi/4.9.3/../../../../arm-none-eabi/lib/armv7-m\libg_nano.a(lib_a-errno.o)
 .debug_frame   0x000033d8       0x28 c:/program files (x86)/cypress/psoc creator/3.3/psoc creator/import/gnu/arm/4.9.3/bin/../lib/gcc/arm-none-eabi/4.9.3/../../../../arm-none-eabi/lib/armv7-m\libg_nano.a(lib_a-exit.o)
 .debug_frame   0x00003400       0x2c c:/program files (x86)/cypress/psoc creator/3.3/psoc creator/import/gnu/arm/4.9.3/bin/../lib/gcc/arm-none-eabi/4.9.3/../../../../arm-none-eabi/lib/armv7-m\libg_nano.a(lib_a-init.o)
 .debug_frame   0x0000342c       0x28 c:/program files (x86)/cypress/psoc creator/3.3/psoc creator/import/gnu/arm/4.9.3/bin/../lib/gcc/arm-none-eabi/4.9.3/../../../../arm-none-eabi/lib/armv7-m\libg_nano.a(lib_a-memcpy.o)
 .debug_frame   0x00003454       0x20 c:/program files (x86)/cypress/psoc creator/3.3/psoc creator/import/gnu/arm/4.9.3/bin/../lib/gcc/arm-none-eabi/4.9.3/../../../../arm-none-eabi/lib/armv7-m\libg_nano.a(lib_a-memset.o)

.debug_str      0x00000000     0x4161
 *(.debug_str)
 .debug_str     0x00000000      0x821 .\CortexM3\ARM_GCC_493\Debug\main.o
                                0x8b6 (size before relaxing)
 .debug_str     0x00000821       0x94 .\CortexM3\ARM_GCC_493\Debug\I2C.o
                                0x592 (size before relaxing)
 .debug_str     0x000008b5       0x44 .\CortexM3\ARM_GCC_493\Debug\ibuton.o
                                0x560 (size before relaxing)
 .debug_str     0x000008f9        0x8 .\CortexM3\ARM_GCC_493\Debug\LCD.o
                                0x57c (size before relaxing)
 .debug_str     0x00000901      0x262 .\CortexM3\ARM_GCC_493\Debug\Print.o
                                0x758 (size before relaxing)
 .debug_str     0x00000b63      0x104 .\CortexM3\ARM_GCC_493\Debug\Protocolo.o
                                0x667 (size before relaxing)
 .debug_str     0x00000c67      0x13a .\CortexM3\ARM_GCC_493\Debug\Sonido.o
                                0x600 (size before relaxing)
 .debug_str     0x00000da1       0x77 .\CortexM3\ARM_GCC_493\Debug\cymetadata.o
                                0x1e6 (size before relaxing)
 .debug_str     0x00000e18      0x153 .\CortexM3\ARM_GCC_493\Debug\Cm3Start.o
                                0x2fa (size before relaxing)
 .debug_str     0x00000f6b      0x18b .\CortexM3\ARM_GCC_493\Debug\Unificada.a(cyfitter_cfg.o)
                                0x334 (size before relaxing)
 .debug_str     0x000010f6      0x37d .\CortexM3\ARM_GCC_493\Debug\Unificada.a(Surtidor.o)
                                0x5b1 (size before relaxing)
 .debug_str     0x00001473       0x52 .\CortexM3\ARM_GCC_493\Debug\Unificada.a(Surtidor_INT.o)
                                0x242 (size before relaxing)
 .debug_str     0x000014c5      0x35b .\CortexM3\ARM_GCC_493\Debug\Unificada.a(Impresora.o)
                                0x606 (size before relaxing)
 .debug_str     0x00001820       0x39 .\CortexM3\ARM_GCC_493\Debug\Unificada.a(Impresora_INT.o)
                                0x242 (size before relaxing)
 .debug_str     0x00001859      0x258 .\CortexM3\ARM_GCC_493\Debug\Unificada.a(PC.o)
                                0x4fc (size before relaxing)
 .debug_str     0x00001ab1       0x2b .\CortexM3\ARM_GCC_493\Debug\Unificada.a(PC_INT.o)
                                0x211 (size before relaxing)
 .debug_str     0x00001adc       0xd3 .\CortexM3\ARM_GCC_493\Debug\Unificada.a(I2C_1.o)
                                0x2f4 (size before relaxing)
 .debug_str     0x00001baf       0xe2 .\CortexM3\ARM_GCC_493\Debug\Unificada.a(I2C_1_INT.o)
                                0x276 (size before relaxing)
 .debug_str     0x00001c91       0x62 .\CortexM3\ARM_GCC_493\Debug\Unificada.a(I2C_1_PM.o)
                                0x282 (size before relaxing)
 .debug_str     0x00001cf3       0xf2 .\CortexM3\ARM_GCC_493\Debug\Unificada.a(I2C_1_MASTER.o)
                                0x3d3 (size before relaxing)
 .debug_str     0x00001de5       0x60 .\CortexM3\ARM_GCC_493\Debug\Unificada.a(Pin_WP.o)
                                0x1e3 (size before relaxing)
 .debug_str     0x00001e45      0x280 .\CortexM3\ARM_GCC_493\Debug\Unificada.a(LCD_1.o)
                                0x56e (size before relaxing)
 .debug_str     0x000020c5       0x31 .\CortexM3\ARM_GCC_493\Debug\Unificada.a(LCD_1_INT.o)
                                0x226 (size before relaxing)
 .debug_str     0x000020f6      0x280 .\CortexM3\ARM_GCC_493\Debug\Unificada.a(LCD_2.o)
                                0x56e (size before relaxing)
 .debug_str     0x00002376       0x31 .\CortexM3\ARM_GCC_493\Debug\Unificada.a(LCD_2_INT.o)
                                0x226 (size before relaxing)
 .debug_str     0x000023a7       0x40 .\CortexM3\ARM_GCC_493\Debug\Unificada.a(IB1.o)
                                0x1d4 (size before relaxing)
 .debug_str     0x000023e7       0x40 .\CortexM3\ARM_GCC_493\Debug\Unificada.a(IB2.o)
                                0x1d4 (size before relaxing)
 .debug_str     0x00002427      0x1a7 .\CortexM3\ARM_GCC_493\Debug\Unificada.a(Timer_Animacion.o)
                                0x385 (size before relaxing)
 .debug_str     0x000025ce       0xe7 .\CortexM3\ARM_GCC_493\Debug\Unificada.a(isr_3.o)
                                0x296 (size before relaxing)
 .debug_str     0x000026b5      0x192 .\CortexM3\ARM_GCC_493\Debug\Unificada.a(Timer_Animacion2.o)
                                0x395 (size before relaxing)
 .debug_str     0x00002847       0xcf .\CortexM3\ARM_GCC_493\Debug\Unificada.a(isr_4.o)
                                0x296 (size before relaxing)
 .debug_str     0x00002916      0x146 .\CortexM3\ARM_GCC_493\Debug\Unificada.a(Timer_1.o)
                                0x342 (size before relaxing)
 .debug_str     0x00002a5c       0xda .\CortexM3\ARM_GCC_493\Debug\Unificada.a(isr_1.o)
                                0x296 (size before relaxing)
 .debug_str     0x00002b36       0x8d .\CortexM3\ARM_GCC_493\Debug\Unificada.a(VDAC8_1.o)
                                0x22f (size before relaxing)
 .debug_str     0x00002bc3      0x146 .\CortexM3\ARM_GCC_493\Debug\Unificada.a(Timer_2.o)
                                0x342 (size before relaxing)
 .debug_str     0x00002d09       0xda .\CortexM3\ARM_GCC_493\Debug\Unificada.a(isr_2.o)
                                0x296 (size before relaxing)
 .debug_str     0x00002de3       0x81 .\CortexM3\ARM_GCC_493\Debug\Unificada.a(VDAC8_2.o)
                                0x22f (size before relaxing)
 .debug_str     0x00002e64       0x51 .\CortexM3\ARM_GCC_493\Debug\Unificada.a(SDown.o)
                                0x1de (size before relaxing)
 .debug_str     0x00002eb5      0x1b7 .\CortexM3\ARM_GCC_493\Debug\Unificada.a(Impresora_IntClock.o)
                                0x36e (size before relaxing)
 .debug_str     0x0000306c      0x126 .\CortexM3\ARM_GCC_493\Debug\Unificada.a(PC_IntClock.o)
                                0x31a (size before relaxing)
 .debug_str     0x00003192      0x144 .\CortexM3\ARM_GCC_493\Debug\Unificada.a(LCD_1_IntClock.o)
                                0x33e (size before relaxing)
 .debug_str     0x000032d6      0x144 .\CortexM3\ARM_GCC_493\Debug\Unificada.a(LCD_2_IntClock.o)
                                0x33e (size before relaxing)
 .debug_str     0x0000341a      0x7a7 .\CortexM3\ARM_GCC_493\Debug\Unificada.a(CyLib.o)
                                0xa1f (size before relaxing)
 .debug_str     0x00003bc1      0x35b .\CortexM3\ARM_GCC_493\Debug\Unificada.a(cyPm.o)
                                0x717 (size before relaxing)
 .debug_str     0x00003f1c      0x197 .\CortexM3\ARM_GCC_493\Debug\Unificada.a(CyFlash.o)
                                0x391 (size before relaxing)
 .debug_str     0x000040b3       0xae .\CortexM3\ARM_GCC_493\Debug\Unificada.a(CySpc.o)
                                0x31a (size before relaxing)

.debug_loc      0x00000000     0x5c09
 *(.debug_loc)
 .debug_loc     0x00000000       0x9e .\CortexM3\ARM_GCC_493\Debug\main.o
 .debug_loc     0x0000009e      0x3f1 .\CortexM3\ARM_GCC_493\Debug\I2C.o
 .debug_loc     0x0000048f      0x5f1 .\CortexM3\ARM_GCC_493\Debug\ibuton.o
 .debug_loc     0x00000a80      0x422 .\CortexM3\ARM_GCC_493\Debug\LCD.o
 .debug_loc     0x00000ea2      0xd88 .\CortexM3\ARM_GCC_493\Debug\Print.o
 .debug_loc     0x00001c2a      0x7cc .\CortexM3\ARM_GCC_493\Debug\Protocolo.o
 .debug_loc     0x000023f6       0x21 .\CortexM3\ARM_GCC_493\Debug\Sonido.o
 .debug_loc     0x00002417      0x144 .\CortexM3\ARM_GCC_493\Debug\Cm3Start.o
 .debug_loc     0x0000255b      0x289 .\CortexM3\ARM_GCC_493\Debug\Unificada.a(cyfitter_cfg.o)
 .debug_loc     0x000027e4      0x32f .\CortexM3\ARM_GCC_493\Debug\Unificada.a(Surtidor.o)
 .debug_loc     0x00002b13       0x3e .\CortexM3\ARM_GCC_493\Debug\Unificada.a(Surtidor_INT.o)
 .debug_loc     0x00002b51      0x32f .\CortexM3\ARM_GCC_493\Debug\Unificada.a(Impresora.o)
 .debug_loc     0x00002e80       0x3e .\CortexM3\ARM_GCC_493\Debug\Unificada.a(Impresora_INT.o)
 .debug_loc     0x00002ebe      0x32f .\CortexM3\ARM_GCC_493\Debug\Unificada.a(PC.o)
 .debug_loc     0x000031ed       0x3e .\CortexM3\ARM_GCC_493\Debug\Unificada.a(PC_INT.o)
 .debug_loc     0x0000322b       0x26 .\CortexM3\ARM_GCC_493\Debug\Unificada.a(I2C_1.o)
 .debug_loc     0x00003251       0x29 .\CortexM3\ARM_GCC_493\Debug\Unificada.a(I2C_1_INT.o)
 .debug_loc     0x0000327a       0x13 .\CortexM3\ARM_GCC_493\Debug\Unificada.a(I2C_1_PM.o)
 .debug_loc     0x0000328d      0x531 .\CortexM3\ARM_GCC_493\Debug\Unificada.a(I2C_1_MASTER.o)
 .debug_loc     0x000037be       0x42 .\CortexM3\ARM_GCC_493\Debug\Unificada.a(Pin_WP.o)
 .debug_loc     0x00003800      0x32f .\CortexM3\ARM_GCC_493\Debug\Unificada.a(LCD_1.o)
 .debug_loc     0x00003b2f       0x3e .\CortexM3\ARM_GCC_493\Debug\Unificada.a(LCD_1_INT.o)
 .debug_loc     0x00003b6d      0x32f .\CortexM3\ARM_GCC_493\Debug\Unificada.a(LCD_2.o)
 .debug_loc     0x00003e9c       0x3e .\CortexM3\ARM_GCC_493\Debug\Unificada.a(LCD_2_INT.o)
 .debug_loc     0x00003eda       0x42 .\CortexM3\ARM_GCC_493\Debug\Unificada.a(IB1.o)
 .debug_loc     0x00003f1c       0x55 .\CortexM3\ARM_GCC_493\Debug\Unificada.a(IB2.o)
 .debug_loc     0x00003f71       0x56 .\CortexM3\ARM_GCC_493\Debug\Unificada.a(isr_3.o)
 .debug_loc     0x00003fc7       0x56 .\CortexM3\ARM_GCC_493\Debug\Unificada.a(isr_4.o)
 .debug_loc     0x0000401d       0x13 .\CortexM3\ARM_GCC_493\Debug\Unificada.a(Timer_1.o)
 .debug_loc     0x00004030       0x56 .\CortexM3\ARM_GCC_493\Debug\Unificada.a(isr_1.o)
 .debug_loc     0x00004086       0x79 .\CortexM3\ARM_GCC_493\Debug\Unificada.a(VDAC8_1.o)
 .debug_loc     0x000040ff       0x13 .\CortexM3\ARM_GCC_493\Debug\Unificada.a(Timer_2.o)
 .debug_loc     0x00004112       0x56 .\CortexM3\ARM_GCC_493\Debug\Unificada.a(isr_2.o)
 .debug_loc     0x00004168       0x79 .\CortexM3\ARM_GCC_493\Debug\Unificada.a(VDAC8_2.o)
 .debug_loc     0x000041e1       0x42 .\CortexM3\ARM_GCC_493\Debug\Unificada.a(SDown.o)
 .debug_loc     0x00004223      0x128 .\CortexM3\ARM_GCC_493\Debug\Unificada.a(Impresora_IntClock.o)
 .debug_loc     0x0000434b      0x128 .\CortexM3\ARM_GCC_493\Debug\Unificada.a(PC_IntClock.o)
 .debug_loc     0x00004473      0x12c .\CortexM3\ARM_GCC_493\Debug\Unificada.a(LCD_1_IntClock.o)
 .debug_loc     0x0000459f      0x128 .\CortexM3\ARM_GCC_493\Debug\Unificada.a(LCD_2_IntClock.o)
 .debug_loc     0x000046c7      0xa11 .\CortexM3\ARM_GCC_493\Debug\Unificada.a(CyLib.o)
 .debug_loc     0x000050d8      0x1e4 .\CortexM3\ARM_GCC_493\Debug\Unificada.a(cyPm.o)
 .debug_loc     0x000052bc      0x300 .\CortexM3\ARM_GCC_493\Debug\Unificada.a(CyFlash.o)