Archive member included because of file (symbol)

.\CortexM3\ARM_GCC_493\Debug\Unificada.a(cyfitter_cfg.o)
                              .\CortexM3\ARM_GCC_493\Debug\Cm3Start.o (cyfitter_cfg)
.\CortexM3\ARM_GCC_493\Debug\Unificada.a(Surtidor.o)
                              .\CortexM3\ARM_GCC_493\Debug\main.o (Surtidor_Start)
.\CortexM3\ARM_GCC_493\Debug\Unificada.a(Surtidor_INT.o)
                              .\CortexM3\ARM_GCC_493\Debug\Unificada.a(Surtidor.o) (Surtidor_RXISR)
.\CortexM3\ARM_GCC_493\Debug\Unificada.a(Impresora.o)
                              .\CortexM3\ARM_GCC_493\Debug\main.o (Impresora_Start)
.\CortexM3\ARM_GCC_493\Debug\Unificada.a(Impresora_INT.o)
                              .\CortexM3\ARM_GCC_493\Debug\Unificada.a(Impresora.o) (Impresora_RXISR)
.\CortexM3\ARM_GCC_493\Debug\Unificada.a(PC.o)
                              .\CortexM3\ARM_GCC_493\Debug\main.o (PC_Start)
.\CortexM3\ARM_GCC_493\Debug\Unificada.a(PC_INT.o)
                              .\CortexM3\ARM_GCC_493\Debug\Unificada.a(PC.o) (PC_RXISR)
.\CortexM3\ARM_GCC_493\Debug\Unificada.a(I2C_1.o)
                              .\CortexM3\ARM_GCC_493\Debug\main.o (I2C_1_Start)
.\CortexM3\ARM_GCC_493\Debug\Unificada.a(I2C_1_INT.o)
                              .\CortexM3\ARM_GCC_493\Debug\Unificada.a(I2C_1.o) (I2C_1_ISR)
.\CortexM3\ARM_GCC_493\Debug\Unificada.a(I2C_1_PM.o)
                              .\CortexM3\ARM_GCC_493\Debug\Unificada.a(I2C_1.o) (I2C_1_backup)
.\CortexM3\ARM_GCC_493\Debug\Unificada.a(I2C_1_MASTER.o)
                              .\CortexM3\ARM_GCC_493\Debug\Unificada.a(I2C_1_INT.o) (I2C_1_mstrStatus)
.\CortexM3\ARM_GCC_493\Debug\Unificada.a(Pin_WP.o)
                              .\CortexM3\ARM_GCC_493\Debug\I2C.o (Pin_WP_Write)
.\CortexM3\ARM_GCC_493\Debug\Unificada.a(LCD_1.o)
                              .\CortexM3\ARM_GCC_493\Debug\main.o (LCD_1_Start)
.\CortexM3\ARM_GCC_493\Debug\Unificada.a(LCD_1_INT.o)
                              .\CortexM3\ARM_GCC_493\Debug\Unificada.a(LCD_1.o) (LCD_1_RXISR)
.\CortexM3\ARM_GCC_493\Debug\Unificada.a(LCD_2.o)
                              .\CortexM3\ARM_GCC_493\Debug\main.o (LCD_2_Start)
.\CortexM3\ARM_GCC_493\Debug\Unificada.a(LCD_2_INT.o)
                              .\CortexM3\ARM_GCC_493\Debug\Unificada.a(LCD_2.o) (LCD_2_RXISR)
.\CortexM3\ARM_GCC_493\Debug\Unificada.a(IB1.o)
                              .\CortexM3\ARM_GCC_493\Debug\ibuton.o (IB1_Write)
.\CortexM3\ARM_GCC_493\Debug\Unificada.a(IB2.o)
                              .\CortexM3\ARM_GCC_493\Debug\ibuton.o (IB2_Write)
.\CortexM3\ARM_GCC_493\Debug\Unificada.a(Timer_Animacion.o)
                              .\CortexM3\ARM_GCC_493\Debug\main.o (Timer_Animacion_Stop)
.\CortexM3\ARM_GCC_493\Debug\Unificada.a(isr_3.o)
                              .\CortexM3\ARM_GCC_493\Debug\main.o (isr_3_StartEx)
.\CortexM3\ARM_GCC_493\Debug\Unificada.a(Timer_Animacion2.o)
                              .\CortexM3\ARM_GCC_493\Debug\main.o (Timer_Animacion2_Stop)
.\CortexM3\ARM_GCC_493\Debug\Unificada.a(isr_4.o)
                              .\CortexM3\ARM_GCC_493\Debug\main.o (isr_4_StartEx)
.\CortexM3\ARM_GCC_493\Debug\Unificada.a(Timer_1.o)
                              .\CortexM3\ARM_GCC_493\Debug\Sonido.o (Timer_1_Stop)
.\CortexM3\ARM_GCC_493\Debug\Unificada.a(isr_1.o)
                              .\CortexM3\ARM_GCC_493\Debug\Sonido.o (isr_1_StartEx)
.\CortexM3\ARM_GCC_493\Debug\Unificada.a(VDAC8_1.o)
                              .\CortexM3\ARM_GCC_493\Debug\Sonido.o (VDAC8_1_Stop)
.\CortexM3\ARM_GCC_493\Debug\Unificada.a(Timer_2.o)
                              .\CortexM3\ARM_GCC_493\Debug\Sonido.o (Timer_2_Stop)
.\CortexM3\ARM_GCC_493\Debug\Unificada.a(isr_2.o)
                              .\CortexM3\ARM_GCC_493\Debug\Sonido.o (isr_2_StartEx)
.\CortexM3\ARM_GCC_493\Debug\Unificada.a(VDAC8_2.o)
                              .\CortexM3\ARM_GCC_493\Debug\Sonido.o (VDAC8_2_Stop)
.\CortexM3\ARM_GCC_493\Debug\Unificada.a(SDown.o)
                              .\CortexM3\ARM_GCC_493\Debug\main.o (SDown_Write)
.\CortexM3\ARM_GCC_493\Debug\Unificada.a(Impresora_IntClock.o)
                              .\CortexM3\ARM_GCC_493\Debug\Unificada.a(Impresora.o) (Impresora_IntClock_Start)
.\CortexM3\ARM_GCC_493\Debug\Unificada.a(PC_IntClock.o)
                              .\CortexM3\ARM_GCC_493\Debug\Unificada.a(PC.o) (PC_IntClock_Start)
.\CortexM3\ARM_GCC_493\Debug\Unificada.a(LCD_1_IntClock.o)
                              .\CortexM3\ARM_GCC_493\Debug\Unificada.a(LCD_1.o) (LCD_1_IntClock_Start)
.\CortexM3\ARM_GCC_493\Debug\Unificada.a(LCD_2_IntClock.o)
                              .\CortexM3\ARM_GCC_493\Debug\Unificada.a(LCD_2.o) (LCD_2_IntClock_Start)
.\CortexM3\ARM_GCC_493\Debug\Unificada.a(CyBootAsmGnu.o)
                              .\CortexM3\ARM_GCC_493\Debug\Unificada.a(cyfitter_cfg.o) (CyDelayCycles)
.\CortexM3\ARM_GCC_493\Debug\Unificada.a(CyLib.o)
[...]
Memory Configuration

Name             Origin             Length             Attributes
rom              0x00000000         0x00040000         xr
ram              0x1fff8000         0x00010000         xrw
*default*        0x00000000         0xffffffff

Linker script and memory map

LOAD c:/program files (x86)/cypress/psoc creator/3.3/psoc creator/import/gnu/arm/4.9.3/bin/../lib/gcc/arm-none-eabi/4.9.3/armv7-m/crti.o
LOAD c:/program files (x86)/cypress/psoc creator/3.3/psoc creator/import/gnu/arm/4.9.3/bin/../lib/gcc/arm-none-eabi/4.9.3/armv7-m/crtbegin.o
LOAD c:/program files (x86)/cypress/psoc creator/3.3/psoc creator/import/gnu/arm/4.9.3/bin/../lib/gcc/arm-none-eabi/4.9.3/../../../../arm-none-eabi/lib/armv7-m/crt0.o
START GROUP
LOAD .\CortexM3\ARM_GCC_493\Debug\main.o
LOAD .\CortexM3\ARM_GCC_493\Debug\I2C.o
LOAD .\CortexM3\ARM_GCC_493\Debug\ibuton.o
LOAD .\CortexM3\ARM_GCC_493\Debug\LCD.o
LOAD .\CortexM3\ARM_GCC_493\Debug\Print.o
LOAD .\CortexM3\ARM_GCC_493\Debug\Protocolo.o
LOAD .\CortexM3\ARM_GCC_493\Debug\Sonido.o
LOAD .\CortexM3\ARM_GCC_493\Debug\cymetadata.o
LOAD .\CortexM3\ARM_GCC_493\Debug\Cm3Start.o
LOAD .\CortexM3\ARM_GCC_493\Debug\Unificada.a
LOAD C:\Program Files (x86)\Cypress\PSoC Creator\3.3\PSoC Creator\psoc\content\cycomponentlibrary\CyComponentLibrary.cylib\CortexM3\ARM_GCC_493\Debug\CyComponentLibrary.a
END GROUP
START GROUP
LOAD c:/program files (x86)/cypress/psoc creator/3.3/psoc creator/import/gnu/arm/4.9.3/bin/../lib/gcc/arm-none-eabi/4.9.3/armv7-m\libgcc.a
LOAD c:/program files (x86)/cypress/psoc creator/3.3/psoc creator/import/gnu/arm/4.9.3/bin/../lib/gcc/arm-none-eabi/4.9.3/../../../../arm-none-eabi/lib/armv7-m\libg_nano.a
LOAD c:/program files (x86)/cypress/psoc creator/3.3/psoc creator/import/gnu/arm/4.9.3/bin/../lib/gcc/arm-none-eabi/4.9.3/../../../../arm-none-eabi/lib/armv7-m\libc_nano.a
END GROUP
START GROUP
LOAD c:/program files (x86)/cypress/psoc creator/3.3/psoc creator/import/gnu/arm/4.9.3/bin/../lib/gcc/arm-none-eabi/4.9.3/armv7-m\libgcc.a
LOAD c:/program files (x86)/cypress/psoc creator/3.3/psoc creator/import/gnu/arm/4.9.3/bin/../lib/gcc/arm-none-eabi/4.9.3/../../../../arm-none-eabi/lib/armv7-m\libc_nano.a
END GROUP
LOAD c:/program files (x86)/cypress/psoc creator/3.3/psoc creator/import/gnu/arm/4.9.3/bin/../lib/gcc/arm-none-eabi/4.9.3/armv7-m/crtend.o
LOAD c:/program files (x86)/cypress/psoc creator/3.3/psoc creator/import/gnu/arm/4.9.3/bin/../lib/gcc/arm-none-eabi/4.9.3/armv7-m/crtn.o
START GROUP
LOAD c:/program files (x86)/cypress/psoc creator/3.3/psoc creator/import/gnu/arm/4.9.3/bin/../lib/gcc/arm-none-eabi/4.9.3/armv7-m\libgcc.a
LOAD c:/program files (x86)/cypress/psoc creator/3.3/psoc creator/import/gnu/arm/4.9.3/bin/../lib/gcc/arm-none-eabi/4.9.3/../../../../arm-none-eabi/lib/armv7-m\libc.a
LOAD c:/program files (x86)/cypress/psoc creator/3.3/psoc creator/import/gnu/arm/4.9.3/bin/../lib/gcc/arm-none-eabi/4.9.3/../../../../arm-none-eabi/lib/armv7-m\libnosys.a
END GROUP
                0x00000000                CY_APPL_ORIGIN = 0x0
                0x00000100                CY_FLASH_ROW_SIZE = 0x100
                0x00000020                CY_ECC_ROW_SIZE = 0x20
                0x00000000                CY_EE_IN_BTLDR = 0x0
                0x00000000                CY_APPL_LOADABLE = 0x0
                0x00000800                CY_EE_SIZE = 0x800
                0x00000001                CY_APPL_NUM = 0x1
                0x00000001                CY_APPL_MAX = 0x1
                0x00000040                CY_METADATA_SIZE = 0x40
                0x1fff8af8                PROVIDE (__cy_heap_start, _end)
                0x00000001                PROVIDE (__cy_region_num, ((__cy_regions_end - __cy_regions) / 0x10))
                0x20008000                PROVIDE (__cy_stack, (ORIGIN (ram) + 0x10000))
                0x20007800                PROVIDE (__cy_heap_end, (__cy_stack - 0x800))

.cybootloader   0x00000000        0x0
 *(.cybootloader)
                0x00000000                appl1_start = CY_APPL_ORIGIN?CY_APPL_ORIGIN:ALIGN (CY_FLASH_ROW_SIZE)
                0x0001ff00                appl2_start = (appl1_start + ALIGN ((((0x40000 - appl1_start) - (0x2 * CY_FLASH_ROW_SIZE)) / 0x2), CY_FLASH_ROW_SIZE))
                0x00000000                appl_start = (CY_APPL_NUM == 0x1)?appl1_start:appl2_start
                0x00000000                ecc_offset = ((appl_start / CY_FLASH_ROW_SIZE) * CY_ECC_ROW_SIZE)
                0x00000000                ee_offset = (CY_APPL_LOADABLE && ! (CY_EE_IN_BTLDR))?((CY_EE_SIZE / CY_APPL_MAX) * (CY_APPL_NUM - 0x1)):0x0
                0x00000800                ee_size = (CY_APPL_LOADABLE && ! (CY_EE_IN_BTLDR))?(CY_EE_SIZE / CY_APPL_MAX):CY_EE_SIZE
                0x00000000                PROVIDE (CY_ECC_OFFSET, ecc_offset)

.text           0x00000000    0x1146e
 CREATE_OBJECT_SYMBOLS
                0x00000000                PROVIDE (__cy_interrupt_vector, RomVectors)
 *(.romvectors)
 .romvectors    0x00000000       0x10 .\CortexM3\ARM_GCC_493\Debug\Cm3Start.o
                0x00000000                RomVectors
                0x00000001                ASSERT ((. != __cy_interrupt_vector), No interrupt vector)
                0x00000001                ASSERT (CY_APPL_ORIGIN?(SIZEOF (.cybootloader) <= CY_APPL_ORIGIN):0x1, Wrong image location)
                0x00000010                PROVIDE (__cy_reset, Reset)
 *(.text.Reset)
 .text.Reset    0x00000010       0x18 .\CortexM3\ARM_GCC_493\Debug\Cm3Start.o
                0x00000010                Reset
                0x00000001                ASSERT ((. != __cy_reset), No reset code)
 *(.dma_init)
                0x00000001                ASSERT ((((appl_start + .) <= 0x10000) || 0x1), DMA Init must be within the first 64k of flash)
 *(.text .text.* .gnu.linkonce.t.*)
 .text          0x00000028       0x5c c:/program files (x86)/cypress/psoc creator/3.3/psoc creator/import/gnu/arm/4.9.3/bin/../lib/gcc/arm-none-eabi/4.9.3/armv7-m/crtbegin.o
 .text.animacion
                0x00000084       0x48 .\CortexM3\ARM_GCC_493\Debug\main.o
                0x00000084                animacion
 .text.animacion2
                0x000000cc       0x48 .\CortexM3\ARM_GCC_493\Debug\main.o
                0x000000cc                animacion2
 .text.init     0x00000114      0x608 .\CortexM3\ARM_GCC_493\Debug\main.o
                0x00000114                init
 .text.init_surt
                0x0000071c       0xb0 .\CortexM3\ARM_GCC_493\Debug\main.o
                0x0000071c                init_surt
 .text.error_op
                0x000007cc       0x5c .\CortexM3\ARM_GCC_493\Debug\main.o
                0x000007cc                error_op
 .text.polling_LCD1
                0x00000828     0x3ed0 .\CortexM3\ARM_GCC_493\Debug\main.o
                0x00000828                polling_LCD1
 .text.polling_LCD2
                0x000046f8     0x3c60 .\CortexM3\ARM_GCC_493\Debug\main.o
                0x000046f8                polling_LCD2
 .text.main     0x00008358       0x14 .\CortexM3\ARM_GCC_493\Debug\main.o
                0x00008358                main
 .text.leer_hora
                0x0000836c       0x60 .\CortexM3\ARM_GCC_493\Debug\I2C.o
                0x0000836c                leer_hora
 .text.leer_fecha
                0x000083cc       0x60 .\CortexM3\ARM_GCC_493\Debug\I2C.o
                0x000083cc                leer_fecha
 .text.write_hora
                0x0000842c       0x5c .\CortexM3\ARM_GCC_493\Debug\I2C.o
                0x0000842c                write_hora
 .text.write_fecha
                0x00008488       0x64 .\CortexM3\ARM_GCC_493\Debug\I2C.o
                0x00008488                write_fecha
 .text.write_eeprom
                0x000084ec       0x7c .\CortexM3\ARM_GCC_493\Debug\I2C.o
                0x000084ec                write_eeprom
 .text.leer_eeprom
                0x00008568       0x94 .\CortexM3\ARM_GCC_493\Debug\I2C.o
                0x00008568                leer_eeprom
 .text.write_psoc1
                0x000085fc       0x48 .\CortexM3\ARM_GCC_493\Debug\I2C.o
                0x000085fc                write_psoc1
 .text.touch_present
                0x00008644       0x84 .\CortexM3\ARM_GCC_493\Debug\ibuton.o
                0x00008644                touch_present
 .text.touch_write
                0x000086c8       0xd4 .\CortexM3\ARM_GCC_493\Debug\ibuton.o
                0x000086c8                touch_write
 .text.touch_read_byte
                0x0000879c       0x78 .\CortexM3\ARM_GCC_493\Debug\ibuton.o
                0x0000879c                touch_read_byte
 .text.touch_read_memoria
                0x00008814      0x1b4 .\CortexM3\ARM_GCC_493\Debug\ibuton.o
                0x00008814                touch_read_memoria
 .text.touch_write_memoria
                0x000089c8      0x30c .\CortexM3\ARM_GCC_493\Debug\ibuton.o
                0x000089c8                touch_write_memoria
 .text.crc_check
                0x00008cd4       0x20 .\CortexM3\ARM_GCC_493\Debug\ibuton.o
                0x00008cd4                crc_check
 .text.set_imagen
                0x00008cf4       0x6c .\CortexM3\ARM_GCC_493\Debug\LCD.o
                0x00008cf4                set_imagen
 .text.write_LCD
                0x00008d60      0x100 .\CortexM3\ARM_GCC_493\Debug\LCD.o
                0x00008d60                write_LCD
 .text.Hora_LCD
                0x00008e60       0xbc .\CortexM3\ARM_GCC_493\Debug\LCD.o
                0x00008e60                Hora_LCD
 .text.Fecha_LCD
                0x00008f1c       0xc8 .\CortexM3\ARM_GCC_493\Debug\LCD.o
                0x00008f1c                Fecha_LCD
 .text.Nombre_LCD
                0x00008fe4      0x104 .\CortexM3\ARM_GCC_493\Debug\LCD.o
                0x00008fe4                Nombre_LCD
 .text.Precio_LCD
                0x000090e8       0xc4 .\CortexM3\ARM_GCC_493\Debug\LCD.o
                0x000090e8                Precio_LCD
 .text.Grado_LCD
                0x000091ac       0xbc .\CortexM3\ARM_GCC_493\Debug\LCD.o
                0x000091ac                Grado_LCD
 .text.direccion_LCD
                0x00009268      0x10c .\CortexM3\ARM_GCC_493\Debug\LCD.o
                0x00009268                direccion_LCD
 .text.lema1_LCD
                0x00009374      0x10c .\CortexM3\ARM_GCC_493\Debug\LCD.o
                0x00009374                lema1_LCD
 .text.lema2_LCD
                0x00009480      0x10c .\CortexM3\ARM_GCC_493\Debug\LCD.o
                0x00009480                lema2_LCD
 .text.telefono_LCD
                0x0000958c      0x10c .\CortexM3\ARM_GCC_493\Debug\LCD.o
                0x0000958c                telefono_LCD
 .text.nit_LCD  0x00009698      0x10c .\CortexM3\ARM_GCC_493\Debug\LCD.o
                0x00009698                nit_LCD
 .text.Cuenta_LCD
                0x000097a4      0x104 .\CortexM3\ARM_GCC_493\Debug\LCD.o
                0x000097a4                Cuenta_LCD
 .text.Placa_LCD
                0x000098a8      0x108 .\CortexM3\ARM_GCC_493\Debug\LCD.o
                0x000098a8                Placa_LCD
 .text.writemini_LCD
                0x000099b0      0x108 .\CortexM3\ARM_GCC_493\Debug\LCD.o
                0x000099b0                writemini_LCD
 .text.operacion
                0x00009ab8      0x128 .\CortexM3\ARM_GCC_493\Debug\Print.o
                0x00009ab8                operacion
 .text.print_logo_k
                0x00009be0      0x200 .\CortexM3\ARM_GCC_493\Debug\Print.o
                0x00009be0                print_logo_k
 .text.print_logo_p
                0x00009de0      0x1f0 .\CortexM3\ARM_GCC_493\Debug\Print.o
                0x00009de0                print_logo_p
 .text.print_totales
                0x00009fd0      0x110 .\CortexM3\ARM_GCC_493\Debug\Print.o
                0x00009fd0                print_totales
 .text.print_totalesac
                0x0000a0e0      0x114 .\CortexM3\ARM_GCC_493\Debug\Print.o
                0x0000a0e0                print_totalesac
 .text.print_valor
                0x0000a1f4       0x50 .\CortexM3\ARM_GCC_493\Debug\Print.o
                0x0000a1f4                print_valor
 .text.imprimir
                0x0000a244     0x1168 .\CortexM3\ARM_GCC_493\Debug\Print.o
                0x0000a244                imprimir
 .text.imprimir_corte
                0x0000b3ac      0x758 .\CortexM3\ARM_GCC_493\Debug\Print.o
                0x0000b3ac                imprimir_corte
 .text.ver_pos  0x0000bb04       0x80 .\CortexM3\ARM_GCC_493\Debug\Protocolo.o
                0x0000bb04                ver_pos
 .text.get_estado
                0x0000bb84       0x28 .\CortexM3\ARM_GCC_493\Debug\Protocolo.o
                0x0000bb84                get_estado
 .text.estado_ex
                0x0000bbac       0xe8 .\CortexM3\ARM_GCC_493\Debug\Protocolo.o
                0x0000bbac                estado_ex
 .text.venta    0x0000bc94      0x1e8 .\CortexM3\ARM_GCC_493\Debug\Protocolo.o
                0x0000bc94                venta
 .text.get_totales
                0x0000be7c     0x3274 .\CortexM3\ARM_GCC_493\Debug\Protocolo.o
                0x0000be7c                get_totales
 .text.programar
                0x0000f0f0      0x488 .\CortexM3\ARM_GCC_493\Debug\Protocolo.o
                0x0000f0f0                programar
 .text.cambiar_precio
                0x0000f578      0x2c4 .\CortexM3\ARM_GCC_493\Debug\Protocolo.o
                0x0000f578                cambiar_precio
 .text.Interrupcion_1
                0x0000f83c       0xd8 .\CortexM3\ARM_GCC_493\Debug\Sonido.o
                0x0000f83c                Interrupcion_1
 .text.Interrupcion_2
                0x0000f914       0xe0 .\CortexM3\ARM_GCC_493\Debug\Sonido.o
                0x0000f914                Interrupcion_2
 .text.sonido   0x0000f9f4       0x60 .\CortexM3\ARM_GCC_493\Debug\Sonido.o
                0x0000f9f4                sonido
 .text.IntDefaultHandler
                0x0000fa54        0x4 .\CortexM3\ARM_GCC_493\Debug\Cm3Start.o
                0x0000fa54                IntDefaultHandler
 .text.Start_c  0x0000fa58       0x4c .\CortexM3\ARM_GCC_493\Debug\Cm3Start.o
                0x0000fa58                Start_c
 .text.initialize_psoc
                0x0000faa4       0x74 .\CortexM3\ARM_GCC_493\Debug\Cm3Start.o
                0x0000faa4                initialize_psoc
 .text.CyClockStartupError
                0x0000fb18        0x4 .\CortexM3\ARM_GCC_493\Debug\Unificada.a(cyfitter_cfg.o)
 .text.cfg_write_bytes32
                0x0000fb1c       0x34 .\CortexM3\ARM_GCC_493\Debug\Unificada.a(cyfitter_cfg.o)
 .text.AnalogSetDefault
                0x0000fb50       0x54 .\CortexM3\ARM_GCC_493\Debug\Unificada.a(cyfitter_cfg.o)
 .text.CYMEMZERO
                0x0000fba4        0xc .\CortexM3\ARM_GCC_493\Debug\Unificada.a(cyfitter_cfg.o)
 .text.ClockSetup
                0x0000fbb0      0x104 .\CortexM3\ARM_GCC_493\Debug\Unificada.a(cyfitter_cfg.o)
 .text.CYCONFIGCPY
                0x0000fcb4        0x8 .\CortexM3\ARM_GCC_493\Debug\Unificada.a(cyfitter_cfg.o)
 .text.cyfitter_cfg
                0x0000fcbc      0x170 .\CortexM3\ARM_GCC_493\Debug\Unificada.a(cyfitter_cfg.o)
                0x0000fcbc                cyfitter_cfg
 .text.Surtidor_Init
                0x0000fe2c       0x3c .\CortexM3\ARM_GCC_493\Debug\Unificada.a(Surtidor.o)
                0x0000fe2c                Surtidor_Init
 .text.Surtidor_Enable
                0x0000fe68       0x3c .\CortexM3\ARM_GCC_493\Debug\Unificada.a(Surtidor.o)
                0x0000fe68                Surtidor_Enable
 .text.Surtidor_Start
                0x0000fea4       0x1c .\CortexM3\ARM_GCC_493\Debug\Unificada.a(Surtidor.o)
                0x0000fea4                Surtidor_Start
 .text.Surtidor_EnableRxInt
                0x0000fec0        0xc .\CortexM3\ARM_GCC_493\Debug\Unificada.a(Surtidor.o)
                0x0000fec0                Surtidor_EnableRxInt
 .text.Surtidor_DisableRxInt
                0x0000fecc        0xc .\CortexM3\ARM_GCC_493\Debug\Unificada.a(Surtidor.o)
                0x0000fecc                Surtidor_DisableRxInt
 .text.Surtidor_ReadRxData
                0x0000fed8       0x5c .\CortexM3\ARM_GCC_493\Debug\Unificada.a(Surtidor.o)
                0x0000fed8                Surtidor_ReadRxData
 .text.Surtidor_GetRxBufferSize
                0x0000ff34       0x60 .\CortexM3\ARM_GCC_493\Debug\Unificada.a(Surtidor.o)
                0x0000ff34                Surtidor_GetRxBufferSize
 .text.Surtidor_ClearRxBuffer
                0x0000ff94       0x3c .\CortexM3\ARM_GCC_493\Debug\Unificada.a(Surtidor.o)
                0x0000ff94                Surtidor_ClearRxBuffer
 .text.Surtidor_PutChar
                0x0000ffd0       0x18 .\CortexM3\ARM_GCC_493\Debug\Unificada.a(Surtidor.o)
                0x0000ffd0                Surtidor_PutChar
 .text.Surtidor_RXISR
                0x0000ffe8       0x80 .\CortexM3\ARM_GCC_493\Debug\Unificada.a(Surtidor_INT.o)
                0x0000ffe8                Surtidor_RXISR
 .text.Impresora_Init
                0x00010068       0x3c .\CortexM3\ARM_GCC_493\Debug\Unificada.a(Impresora.o)
                0x00010068                Impresora_Init
 .text.Impresora_Enable
                0x000100a4       0x44 .\CortexM3\ARM_GCC_493\Debug\Unificada.a(Impresora.o)
                0x000100a4                Impresora_Enable
 .text.Impresora_Start
                0x000100e8       0x1c .\CortexM3\ARM_GCC_493\Debug\Unificada.a(Impresora.o)
                0x000100e8                Impresora_Start
 .text.Impresora_RXISR
                0x00010104       0x80 .\CortexM3\ARM_GCC_493\Debug\Unificada.a(Impresora_INT.o)
                0x00010104                Impresora_RXISR
 .text.PC_Init  0x00010184       0x3c .\CortexM3\ARM_GCC_493\Debug\Unificada.a(PC.o)
                0x00010184                PC_Init
 .text.PC_Enable
                0x000101c0       0x44 .\CortexM3\ARM_GCC_493\Debug\Unificada.a(PC.o)
                0x000101c0                PC_Enable
 .text.PC_Start
                0x00010204       0x1c .\CortexM3\ARM_GCC_493\Debug\Unificada.a(PC.o)
                0x00010204                PC_Start
 .text.PC_RXISR
                0x00010220       0x80 .\CortexM3\ARM_GCC_493\Debug\Unificada.a(PC_INT.o)
                0x00010220                PC_RXISR
 .text.I2C_1_Init
                0x000102a0       0x58 .\CortexM3\ARM_GCC_493\Debug\Unificada.a(I2C_1.o)
                0x000102a0                I2C_1_Init
 .text.I2C_1_Enable
                0x000102f8       0x24 .\CortexM3\ARM_GCC_493\Debug\Unificada.a(I2C_1.o)
                0x000102f8                I2C_1_Enable
 .text.I2C_1_Start
                0x0001031c       0x28 .\CortexM3\ARM_GCC_493\Debug\Unificada.a(I2C_1.o)
                0x0001031c                I2C_1_Start
 .text.I2C_1_ISR
                0x00010344      0x2d0 .\CortexM3\ARM_GCC_493\Debug\Unificada.a(I2C_1_INT.o)
                0x00010344                I2C_1_ISR
 .text.I2C_1_MasterSendStart
                0x00010614       0x80 .\CortexM3\ARM_GCC_493\Debug\Unificada.a(I2C_1_MASTER.o)
                0x00010614                I2C_1_MasterSendStart
 .text.I2C_1_MasterSendStop
                0x00010694       0x38 .\CortexM3\ARM_GCC_493\Debug\Unificada.a(I2C_1_MASTER.o)
                0x00010694                I2C_1_MasterSendStop
 .text.I2C_1_MasterWriteByte
                0x000106cc       0x58 .\CortexM3\ARM_GCC_493\Debug\Unificada.a(I2C_1_MASTER.o)
                0x000106cc                I2C_1_MasterWriteByte
 .text.I2C_1_MasterReadByte
                0x00010724       0x58 .\CortexM3\ARM_GCC_493\Debug\Unificada.a(I2C_1_MASTER.o)
                0x00010724                I2C_1_MasterReadByte
 .text.I2C_1_MasterClearStatus
                0x0001077c       0x10 .\CortexM3\ARM_GCC_493\Debug\Unificada.a(I2C_1_MASTER.o)
                0x0001077c                I2C_1_MasterClearStatus
 .text.I2C_1_MasterClearReadBuf
                0x0001078c       0x1c .\CortexM3\ARM_GCC_493\Debug\Unificada.a(I2C_1_MASTER.o)
                0x0001078c                I2C_1_MasterClearReadBuf
 .text.I2C_1_MasterClearWriteBuf
                0x000107a8       0x1c .\CortexM3\ARM_GCC_493\Debug\Unificada.a(I2C_1_MASTER.o)
                0x000107a8                I2C_1_MasterClearWriteBuf
 .text.I2C_1_Workaround
                0x000107c4        0x4 .\CortexM3\ARM_GCC_493\Debug\Unificada.a(I2C_1_MASTER.o)
                0x000107c4                I2C_1_Workaround
 .text.Pin_WP_Write
                0x000107c8       0x18 .\CortexM3\ARM_GCC_493\Debug\Unificada.a(Pin_WP.o)
                0x000107c8                Pin_WP_Write
 .text.LCD_1_Init
                0x000107e0       0x3c .\CortexM3\ARM_GCC_493\Debug\Unificada.a(LCD_1.o)
                0x000107e0                LCD_1_Init
 .text.LCD_1_Enable
                0x0001081c       0x44 .\CortexM3\ARM_GCC_493\Debug\Unificada.a(LCD_1.o)
                0x0001081c                LCD_1_Enable
 .text.LCD_1_Start
                0x00010860       0x1c .\CortexM3\ARM_GCC_493\Debug\Unificada.a(LCD_1.o)
                0x00010860                LCD_1_Start
 .text.LCD_1_EnableRxInt
                0x0001087c        0xc .\CortexM3\ARM_GCC_493\Debug\Unificada.a(LCD_1.o)
                0x0001087c                LCD_1_EnableRxInt
 .text.LCD_1_DisableRxInt
                0x00010888        0xc .\CortexM3\ARM_GCC_493\Debug\Unificada.a(LCD_1.o)
                0x00010888                LCD_1_DisableRxInt
 .text.LCD_1_GetRxBufferSize
                0x00010894       0x54 .\CortexM3\ARM_GCC_493\Debug\Unificada.a(LCD_1.o)
                0x00010894                LCD_1_GetRxBufferSize
 .text.LCD_1_ClearRxBuffer
                0x000108e8       0x3c .\CortexM3\ARM_GCC_493\Debug\Unificada.a(LCD_1.o)
                0x000108e8                LCD_1_ClearRxBuffer
 .text.LCD_1_PutChar
                0x00010924       0x18 .\CortexM3\ARM_GCC_493\Debug\Unificada.a(LCD_1.o)
                0x00010924                LCD_1_PutChar
 .text.LCD_1_RXISR
                0x0001093c       0x80 .\CortexM3\ARM_GCC_493\Debug\Unificada.a(LCD_1_INT.o)
                0x0001093c                LCD_1_RXISR
 .text.LCD_2_Init
                0x000109bc       0x3c .\CortexM3\ARM_GCC_493\Debug\Unificada.a(LCD_2.o)
                0x000109bc                LCD_2_Init
 .text.LCD_2_Enable
                0x000109f8       0x44 .\CortexM3\ARM_GCC_493\Debug\Unificada.a(LCD_2.o)
                0x000109f8                LCD_2_Enable
 .text.LCD_2_Start
                0x00010a3c       0x1c .\CortexM3\ARM_GCC_493\Debug\Unificada.a(LCD_2.o)
                0x00010a3c                LCD_2_Start
 .text.LCD_2_EnableRxInt
                0x00010a58        0xc .\CortexM3\ARM_GCC_493\Debug\Unificada.a(LCD_2.o)
                0x00010a58                LCD_2_EnableRxInt
 .text.LCD_2_DisableRxInt
                0x00010a64        0xc .\CortexM3\ARM_GCC_493\Debug\Unificada.a(LCD_2.o)
                0x00010a64                LCD_2_DisableRxInt
 .text.LCD_2_GetRxBufferSize
                0x00010a70       0x54 .\CortexM3\ARM_GCC_493\Debug\Unificada.a(LCD_2.o)
                0x00010a70                LCD_2_GetRxBufferSize
 .text.LCD_2_ClearRxBuffer
                0x00010ac4       0x3c .\CortexM3\ARM_GCC_493\Debug\Unificada.a(LCD_2.o)
                0x00010ac4                LCD_2_ClearRxBuffer
 .text.LCD_2_PutChar
                0x00010b00       0x18 .\CortexM3\ARM_GCC_493\Debug\Unificada.a(LCD_2.o)
                0x00010b00                LCD_2_PutChar
 .text.LCD_2_RXISR
                0x00010b18       0x80 .\CortexM3\ARM_GCC_493\Debug\Unificada.a(LCD_2_INT.o)
                0x00010b18                LCD_2_RXISR
 .text.IB1_Write
                0x00010b98       0x18 .\CortexM3\ARM_GCC_493\Debug\Unificada.a(IB1.o)
                0x00010b98                IB1_Write
 .text.IB1_Read
                0x00010bb0       0x10 .\CortexM3\ARM_GCC_493\Debug\Unificada.a(IB1.o)
                0x00010bb0                IB1_Read
 .text.IB2_Write
                0x00010bc0       0x18 .\CortexM3\ARM_GCC_493\Debug\Unificada.a(IB2.o)
                0x00010bc0                IB2_Write
 .text.IB2_Read
                0x00010bd8        0xc .\CortexM3\ARM_GCC_493\Debug\Unificada.a(IB2.o)
                0x00010bd8                IB2_Read
 .text.Timer_Animacion_Enable
                0x00010be4       0x28 .\CortexM3\ARM_GCC_493\Debug\Unificada.a(Timer_Animacion.o)
                0x00010be4                Timer_Animacion_Enable
 .text.Timer_Animacion_Stop
                0x00010c0c       0x28 .\CortexM3\ARM_GCC_493\Debug\Unificada.a(Timer_Animacion.o)
                0x00010c0c                Timer_Animacion_Stop
 .text.Timer_Animacion_SetInterruptMode
                0x00010c34        0xc .\CortexM3\ARM_GCC_493\Debug\Unificada.a(Timer_Animacion.o)
                0x00010c34                Timer_Animacion_SetInterruptMode
 .text.Timer_Animacion_ReadStatusRegister
                0x00010c40        0xc .\CortexM3\ARM_GCC_493\Debug\Unificada.a(Timer_Animacion.o)
                0x00010c40                Timer_Animacion_ReadStatusRegister
 .text.Timer_Animacion_WritePeriod
                0x00010c4c        0xc .\CortexM3\ARM_GCC_493\Debug\Unificada.a(Timer_Animacion.o)
                0x00010c4c                Timer_Animacion_WritePeriod
 .text.Timer_Animacion_WriteCounter
                0x00010c58        0xc .\CortexM3\ARM_GCC_493\Debug\Unificada.a(Timer_Animacion.o)
                0x00010c58                Timer_Animacion_WriteCounter
 .text.Timer_Animacion_Init
                0x00010c64       0x68 .\CortexM3\ARM_GCC_493\Debug\Unificada.a(Timer_Animacion.o)
                0x00010c64                Timer_Animacion_Init
 .text.Timer_Animacion_Start
                0x00010ccc       0x1c .\CortexM3\ARM_GCC_493\Debug\Unificada.a(Timer_Animacion.o)
                0x00010ccc                Timer_Animacion_Start
 .text.isr_3_SetVector
                0x00010ce8       0x10 .\CortexM3\ARM_GCC_493\Debug\Unificada.a(isr_3.o)
                0x00010ce8                isr_3_SetVector
 .text.isr_3_SetPriority
                0x00010cf8       0x10 .\CortexM3\ARM_GCC_493\Debug\Unificada.a(isr_3.o)
                0x00010cf8                isr_3_SetPriority
 .text.isr_3_Enable
                0x00010d08       0x10 .\CortexM3\ARM_GCC_493\Debug\Unificada.a(isr_3.o)
                0x00010d08                isr_3_Enable
 .text.isr_3_Disable
                0x00010d18       0x10 .\CortexM3\ARM_GCC_493\Debug\Unificada.a(isr_3.o)
                0x00010d18                isr_3_Disable
 .text.isr_3_StartEx
                0x00010d28       0x1c .\CortexM3\ARM_GCC_493\Debug\Unificada.a(isr_3.o)
                0x00010d28                isr_3_StartEx
 .text.isr_3_Stop
                0x00010d44       0x14 .\CortexM3\ARM_GCC_493\Debug\Unificada.a(isr_3.o)
                0x00010d44                isr_3_Stop
 .text.Timer_Animacion2_Enable
                0x00010d58       0x28 .\CortexM3\ARM_GCC_493\Debug\Unificada.a(Timer_Animacion2.o)
                0x00010d58                Timer_Animacion2_Enable
 .text.Timer_Animacion2_Stop
                0x00010d80       0x28 .\CortexM3\ARM_GCC_493\Debug\Unificada.a(Timer_Animacion2.o)
                0x00010d80                Timer_Animacion2_Stop
 .text.Timer_Animacion2_SetInterruptMode
                0x00010da8        0xc .\CortexM3\ARM_GCC_493\Debug\Unificada.a(Timer_Animacion2.o)
                0x00010da8                Timer_Animacion2_SetInterruptMode
 .text.Timer_Animacion2_ReadStatusRegister
                0x00010db4        0xc .\CortexM3\ARM_GCC_493\Debug\Unificada.a(Timer_Animacion2.o)
                0x00010db4                Timer_Animacion2_ReadStatusRegister
 .text.Timer_Animacion2_WritePeriod
                0x00010dc0        0xc .\CortexM3\ARM_GCC_493\Debug\Unificada.a(Timer_Animacion2.o)
                0x00010dc0                Timer_Animacion2_WritePeriod
 .text.Timer_Animacion2_WriteCounter
                0x00010dcc        0xc .\CortexM3\ARM_GCC_493\Debug\Unificada.a(Timer_Animacion2.o)
                0x00010dcc                Timer_Animacion2_WriteCounter
 .text.Timer_Animacion2_Init
                0x00010dd8       0x68 .\CortexM3\ARM_GCC_493\Debug\Unificada.a(Timer_Animacion2.o)
                0x00010dd8                Timer_Animacion2_Init
 .text.Timer_Animacion2_Start
                0x00010e40       0x1c .\CortexM3\ARM_GCC_493\Debug\Unificada.a(Timer_Animacion2.o)
                0x00010e40                Timer_Animacion2_Start
 .text.isr_4_SetVector
                0x00010e5c       0x10 .\CortexM3\ARM_GCC_493\Debug\Unificada.a(isr_4.o)
                0x00010e5c                isr_4_SetVector
 .text.isr_4_SetPriority
                0x00010e6c       0x10 .\CortexM3\ARM_GCC_493\Debug\Unificada.a(isr_4.o)
                0x00010e6c                isr_4_SetPriority
 .text.isr_4_Enable
                0x00010e7c       0x10 .\CortexM3\ARM_GCC_493\Debug\Unificada.a(isr_4.o)
                0x00010e7c                isr_4_Enable
 .text.isr_4_Disable
                0x00010e8c       0x10 .\CortexM3\ARM_GCC_493\Debug\Unificada.a(isr_4.o)
                0x00010e8c                isr_4_Disable
 .text.isr_4_StartEx
                0x00010e9c       0x1c .\CortexM3\ARM_GCC_493\Debug\Unificada.a(isr_4.o)
                0x00010e9c                isr_4_StartEx
 .text.isr_4_Stop
                0x00010eb8       0x14 .\CortexM3\ARM_GCC_493\Debug\Unificada.a(isr_4.o)
                0x00010eb8                isr_4_Stop
 .text.Timer_1_Enable
                0x00010ecc       0x10 .\CortexM3\ARM_GCC_493\Debug\Unificada.a(Timer_1.o)
                0x00010ecc                Timer_1_Enable
 .text.Timer_1_Stop
                0x00010edc       0x10 .\CortexM3\ARM_GCC_493\Debug\Unificada.a(Timer_1.o)
                0x00010edc                Timer_1_Stop
 .text.Timer_1_SetInterruptMode
                0x00010eec        0xc .\CortexM3\ARM_GCC_493\Debug\Unificada.a(Timer_1.o)
                0x00010eec                Timer_1_SetInterruptMode
 .text.Timer_1_ReadStatusRegister
                0x00010ef8        0xc .\CortexM3\ARM_GCC_493\Debug\Unificada.a(Timer_1.o)
                0x00010ef8                Timer_1_ReadStatusRegister
 .text.Timer_1_WritePeriod
                0x00010f04        0xc .\CortexM3\ARM_GCC_493\Debug\Unificada.a(Timer_1.o)
                0x00010f04                Timer_1_WritePeriod
 .text.Timer_1_ReadCapture
                0x00010f10        0xc .\CortexM3\ARM_GCC_493\Debug\Unificada.a(Timer_1.o)
                0x00010f10                Timer_1_ReadCapture
 .text.Timer_1_WriteCounter
                0x00010f1c        0xc .\CortexM3\ARM_GCC_493\Debug\Unificada.a(Timer_1.o)
                0x00010f1c                Timer_1_WriteCounter
 .text.Timer_1_ClearFIFO
                0x00010f28       0x14 .\CortexM3\ARM_GCC_493\Debug\Unificada.a(Timer_1.o)
                0x00010f28                Timer_1_ClearFIFO
 .text.Timer_1_Init
                0x00010f3c       0x30 .\CortexM3\ARM_GCC_493\Debug\Unificada.a(Timer_1.o)
                0x00010f3c                Timer_1_Init
 .text.Timer_1_Start
                0x00010f6c       0x1c .\CortexM3\ARM_GCC_493\Debug\Unificada.a(Timer_1.o)
                0x00010f6c                Timer_1_Start
 .text.isr_1_SetVector
                0x00010f88        0xc .\CortexM3\ARM_GCC_493\Debug\Unificada.a(isr_1.o)
                0x00010f88                isr_1_SetVector
 .text.isr_1_SetPriority
                0x00010f94       0x10 .\CortexM3\ARM_GCC_493\Debug\Unificada.a(isr_1.o)
                0x00010f94                isr_1_SetPriority
 .text.isr_1_Enable
                0x00010fa4        0xc .\CortexM3\ARM_GCC_493\Debug\Unificada.a(isr_1.o)
                0x00010fa4                isr_1_Enable
 .text.isr_1_Disable
                0x00010fb0        0xc .\CortexM3\ARM_GCC_493\Debug\Unificada.a(isr_1.o)
                0x00010fb0                isr_1_Disable
 .text.isr_1_StartEx
                0x00010fbc       0x1c .\CortexM3\ARM_GCC_493\Debug\Unificada.a(isr_1.o)
                0x00010fbc                isr_1_StartEx
 .text.VDAC8_1_Enable
                0x00010fd8       0x1c .\CortexM3\ARM_GCC_493\Debug\Unificada.a(VDAC8_1.o)
                0x00010fd8                VDAC8_1_Enable
 .text.VDAC8_1_Stop
                0x00010ff4       0x1c .\CortexM3\ARM_GCC_493\Debug\Unificada.a(VDAC8_1.o)
                0x00010ff4                VDAC8_1_Stop
 .text.VDAC8_1_SetSpeed
                0x00011010       0x1c .\CortexM3\ARM_GCC_493\Debug\Unificada.a(VDAC8_1.o)
                0x00011010                VDAC8_1_SetSpeed
 .text.VDAC8_1_SetValue
                0x0001102c        0xc .\CortexM3\ARM_GCC_493\Debug\Unificada.a(VDAC8_1.o)
                0x0001102c                VDAC8_1_SetValue
 .text.VDAC8_1_DacTrim
                0x00011038       0x24 .\CortexM3\ARM_GCC_493\Debug\Unificada.a(VDAC8_1.o)
                0x00011038                VDAC8_1_DacTrim
 .text.VDAC8_1_SetRange
                0x0001105c       0x20 .\CortexM3\ARM_GCC_493\Debug\Unificada.a(VDAC8_1.o)
                0x0001105c                VDAC8_1_SetRange
 .text.VDAC8_1_Init
                0x0001107c       0x20 .\CortexM3\ARM_GCC_493\Debug\Unificada.a(VDAC8_1.o)
                0x0001107c                VDAC8_1_Init
 .text.VDAC8_1_Start
                0x0001109c       0x24 .\CortexM3\ARM_GCC_493\Debug\Unificada.a(VDAC8_1.o)
                0x0001109c                VDAC8_1_Start
 .text.Timer_2_Enable
                0x000110c0       0x10 .\CortexM3\ARM_GCC_493\Debug\Unificada.a(Timer_2.o)
                0x000110c0                Timer_2_Enable
 .text.Timer_2_Stop
                0x000110d0       0x10 .\CortexM3\ARM_GCC_493\Debug\Unificada.a(Timer_2.o)
                0x000110d0                Timer_2_Stop
 .text.Timer_2_SetInterruptMode
                0x000110e0        0xc .\CortexM3\ARM_GCC_493\Debug\Unificada.a(Timer_2.o)
                0x000110e0                Timer_2_SetInterruptMode
 .text.Timer_2_ReadStatusRegister
                0x000110ec        0xc .\CortexM3\ARM_GCC_493\Debug\Unificada.a(Timer_2.o)
                0x000110ec                Timer_2_ReadStatusRegister
 .text.Timer_2_WritePeriod
                0x000110f8        0xc .\CortexM3\ARM_GCC_493\Debug\Unificada.a(Timer_2.o)
                0x000110f8                Timer_2_WritePeriod
 .text.Timer_2_ReadCapture
                0x00011104        0xc .\CortexM3\ARM_GCC_493\Debug\Unificada.a(Timer_2.o)
                0x00011104                Timer_2_ReadCapture
 .text.Timer_2_WriteCounter
                0x00011110        0xc .\CortexM3\ARM_GCC_493\Debug\Unificada.a(Timer_2.o)
                0x00011110                Timer_2_WriteCounter
 .text.Timer_2_ClearFIFO
                0x0001111c       0x14 .\CortexM3\ARM_GCC_493\Debug\Unificada.a(Timer_2.o)
                0x0001111c                Timer_2_ClearFIFO
 .text.Timer_2_Init
                0x00011130       0x30 .\CortexM3\ARM_GCC_493\Debug\Unificada.a(Timer_2.o)
                0x00011130                Timer_2_Init
 .text.Timer_2_Start
                0x00011160       0x1c .\CortexM3\ARM_GCC_493\Debug\Unificada.a(Timer_2.o)
                0x00011160                Timer_2_Start
 .text.isr_2_SetVector
                0x0001117c        0xc .\CortexM3\ARM_GCC_493\Debug\Unificada.a(isr_2.o)
                0x0001117c                isr_2_SetVector
 .text.isr_2_SetPriority
                0x00011188       0x10 .\CortexM3\ARM_GCC_493\Debug\Unificada.a(isr_2.o)
                0x00011188                isr_2_SetPriority
 .text.isr_2_Enable
                0x00011198        0xc .\CortexM3\ARM_GCC_493\Debug\Unificada.a(isr_2.o)
                0x00011198                isr_2_Enable
 .text.isr_2_Disable
                0x000111a4        0xc .\CortexM3\ARM_GCC_493\Debug\Unificada.a(isr_2.o)
                0x000111a4                isr_2_Disable
 .text.isr_2_StartEx
                0x000111b0       0x1c .\CortexM3\ARM_GCC_493\Debug\Unificada.a(isr_2.o)
                0x000111b0                isr_2_StartEx
 .text.VDAC8_2_Enable
                0x000111cc       0x1c .\CortexM3\ARM_GCC_493\Debug\Unificada.a(VDAC8_2.o)
                0x000111cc                VDAC8_2_Enable
 .text.VDAC8_2_Stop
                0x000111e8       0x1c .\CortexM3\ARM_GCC_493\Debug\Unificada.a(VDAC8_2.o)
                0x000111e8                VDAC8_2_Stop
 .text.VDAC8_2_SetSpeed
                0x00011204       0x1c .\CortexM3\ARM_GCC_493\Debug\Unificada.a(VDAC8_2.o)
                0x00011204                VDAC8_2_SetSpeed
 .text.VDAC8_2_SetValue
                0x00011220        0xc .\CortexM3\ARM_GCC_493\Debug\Unificada.a(VDAC8_2.o)
                0x00011220                VDAC8_2_SetValue
 .text.VDAC8_2_DacTrim
                0x0001122c       0x24 .\CortexM3\ARM_GCC_493\Debug\Unificada.a(VDAC8_2.o)
                0x0001122c                VDAC8_2_DacTrim
 .text.VDAC8_2_SetRange
                0x00011250       0x20 .\CortexM3\ARM_GCC_493\Debug\Unificada.a(VDAC8_2.o)
                0x00011250                VDAC8_2_SetRange
 .text.VDAC8_2_Init
                0x00011270       0x20 .\CortexM3\ARM_GCC_493\Debug\Unificada.a(VDAC8_2.o)
                0x00011270                VDAC8_2_Init
 .text.VDAC8_2_Start
                0x00011290       0x24 .\CortexM3\ARM_GCC_493\Debug\Unificada.a(VDAC8_2.o)
                0x00011290                VDAC8_2_Start
 .text.SDown_Write
                0x000112b4       0x18 .\CortexM3\ARM_GCC_493\Debug\Unificada.a(SDown.o)
                0x000112b4                SDown_Write
 .text.Impresora_IntClock_Start
                0x000112cc       0x1c .\CortexM3\ARM_GCC_493\Debug\Unificada.a(Impresora_IntClock.o)
                0x000112cc                Impresora_IntClock_Start
 .text.PC_IntClock_Start
                0x000112e8       0x1c .\CortexM3\ARM_GCC_493\Debug\Unificada.a(PC_IntClock.o)
                0x000112e8                PC_IntClock_Start
 .text.LCD_1_IntClock_Start
                0x00011304       0x1c .\CortexM3\ARM_GCC_493\Debug\Unificada.a(LCD_1_IntClock.o)
                0x00011304                LCD_1_IntClock_Start
 .text.LCD_2_IntClock_Start
                0x00011320       0x1c .\CortexM3\ARM_GCC_493\Debug\Unificada.a(LCD_2_IntClock.o)
                0x00011320                LCD_2_IntClock_Start
 *fill*         0x0001133c        0x4 
 .text          0x00011340       0x20 .\CortexM3\ARM_GCC_493\Debug\Unificada.a(CyBootAsmGnu.o)
                0x00011340                CyDelayCycles
                0x00011350                CyEnterCriticalSection
                0x00011358                CyExitCriticalSection
 .text.CyHalt   0x00011360        0x4 .\CortexM3\ARM_GCC_493\Debug\Unificada.a(CyLib.o)
                0x00011360                CyHalt
 .text.CyDelay  0x00011364       0x2c .\CortexM3\ARM_GCC_493\Debug\Unificada.a(CyLib.o)
                0x00011364                CyDelay
 .text.CyDelayUs
                0x00011390       0x14 .\CortexM3\ARM_GCC_493\Debug\Unificada.a(CyLib.o)
                0x00011390                CyDelayUs
 .text.CyIntSetVector
                0x000113a4       0x28 .\CortexM3\ARM_GCC_493\Debug\Unificada.a(CyLib.o)
                0x000113a4                CyIntSetVector
 .text.CyIntSetPriority
                0x000113cc       0x30 .\CortexM3\ARM_GCC_493\Debug\Unificada.a(CyLib.o)
                0x000113cc                CyIntSetPriority
 .text.__libc_init_array
                0x000113fc       0x4c c:/program files (x86)/cypress/psoc creator/3.3/psoc creator/import/gnu/arm/4.9.3/bin/../lib/gcc/arm-none-eabi/4.9.3/../../../../arm-none-eabi/lib/armv7-m\libg_nano.a(lib_a-init.o)
                0x000113fc                __libc_init_array
 .text.memcpy   0x00011448       0x16 c:/program files (x86)/cypress/psoc creator/3.3/psoc creator/import/gnu/arm/4.9.3/bin/../lib/gcc/arm-none-eabi/4.9.3/../../../../arm-none-eabi/lib/armv7-m\libg_nano.a(lib_a-memcpy.o)
                0x00011448                memcpy
 .text.memset   0x0001145e       0x10 c:/program files (x86)/cypress/psoc creator/3.3/psoc creator/import/gnu/arm/4.9.3/bin/../lib/gcc/arm-none-eabi/4.9.3/../../../../arm-none-eabi/lib/armv7-m\libg_nano.a(lib_a-memset.o)
                0x0001145e                memset
 *(.plt)
 *(.gnu.warning)
 *(.glue_7t)
 .glue_7t       0x00000000        0x0 linker stubs
 *(.glue_7)
 .glue_7        0x00000000        0x0 linker stubs
 *(.vfp11_veneer)
 .vfp11_veneer  0x00000000        0x0 linker stubs
 *(.bootloader)
 *(.ARM.extab* .gnu.linkonce.armextab.*)
 *(.gcc_except_table)

.v4_bx          0x00011470        0x0
 .v4_bx         0x00000000        0x0 linker stubs

.iplt           0x00011470        0x0
 .iplt          0x00000000        0x0 c:/program files (x86)/cypress/psoc creator/3.3/psoc creator/import/gnu/arm/4.9.3/bin/../lib/gcc/arm-none-eabi/4.9.3/armv7-m/crtbegin.o

.eh_frame_hdr
 *(.eh_frame_hdr)

.eh_frame       0x00011470        0x4
 *(.eh_frame)
 .eh_frame      0x00011470        0x0 c:/program files (x86)/cypress/psoc creator/3.3/psoc creator/import/gnu/arm/4.9.3/bin/../lib/gcc/arm-none-eabi/4.9.3/armv7-m/crtbegin.o
 .eh_frame      0x00011470        0x4 c:/program files (x86)/cypress/psoc creator/3.3/psoc creator/import/gnu/arm/4.9.3/bin/../lib/gcc/arm-none-eabi/4.9.3/armv7-m/crtend.o
                0x00011474                PROVIDE (__exidx_start, .)

.ARM.exidx
 *(.ARM.exidx* .gnu.linkonce.armexidx.*)
                0x00011474                __exidx_end = .

.rodata         0x00011474     0xeabc
 *(.rodata .rodata.* .gnu.linkonce.r.*)
 .rodata        0x00011474      0x100 .\CortexM3\ARM_GCC_493\Debug\LCD.o
 .rodata        0x00011574     0x8370 .\CortexM3\ARM_GCC_493\Debug\Print.o
                0x00011580                biomax
                0x00011b68                brio
                0x00012150                cencosud
                0x00012738                ecospetrol
                0x00012d20                esso
                0x00013308                National
                0x000138f0                mineroil
                0x00013ca4                mobil
                0x00014058                petrobras
                0x00014640                plus
                0x00014934                terpel
                0x00014f1c                texaco
                0x00015504                zeus
                0x000157f8                petromil
                0x00015de0                biomax1
                0x00016190                brio1
                0x00016540                cencosud1
                0x000168f0                ecospetrol1
                0x00016ca0                esso1
                0x00017050                National1
                0x00017400                mineroil1
                0x000177b0                mobil1
                0x00017b60                petrobras1
                0x00017f10                plus1
                0x000182c0                terpel1
                0x00018670                texaco1
                0x00018a20                zeus1
                0x00018dd0                petromil1
                0x00019180                exito1
                0x00019530                exito
 .rodata        0x000198e4        0xc .\CortexM3\ARM_GCC_493\Debug\Protocolo.o
 .rodata        0x000198f0     0x65a8 .\CortexM3\ARM_GCC_493\Debug\Sonido.o
                0x000198f0                Extra
                0x0001b708                Corriente
                0x0001de10                Diesel
 .rodata        0x0001fe98       0x64 .\CortexM3\ARM_GCC_493\Debug\Unificada.a(cyfitter_cfg.o)
                0x0001fefc                . = ALIGN (0x4)
 *(.init)
 .init          0x0001fefc        0x4 c:/program files (x86)/cypress/psoc creator/3.3/psoc creator/import/gnu/arm/4.9.3/bin/../lib/gcc/arm-none-eabi/4.9.3/armv7-m/crti.o
                0x0001fefc                _init
 .init          0x0001ff00        0x8 c:/program files (x86)/cypress/psoc creator/3.3/psoc creator/import/gnu/arm/4.9.3/bin/../lib/gcc/arm-none-eabi/4.9.3/armv7-m/crtn.o
                0x0001ff08                . = ALIGN (0x4)
                0x0001ff08                __preinit_array_start = .
 *(.preinit_array)
                0x0001ff08                __preinit_array_end = .
                0x0001ff08                . = ALIGN (0x4)
                0x0001ff08                __init_array_start = .
 *(SORT(.init_array.*))
 *(.init_array)
 .init_array    0x0001ff08        0x4 c:/program files (x86)/cypress/psoc creator/3.3/psoc creator/import/gnu/arm/4.9.3/bin/../lib/gcc/arm-none-eabi/4.9.3/armv7-m/crtbegin.o
 .init_array    0x0001ff0c        0x4 .\CortexM3\ARM_GCC_493\Debug\Cm3Start.o
                0x0001ff10                __init_array_end = .
                0x0001ff10                . = ALIGN (0x4)
 *(.fini)
 .fini          0x0001ff10        0x4 c:/program files (x86)/cypress/psoc creator/3.3/psoc creator/import/gnu/arm/4.9.3/bin/../lib/gcc/arm-none-eabi/4.9.3/armv7-m/crti.o
                0x0001ff10                _fini
 .fini          0x0001ff14        0x8 c:/program files (x86)/cypress/psoc creator/3.3/psoc creator/import/gnu/arm/4.9.3/bin/../lib/gcc/arm-none-eabi/4.9.3/armv7-m/crtn.o
                0x0001ff1c                . = ALIGN (0x4)
                0x0001ff1c                __fini_array_start = .
 *(.fini_array)
 .fini_array    0x0001ff1c        0x4 c:/program files (x86)/cypress/psoc creator/3.3/psoc creator/import/gnu/arm/4.9.3/bin/../lib/gcc/arm-none-eabi/4.9.3/armv7-m/crtbegin.o
 *(SORT(.fini_array.*))
                0x0001ff20                __fini_array_end = .
                0x0001ff20                . = ALIGN (0x4)
 *crtbegin.o(.ctors)
 *(EXCLUDE_FILE(*crtend.o) .ctors)
 *(SORT(.ctors.*))
 *crtend.o(.ctors)
                0x0001ff20                . = ALIGN (0x4)
 *crtbegin.o(.dtors)
 *(EXCLUDE_FILE(*crtend.o) .dtors)
 *(SORT(.dtors.*))
 *crtend.o(.dtors)
                0x0001ff20                . = ALIGN (0x4)
                0x0001ff20                __cy_regions = .
                0x0001ff20        0x4 LONG 0x1ff30 __cy_region_init_ram
                0x0001ff24        0x4 LONG 0x1fff8108 __cy_region_start_data
                0x0001ff28        0x4 LONG 0x210 __cy_region_init_size_ram
                0x0001ff2c        0x4 LONG 0x7e0 __cy_region_zero_size_ram
                0x0001ff30                __cy_regions_end = .
                0x0001ff30                . = ALIGN (0x8)
                0x0001ff30                _etext = .

.ramvectors     0x1fff8000      0x100
                0x1fff8000                __cy_region_start_ram = .
 *(.ramvectors)
 .ramvectors    0x1fff8000      0x100 .\CortexM3\ARM_GCC_493\Debug\Cm3Start.o
                0x1fff8000                CyRamVectors

.noinit         0x1fff8100        0x5
 *(.noinit)
 .noinit        0x1fff8100        0x4 .\CortexM3\ARM_GCC_493\Debug\Cm3Start.o
 .noinit        0x1fff8104        0x1 .\CortexM3\ARM_GCC_493\Debug\Unificada.a(CyLib.o)
                0x1fff8104                CyResetStatus

.data           0x1fff8108      0x210 load address 0x0001ff30
                0x1fff8108                __cy_region_start_data = .
 *(.jcr)
 .jcr           0x1fff8108        0x0 c:/program files (x86)/cypress/psoc creator/3.3/psoc creator/import/gnu/arm/4.9.3/bin/../lib/gcc/arm-none-eabi/4.9.3/armv7-m/crtbegin.o
 .jcr           0x1fff8108        0x4 c:/program files (x86)/cypress/psoc creator/3.3/psoc creator/import/gnu/arm/4.9.3/bin/../lib/gcc/arm-none-eabi/4.9.3/armv7-m/crtend.o
 *(.got.plt)
 *(.got)
 *(.shdata)
 *(.data .data.* .gnu.linkonce.d.*)
 .data          0x1fff810c       0x54 .\CortexM3\ARM_GCC_493\Debug\main.o
                0x1fff810c                pasword_corte
                0x1fff8114                letras
                0x1fff8130                puk
                0x1fff8138                test
                0x1fff814c                serial
 .data          0x1fff8160      0x12c .\CortexM3\ARM_GCC_493\Debug\Print.o
                0x1fff8160                msn_din
                0x1fff8170                msn_vol
                0x1fff8180                msn_eds
                0x1fff8194                msn_nit
                0x1fff8198                msn_tel
                0x1fff819c                msn_numero
                0x1fff81a4                msn_fecha
                0x1fff81ac                msn_hora
                0x1fff81b4                msn_copia
                0x1fff81bc                msn_pos
                0x1fff81c8                msn_producto
                0x1fff81d4                msn_ppu
                0x1fff81e4                msn_placa
                0x1fff81f0                msn_km
                0x1fff81fc                msn_cuenta
                0x1fff8208                msn_id
                0x1fff8214                msn_idcorte
                0x1fff8224                msn_fcorte
                0x1fff8234                msn_hcorte
                0x1fff8244                msn_ufcorte
                0x1fff825c                msn_uhcorte
                0x1fff8274                msn_consecutivo
 .data          0x1fff828c       0x7c .\CortexM3\ARM_GCC_493\Debug\Protocolo.o
                0x1fff828c                msn_tc
                0x1fff8294                msn_lecact
                0x1fff82a4                msn_lecaan
                0x1fff82b8                msn_tventas
                0x1fff82cc                msn_totalcero
                0x1fff82dc                msn_tk
                0x1fff82e8                msn_td
                0x1fff82f8                msn_te
 .data          0x1fff8308       0x10 .\CortexM3\ARM_GCC_493\Debug\Unificada.a(CyLib.o)
                0x1fff8308                cydelay_32k_ms
                0x1fff830c                cydelay_freq_khz
                0x1fff8310                cydelay_freq_mhz
                0x1fff8314                cydelay_freq_hz
                0x1fff8318                . = ALIGN (0x8)
 *(.ram)
                0x1fff8318                _edata = .

.igot.plt       0x1fff8318        0x0 load address 0x00020140
 .igot.plt      0x00000000        0x0 c:/program files (x86)/cypress/psoc creator/3.3/psoc creator/import/gnu/arm/4.9.3/bin/../lib/gcc/arm-none-eabi/4.9.3/armv7-m/crtbegin.o

.bss            0x1fff8318      0x7e0 load address 0x00020140
                0x1fff8318                PROVIDE (__bss_start__, .)
 *(.shbss)
 *(.bss .bss.* .gnu.linkonce.b.*)
 .bss           0x1fff8318       0x1c c:/program files (x86)/cypress/psoc creator/3.3/psoc creator/import/gnu/arm/4.9.3/bin/../lib/gcc/arm-none-eabi/4.9.3/armv7-m/crtbegin.o
 .bss           0x1fff8334        0xa .\CortexM3\ARM_GCC_493\Debug\Unificada.a(Surtidor.o)
                0x1fff8334                Surtidor_initVar
                0x1fff8336                Surtidor_rxBufferRead
                0x1fff8338                Surtidor_rxBufferWrite
                0x1fff833a                Surtidor_rxBufferLoopDetect
                0x1fff833b                Surtidor_rxBufferOverflow
 .bss           0x1fff833e        0x6 .\CortexM3\ARM_GCC_493\Debug\Unificada.a(Impresora.o)
                0x1fff833e                Impresora_initVar
                0x1fff833f                Impresora_rxBufferRead
                0x1fff8340                Impresora_rxBufferWrite
                0x1fff8341                Impresora_rxBufferLoopDetect
                0x1fff8342                Impresora_rxBufferOverflow
 .bss           0x1fff8344        0x6 .\CortexM3\ARM_GCC_493\Debug\Unificada.a(PC.o)
                0x1fff8344                PC_initVar
                0x1fff8345                PC_rxBufferRead
                0x1fff8346                PC_rxBufferWrite
                0x1fff8347                PC_rxBufferLoopDetect
                0x1fff8348                PC_rxBufferOverflow
 .bss           0x1fff834a        0x1 .\CortexM3\ARM_GCC_493\Debug\Unificada.a(I2C_1.o)
                0x1fff834a                I2C_1_initVar
 .bss           0x1fff834b        0x6 .\CortexM3\ARM_GCC_493\Debug\Unificada.a(LCD_1.o)
                0x1fff834b                LCD_1_initVar
                0x1fff834c                LCD_1_rxBufferRead
                0x1fff834d                LCD_1_rxBufferWrite
                0x1fff834e                LCD_1_rxBufferLoopDetect
                0x1fff834f                LCD_1_rxBufferOverflow
 .bss           0x1fff8351        0x6 .\CortexM3\ARM_GCC_493\Debug\Unificada.a(LCD_2.o)
                0x1fff8351                LCD_2_initVar
                0x1fff8352                LCD_2_rxBufferRead
                0x1fff8353                LCD_2_rxBufferWrite
                0x1fff8354                LCD_2_rxBufferLoopDetect
                0x1fff8355                LCD_2_rxBufferOverflow
 .bss           0x1fff8357        0x1 .\CortexM3\ARM_GCC_493\Debug\Unificada.a(Timer_Animacion.o)
                0x1fff8357                Timer_Animacion_initVar
 .bss           0x1fff8358        0x1 .\CortexM3\ARM_GCC_493\Debug\Unificada.a(Timer_Animacion2.o)
                0x1fff8358                Timer_Animacion2_initVar
 .bss           0x1fff8359        0x1 .\CortexM3\ARM_GCC_493\Debug\Unificada.a(Timer_1.o)
                0x1fff8359                Timer_1_initVar
 .bss           0x1fff835a        0x1 .\CortexM3\ARM_GCC_493\Debug\Unificada.a(VDAC8_1.o)
                0x1fff835a                VDAC8_1_initVar
 .bss           0x1fff835b        0x1 .\CortexM3\ARM_GCC_493\Debug\Unificada.a(Timer_2.o)
                0x1fff835b                Timer_2_initVar
 .bss           0x1fff835c        0x1 .\CortexM3\ARM_GCC_493\Debug\Unificada.a(VDAC8_2.o)
                0x1fff835c                VDAC8_2_initVar
 *(COMMON)
 *fill*         0x1fff835d        0x3 
 COMMON         0x1fff8360      0x57c .\CortexM3\ARM_GCC_493\Debug\main.o
                0x1fff8360                lado
                0x1fff8368                copia_recibo
                0x1fff836a                flujo_LCD
                0x1fff836b                comas1
                0x1fff836c                no_imprime2
                0x1fff836d                kero
                0x1fff836e                decimalD
                0x1fff8370                producto2n
                0x1fff837c                x
                0x1fff8380                modulo
                0x1fff8510                ok_LCD1
                0x1fff8512                id_corte
                0x1fff8514                extra2
                0x1fff8515                count_protector2
                0x1fff8516                ok_LCD2
                0x1fff8517                version
                0x1fff8518                producto1n
                0x1fff8523                no_imprime
                0x1fff8524                versurt
                0x1fff8525                crc_total
                0x1fff8528                producto4n
                0x1fff8534                w
                0x1fff8538                bandera
                0x1fff853a                estado_0
                0x1fff853b                flujo_LCD2
                0x1fff853c                diesel
                0x1fff853d                teclas1
                0x1fff853e                comas2
                0x1fff853f                producto
                0x1fff8540                z
                0x1fff8544                buffer_i2c
                0x1fff8584                cont1
                0x1fff8585                teclado2
                0x1fff8586                count_protector
                0x1fff8587                teclado
                0x1fff8588                pos_ibutton
                0x1fff858c                id_venta
                0x1fff859e                ppux10
                0x1fff85a0                y
                0x1fff85a4                rventa2
                0x1fff8688                tipo_imp
                0x1fff868a                corriente2
                0x1fff868b                a_copias
                0x1fff868c                print1
                0x1fff868e                producto2
                0x1fff868f                diesel2
                0x1fff8690                Buffer_LCD1
                0x1fff8728                kero2
                0x1fff8729                teclas2
                0x1fff872c                print2
                0x1fff8730                rventa
                0x1fff8814                fecha_corte
                0x1fff881a                extra
                0x1fff881b                decimalV
                0x1fff881c                resultado
                0x1fff882c                no_venta
                0x1fff8830                copia_recibo2
                0x1fff8832                nombreproducto
                0x1fff8833                producto1
                0x1fff8834                Buffer_LCD2
                0x1fff88cc                n_copias
                0x1fff88d0                producto3n
                0x1fff88db                corriente
 COMMON         0x1fff88dc       0x10 .\CortexM3\ARM_GCC_493\Debug\Sonido.o
                0x1fff88dc                NextSample_2
                0x1fff88e0                i2
                0x1fff88e4                NextSample_1
                0x1fff88e8                i1
 COMMON         0x1fff88ec      0x100 .\CortexM3\ARM_GCC_493\Debug\Unificada.a(Surtidor.o)
                0x1fff88ec                Surtidor_rxBuffer
 COMMON         0x1fff89ec       0x64 .\CortexM3\ARM_GCC_493\Debug\Unificada.a(Impresora.o)
                0x1fff89ec                Impresora_rxBuffer
 COMMON         0x1fff8a50       0x64 .\CortexM3\ARM_GCC_493\Debug\Unificada.a(PC.o)
                0x1fff8a50                PC_rxBuffer
 COMMON         0x1fff8ab4        0x1 .\CortexM3\ARM_GCC_493\Debug\Unificada.a(I2C_1.o)
                0x1fff8ab4                I2C_1_state
 *fill*         0x1fff8ab5        0x3 
 COMMON         0x1fff8ab8       0x11 .\CortexM3\ARM_GCC_493\Debug\Unificada.a(I2C_1_MASTER.o)
                0x1fff8ab8                I2C_1_mstrWrBufIndex
                0x1fff8ab9                I2C_1_mstrControl
                0x1fff8aba                I2C_1_mstrStatus
                0x1fff8abb                I2C_1_mstrWrBufSize
                0x1fff8abc                I2C_1_mstrRdBufIndex
                0x1fff8ac0                I2C_1_mstrWrBufPtr
                0x1fff8ac4                I2C_1_mstrRdBufPtr
                0x1fff8ac8                I2C_1_mstrRdBufSize
 *fill*         0x1fff8ac9        0x3 
 COMMON         0x1fff8acc       0x14 .\CortexM3\ARM_GCC_493\Debug\Unificada.a(LCD_1.o)
                0x1fff8acc                LCD_1_rxBuffer
 COMMON         0x1fff8ae0       0x14 .\CortexM3\ARM_GCC_493\Debug\Unificada.a(LCD_2.o)
                0x1fff8ae0                LCD_2_rxBuffer
                0x1fff8af8                . = ALIGN (0x8)
 *fill*         0x1fff8af4        0x4 
 *(.ram.b)
                0x1fff8af8                _end = .
                0x1fff8af8                __end = .
                0x1fff8af8                PROVIDE (end, .)
                0x1fff8af8                PROVIDE (__bss_end__, .)
                0x0001ff30                __cy_region_init_ram = LOADADDR (.data)
                0x00000210                __cy_region_init_size_ram = (_edata - ADDR (.data))
                0x000007e0                __cy_region_zero_size_ram = (_end - _edata)

.heap           0x1fff8af8       0x80 load address 0x00020140
                0x1fff8af8                . = _end
                0x1fff8b78                . = (. + 0x80)
 *fill*         0x1fff8af8       0x80 
                0x1fff8b78                __cy_heap_limit = .

.stack          0x20007800      0x800
                0x20007800                __cy_stack_limit = .
                0x20008000                . = (. + 0x800)
 *fill*         0x20007800      0x800 
                0x00000001                ASSERT ((__cy_stack_limit >= __cy_heap_limit), region RAM overflowed with stack)

.cyloadermeta
 *(.cyloadermeta)

.cyloadablemeta
 *(.cyloadablemeta)

.cyconfigecc    0x80000000     0x101c
 *(.cyconfigecc)
 .cyconfigecc   0x80000000     0x101c .\CortexM3\ARM_GCC_493\Debug\cymetadata.o
                0x80000000                cy_meta_configecc

.cycustnvl      0x90000000        0x4
 *(.cycustnvl)
 .cycustnvl     0x90000000        0x4 .\CortexM3\ARM_GCC_493\Debug\cymetadata.o
                0x90000000                cy_meta_custnvl

.cywolatch      0x90100000        0x4
 *(.cywolatch)
 .cywolatch     0x90100000        0x4 .\CortexM3\ARM_GCC_493\Debug\cymetadata.o
                0x90100000                cy_meta_wonvl

.cyeeprom       0x90200000        0x0
 *(.cyeeprom)
                0x00000001                ASSERT ((. <= ((0x90200000 + ee_offset) + ee_size)), .cyeeprom data will not fit in EEPROM)

.cyflashprotect
                0x90400000      0x100
 *(.cyflashprotect)
 .cyflashprotect
                0x90400000      0x100 .\CortexM3\ARM_GCC_493\Debug\cymetadata.o
                0x90400000                cy_meta_flashprotect

.cymeta         0x90500000        0xc
 *(.cymeta)
 .cymeta        0x90500000        0xc .\CortexM3\ARM_GCC_493\Debug\cymetadata.o
                0x90500000                cy_metadata

.rel.dyn        0x00020140        0x0 load address 0x9050000c
 .rel.iplt      0x00000000        0x0 c:/program files (x86)/cypress/psoc creator/3.3/psoc creator/import/gnu/arm/4.9.3/bin/../lib/gcc/arm-none-eabi/4.9.3/armv7-m/crtbegin.o

.stab
 *(.stab)

.stabstr
 *(.stabstr)

.debug
 *(.debug)

.line
 *(.line)

.debug_srcinfo
 *(.debug_srcinfo)

.debug_sfnames
 *(.debug_sfnames)

.debug_aranges  0x00000000     0x15a0
 *(.debug_aranges)
 .debug_aranges
                0x00000000       0x58 .\CortexM3\ARM_GCC_493\Debug\main.o
 .debug_aranges
                0x00000058       0x50 .\CortexM3\ARM_GCC_493\Debug\I2C.o
 .debug_aranges
                0x000000a8       0x48 .\CortexM3\ARM_GCC_493\Debug\ibuton.o
 .debug_aranges
                0x000000f0       0x90 .\CortexM3\ARM_GCC_493\Debug\LCD.o
 .debug_aranges
                0x00000180       0x58 .\CortexM3\ARM_GCC_493\Debug\Print.o
 .debug_aranges
                0x000001d8       0x60 .\CortexM3\ARM_GCC_493\Debug\Protocolo.o
 .debug_aranges
                0x00000238       0x30 .\CortexM3\ARM_GCC_493\Debug\Sonido.o
 .debug_aranges
                0x00000268       0x18 .\CortexM3\ARM_GCC_493\Debug\cymetadata.o
 .debug_aranges
                0x00000280       0x48 .\CortexM3\ARM_GCC_493\Debug\Cm3Start.o
 .debug_aranges
                0x000002c8       0x58 .\CortexM3\ARM_GCC_493\Debug\Unificada.a(cyfitter_cfg.o)
 .debug_aranges
                0x00000320      0x100 .\CortexM3\ARM_GCC_493\Debug\Unificada.a(Surtidor.o)
 .debug_aranges
                0x00000420       0x20 .\CortexM3\ARM_GCC_493\Debug\Unificada.a(Surtidor_INT.o)
 .debug_aranges
                0x00000440      0x100 .\CortexM3\ARM_GCC_493\Debug\Unificada.a(Impresora.o)
 .debug_aranges
                0x00000540       0x20 .\CortexM3\ARM_GCC_493\Debug\Unificada.a(Impresora_INT.o)
 .debug_aranges
                0x00000560      0x100 .\CortexM3\ARM_GCC_493\Debug\Unificada.a(PC.o)
 .debug_aranges
                0x00000660       0x20 .\CortexM3\ARM_GCC_493\Debug\Unificada.a(PC_INT.o)
 .debug_aranges
                0x00000680       0x38 .\CortexM3\ARM_GCC_493\Debug\Unificada.a(I2C_1.o)
 .debug_aranges
                0x000006b8       0x20 .\CortexM3\ARM_GCC_493\Debug\Unificada.a(I2C_1_INT.o)
 .debug_aranges
                0x000006d8       0x38 .\CortexM3\ARM_GCC_493\Debug\Unificada.a(I2C_1_PM.o)
 .debug_aranges
                0x00000710       0x88 .\CortexM3\ARM_GCC_493\Debug\Unificada.a(I2C_1_MASTER.o)
 .debug_aranges
                0x00000798       0x38 .\CortexM3\ARM_GCC_493\Debug\Unificada.a(Pin_WP.o)
 .debug_aranges
                0x000007d0      0x100 .\CortexM3\ARM_GCC_493\Debug\Unificada.a(LCD_1.o)
 .debug_aranges
                0x000008d0       0x20 .\CortexM3\ARM_GCC_493\Debug\Unificada.a(LCD_1_INT.o)
 .debug_aranges
                0x000008f0      0x100 .\CortexM3\ARM_GCC_493\Debug\Unificada.a(LCD_2.o)
 .debug_aranges
                0x000009f0       0x20 .\CortexM3\ARM_GCC_493\Debug\Unificada.a(LCD_2_INT.o)
 .debug_aranges
                0x00000a10       0x38 .\CortexM3\ARM_GCC_493\Debug\Unificada.a(IB1.o)
 .debug_aranges
                0x00000a48       0x38 .\CortexM3\ARM_GCC_493\Debug\Unificada.a(IB2.o)
 .debug_aranges
                0x00000a80       0x88 .\CortexM3\ARM_GCC_493\Debug\Unificada.a(Timer_Animacion.o)
 .debug_aranges
                0x00000b08       0x80 .\CortexM3\ARM_GCC_493\Debug\Unificada.a(isr_3.o)
 .debug_aranges
                0x00000b88       0x88 .\CortexM3\ARM_GCC_493\Debug\Unificada.a(Timer_Animacion2.o)
 .debug_aranges
                0x00000c10       0x80 .\CortexM3\ARM_GCC_493\Debug\Unificada.a(isr_4.o)
 .debug_aranges
                0x00000c90       0x90 .\CortexM3\ARM_GCC_493\Debug\Unificada.a(Timer_1.o)
 .debug_aranges
                0x00000d20       0x80 .\CortexM3\ARM_GCC_493\Debug\Unificada.a(isr_1.o)
 .debug_aranges
                0x00000da0       0x58 .\CortexM3\ARM_GCC_493\Debug\Unificada.a(VDAC8_1.o)
 .debug_aranges
                0x00000df8       0x90 .\CortexM3\ARM_GCC_493\Debug\Unificada.a(Timer_2.o)
 .debug_aranges
                0x00000e88       0x80 .\CortexM3\ARM_GCC_493\Debug\Unificada.a(isr_2.o)
 .debug_aranges
                0x00000f08       0x58 .\CortexM3\ARM_GCC_493\Debug\Unificada.a(VDAC8_2.o)
 .debug_aranges
                0x00000f60       0x38 .\CortexM3\ARM_GCC_493\Debug\Unificada.a(SDown.o)
 .debug_aranges
                0x00000f98       0x70 .\CortexM3\ARM_GCC_493\Debug\Unificada.a(Impresora_IntClock.o)
 .debug_aranges
                0x00001008       0x70 .\CortexM3\ARM_GCC_493\Debug\Unificada.a(PC_IntClock.o)
 .debug_aranges
                0x00001078       0x70 .\CortexM3\ARM_GCC_493\Debug\Unificada.a(LCD_1_IntClock.o)
 .debug_aranges
                0x000010e8       0x70 .\CortexM3\ARM_GCC_493\Debug\Unificada.a(LCD_2_IntClock.o)
 .debug_aranges
                0x00001158       0x20 .\CortexM3\ARM_GCC_493\Debug\Unificada.a(CyBootAsmGnu.o)
 .debug_aranges
                0x00001178      0x298 .\CortexM3\ARM_GCC_493\Debug\Unificada.a(CyLib.o)
 .debug_aranges
                0x00001410       0x98 .\CortexM3\ARM_GCC_493\Debug\Unificada.a(cyPm.o)
 .debug_aranges
                0x000014a8       0x80 .\CortexM3\ARM_GCC_493\Debug\Unificada.a(CyFlash.o)
 .debug_aranges
                0x00001528       0x78 .\CortexM3\ARM_GCC_493\Debug\Unificada.a(CySpc.o)

.debug_pubnames
 *(.debug_pubnames)

.debug_info     0x00000000    0x1bd58
 *(.debug_info .gnu.linkonce.wi.*)
 .debug_info    0x00000000     0x816c .\CortexM3\ARM_GCC_493\Debug\main.o
 .debug_info    0x0000816c      0xdde .\CortexM3\ARM_GCC_493\Debug\I2C.o
 .debug_info    0x00008f4a     0x1458 .\CortexM3\ARM_GCC_493\Debug\ibuton.o
 .debug_info    0x0000a3a2     0x13ec .\CortexM3\ARM_GCC_493\Debug\LCD.o
 .debug_info    0x0000b78e     0x2b58 .\CortexM3\ARM_GCC_493\Debug\Print.o
 .debug_info    0x0000e2e6     0x3c7e .\CortexM3\ARM_GCC_493\Debug\Protocolo.o
 .debug_info    0x00011f64      0xadc .\CortexM3\ARM_GCC_493\Debug\Sonido.o
 .debug_info    0x00012a40      0x13e .\CortexM3\ARM_GCC_493\Debug\cymetadata.o
 .debug_info    0x00012b7e      0x3a3 .\CortexM3\ARM_GCC_493\Debug\Cm3Start.o
 .debug_info    0x00012f21      0x668 .\CortexM3\ARM_GCC_493\Debug\Unificada.a(cyfitter_cfg.o)
 .debug_info    0x00013589      0x788 .\CortexM3\ARM_GCC_493\Debug\Unificada.a(Surtidor.o)
 .debug_info    0x00013d11      0x139 .\CortexM3\ARM_GCC_493\Debug\Unificada.a(Surtidor_INT.o)
 .debug_info    0x00013e4a      0x7ae .\CortexM3\ARM_GCC_493\Debug\Unificada.a(Impresora.o)
 .debug_info    0x000145f8      0x129 .\CortexM3\ARM_GCC_493\Debug\Unificada.a(Impresora_INT.o)
 .debug_info    0x00014721      0x7ae .\CortexM3\ARM_GCC_493\Debug\Unificada.a(PC.o)
 .debug_info    0x00014ecf      0x129 .\CortexM3\ARM_GCC_493\Debug\Unificada.a(PC_INT.o)
 .debug_info    0x00014ff8      0x2d4 .\CortexM3\ARM_GCC_493\Debug\Unificada.a(I2C_1.o)
 .debug_info    0x000152cc      0x191 .\CortexM3\ARM_GCC_493\Debug\Unificada.a(I2C_1_INT.o)
 .debug_info    0x0001545d      0x1ef .\CortexM3\ARM_GCC_493\Debug\Unificada.a(I2C_1_PM.o)
 .debug_info    0x0001564c      0x410 .\CortexM3\ARM_GCC_493\Debug\Unificada.a(I2C_1_MASTER.o)
 .debug_info    0x00015a5c      0x11e .\CortexM3\ARM_GCC_493\Debug\Unificada.a(Pin_WP.o)
 .debug_info    0x00015b7a      0x7ae .\CortexM3\ARM_GCC_493\Debug\Unificada.a(LCD_1.o)
 .debug_info    0x00016328      0x129 .\CortexM3\ARM_GCC_493\Debug\Unificada.a(LCD_1_INT.o)
 .debug_info    0x00016451      0x7ae .\CortexM3\ARM_GCC_493\Debug\Unificada.a(LCD_2.o)
 .debug_info    0x00016bff      0x129 .\CortexM3\ARM_GCC_493\Debug\Unificada.a(LCD_2_INT.o)
 .debug_info    0x00016d28      0x11e .\CortexM3\ARM_GCC_493\Debug\Unificada.a(IB1.o)
 .debug_info    0x00016e46      0x120 .\CortexM3\ARM_GCC_493\Debug\Unificada.a(IB2.o)
 .debug_info    0x00016f66      0x28c .\CortexM3\ARM_GCC_493\Debug\Unificada.a(Timer_Animacion.o)
 .debug_info    0x000171f2      0x2c9 .\CortexM3\ARM_GCC_493\Debug\Unificada.a(isr_3.o)
 .debug_info    0x000174bb      0x28c .\CortexM3\ARM_GCC_493\Debug\Unificada.a(Timer_Animacion2.o)
 .debug_info    0x00017747      0x2c9 .\CortexM3\ARM_GCC_493\Debug\Unificada.a(isr_4.o)
 .debug_info    0x00017a10      0x2c9 .\CortexM3\ARM_GCC_493\Debug\Unificada.a(Timer_1.o)
 .debug_info    0x00017cd9      0x2c9 .\CortexM3\ARM_GCC_493\Debug\Unificada.a(isr_1.o)
 .debug_info    0x00017fa2      0x1dc .\CortexM3\ARM_GCC_493\Debug\Unificada.a(VDAC8_1.o)
 .debug_info    0x0001817e      0x2c9 .\CortexM3\ARM_GCC_493\Debug\Unificada.a(Timer_2.o)
 .debug_info    0x00018447      0x2c9 .\CortexM3\ARM_GCC_493\Debug\Unificada.a(isr_2.o)
 .debug_info    0x00018710      0x1dc .\CortexM3\ARM_GCC_493\Debug\Unificada.a(VDAC8_2.o)
 .debug_info    0x000188ec      0x11e .\CortexM3\ARM_GCC_493\Debug\Unificada.a(SDown.o)
 .debug_info    0x00018a0a      0x281 .\CortexM3\ARM_GCC_493\Debug\Unificada.a(Impresora_IntClock.o)
 .debug_info    0x00018c8b      0x281 .\CortexM3\ARM_GCC_493\Debug\Unificada.a(PC_IntClock.o)
 .debug_info    0x00018f0c      0x281 .\CortexM3\ARM_GCC_493\Debug\Unificada.a(LCD_1_IntClock.o)
 .debug_info    0x0001918d      0x281 .\CortexM3\ARM_GCC_493\Debug\Unificada.a(LCD_2_IntClock.o)
 .debug_info    0x0001940e       0x94 .\CortexM3\ARM_GCC_493\Debug\Unificada.a(CyBootAsmGnu.o)
 .debug_info    0x000194a2     0x136c .\CortexM3\ARM_GCC_493\Debug\Unificada.a(CyLib.o)
 .debug_info    0x0001a80e      0xa55 .\CortexM3\ARM_GCC_493\Debug\Unificada.a(cyPm.o)
 .debug_info    0x0001b263      0x608 .\CortexM3\ARM_GCC_493\Debug\Unificada.a(CyFlash.o)
 .debug_info    0x0001b86b      0x4ed .\CortexM3\ARM_GCC_493\Debug\Unificada.a(CySpc.o)

.debug_abbrev   0x00000000     0x3fcc
 *(.debug_abbrev)
 .debug_abbrev  0x00000000      0x1f3 .\CortexM3\ARM_GCC_493\Debug\main.o
 .debug_abbrev  0x000001f3      0x214 .\CortexM3\ARM_GCC_493\Debug\I2C.o
 .debug_abbrev  0x00000407      0x1f4 .\CortexM3\ARM_GCC_493\Debug\ibuton.o
 .debug_abbrev  0x000005fb      0x1a9 .\CortexM3\ARM_GCC_493\Debug\LCD.o
 .debug_abbrev  0x000007a4      0x209 .\CortexM3\ARM_GCC_493\Debug\Print.o
 .debug_abbrev  0x000009ad      0x241 .\CortexM3\ARM_GCC_493\Debug\Protocolo.o
 .debug_abbrev  0x00000bee      0x177 .\CortexM3\ARM_GCC_493\Debug\Sonido.o
 .debug_abbrev  0x00000d65       0x77 .\CortexM3\ARM_GCC_493\Debug\cymetadata.o
 .debug_abbrev  0x00000ddc      0x20f .\CortexM3\ARM_GCC_493\Debug\Cm3Start.o
 .debug_abbrev  0x00000feb      0x212 .\CortexM3\ARM_GCC_493\Debug\Unificada.a(cyfitter_cfg.o)
 .debug_abbrev  0x000011fd      0x1dd .\CortexM3\ARM_GCC_493\Debug\Unificada.a(Surtidor.o)
 .debug_abbrev  0x000013da       0x97 .\CortexM3\ARM_GCC_493\Debug\Unificada.a(Surtidor_INT.o)
 .debug_abbrev  0x00001471      0x1dd .\CortexM3\ARM_GCC_493\Debug\Unificada.a(Impresora.o)
 .debug_abbrev  0x0000164e       0x97 .\CortexM3\ARM_GCC_493\Debug\Unificada.a(Impresora_INT.o)
 .debug_abbrev  0x000016e5      0x1dd .\CortexM3\ARM_GCC_493\Debug\Unificada.a(PC.o)
 .debug_abbrev  0x000018c2       0x97 .\CortexM3\ARM_GCC_493\Debug\Unificada.a(PC_INT.o)
 .debug_abbrev  0x00001959      0x159 .\CortexM3\ARM_GCC_493\Debug\Unificada.a(I2C_1.o)
 .debug_abbrev  0x00001ab2       0xe8 .\CortexM3\ARM_GCC_493\Debug\Unificada.a(I2C_1_INT.o)
 .debug_abbrev  0x00001b9a      0x12b .\CortexM3\ARM_GCC_493\Debug\Unificada.a(I2C_1_PM.o)
 .debug_abbrev  0x00001cc5      0x149 .\CortexM3\ARM_GCC_493\Debug\Unificada.a(I2C_1_MASTER.o)
 .debug_abbrev  0x00001e0e       0x9d .\CortexM3\ARM_GCC_493\Debug\Unificada.a(Pin_WP.o)
 .debug_abbrev  0x00001eab      0x1dd .\CortexM3\ARM_GCC_493\Debug\Unificada.a(LCD_1.o)
 .debug_abbrev  0x00002088       0x97 .\CortexM3\ARM_GCC_493\Debug\Unificada.a(LCD_1_INT.o)
 .debug_abbrev  0x0000211f      0x1dd .\CortexM3\ARM_GCC_493\Debug\Unificada.a(LCD_2.o)
 .debug_abbrev  0x000022fc       0x97 .\CortexM3\ARM_GCC_493\Debug\Unificada.a(LCD_2_INT.o)
 .debug_abbrev  0x00002393       0x9d .\CortexM3\ARM_GCC_493\Debug\Unificada.a(IB1.o)
 .debug_abbrev  0x00002430       0x9d .\CortexM3\ARM_GCC_493\Debug\Unificada.a(IB2.o)
 .debug_abbrev  0x000024cd      0x127 .\CortexM3\ARM_GCC_493\Debug\Unificada.a(Timer_Animacion.o)
 .debug_abbrev  0x000025f4      0x180 .\CortexM3\ARM_GCC_493\Debug\Unificada.a(isr_3.o)
 .debug_abbrev  0x00002774      0x127 .\CortexM3\ARM_GCC_493\Debug\Unificada.a(Timer_Animacion2.o)
 .debug_abbrev  0x0000289b      0x180 .\CortexM3\ARM_GCC_493\Debug\Unificada.a(isr_4.o)
 .debug_abbrev  0x00002a1b      0x152 .\CortexM3\ARM_GCC_493\Debug\Unificada.a(Timer_1.o)
 .debug_abbrev  0x00002b6d      0x180 .\CortexM3\ARM_GCC_493\Debug\Unificada.a(isr_1.o)
 .debug_abbrev  0x00002ced      0x104 .\CortexM3\ARM_GCC_493\Debug\Unificada.a(VDAC8_1.o)
 .debug_abbrev  0x00002df1      0x152 .\CortexM3\ARM_GCC_493\Debug\Unificada.a(Timer_2.o)
 .debug_abbrev  0x00002f43      0x180 .\CortexM3\ARM_GCC_493\Debug\Unificada.a(isr_2.o)
 .debug_abbrev  0x000030c3      0x104 .\CortexM3\ARM_GCC_493\Debug\Unificada.a(VDAC8_2.o)
 .debug_abbrev  0x000031c7       0x9d .\CortexM3\ARM_GCC_493\Debug\Unificada.a(SDown.o)
 .debug_abbrev  0x00003264      0x146 .\CortexM3\ARM_GCC_493\Debug\Unificada.a(Impresora_IntClock.o)
 .debug_abbrev  0x000033aa      0x146 .\CortexM3\ARM_GCC_493\Debug\Unificada.a(PC_IntClock.o)
 .debug_abbrev  0x000034f0      0x146 .\CortexM3\ARM_GCC_493\Debug\Unificada.a(LCD_1_IntClock.o)
 .debug_abbrev  0x00003636      0x146 .\CortexM3\ARM_GCC_493\Debug\Unificada.a(LCD_2_IntClock.o)
 .debug_abbrev  0x0000377c       0x14 .\CortexM3\ARM_GCC_493\Debug\Unificada.a(CyBootAsmGnu.o)
 .debug_abbrev  0x00003790      0x296 .\CortexM3\ARM_GCC_493\Debug\Unificada.a(CyLib.o)
 .debug_abbrev  0x00003a26      0x1fa .\CortexM3\ARM_GCC_493\Debug\Unificada.a(cyPm.o)
 .debug_abbrev  0x00003c20      0x1de .\CortexM3\ARM_GCC_493\Debug\Unificada.a(CyFlash.o)
 .debug_abbrev  0x00003dfe      0x1ce .\CortexM3\ARM_GCC_493\Debug\Unificada.a(CySpc.o)

.debug_line     0x00000000     0x8cc5
 *(.debug_line)
 .debug_line    0x00000000     0x1833 .\CortexM3\ARM_GCC_493\Debug\main.o
 .debug_line    0x00001833      0x322 .\CortexM3\ARM_GCC_493\Debug\I2C.o
 .debug_line    0x00001b55      0x3f1 .\CortexM3\ARM_GCC_493\Debug\ibuton.o
 .debug_line    0x00001f46      0x67a .\CortexM3\ARM_GCC_493\Debug\LCD.o
 .debug_line    0x000025c0      0xcee .\CortexM3\ARM_GCC_493\Debug\Print.o
 .debug_line    0x000032ae     0x167d .\CortexM3\ARM_GCC_493\Debug\Protocolo.o
 .debug_line    0x0000492b      0x259 .\CortexM3\ARM_GCC_493\Debug\Sonido.o
 .debug_line    0x00004b84       0x53 .\CortexM3\ARM_GCC_493\Debug\cymetadata.o
 .debug_line    0x00004bd7      0x247 .\CortexM3\ARM_GCC_493\Debug\Cm3Start.o
 .debug_line    0x00004e1e      0x218 .\CortexM3\ARM_GCC_493\Debug\Unificada.a(cyfitter_cfg.o)
 .debug_line    0x00005036      0x31b .\CortexM3\ARM_GCC_493\Debug\Unificada.a(Surtidor.o)
 .debug_line    0x00005351       0x8e .\CortexM3\ARM_GCC_493\Debug\Unificada.a(Surtidor_INT.o)
 .debug_line    0x000053df      0x334 .\CortexM3\ARM_GCC_493\Debug\Unificada.a(Impresora.o)
 .debug_line    0x00005713       0x90 .\CortexM3\ARM_GCC_493\Debug\Unificada.a(Impresora_INT.o)
 .debug_line    0x000057a3      0x326 .\CortexM3\ARM_GCC_493\Debug\Unificada.a(PC.o)
 .debug_line    0x00005ac9       0x82 .\CortexM3\ARM_GCC_493\Debug\Unificada.a(PC_INT.o)
 .debug_line    0x00005b4b       0xde .\CortexM3\ARM_GCC_493\Debug\Unificada.a(I2C_1.o)
 .debug_line    0x00005c29      0x12a .\CortexM3\ARM_GCC_493\Debug\Unificada.a(I2C_1_INT.o)
 .debug_line    0x00005d53       0xc4 .\CortexM3\ARM_GCC_493\Debug\Unificada.a(I2C_1_PM.o)
 .debug_line    0x00005e17      0x203 .\CortexM3\ARM_GCC_493\Debug\Unificada.a(I2C_1_MASTER.o)
 .debug_line    0x0000601a       0x95 .\CortexM3\ARM_GCC_493\Debug\Unificada.a(Pin_WP.o)
 .debug_line    0x000060af      0x32c .\CortexM3\ARM_GCC_493\Debug\Unificada.a(LCD_1.o)
 .debug_line    0x000063db       0x88 .\CortexM3\ARM_GCC_493\Debug\Unificada.a(LCD_1_INT.o)
 .debug_line    0x00006463      0x32c .\CortexM3\ARM_GCC_493\Debug\Unificada.a(LCD_2.o)
 .debug_line    0x0000678f       0x88 .\CortexM3\ARM_GCC_493\Debug\Unificada.a(LCD_2_INT.o)
 .debug_line    0x00006817       0x92 .\CortexM3\ARM_GCC_493\Debug\Unificada.a(IB1.o)
 .debug_line    0x000068a9       0x92 .\CortexM3\ARM_GCC_493\Debug\Unificada.a(IB2.o)
 .debug_line    0x0000693b      0x15f .\CortexM3\ARM_GCC_493\Debug\Unificada.a(Timer_Animacion.o)
 .debug_line    0x00006a9a      0x14b .\CortexM3\ARM_GCC_493\Debug\Unificada.a(isr_3.o)
 .debug_line    0x00006be5      0x160 .\CortexM3\ARM_GCC_493\Debug\Unificada.a(Timer_Animacion2.o)
 .debug_line    0x00006d45      0x14b .\CortexM3\ARM_GCC_493\Debug\Unificada.a(isr_4.o)
 .debug_line    0x00006e90      0x174 .\CortexM3\ARM_GCC_493\Debug\Unificada.a(Timer_1.o)
 .debug_line    0x00007004      0x14b .\CortexM3\ARM_GCC_493\Debug\Unificada.a(isr_1.o)
 .debug_line    0x0000714f       0xe6 .\CortexM3\ARM_GCC_493\Debug\Unificada.a(VDAC8_1.o)
 .debug_line    0x00007235      0x174 .\CortexM3\ARM_GCC_493\Debug\Unificada.a(Timer_2.o)
 .debug_line    0x000073a9      0x14b .\CortexM3\ARM_GCC_493\Debug\Unificada.a(isr_2.o)
 .debug_line    0x000074f4       0xe6 .\CortexM3\ARM_GCC_493\Debug\Unificada.a(VDAC8_2.o)
 .debug_line    0x000075da       0x94 .\CortexM3\ARM_GCC_493\Debug\Unificada.a(SDown.o)
 .debug_line    0x0000766e      0x19a .\CortexM3\ARM_GCC_493\Debug\Unificada.a(Impresora_IntClock.o)
 .debug_line    0x00007808      0x193 .\CortexM3\ARM_GCC_493\Debug\Unificada.a(PC_IntClock.o)
 .debug_line    0x0000799b      0x196 .\CortexM3\ARM_GCC_493\Debug\Unificada.a(LCD_1_IntClock.o)
 .debug_line    0x00007b31      0x196 .\CortexM3\ARM_GCC_493\Debug\Unificada.a(LCD_2_IntClock.o)
 .debug_line    0x00007cc7       0x68 .\CortexM3\ARM_GCC_493\Debug\Unificada.a(CyBootAsmGnu.o)
 .debug_line    0x00007d2f      0x806 .\CortexM3\ARM_GCC_493\Debug\Unificada.a(CyLib.o)
 .debug_line    0x00008535      0x366 .\CortexM3\ARM_GCC_493\Debug\Unificada.a(cyPm.o)
 .debug_line    0x0000889b      0x1ec .\CortexM3\ARM_GCC_493\Debug\Unificada.a(CyFlash.o)
 .debug_line    0x00008a87      0x23e .\CortexM3\ARM_GCC_493\Debug\Unificada.a(CySpc.o)

.debug_frame    0x00000000     0x3474
 *(.debug_frame)
 .debug_frame   0x00000000       0xf8 .\CortexM3\ARM_GCC_493\Debug\main.o
 .debug_frame   0x000000f8       0xfc .\CortexM3\ARM_GCC_493\Debug\I2C.o
 .debug_frame   0x000001f4       0xc4 .\CortexM3\ARM_GCC_493\Debug\ibuton.o
 .debug_frame   0x000002b8      0x254 .\CortexM3\ARM_GCC_493\Debug\LCD.o
 .debug_frame   0x0000050c      0x134 .\CortexM3\ARM_GCC_493\Debug\Print.o
 .debug_frame   0x00000640      0x140 .\CortexM3\ARM_GCC_493\Debug\Protocolo.o
 .debug_frame   0x00000780       0x64 .\CortexM3\ARM_GCC_493\Debug\Sonido.o
 .debug_frame   0x000007e4       0xac .\CortexM3\ARM_GCC_493\Debug\Cm3Start.o
 .debug_frame   0x00000890       0xe4 .\CortexM3\ARM_GCC_493\Debug\Unificada.a(cyfitter_cfg.o)
 .debug_frame   0x00000974      0x290 .\CortexM3\ARM_GCC_493\Debug\Unificada.a(Surtidor.o)
 .debug_frame   0x00000c04       0x20 .\CortexM3\ARM_GCC_493\Debug\Unificada.a(Surtidor_INT.o)
 .debug_frame   0x00000c24      0x290 .\CortexM3\ARM_GCC_493\Debug\Unificada.a(Impresora.o)
 .debug_frame   0x00000eb4       0x20 .\CortexM3\ARM_GCC_493\Debug\Unificada.a(Impresora_INT.o)
 .debug_frame   0x00000ed4      0x290 .\CortexM3\ARM_GCC_493\Debug\Unificada.a(PC.o)
 .debug_frame   0x00001164       0x20 .\CortexM3\ARM_GCC_493\Debug\Unificada.a(PC_INT.o)
 .debug_frame   0x00001184       0x8c .\CortexM3\ARM_GCC_493\Debug\Unificada.a(I2C_1.o)
 .debug_frame   0x00001210       0x30 .\CortexM3\ARM_GCC_493\Debug\Unificada.a(I2C_1_INT.o)
 .debug_frame   0x00001240       0x74 .\CortexM3\ARM_GCC_493\Debug\Unificada.a(I2C_1_PM.o)
 .debug_frame   0x000012b4      0x120 .\CortexM3\ARM_GCC_493\Debug\Unificada.a(I2C_1_MASTER.o)
 .debug_frame   0x000013d4       0x50 .\CortexM3\ARM_GCC_493\Debug\Unificada.a(Pin_WP.o)
 .debug_frame   0x00001424      0x290 .\CortexM3\ARM_GCC_493\Debug\Unificada.a(LCD_1.o)
 .debug_frame   0x000016b4       0x20 .\CortexM3\ARM_GCC_493\Debug\Unificada.a(LCD_1_INT.o)
 .debug_frame   0x000016d4      0x290 .\CortexM3\ARM_GCC_493\Debug\Unificada.a(LCD_2.o)
 .debug_frame   0x00001964       0x20 .\CortexM3\ARM_GCC_493\Debug\Unificada.a(LCD_2_INT.o)
 .debug_frame   0x00001984       0x50 .\CortexM3\ARM_GCC_493\Debug\Unificada.a(IB1.o)
 .debug_frame   0x000019d4       0x50 .\CortexM3\ARM_GCC_493\Debug\Unificada.a(IB2.o)
 .debug_frame   0x00001a24      0x108 .\CortexM3\ARM_GCC_493\Debug\Unificada.a(Timer_Animacion.o)
 .debug_frame   0x00001b2c      0x104 .\CortexM3\ARM_GCC_493\Debug\Unificada.a(isr_3.o)
 .debug_frame   0x00001c30      0x108 .\CortexM3\ARM_GCC_493\Debug\Unificada.a(Timer_Animacion2.o)
 .debug_frame   0x00001d38      0x104 .\CortexM3\ARM_GCC_493\Debug\Unificada.a(isr_4.o)
 .debug_frame   0x00001e3c      0x124 .\CortexM3\ARM_GCC_493\Debug\Unificada.a(Timer_1.o)
 .debug_frame   0x00001f60      0x104 .\CortexM3\ARM_GCC_493\Debug\Unificada.a(isr_1.o)
 .debug_frame   0x00002064       0xb4 .\CortexM3\ARM_GCC_493\Debug\Unificada.a(VDAC8_1.o)
 .debug_frame   0x00002118      0x124 .\CortexM3\ARM_GCC_493\Debug\Unificada.a(Timer_2.o)
 .debug_frame   0x0000223c      0x104 .\CortexM3\ARM_GCC_493\Debug\Unificada.a(isr_2.o)
 .debug_frame   0x00002340       0xb4 .\CortexM3\ARM_GCC_493\Debug\Unificada.a(VDAC8_2.o)
 .debug_frame   0x000023f4       0x50 .\CortexM3\ARM_GCC_493\Debug\Unificada.a(SDown.o)
 .debug_frame   0x00002444       0xe0 .\CortexM3\ARM_GCC_493\Debug\Unificada.a(Impresora_IntClock.o)
 .debug_frame   0x00002524       0xe0 .\CortexM3\ARM_GCC_493\Debug\Unificada.a(PC_IntClock.o)
 .debug_frame   0x00002604       0xe0 .\CortexM3\ARM_GCC_493\Debug\Unificada.a(LCD_1_IntClock.o)
 .debug_frame   0x000026e4       0xe0 .\CortexM3\ARM_GCC_493\Debug\Unificada.a(LCD_2_IntClock.o)
 .debug_frame   0x000027c4      0x728 .\CortexM3\ARM_GCC_493\Debug\Unificada.a(CyLib.o)
 .debug_frame   0x00002eec      0x1f8 .\CortexM3\ARM_GCC_493\Debug\Unificada.a(cyPm.o)
 .debug_frame   0x000030e4      0x174 .\CortexM3\ARM_GCC_493\Debug\Unificada.a(CyFlash.o)
 .debug_frame   0x00003258      0x160 .\CortexM3\ARM_GCC_493\Debug\Unificada.a(CySpc.o)
 .debug_frame   0x000033b8       0x20 c:/program files (x86)/cypress/psoc creator/3.3/psoc creator/import/gnu/arm/4.9.3/bin/../lib/gcc/arm-none-eabi/4.9.3/../../../../arm-none-eabi/lib/armv7-m\libg_nano.a(lib_a-errno.o)
 .debug_frame   0x000033d8       0x28 c:/program files (x86)/cypress/psoc creator/3.3/psoc creator/import/gnu/arm/4.9.3/bin/../lib/gcc/arm-none-eabi/4.9.3/../../../../arm-none-eabi/lib/armv7-m\libg_nano.a(lib_a-exit.o)
 .debug_frame   0x00003400       0x2c c:/program files (x86)/cypress/psoc creator/3.3/psoc creator/import/gnu/arm/4.9.3/bin/../lib/gcc/arm-none-eabi/4.9.3/../../../../arm-none-eabi/lib/armv7-m\libg_nano.a(lib_a-init.o)
 .debug_frame   0x0000342c       0x28 c:/program files (x86)/cypress/psoc creator/3.3/psoc creator/import/gnu/arm/4.9.3/bin/../lib/gcc/arm-none-eabi/4.9.3/../../../../arm-none-eabi/lib/armv7-m\libg_nano.a(lib_a-memcpy.o)
 .debug_frame   0x00003454       0x20 c:/program files (x86)/cypress/psoc creator/3.3/psoc creator/import/gnu/arm/4.9.3/bin/../lib/gcc/arm-none-eabi/4.9.3/../../../../arm-none-eabi/lib/armv7-m\libg_nano.a(lib_a-memset.o)

.debug_str      0x00000000     0x4169
 *(.debug_str)
 .debug_str     0x00000000      0x829 .\CortexM3\ARM_GCC_493\Debug\main.o
                                0x8be (size before relaxing)
 .debug_str     0x00000829       0x94 .\CortexM3\ARM_GCC_493\Debug\I2C.o
                                0x59a (size before relaxing)
 .debug_str     0x000008bd       0x44 .\CortexM3\ARM_GCC_493\Debug\ibuton.o
                                0x568 (size before relaxing)
 .debug_str     0x00000901        0x8 .\CortexM3\ARM_GCC_493\Debug\LCD.o
                                0x584 (size before relaxing)
 .debug_str     0x00000909      0x262 .\CortexM3\ARM_GCC_493\Debug\Print.o
                                0x760 (size before relaxing)
 .debug_str     0x00000b6b      0x104 .\CortexM3\ARM_GCC_493\Debug\Protocolo.o
                                0x66f (size before relaxing)
 .debug_str     0x00000c6f      0x13a .\CortexM3\ARM_GCC_493\Debug\Sonido.o
                                0x608 (size before relaxing)
 .debug_str     0x00000da9       0x77 .\CortexM3\ARM_GCC_493\Debug\cymetadata.o
                                0x1ee (size before relaxing)
 .debug_str     0x00000e20      0x153 .\CortexM3\ARM_GCC_493\Debug\Cm3Start.o
                                0x302 (size before relaxing)
 .debug_str     0x00000f73      0x18b .\CortexM3\ARM_GCC_493\Debug\Unificada.a(cyfitter_cfg.o)
                                0x33c (size before relaxing)
 .debug_str     0x000010fe      0x37d .\CortexM3\ARM_GCC_493\Debug\Unificada.a(Surtidor.o)
                                0x5b9 (size before relaxing)
 .debug_str     0x0000147b       0x52 .\CortexM3\ARM_GCC_493\Debug\Unificada.a(Surtidor_INT.o)
                                0x24a (size before relaxing)
 .debug_str     0x000014cd      0x35b .\CortexM3\ARM_GCC_493\Debug\Unificada.a(Impresora.o)
                                0x60e (size before relaxing)
 .debug_str     0x00001828       0x39 .\CortexM3\ARM_GCC_493\Debug\Unificada.a(Impresora_INT.o)
                                0x24a (size before relaxing)
 .debug_str     0x00001861      0x258 .\CortexM3\ARM_GCC_493\Debug\Unificada.a(PC.o)
                                0x504 (size before relaxing)
 .debug_str     0x00001ab9       0x2b .\CortexM3\ARM_GCC_493\Debug\Unificada.a(PC_INT.o)
                                0x219 (size before relaxing)
 .debug_str     0x00001ae4       0xd3 .\CortexM3\ARM_GCC_493\Debug\Unificada.a(I2C_1.o)
                                0x2fc (size before relaxing)
 .debug_str     0x00001bb7       0xe2 .\CortexM3\ARM_GCC_493\Debug\Unificada.a(I2C_1_INT.o)
                                0x27e (size before relaxing)
 .debug_str     0x00001c99       0x62 .\CortexM3\ARM_GCC_493\Debug\Unificada.a(I2C_1_PM.o)
                                0x28a (size before relaxing)
 .debug_str     0x00001cfb       0xf2 .\CortexM3\ARM_GCC_493\Debug\Unificada.a(I2C_1_MASTER.o)
                                0x3db (size before relaxing)
 .debug_str     0x00001ded       0x60 .\CortexM3\ARM_GCC_493\Debug\Unificada.a(Pin_WP.o)
                                0x1eb (size before relaxing)
 .debug_str     0x00001e4d      0x280 .\CortexM3\ARM_GCC_493\Debug\Unificada.a(LCD_1.o)
                                0x576 (size before relaxing)
 .debug_str     0x000020cd       0x31 .\CortexM3\ARM_GCC_493\Debug\Unificada.a(LCD_1_INT.o)
                                0x22e (size before relaxing)
 .debug_str     0x000020fe      0x280 .\CortexM3\ARM_GCC_493\Debug\Unificada.a(LCD_2.o)
                                0x576 (size before relaxing)
 .debug_str     0x0000237e       0x31 .\CortexM3\ARM_GCC_493\Debug\Unificada.a(LCD_2_INT.o)
                                0x22e (size before relaxing)
 .debug_str     0x000023af       0x40 .\CortexM3\ARM_GCC_493\Debug\Unificada.a(IB1.o)
                                0x1dc (size before relaxing)
 .debug_str     0x000023ef       0x40 .\CortexM3\ARM_GCC_493\Debug\Unificada.a(IB2.o)
                                0x1dc (size before relaxing)
 .debug_str     0x0000242f      0x1a7 .\CortexM3\ARM_GCC_493\Debug\Unificada.a(Timer_Animacion.o)
                                0x38d (size before relaxing)
 .debug_str     0x000025d6       0xe7 .\CortexM3\ARM_GCC_493\Debug\Unificada.a(isr_3.o)
                                0x29e (size before relaxing)
 .debug_str     0x000026bd      0x192 .\CortexM3\ARM_GCC_493\Debug\Unificada.a(Timer_Animacion2.o)
                                0x39d (size before relaxing)
 .debug_str     0x0000284f       0xcf .\CortexM3\ARM_GCC_493\Debug\Unificada.a(isr_4.o)
                                0x29e (size before relaxing)
 .debug_str     0x0000291e      0x146 .\CortexM3\ARM_GCC_493\Debug\Unificada.a(Timer_1.o)
                                0x34a (size before relaxing)
 .debug_str     0x00002a64       0xda .\CortexM3\ARM_GCC_493\Debug\Unificada.a(isr_1.o)
                                0x29e (size before relaxing)
 .debug_str     0x00002b3e       0x8d .\CortexM3\ARM_GCC_493\Debug\Unificada.a(VDAC8_1.o)
                                0x237 (size before relaxing)
 .debug_str     0x00002bcb      0x146 .\CortexM3\ARM_GCC_493\Debug\Unificada.a(Timer_2.o)
                                0x34a (size before relaxing)
 .debug_str     0x00002d11       0xda .\CortexM3\ARM_GCC_493\Debug\Unificada.a(isr_2.o)
                                0x29e (size before relaxing)
 .debug_str     0x00002deb       0x81 .\CortexM3\ARM_GCC_493\Debug\Unificada.a(VDAC8_2.o)
                                0x237 (size before relaxing)
 .debug_str     0x00002e6c       0x51 .\CortexM3\ARM_GCC_493\Debug\Unificada.a(SDown.o)
                                0x1e6 (size before relaxing)
 .debug_str     0x00002ebd      0x1b7 .\CortexM3\ARM_GCC_493\Debug\Unificada.a(Impresora_IntClock.o)
                                0x376 (size before relaxing)
 .debug_str     0x00003074      0x126 .\CortexM3\ARM_GCC_493\Debug\Unificada.a(PC_IntClock.o)
                                0x322 (size before relaxing)
 .debug_str     0x0000319a      0x144 .\CortexM3\ARM_GCC_493\Debug\Unificada.a(LCD_1_IntClock.o)
                                0x346 (size before relaxing)
 .debug_str     0x000032de      0x144 .\CortexM3\ARM_GCC_493\Debug\Unificada.a(LCD_2_IntClock.o)
                                0x346 (size before relaxing)
 .debug_str     0x00003422      0x7a7 .\CortexM3\ARM_GCC_493\Debug\Unificada.a(CyLib.o)
                                0xa27 (size before relaxing)
 .debug_str     0x00003bc9      0x35b .\CortexM3\ARM_GCC_493\Debug\Unificada.a(cyPm.o)
                                0x71f (size before relaxing)
 .debug_str     0x00003f24      0x197 .\CortexM3\ARM_GCC_493\Debug\Unificada.a(CyFlash.o)
                                0x399 (size before relaxing)
 .debug_str     0x000040bb       0xae .\CortexM3\ARM_GCC_493\Debug\Unificada.a(CySpc.o)
                                0x322 (size before relaxing)

.debug_loc      0x00000000     0x5c2d
 *(.debug_loc)
 .debug_loc     0x00000000       0x9e .\CortexM3\ARM_GCC_493\Debug\main.o
 .debug_loc     0x0000009e      0x3f1 .\CortexM3\ARM_GCC_493\Debug\I2C.o
 .debug_loc     0x0000048f      0x5f1 .\CortexM3\ARM_GCC_493\Debug\ibuton.o
 .debug_loc     0x00000a80      0x422 .\CortexM3\ARM_GCC_493\Debug\LCD.o
 .debug_loc     0x00000ea2      0xd88 .\CortexM3\ARM_GCC_493\Debug\Print.o
 .debug_loc     0x00001c2a      0x7f0 .\CortexM3\ARM_GCC_493\Debug\Protocolo.o
 .debug_loc     0x0000241a       0x21 .\CortexM3\ARM_GCC_493\Debug\Sonido.o
 .debug_loc     0x0000243b      0x144 .\CortexM3\ARM_GCC_493\Debug\Cm3Start.o
 .debug_loc     0x0000257f      0x289 .\CortexM3\ARM_GCC_493\Debug\Unificada.a(cyfitter_cfg.o)
 .debug_loc     0x00002808      0x32f .\CortexM3\ARM_GCC_493\Debug\Unificada.a(Surtidor.o)
 .debug_loc     0x00002b37       0x3e .\CortexM3\ARM_GCC_493\Debug\Unificada.a(Surtidor_INT.o)
 .debug_loc     0x00002b75      0x32f .\CortexM3\ARM_GCC_493\Debug\Unificada.a(Impresora.o)
 .debug_loc     0x00002ea4       0x3e .\CortexM3\ARM_GCC_493\Debug\Unificada.a(Impresora_INT.o)
 .debug_loc     0x00002ee2      0x32f .\CortexM3\ARM_GCC_493\Debug\Unificada.a(PC.o)
 .debug_loc     0x00003211       0x3e .\CortexM3\ARM_GCC_493\Debug\Unificada.a(PC_INT.o)
 .debug_loc     0x0000324f       0x26 .\CortexM3\ARM_GCC_493\Debug\Unificada.a(I2C_1.o)
 .debug_loc     0x00003275       0x29 .\CortexM3\ARM_GCC_493\Debug\Unificada.a(I2C_1_INT.o)
 .debug_loc     0x0000329e       0x13 .\CortexM3\ARM_GCC_493\Debug\Unificada.a(I2C_1_PM.o)
 .debug_loc     0x000032b1      0x531 .\CortexM3\ARM_GCC_493\Debug\Unificada.a(I2C_1_MASTER.o)
 .debug_loc     0x000037e2       0x42 .\CortexM3\ARM_GCC_493\Debug\Unificada.a(Pin_WP.o)
 .debug_loc     0x00003824      0x32f .\CortexM3\ARM_GCC_493\Debug\Unificada.a(LCD_1.o)
 .debug_loc     0x00003b53       0x3e .\CortexM3\ARM_GCC_493\Debug\Unificada.a(LCD_1_INT.o)
 .debug_loc     0x00003b91      0x32f .\CortexM3\ARM_GCC_493\Debug\Unificada.a(LCD_2.o)
 .debug_loc     0x00003ec0       0x3e .\CortexM3\ARM_GCC_493\Debug\Unificada.a(LCD_2_INT.o)
 .debug_loc     0x00003efe       0x42 .\CortexM3\ARM_GCC_493\Debug\Unificada.a(IB1.o)
 .debug_loc     0x00003f40       0x55 .\CortexM3\ARM_GCC_493\Debug\Unificada.a(IB2.o)
 .debug_loc     0x00003f95       0x56 .\CortexM3\ARM_GCC_493\Debug\Unificada.a(isr_3.o)
 .debug_loc     0x00003feb       0x56 .\CortexM3\ARM_GCC_493\Debug\Unificada.a(isr_4.o)
 .debug_loc     0x00004041       0x13 .\CortexM3\ARM_GCC_493\Debug\Unificada.a(Timer_1.o)
 .debug_loc     0x00004054       0x56 .\CortexM3\ARM_GCC_493\Debug\Unificada.a(isr_1.o)
 .debug_loc     0x000040aa       0x79 .\CortexM3\ARM_GCC_493\Debug\Unificada.a(VDAC8_1.o)
 .debug_loc     0x00004123       0x13 .\CortexM3\ARM_GCC_493\Debug\Unificada.a(Timer_2.o)
 .debug_loc     0x00004136       0x56 .\CortexM3\ARM_GCC_493\Debug\Unificada.a(isr_2.o)
 .debug_loc     0x0000418c       0x79 .\CortexM3\ARM_GCC_493\Debug\Unificada.a(VDAC8_2.o)
 .debug_loc     0x00004205       0x42 .\CortexM3\ARM_GCC_493\Debug\Unificada.a(SDown.o)
 .debug_loc     0x00004247      0x128 .\CortexM3\ARM_GCC_493\Debug\Unificada.a(Impresora_IntClock.o)
 .debug_loc     0x0000436f      0x128 .\CortexM3\ARM_GCC_493\Debug\Unificada.a(PC_IntClock.o)
 .debug_loc     0x00004497      0x12c .\CortexM3\ARM_GCC_493\Debug\Unificada.a(LCD_1_IntClock.o)
 .debug_loc     0x000045c3      0x128 .\CortexM3\ARM_GCC_493\Debug\Unificada.a(LCD_2_IntClock.o)
 .debug_loc     0x000046eb      0xa11 .\CortexM3\ARM_GCC_493\Debug\Unificada.a(CyLib.o)
 .debug_loc     0x000050fc      0x1e4 .\CortexM3\ARM_GCC_493\Debug\Unificada.a(cyPm.o)