Archive member included because of file (symbol)

.\CortexM3\ARM_GCC_493\Debug\Unificada.a(cyfitter_cfg.o)
                              .\CortexM3\ARM_GCC_493\Debug\Cm3Start.o (cyfitter_cfg)
.\CortexM3\ARM_GCC_493\Debug\Unificada.a(Surtidor.o)
                              .\CortexM3\ARM_GCC_493\Debug\main.o (Surtidor_Start)
.\CortexM3\ARM_GCC_493\Debug\Unificada.a(Surtidor_INT.o)
                              .\CortexM3\ARM_GCC_493\Debug\Unificada.a(Surtidor.o) (Surtidor_RXISR)
.\CortexM3\ARM_GCC_493\Debug\Unificada.a(Impresora.o)
                              .\CortexM3\ARM_GCC_493\Debug\main.o (Impresora_Start)
.\CortexM3\ARM_GCC_493\Debug\Unificada.a(Impresora_INT.o)
                              .\CortexM3\ARM_GCC_493\Debug\Unificada.a(Impresora.o) (Impresora_RXISR)
.\CortexM3\ARM_GCC_493\Debug\Unificada.a(PC.o)
                              .\CortexM3\ARM_GCC_493\Debug\main.o (PC_Start)
.\CortexM3\ARM_GCC_493\Debug\Unificada.a(PC_INT.o)
                              .\CortexM3\ARM_GCC_493\Debug\Unificada.a(PC.o) (PC_RXISR)
.\CortexM3\ARM_GCC_493\Debug\Unificada.a(I2C_1.o)
                              .\CortexM3\ARM_GCC_493\Debug\main.o (I2C_1_Start)
.\CortexM3\ARM_GCC_493\Debug\Unificada.a(I2C_1_INT.o)
                              .\CortexM3\ARM_GCC_493\Debug\Unificada.a(I2C_1.o) (I2C_1_ISR)
.\CortexM3\ARM_GCC_493\Debug\Unificada.a(I2C_1_PM.o)
                              .\CortexM3\ARM_GCC_493\Debug\Unificada.a(I2C_1.o) (I2C_1_backup)
.\CortexM3\ARM_GCC_493\Debug\Unificada.a(I2C_1_MASTER.o)
                              .\CortexM3\ARM_GCC_493\Debug\Unificada.a(I2C_1_INT.o) (I2C_1_mstrStatus)
.\CortexM3\ARM_GCC_493\Debug\Unificada.a(Pin_WP.o)
                              .\CortexM3\ARM_GCC_493\Debug\I2C.o (Pin_WP_Write)
.\CortexM3\ARM_GCC_493\Debug\Unificada.a(LCD_1.o)
                              .\CortexM3\ARM_GCC_493\Debug\main.o (LCD_1_Start)
.\CortexM3\ARM_GCC_493\Debug\Unificada.a(LCD_1_INT.o)
                              .\CortexM3\ARM_GCC_493\Debug\Unificada.a(LCD_1.o) (LCD_1_RXISR)
.\CortexM3\ARM_GCC_493\Debug\Unificada.a(LCD_2.o)
                              .\CortexM3\ARM_GCC_493\Debug\main.o (LCD_2_Start)
.\CortexM3\ARM_GCC_493\Debug\Unificada.a(LCD_2_INT.o)
                              .\CortexM3\ARM_GCC_493\Debug\Unificada.a(LCD_2.o) (LCD_2_RXISR)
.\CortexM3\ARM_GCC_493\Debug\Unificada.a(IB1.o)
                              .\CortexM3\ARM_GCC_493\Debug\ibuton.o (IB1_Write)
.\CortexM3\ARM_GCC_493\Debug\Unificada.a(IB2.o)
                              .\CortexM3\ARM_GCC_493\Debug\ibuton.o (IB2_Write)
.\CortexM3\ARM_GCC_493\Debug\Unificada.a(Timer_Animacion.o)
                              .\CortexM3\ARM_GCC_493\Debug\main.o (Timer_Animacion_Stop)
.\CortexM3\ARM_GCC_493\Debug\Unificada.a(isr_3.o)
                              .\CortexM3\ARM_GCC_493\Debug\main.o (isr_3_StartEx)
.\CortexM3\ARM_GCC_493\Debug\Unificada.a(Timer_Animacion2.o)
                              .\CortexM3\ARM_GCC_493\Debug\main.o (Timer_Animacion2_Stop)
.\CortexM3\ARM_GCC_493\Debug\Unificada.a(isr_4.o)
                              .\CortexM3\ARM_GCC_493\Debug\main.o (isr_4_StartEx)
.\CortexM3\ARM_GCC_493\Debug\Unificada.a(Timer_1.o)
                              .\CortexM3\ARM_GCC_493\Debug\Sonido.o (Timer_1_Stop)
.\CortexM3\ARM_GCC_493\Debug\Unificada.a(isr_1.o)
                              .\CortexM3\ARM_GCC_493\Debug\Sonido.o (isr_1_StartEx)
.\CortexM3\ARM_GCC_493\Debug\Unificada.a(VDAC8_1.o)
                              .\CortexM3\ARM_GCC_493\Debug\Sonido.o (VDAC8_1_Stop)
.\CortexM3\ARM_GCC_493\Debug\Unificada.a(Timer_2.o)
                              .\CortexM3\ARM_GCC_493\Debug\Sonido.o (Timer_2_Stop)
.\CortexM3\ARM_GCC_493\Debug\Unificada.a(isr_2.o)
                              .\CortexM3\ARM_GCC_493\Debug\Sonido.o (isr_2_StartEx)
.\CortexM3\ARM_GCC_493\Debug\Unificada.a(VDAC8_2.o)
                              .\CortexM3\ARM_GCC_493\Debug\Sonido.o (VDAC8_2_Stop)
.\CortexM3\ARM_GCC_493\Debug\Unificada.a(VDAC8_3.o)
                              .\CortexM3\ARM_GCC_493\Debug\main.o (VDAC8_3_Start)
.\CortexM3\ARM_GCC_493\Debug\Unificada.a(SDown.o)
                              .\CortexM3\ARM_GCC_493\Debug\main.o (SDown_Write)
.\CortexM3\ARM_GCC_493\Debug\Unificada.a(Impresora_IntClock.o)
                              .\CortexM3\ARM_GCC_493\Debug\Unificada.a(Impresora.o) (Impresora_IntClock_Start)
.\CortexM3\ARM_GCC_493\Debug\Unificada.a(PC_IntClock.o)
                              .\CortexM3\ARM_GCC_493\Debug\Unificada.a(PC.o) (PC_IntClock_Start)
.\CortexM3\ARM_GCC_493\Debug\Unificada.a(LCD_1_IntClock.o)
                              .\CortexM3\ARM_GCC_493\Debug\Unificada.a(LCD_1.o) (LCD_1_IntClock_Start)
.\CortexM3\ARM_GCC_493\Debug\Unificada.a(LCD_2_IntClock.o)
                              .\CortexM3\ARM_GCC_493\Debug\Unificada.a(LCD_2.o) (LCD_2_IntClock_Start)
.\CortexM3\ARM_GCC_493\Debug\Unificada.a(CyBootAsmGnu.o)
[...]
Memory Configuration

Name             Origin             Length             Attributes
rom              0x00000000         0x00040000         xr
ram              0x1fff8000         0x00010000         xrw
*default*        0x00000000         0xffffffff

Linker script and memory map

LOAD c:/program files (x86)/cypress/psoc creator/3.3/psoc creator/import/gnu/arm/4.9.3/bin/../lib/gcc/arm-none-eabi/4.9.3/armv7-m/crti.o
LOAD c:/program files (x86)/cypress/psoc creator/3.3/psoc creator/import/gnu/arm/4.9.3/bin/../lib/gcc/arm-none-eabi/4.9.3/armv7-m/crtbegin.o
LOAD c:/program files (x86)/cypress/psoc creator/3.3/psoc creator/import/gnu/arm/4.9.3/bin/../lib/gcc/arm-none-eabi/4.9.3/../../../../arm-none-eabi/lib/armv7-m/crt0.o
START GROUP
LOAD .\CortexM3\ARM_GCC_493\Debug\main.o
LOAD .\CortexM3\ARM_GCC_493\Debug\I2C.o
LOAD .\CortexM3\ARM_GCC_493\Debug\ibuton.o
LOAD .\CortexM3\ARM_GCC_493\Debug\LCD.o
LOAD .\CortexM3\ARM_GCC_493\Debug\Print.o
LOAD .\CortexM3\ARM_GCC_493\Debug\Protocolo.o
LOAD .\CortexM3\ARM_GCC_493\Debug\Sonido.o
LOAD .\CortexM3\ARM_GCC_493\Debug\cybootloader.o
LOAD .\CortexM3\ARM_GCC_493\Debug\cymetadata.o
LOAD .\CortexM3\ARM_GCC_493\Debug\Cm3Start.o
LOAD .\CortexM3\ARM_GCC_493\Debug\Unificada.a
LOAD C:\Program Files (x86)\Cypress\PSoC Creator\3.3\PSoC Creator\psoc\content\cycomponentlibrary\CyComponentLibrary.cylib\CortexM3\ARM_GCC_493\Debug\CyComponentLibrary.a
END GROUP
START GROUP
LOAD c:/program files (x86)/cypress/psoc creator/3.3/psoc creator/import/gnu/arm/4.9.3/bin/../lib/gcc/arm-none-eabi/4.9.3/armv7-m\libgcc.a
LOAD c:/program files (x86)/cypress/psoc creator/3.3/psoc creator/import/gnu/arm/4.9.3/bin/../lib/gcc/arm-none-eabi/4.9.3/../../../../arm-none-eabi/lib/armv7-m\libg_nano.a
LOAD c:/program files (x86)/cypress/psoc creator/3.3/psoc creator/import/gnu/arm/4.9.3/bin/../lib/gcc/arm-none-eabi/4.9.3/../../../../arm-none-eabi/lib/armv7-m\libc_nano.a
END GROUP
START GROUP
LOAD c:/program files (x86)/cypress/psoc creator/3.3/psoc creator/import/gnu/arm/4.9.3/bin/../lib/gcc/arm-none-eabi/4.9.3/armv7-m\libgcc.a
LOAD c:/program files (x86)/cypress/psoc creator/3.3/psoc creator/import/gnu/arm/4.9.3/bin/../lib/gcc/arm-none-eabi/4.9.3/../../../../arm-none-eabi/lib/armv7-m\libc_nano.a
END GROUP
LOAD c:/program files (x86)/cypress/psoc creator/3.3/psoc creator/import/gnu/arm/4.9.3/bin/../lib/gcc/arm-none-eabi/4.9.3/armv7-m/crtend.o
LOAD c:/program files (x86)/cypress/psoc creator/3.3/psoc creator/import/gnu/arm/4.9.3/bin/../lib/gcc/arm-none-eabi/4.9.3/armv7-m/crtn.o
START GROUP
LOAD c:/program files (x86)/cypress/psoc creator/3.3/psoc creator/import/gnu/arm/4.9.3/bin/../lib/gcc/arm-none-eabi/4.9.3/armv7-m\libgcc.a
LOAD c:/program files (x86)/cypress/psoc creator/3.3/psoc creator/import/gnu/arm/4.9.3/bin/../lib/gcc/arm-none-eabi/4.9.3/../../../../arm-none-eabi/lib/armv7-m\libc.a
LOAD c:/program files (x86)/cypress/psoc creator/3.3/psoc creator/import/gnu/arm/4.9.3/bin/../lib/gcc/arm-none-eabi/4.9.3/../../../../arm-none-eabi/lib/armv7-m\libnosys.a
END GROUP
                0x00000000                CY_APPL_ORIGIN = 0x0
                0x00000100                CY_FLASH_ROW_SIZE = 0x100
                0x00000020                CY_ECC_ROW_SIZE = 0x20
                0x00000000                CY_EE_IN_BTLDR = 0x0
                0x00000001                CY_APPL_LOADABLE = 0x1
                0x00000800                CY_EE_SIZE = 0x800
                0x00000001                CY_APPL_NUM = 0x1
                0x00000001                CY_APPL_MAX = 0x1
                0x00000040                CY_METADATA_SIZE = 0x40
                0x1fff8af0                PROVIDE (__cy_heap_start, _end)
                0x00000001                PROVIDE (__cy_region_num, ((__cy_regions_end - __cy_regions) / 0x10))
                0x20008000                PROVIDE (__cy_stack, (ORIGIN (ram) + 0x10000))
                0x20007800                PROVIDE (__cy_heap_end, (__cy_stack - 0x800))

.cybootloader   0x00000000     0x2200
 *(.cybootloader)
 .cybootloader  0x00000000     0x2200 .\CortexM3\ARM_GCC_493\Debug\cybootloader.o
                0x00000000                cy_bootloader
                0x00002200                appl1_start = CY_APPL_ORIGIN?CY_APPL_ORIGIN:ALIGN (CY_FLASH_ROW_SIZE)
                0x00021000                appl2_start = (appl1_start + ALIGN ((((0x40000 - appl1_start) - (0x2 * CY_FLASH_ROW_SIZE)) / 0x2), CY_FLASH_ROW_SIZE))
                0x00002200                appl_start = (CY_APPL_NUM == 0x1)?appl1_start:appl2_start
                0x00000440                ecc_offset = ((appl_start / CY_FLASH_ROW_SIZE) * CY_ECC_ROW_SIZE)
                0x00000000                ee_offset = (CY_APPL_LOADABLE && ! (CY_EE_IN_BTLDR))?((CY_EE_SIZE / CY_APPL_MAX) * (CY_APPL_NUM - 0x1)):0x0
                0x00000800                ee_size = (CY_APPL_LOADABLE && ! (CY_EE_IN_BTLDR))?(CY_EE_SIZE / CY_APPL_MAX):CY_EE_SIZE
                0x00000440                PROVIDE (CY_ECC_OFFSET, ecc_offset)

.text           0x00002200    0x10bae
 CREATE_OBJECT_SYMBOLS
                0x00002200                PROVIDE (__cy_interrupt_vector, RomVectors)
 *(.romvectors)
 .romvectors    0x00002200       0x10 .\CortexM3\ARM_GCC_493\Debug\Cm3Start.o
                0x00002200                RomVectors
                0x00000001                ASSERT ((. != __cy_interrupt_vector), No interrupt vector)
                0x00000001                ASSERT (CY_APPL_ORIGIN?(SIZEOF (.cybootloader) <= CY_APPL_ORIGIN):0x1, Wrong image location)
                0x00002210                PROVIDE (__cy_reset, Reset)
 *(.text.Reset)
 .text.Reset    0x00002210        0x8 .\CortexM3\ARM_GCC_493\Debug\Cm3Start.o
                0x00002210                Reset
                0x00000001                ASSERT ((. != __cy_reset), No reset code)
 *(.dma_init)
                0x00000001                ASSERT ((((appl_start + .) <= 0x10000) || 0x1), DMA Init must be within the first 64k of flash)
 *(.text .text.* .gnu.linkonce.t.*)
 .text          0x00002218       0x5c c:/program files (x86)/cypress/psoc creator/3.3/psoc creator/import/gnu/arm/4.9.3/bin/../lib/gcc/arm-none-eabi/4.9.3/armv7-m/crtbegin.o
 .text.animacion
                0x00002274       0x48 .\CortexM3\ARM_GCC_493\Debug\main.o
                0x00002274                animacion
 .text.animacion2
                0x000022bc       0x48 .\CortexM3\ARM_GCC_493\Debug\main.o
                0x000022bc                animacion2
 .text.init     0x00002304      0x4ec .\CortexM3\ARM_GCC_493\Debug\main.o
                0x00002304                init
 .text.init_surt
                0x000027f0       0x38 .\CortexM3\ARM_GCC_493\Debug\main.o
                0x000027f0                init_surt
 .text.error_op
                0x00002828       0x5c .\CortexM3\ARM_GCC_493\Debug\main.o
                0x00002828                error_op
 .text.polling_LCD1
                0x00002884     0x3d94 .\CortexM3\ARM_GCC_493\Debug\main.o
                0x00002884                polling_LCD1
 .text.polling_LCD2
                0x00006618     0x3b04 .\CortexM3\ARM_GCC_493\Debug\main.o
                0x00006618                polling_LCD2
 .text.main     0x0000a11c       0x14 .\CortexM3\ARM_GCC_493\Debug\main.o
                0x0000a11c                main
 .text.leer_hora
                0x0000a130       0x60 .\CortexM3\ARM_GCC_493\Debug\I2C.o
                0x0000a130                leer_hora
 .text.leer_fecha
                0x0000a190       0x60 .\CortexM3\ARM_GCC_493\Debug\I2C.o
                0x0000a190                leer_fecha
 .text.write_hora
                0x0000a1f0       0x5c .\CortexM3\ARM_GCC_493\Debug\I2C.o
                0x0000a1f0                write_hora
 .text.write_fecha
                0x0000a24c       0x64 .\CortexM3\ARM_GCC_493\Debug\I2C.o
                0x0000a24c                write_fecha
 .text.write_eeprom
                0x0000a2b0       0x7c .\CortexM3\ARM_GCC_493\Debug\I2C.o
                0x0000a2b0                write_eeprom
 .text.leer_eeprom
                0x0000a32c       0x94 .\CortexM3\ARM_GCC_493\Debug\I2C.o
                0x0000a32c                leer_eeprom
 .text.write_psoc1
                0x0000a3c0       0x48 .\CortexM3\ARM_GCC_493\Debug\I2C.o
                0x0000a3c0                write_psoc1
 .text.touch_present
                0x0000a408       0x84 .\CortexM3\ARM_GCC_493\Debug\ibuton.o
                0x0000a408                touch_present
 .text.touch_write
                0x0000a48c       0xd4 .\CortexM3\ARM_GCC_493\Debug\ibuton.o
                0x0000a48c                touch_write
 .text.touch_read_byte
                0x0000a560       0x78 .\CortexM3\ARM_GCC_493\Debug\ibuton.o
                0x0000a560                touch_read_byte
 .text.touch_read_memoria
                0x0000a5d8      0x1b4 .\CortexM3\ARM_GCC_493\Debug\ibuton.o
                0x0000a5d8                touch_read_memoria
 .text.touch_write_memoria
                0x0000a78c      0x30c .\CortexM3\ARM_GCC_493\Debug\ibuton.o
                0x0000a78c                touch_write_memoria
 .text.crc_check
                0x0000aa98       0x20 .\CortexM3\ARM_GCC_493\Debug\ibuton.o
                0x0000aa98                crc_check
 .text.set_imagen
                0x0000aab8       0x6c .\CortexM3\ARM_GCC_493\Debug\LCD.o
                0x0000aab8                set_imagen
 .text.write_LCD
                0x0000ab24      0x100 .\CortexM3\ARM_GCC_493\Debug\LCD.o
                0x0000ab24                write_LCD
 .text.Hora_LCD
                0x0000ac24       0xbc .\CortexM3\ARM_GCC_493\Debug\LCD.o
                0x0000ac24                Hora_LCD
 .text.Fecha_LCD
                0x0000ace0       0xc8 .\CortexM3\ARM_GCC_493\Debug\LCD.o
                0x0000ace0                Fecha_LCD
 .text.Nombre_LCD
                0x0000ada8      0x104 .\CortexM3\ARM_GCC_493\Debug\LCD.o
                0x0000ada8                Nombre_LCD
 .text.Precio_LCD
                0x0000aeac       0xc4 .\CortexM3\ARM_GCC_493\Debug\LCD.o
                0x0000aeac                Precio_LCD
 .text.Grado_LCD
                0x0000af70       0xbc .\CortexM3\ARM_GCC_493\Debug\LCD.o
                0x0000af70                Grado_LCD
 .text.direccion_LCD
                0x0000b02c      0x10c .\CortexM3\ARM_GCC_493\Debug\LCD.o
                0x0000b02c                direccion_LCD
 .text.lema1_LCD
                0x0000b138      0x10c .\CortexM3\ARM_GCC_493\Debug\LCD.o
                0x0000b138                lema1_LCD
 .text.lema2_LCD
                0x0000b244      0x10c .\CortexM3\ARM_GCC_493\Debug\LCD.o
                0x0000b244                lema2_LCD
 .text.telefono_LCD
                0x0000b350      0x10c .\CortexM3\ARM_GCC_493\Debug\LCD.o
                0x0000b350                telefono_LCD
 .text.nit_LCD  0x0000b45c      0x10c .\CortexM3\ARM_GCC_493\Debug\LCD.o
                0x0000b45c                nit_LCD
 .text.Cuenta_LCD
                0x0000b568      0x104 .\CortexM3\ARM_GCC_493\Debug\LCD.o
                0x0000b568                Cuenta_LCD
 .text.Placa_LCD
                0x0000b66c      0x108 .\CortexM3\ARM_GCC_493\Debug\LCD.o
                0x0000b66c                Placa_LCD
 .text.writemini_LCD
                0x0000b774      0x108 .\CortexM3\ARM_GCC_493\Debug\LCD.o
                0x0000b774                writemini_LCD
 .text.operacion
                0x0000b87c      0x128 .\CortexM3\ARM_GCC_493\Debug\Print.o
                0x0000b87c                operacion
 .text.print_logo_k
                0x0000b9a4      0x200 .\CortexM3\ARM_GCC_493\Debug\Print.o
                0x0000b9a4                print_logo_k
 .text.print_logo_p
                0x0000bba4      0x1f0 .\CortexM3\ARM_GCC_493\Debug\Print.o
                0x0000bba4                print_logo_p
 .text.print_totales
                0x0000bd94      0x110 .\CortexM3\ARM_GCC_493\Debug\Print.o
                0x0000bd94                print_totales
 .text.print_totalesac
                0x0000bea4      0x114 .\CortexM3\ARM_GCC_493\Debug\Print.o
                0x0000bea4                print_totalesac
 .text.print_valor
                0x0000bfb8       0x50 .\CortexM3\ARM_GCC_493\Debug\Print.o
                0x0000bfb8                print_valor
 .text.imprimir
                0x0000c008     0x1018 .\CortexM3\ARM_GCC_493\Debug\Print.o
                0x0000c008                imprimir
 .text.imprimir_corte
                0x0000d020      0x758 .\CortexM3\ARM_GCC_493\Debug\Print.o
                0x0000d020                imprimir_corte
 .text.ver_pos  0x0000d778       0x80 .\CortexM3\ARM_GCC_493\Debug\Protocolo.o
                0x0000d778                ver_pos
 .text.get_estado
                0x0000d7f8       0x28 .\CortexM3\ARM_GCC_493\Debug\Protocolo.o
                0x0000d7f8                get_estado
 .text.estado_ex
                0x0000d820       0xe8 .\CortexM3\ARM_GCC_493\Debug\Protocolo.o
                0x0000d820                estado_ex
 .text.venta    0x0000d908      0x1e8 .\CortexM3\ARM_GCC_493\Debug\Protocolo.o
                0x0000d908                venta
 .text.get_totales
                0x0000daf0     0x2e64 .\CortexM3\ARM_GCC_493\Debug\Protocolo.o
                0x0000daf0                get_totales
 .text.programar
                0x00010954      0x484 .\CortexM3\ARM_GCC_493\Debug\Protocolo.o
                0x00010954                programar
 .text.cambiar_precio
                0x00010dd8      0x2c4 .\CortexM3\ARM_GCC_493\Debug\Protocolo.o
                0x00010dd8                cambiar_precio
 .text.Interrupcion_1
                0x0001109c       0xd8 .\CortexM3\ARM_GCC_493\Debug\Sonido.o
                0x0001109c                Interrupcion_1
 .text.Interrupcion_2
                0x00011174       0xe0 .\CortexM3\ARM_GCC_493\Debug\Sonido.o
                0x00011174                Interrupcion_2
 .text.sonido   0x00011254       0x60 .\CortexM3\ARM_GCC_493\Debug\Sonido.o
                0x00011254                sonido
 .text.IntDefaultHandler
                0x000112b4        0x4 .\CortexM3\ARM_GCC_493\Debug\Cm3Start.o
                0x000112b4                IntDefaultHandler
 .text.Start_c  0x000112b8       0x4c .\CortexM3\ARM_GCC_493\Debug\Cm3Start.o
                0x000112b8                Start_c
 .text.initialize_psoc
                0x00011304       0x74 .\CortexM3\ARM_GCC_493\Debug\Cm3Start.o
                0x00011304                initialize_psoc
 .text.CyClockStartupError
                0x00011378        0x4 .\CortexM3\ARM_GCC_493\Debug\Unificada.a(cyfitter_cfg.o)
 .text.cfg_write_bytes32
                0x0001137c       0x34 .\CortexM3\ARM_GCC_493\Debug\Unificada.a(cyfitter_cfg.o)
 .text.AnalogSetDefault
                0x000113b0       0x54 .\CortexM3\ARM_GCC_493\Debug\Unificada.a(cyfitter_cfg.o)
 .text.CYMEMZERO
                0x00011404        0xc .\CortexM3\ARM_GCC_493\Debug\Unificada.a(cyfitter_cfg.o)
 .text.ClockSetup
                0x00011410      0x104 .\CortexM3\ARM_GCC_493\Debug\Unificada.a(cyfitter_cfg.o)
 .text.CYCONFIGCPY
                0x00011514        0x8 .\CortexM3\ARM_GCC_493\Debug\Unificada.a(cyfitter_cfg.o)
 .text.cyfitter_cfg
                0x0001151c      0x170 .\CortexM3\ARM_GCC_493\Debug\Unificada.a(cyfitter_cfg.o)
                0x0001151c                cyfitter_cfg
 .text.Surtidor_Init
                0x0001168c       0x3c .\CortexM3\ARM_GCC_493\Debug\Unificada.a(Surtidor.o)
                0x0001168c                Surtidor_Init
 .text.Surtidor_Enable
                0x000116c8       0x3c .\CortexM3\ARM_GCC_493\Debug\Unificada.a(Surtidor.o)
                0x000116c8                Surtidor_Enable
 .text.Surtidor_Start
                0x00011704       0x1c .\CortexM3\ARM_GCC_493\Debug\Unificada.a(Surtidor.o)
                0x00011704                Surtidor_Start
 .text.Surtidor_EnableRxInt
                0x00011720        0xc .\CortexM3\ARM_GCC_493\Debug\Unificada.a(Surtidor.o)
                0x00011720                Surtidor_EnableRxInt
 .text.Surtidor_DisableRxInt
                0x0001172c        0xc .\CortexM3\ARM_GCC_493\Debug\Unificada.a(Surtidor.o)
                0x0001172c                Surtidor_DisableRxInt
 .text.Surtidor_ReadRxData
                0x00011738       0x5c .\CortexM3\ARM_GCC_493\Debug\Unificada.a(Surtidor.o)
                0x00011738                Surtidor_ReadRxData
 .text.Surtidor_GetRxBufferSize
                0x00011794       0x60 .\CortexM3\ARM_GCC_493\Debug\Unificada.a(Surtidor.o)
                0x00011794                Surtidor_GetRxBufferSize
 .text.Surtidor_ClearRxBuffer
                0x000117f4       0x3c .\CortexM3\ARM_GCC_493\Debug\Unificada.a(Surtidor.o)
                0x000117f4                Surtidor_ClearRxBuffer
 .text.Surtidor_PutChar
                0x00011830       0x18 .\CortexM3\ARM_GCC_493\Debug\Unificada.a(Surtidor.o)
                0x00011830                Surtidor_PutChar
 .text.Surtidor_RXISR
                0x00011848       0x80 .\CortexM3\ARM_GCC_493\Debug\Unificada.a(Surtidor_INT.o)
                0x00011848                Surtidor_RXISR
 .text.Impresora_Init
                0x000118c8       0x3c .\CortexM3\ARM_GCC_493\Debug\Unificada.a(Impresora.o)
                0x000118c8                Impresora_Init
 .text.Impresora_Enable
                0x00011904       0x44 .\CortexM3\ARM_GCC_493\Debug\Unificada.a(Impresora.o)
                0x00011904                Impresora_Enable
 .text.Impresora_Start
                0x00011948       0x1c .\CortexM3\ARM_GCC_493\Debug\Unificada.a(Impresora.o)
                0x00011948                Impresora_Start
 .text.Impresora_EnableRxInt
                0x00011964        0xc .\CortexM3\ARM_GCC_493\Debug\Unificada.a(Impresora.o)
                0x00011964                Impresora_EnableRxInt
 .text.Impresora_RXISR
                0x00011970       0x80 .\CortexM3\ARM_GCC_493\Debug\Unificada.a(Impresora_INT.o)
                0x00011970                Impresora_RXISR
 .text.PC_Init  0x000119f0       0x3c .\CortexM3\ARM_GCC_493\Debug\Unificada.a(PC.o)
                0x000119f0                PC_Init
 .text.PC_Enable
                0x00011a2c       0x44 .\CortexM3\ARM_GCC_493\Debug\Unificada.a(PC.o)
                0x00011a2c                PC_Enable
 .text.PC_Start
                0x00011a70       0x1c .\CortexM3\ARM_GCC_493\Debug\Unificada.a(PC.o)
                0x00011a70                PC_Start
 .text.PC_EnableRxInt
                0x00011a8c        0xc .\CortexM3\ARM_GCC_493\Debug\Unificada.a(PC.o)
                0x00011a8c                PC_EnableRxInt
 .text.PC_RXISR
                0x00011a98       0x80 .\CortexM3\ARM_GCC_493\Debug\Unificada.a(PC_INT.o)
                0x00011a98                PC_RXISR
 .text.I2C_1_Init
                0x00011b18       0x58 .\CortexM3\ARM_GCC_493\Debug\Unificada.a(I2C_1.o)
                0x00011b18                I2C_1_Init
 .text.I2C_1_Enable
                0x00011b70       0x24 .\CortexM3\ARM_GCC_493\Debug\Unificada.a(I2C_1.o)
                0x00011b70                I2C_1_Enable
 .text.I2C_1_Start
                0x00011b94       0x28 .\CortexM3\ARM_GCC_493\Debug\Unificada.a(I2C_1.o)
                0x00011b94                I2C_1_Start
 .text.I2C_1_ISR
                0x00011bbc      0x2d0 .\CortexM3\ARM_GCC_493\Debug\Unificada.a(I2C_1_INT.o)
                0x00011bbc                I2C_1_ISR
 .text.I2C_1_MasterSendStart
                0x00011e8c       0x80 .\CortexM3\ARM_GCC_493\Debug\Unificada.a(I2C_1_MASTER.o)
                0x00011e8c                I2C_1_MasterSendStart
 .text.I2C_1_MasterSendStop
                0x00011f0c       0x38 .\CortexM3\ARM_GCC_493\Debug\Unificada.a(I2C_1_MASTER.o)
                0x00011f0c                I2C_1_MasterSendStop
 .text.I2C_1_MasterWriteByte
                0x00011f44       0x58 .\CortexM3\ARM_GCC_493\Debug\Unificada.a(I2C_1_MASTER.o)
                0x00011f44                I2C_1_MasterWriteByte
 .text.I2C_1_MasterReadByte
                0x00011f9c       0x58 .\CortexM3\ARM_GCC_493\Debug\Unificada.a(I2C_1_MASTER.o)
                0x00011f9c                I2C_1_MasterReadByte
 .text.I2C_1_MasterClearStatus
                0x00011ff4       0x10 .\CortexM3\ARM_GCC_493\Debug\Unificada.a(I2C_1_MASTER.o)
                0x00011ff4                I2C_1_MasterClearStatus
 .text.I2C_1_MasterClearReadBuf
                0x00012004       0x1c .\CortexM3\ARM_GCC_493\Debug\Unificada.a(I2C_1_MASTER.o)
                0x00012004                I2C_1_MasterClearReadBuf
 .text.I2C_1_MasterClearWriteBuf
                0x00012020       0x1c .\CortexM3\ARM_GCC_493\Debug\Unificada.a(I2C_1_MASTER.o)
                0x00012020                I2C_1_MasterClearWriteBuf
 .text.I2C_1_Workaround
                0x0001203c        0x4 .\CortexM3\ARM_GCC_493\Debug\Unificada.a(I2C_1_MASTER.o)
                0x0001203c                I2C_1_Workaround
 .text.Pin_WP_Write
                0x00012040       0x18 .\CortexM3\ARM_GCC_493\Debug\Unificada.a(Pin_WP.o)
                0x00012040                Pin_WP_Write
 .text.LCD_1_Init
                0x00012058       0x3c .\CortexM3\ARM_GCC_493\Debug\Unificada.a(LCD_1.o)
                0x00012058                LCD_1_Init
 .text.LCD_1_Enable
                0x00012094       0x44 .\CortexM3\ARM_GCC_493\Debug\Unificada.a(LCD_1.o)
                0x00012094                LCD_1_Enable
 .text.LCD_1_Start
                0x000120d8       0x1c .\CortexM3\ARM_GCC_493\Debug\Unificada.a(LCD_1.o)
                0x000120d8                LCD_1_Start
 .text.LCD_1_EnableRxInt
                0x000120f4        0xc .\CortexM3\ARM_GCC_493\Debug\Unificada.a(LCD_1.o)
                0x000120f4                LCD_1_EnableRxInt
 .text.LCD_1_DisableRxInt
                0x00012100        0xc .\CortexM3\ARM_GCC_493\Debug\Unificada.a(LCD_1.o)
                0x00012100                LCD_1_DisableRxInt
 .text.LCD_1_GetRxBufferSize
                0x0001210c       0x54 .\CortexM3\ARM_GCC_493\Debug\Unificada.a(LCD_1.o)
                0x0001210c                LCD_1_GetRxBufferSize
 .text.LCD_1_ClearRxBuffer
                0x00012160       0x3c .\CortexM3\ARM_GCC_493\Debug\Unificada.a(LCD_1.o)
                0x00012160                LCD_1_ClearRxBuffer
 .text.LCD_1_PutChar
                0x0001219c       0x18 .\CortexM3\ARM_GCC_493\Debug\Unificada.a(LCD_1.o)
                0x0001219c                LCD_1_PutChar
 .text.LCD_1_RXISR
                0x000121b4       0x80 .\CortexM3\ARM_GCC_493\Debug\Unificada.a(LCD_1_INT.o)
                0x000121b4                LCD_1_RXISR
 .text.LCD_2_Init
                0x00012234       0x3c .\CortexM3\ARM_GCC_493\Debug\Unificada.a(LCD_2.o)
                0x00012234                LCD_2_Init
 .text.LCD_2_Enable
                0x00012270       0x44 .\CortexM3\ARM_GCC_493\Debug\Unificada.a(LCD_2.o)
                0x00012270                LCD_2_Enable
 .text.LCD_2_Start
                0x000122b4       0x1c .\CortexM3\ARM_GCC_493\Debug\Unificada.a(LCD_2.o)
                0x000122b4                LCD_2_Start
 .text.LCD_2_EnableRxInt
                0x000122d0        0xc .\CortexM3\ARM_GCC_493\Debug\Unificada.a(LCD_2.o)
                0x000122d0                LCD_2_EnableRxInt
 .text.LCD_2_DisableRxInt
                0x000122dc        0xc .\CortexM3\ARM_GCC_493\Debug\Unificada.a(LCD_2.o)
                0x000122dc                LCD_2_DisableRxInt
 .text.LCD_2_GetRxBufferSize
                0x000122e8       0x54 .\CortexM3\ARM_GCC_493\Debug\Unificada.a(LCD_2.o)
                0x000122e8                LCD_2_GetRxBufferSize
 .text.LCD_2_ClearRxBuffer
                0x0001233c       0x3c .\CortexM3\ARM_GCC_493\Debug\Unificada.a(LCD_2.o)
                0x0001233c                LCD_2_ClearRxBuffer
 .text.LCD_2_PutChar
                0x00012378       0x18 .\CortexM3\ARM_GCC_493\Debug\Unificada.a(LCD_2.o)
                0x00012378                LCD_2_PutChar
 .text.LCD_2_RXISR
                0x00012390       0x80 .\CortexM3\ARM_GCC_493\Debug\Unificada.a(LCD_2_INT.o)
                0x00012390                LCD_2_RXISR
 .text.IB1_Write
                0x00012410       0x18 .\CortexM3\ARM_GCC_493\Debug\Unificada.a(IB1.o)
                0x00012410                IB1_Write
 .text.IB1_Read
                0x00012428       0x10 .\CortexM3\ARM_GCC_493\Debug\Unificada.a(IB1.o)
                0x00012428                IB1_Read
 .text.IB2_Write
                0x00012438       0x18 .\CortexM3\ARM_GCC_493\Debug\Unificada.a(IB2.o)
                0x00012438                IB2_Write
 .text.IB2_Read
                0x00012450        0xc .\CortexM3\ARM_GCC_493\Debug\Unificada.a(IB2.o)
                0x00012450                IB2_Read
 .text.Timer_Animacion_Enable
                0x0001245c       0x28 .\CortexM3\ARM_GCC_493\Debug\Unificada.a(Timer_Animacion.o)
                0x0001245c                Timer_Animacion_Enable
 .text.Timer_Animacion_Stop
                0x00012484       0x28 .\CortexM3\ARM_GCC_493\Debug\Unificada.a(Timer_Animacion.o)
                0x00012484                Timer_Animacion_Stop
 .text.Timer_Animacion_SetInterruptMode
                0x000124ac        0xc .\CortexM3\ARM_GCC_493\Debug\Unificada.a(Timer_Animacion.o)
                0x000124ac                Timer_Animacion_SetInterruptMode
 .text.Timer_Animacion_ReadStatusRegister
                0x000124b8        0xc .\CortexM3\ARM_GCC_493\Debug\Unificada.a(Timer_Animacion.o)
                0x000124b8                Timer_Animacion_ReadStatusRegister
 .text.Timer_Animacion_WritePeriod
                0x000124c4        0xc .\CortexM3\ARM_GCC_493\Debug\Unificada.a(Timer_Animacion.o)
                0x000124c4                Timer_Animacion_WritePeriod
 .text.Timer_Animacion_WriteCounter
                0x000124d0        0xc .\CortexM3\ARM_GCC_493\Debug\Unificada.a(Timer_Animacion.o)
                0x000124d0                Timer_Animacion_WriteCounter
 .text.Timer_Animacion_Init
                0x000124dc       0x68 .\CortexM3\ARM_GCC_493\Debug\Unificada.a(Timer_Animacion.o)
                0x000124dc                Timer_Animacion_Init
 .text.Timer_Animacion_Start
                0x00012544       0x1c .\CortexM3\ARM_GCC_493\Debug\Unificada.a(Timer_Animacion.o)
                0x00012544                Timer_Animacion_Start
 .text.isr_3_SetVector
                0x00012560       0x10 .\CortexM3\ARM_GCC_493\Debug\Unificada.a(isr_3.o)
                0x00012560                isr_3_SetVector
 .text.isr_3_SetPriority
                0x00012570       0x10 .\CortexM3\ARM_GCC_493\Debug\Unificada.a(isr_3.o)
                0x00012570                isr_3_SetPriority
 .text.isr_3_Enable
                0x00012580       0x10 .\CortexM3\ARM_GCC_493\Debug\Unificada.a(isr_3.o)
                0x00012580                isr_3_Enable
 .text.isr_3_Disable
                0x00012590       0x10 .\CortexM3\ARM_GCC_493\Debug\Unificada.a(isr_3.o)
                0x00012590                isr_3_Disable
 .text.isr_3_StartEx
                0x000125a0       0x1c .\CortexM3\ARM_GCC_493\Debug\Unificada.a(isr_3.o)
                0x000125a0                isr_3_StartEx
 .text.isr_3_Stop
                0x000125bc       0x14 .\CortexM3\ARM_GCC_493\Debug\Unificada.a(isr_3.o)
                0x000125bc                isr_3_Stop
 .text.Timer_Animacion2_Enable
                0x000125d0       0x28 .\CortexM3\ARM_GCC_493\Debug\Unificada.a(Timer_Animacion2.o)
                0x000125d0                Timer_Animacion2_Enable
 .text.Timer_Animacion2_Stop
                0x000125f8       0x28 .\CortexM3\ARM_GCC_493\Debug\Unificada.a(Timer_Animacion2.o)
                0x000125f8                Timer_Animacion2_Stop
 .text.Timer_Animacion2_SetInterruptMode
                0x00012620        0xc .\CortexM3\ARM_GCC_493\Debug\Unificada.a(Timer_Animacion2.o)
                0x00012620                Timer_Animacion2_SetInterruptMode
 .text.Timer_Animacion2_ReadStatusRegister
                0x0001262c        0xc .\CortexM3\ARM_GCC_493\Debug\Unificada.a(Timer_Animacion2.o)
                0x0001262c                Timer_Animacion2_ReadStatusRegister
 .text.Timer_Animacion2_WritePeriod
                0x00012638        0xc .\CortexM3\ARM_GCC_493\Debug\Unificada.a(Timer_Animacion2.o)
                0x00012638                Timer_Animacion2_WritePeriod
 .text.Timer_Animacion2_WriteCounter
                0x00012644        0xc .\CortexM3\ARM_GCC_493\Debug\Unificada.a(Timer_Animacion2.o)
                0x00012644                Timer_Animacion2_WriteCounter
 .text.Timer_Animacion2_Init
                0x00012650       0x68 .\CortexM3\ARM_GCC_493\Debug\Unificada.a(Timer_Animacion2.o)
                0x00012650                Timer_Animacion2_Init
 .text.Timer_Animacion2_Start
                0x000126b8       0x1c .\CortexM3\ARM_GCC_493\Debug\Unificada.a(Timer_Animacion2.o)
                0x000126b8                Timer_Animacion2_Start
 .text.isr_4_SetVector
                0x000126d4       0x10 .\CortexM3\ARM_GCC_493\Debug\Unificada.a(isr_4.o)
                0x000126d4                isr_4_SetVector
 .text.isr_4_SetPriority
                0x000126e4       0x10 .\CortexM3\ARM_GCC_493\Debug\Unificada.a(isr_4.o)
                0x000126e4                isr_4_SetPriority
 .text.isr_4_Enable
                0x000126f4       0x10 .\CortexM3\ARM_GCC_493\Debug\Unificada.a(isr_4.o)
                0x000126f4                isr_4_Enable
 .text.isr_4_Disable
                0x00012704       0x10 .\CortexM3\ARM_GCC_493\Debug\Unificada.a(isr_4.o)
                0x00012704                isr_4_Disable
 .text.isr_4_StartEx
                0x00012714       0x1c .\CortexM3\ARM_GCC_493\Debug\Unificada.a(isr_4.o)
                0x00012714                isr_4_StartEx
 .text.isr_4_Stop
                0x00012730       0x14 .\CortexM3\ARM_GCC_493\Debug\Unificada.a(isr_4.o)
                0x00012730                isr_4_Stop
 .text.Timer_1_Enable
                0x00012744       0x10 .\CortexM3\ARM_GCC_493\Debug\Unificada.a(Timer_1.o)
                0x00012744                Timer_1_Enable
 .text.Timer_1_Stop
                0x00012754       0x10 .\CortexM3\ARM_GCC_493\Debug\Unificada.a(Timer_1.o)
                0x00012754                Timer_1_Stop
 .text.Timer_1_SetInterruptMode
                0x00012764        0xc .\CortexM3\ARM_GCC_493\Debug\Unificada.a(Timer_1.o)
                0x00012764                Timer_1_SetInterruptMode
 .text.Timer_1_ReadStatusRegister
                0x00012770        0xc .\CortexM3\ARM_GCC_493\Debug\Unificada.a(Timer_1.o)
                0x00012770                Timer_1_ReadStatusRegister
 .text.Timer_1_WritePeriod
                0x0001277c        0xc .\CortexM3\ARM_GCC_493\Debug\Unificada.a(Timer_1.o)
                0x0001277c                Timer_1_WritePeriod
 .text.Timer_1_ReadCapture
                0x00012788        0xc .\CortexM3\ARM_GCC_493\Debug\Unificada.a(Timer_1.o)
                0x00012788                Timer_1_ReadCapture
 .text.Timer_1_WriteCounter
                0x00012794        0xc .\CortexM3\ARM_GCC_493\Debug\Unificada.a(Timer_1.o)
                0x00012794                Timer_1_WriteCounter
 .text.Timer_1_ClearFIFO
                0x000127a0       0x14 .\CortexM3\ARM_GCC_493\Debug\Unificada.a(Timer_1.o)
                0x000127a0                Timer_1_ClearFIFO
 .text.Timer_1_Init
                0x000127b4       0x30 .\CortexM3\ARM_GCC_493\Debug\Unificada.a(Timer_1.o)
                0x000127b4                Timer_1_Init
 .text.Timer_1_Start
                0x000127e4       0x1c .\CortexM3\ARM_GCC_493\Debug\Unificada.a(Timer_1.o)
                0x000127e4                Timer_1_Start
 .text.isr_1_SetVector
                0x00012800        0xc .\CortexM3\ARM_GCC_493\Debug\Unificada.a(isr_1.o)
                0x00012800                isr_1_SetVector
 .text.isr_1_SetPriority
                0x0001280c       0x10 .\CortexM3\ARM_GCC_493\Debug\Unificada.a(isr_1.o)
                0x0001280c                isr_1_SetPriority
 .text.isr_1_Enable
                0x0001281c        0xc .\CortexM3\ARM_GCC_493\Debug\Unificada.a(isr_1.o)
                0x0001281c                isr_1_Enable
 .text.isr_1_Disable
                0x00012828        0xc .\CortexM3\ARM_GCC_493\Debug\Unificada.a(isr_1.o)
                0x00012828                isr_1_Disable
 .text.isr_1_StartEx
                0x00012834       0x1c .\CortexM3\ARM_GCC_493\Debug\Unificada.a(isr_1.o)
                0x00012834                isr_1_StartEx
 .text.VDAC8_1_Enable
                0x00012850       0x1c .\CortexM3\ARM_GCC_493\Debug\Unificada.a(VDAC8_1.o)
                0x00012850                VDAC8_1_Enable
 .text.VDAC8_1_Stop
                0x0001286c       0x1c .\CortexM3\ARM_GCC_493\Debug\Unificada.a(VDAC8_1.o)
                0x0001286c                VDAC8_1_Stop
 .text.VDAC8_1_SetSpeed
                0x00012888       0x1c .\CortexM3\ARM_GCC_493\Debug\Unificada.a(VDAC8_1.o)
                0x00012888                VDAC8_1_SetSpeed
 .text.VDAC8_1_SetValue
                0x000128a4        0xc .\CortexM3\ARM_GCC_493\Debug\Unificada.a(VDAC8_1.o)
                0x000128a4                VDAC8_1_SetValue
 .text.VDAC8_1_DacTrim
                0x000128b0       0x24 .\CortexM3\ARM_GCC_493\Debug\Unificada.a(VDAC8_1.o)
                0x000128b0                VDAC8_1_DacTrim
 .text.VDAC8_1_SetRange
                0x000128d4       0x20 .\CortexM3\ARM_GCC_493\Debug\Unificada.a(VDAC8_1.o)
                0x000128d4                VDAC8_1_SetRange
 .text.VDAC8_1_Init
                0x000128f4       0x20 .\CortexM3\ARM_GCC_493\Debug\Unificada.a(VDAC8_1.o)
                0x000128f4                VDAC8_1_Init
 .text.VDAC8_1_Start
                0x00012914       0x24 .\CortexM3\ARM_GCC_493\Debug\Unificada.a(VDAC8_1.o)
                0x00012914                VDAC8_1_Start
 .text.Timer_2_Enable
                0x00012938       0x10 .\CortexM3\ARM_GCC_493\Debug\Unificada.a(Timer_2.o)
                0x00012938                Timer_2_Enable
 .text.Timer_2_Stop
                0x00012948       0x10 .\CortexM3\ARM_GCC_493\Debug\Unificada.a(Timer_2.o)
                0x00012948                Timer_2_Stop
 .text.Timer_2_SetInterruptMode
                0x00012958        0xc .\CortexM3\ARM_GCC_493\Debug\Unificada.a(Timer_2.o)
                0x00012958                Timer_2_SetInterruptMode
 .text.Timer_2_ReadStatusRegister
                0x00012964        0xc .\CortexM3\ARM_GCC_493\Debug\Unificada.a(Timer_2.o)
                0x00012964                Timer_2_ReadStatusRegister
 .text.Timer_2_WritePeriod
                0x00012970        0xc .\CortexM3\ARM_GCC_493\Debug\Unificada.a(Timer_2.o)
                0x00012970                Timer_2_WritePeriod
 .text.Timer_2_ReadCapture
                0x0001297c        0xc .\CortexM3\ARM_GCC_493\Debug\Unificada.a(Timer_2.o)
                0x0001297c                Timer_2_ReadCapture
 .text.Timer_2_WriteCounter
                0x00012988        0xc .\CortexM3\ARM_GCC_493\Debug\Unificada.a(Timer_2.o)
                0x00012988                Timer_2_WriteCounter
 .text.Timer_2_ClearFIFO
                0x00012994       0x14 .\CortexM3\ARM_GCC_493\Debug\Unificada.a(Timer_2.o)
                0x00012994                Timer_2_ClearFIFO
 .text.Timer_2_Init
                0x000129a8       0x30 .\CortexM3\ARM_GCC_493\Debug\Unificada.a(Timer_2.o)
                0x000129a8                Timer_2_Init
 .text.Timer_2_Start
                0x000129d8       0x1c .\CortexM3\ARM_GCC_493\Debug\Unificada.a(Timer_2.o)
                0x000129d8                Timer_2_Start
 .text.isr_2_SetVector
                0x000129f4        0xc .\CortexM3\ARM_GCC_493\Debug\Unificada.a(isr_2.o)
                0x000129f4                isr_2_SetVector
 .text.isr_2_SetPriority
                0x00012a00       0x10 .\CortexM3\ARM_GCC_493\Debug\Unificada.a(isr_2.o)
                0x00012a00                isr_2_SetPriority
 .text.isr_2_Enable
                0x00012a10        0xc .\CortexM3\ARM_GCC_493\Debug\Unificada.a(isr_2.o)
                0x00012a10                isr_2_Enable
 .text.isr_2_Disable
                0x00012a1c        0xc .\CortexM3\ARM_GCC_493\Debug\Unificada.a(isr_2.o)
                0x00012a1c                isr_2_Disable
 .text.isr_2_StartEx
                0x00012a28       0x1c .\CortexM3\ARM_GCC_493\Debug\Unificada.a(isr_2.o)
                0x00012a28                isr_2_StartEx
 .text.VDAC8_2_Enable
                0x00012a44       0x1c .\CortexM3\ARM_GCC_493\Debug\Unificada.a(VDAC8_2.o)
                0x00012a44                VDAC8_2_Enable
 .text.VDAC8_2_Stop
                0x00012a60       0x1c .\CortexM3\ARM_GCC_493\Debug\Unificada.a(VDAC8_2.o)
                0x00012a60                VDAC8_2_Stop
 .text.VDAC8_2_SetSpeed
                0x00012a7c       0x1c .\CortexM3\ARM_GCC_493\Debug\Unificada.a(VDAC8_2.o)
                0x00012a7c                VDAC8_2_SetSpeed
 .text.VDAC8_2_SetValue
                0x00012a98        0xc .\CortexM3\ARM_GCC_493\Debug\Unificada.a(VDAC8_2.o)
                0x00012a98                VDAC8_2_SetValue
 .text.VDAC8_2_DacTrim
                0x00012aa4       0x24 .\CortexM3\ARM_GCC_493\Debug\Unificada.a(VDAC8_2.o)
                0x00012aa4                VDAC8_2_DacTrim
 .text.VDAC8_2_SetRange
                0x00012ac8       0x20 .\CortexM3\ARM_GCC_493\Debug\Unificada.a(VDAC8_2.o)
                0x00012ac8                VDAC8_2_SetRange
 .text.VDAC8_2_Init
                0x00012ae8       0x20 .\CortexM3\ARM_GCC_493\Debug\Unificada.a(VDAC8_2.o)
                0x00012ae8                VDAC8_2_Init
 .text.VDAC8_2_Start
                0x00012b08       0x24 .\CortexM3\ARM_GCC_493\Debug\Unificada.a(VDAC8_2.o)
                0x00012b08                VDAC8_2_Start
 .text.VDAC8_3_Enable
                0x00012b2c       0x1c .\CortexM3\ARM_GCC_493\Debug\Unificada.a(VDAC8_3.o)
                0x00012b2c                VDAC8_3_Enable
 .text.VDAC8_3_SetSpeed
                0x00012b48       0x1c .\CortexM3\ARM_GCC_493\Debug\Unificada.a(VDAC8_3.o)
                0x00012b48                VDAC8_3_SetSpeed
 .text.VDAC8_3_SetValue
                0x00012b64        0xc .\CortexM3\ARM_GCC_493\Debug\Unificada.a(VDAC8_3.o)
                0x00012b64                VDAC8_3_SetValue
 .text.VDAC8_3_DacTrim
                0x00012b70       0x24 .\CortexM3\ARM_GCC_493\Debug\Unificada.a(VDAC8_3.o)
                0x00012b70                VDAC8_3_DacTrim
 .text.VDAC8_3_SetRange
                0x00012b94       0x20 .\CortexM3\ARM_GCC_493\Debug\Unificada.a(VDAC8_3.o)
                0x00012b94                VDAC8_3_SetRange
 .text.VDAC8_3_Init
                0x00012bb4       0x20 .\CortexM3\ARM_GCC_493\Debug\Unificada.a(VDAC8_3.o)
                0x00012bb4                VDAC8_3_Init
 .text.VDAC8_3_Start
                0x00012bd4       0x24 .\CortexM3\ARM_GCC_493\Debug\Unificada.a(VDAC8_3.o)
                0x00012bd4                VDAC8_3_Start
 .text.SDown_Write
                0x00012bf8       0x18 .\CortexM3\ARM_GCC_493\Debug\Unificada.a(SDown.o)
                0x00012bf8                SDown_Write
 .text.Impresora_IntClock_Start
                0x00012c10       0x1c .\CortexM3\ARM_GCC_493\Debug\Unificada.a(Impresora_IntClock.o)
                0x00012c10                Impresora_IntClock_Start
 .text.PC_IntClock_Start
                0x00012c2c       0x1c .\CortexM3\ARM_GCC_493\Debug\Unificada.a(PC_IntClock.o)
                0x00012c2c                PC_IntClock_Start
 .text.LCD_1_IntClock_Start
                0x00012c48       0x1c .\CortexM3\ARM_GCC_493\Debug\Unificada.a(LCD_1_IntClock.o)
                0x00012c48                LCD_1_IntClock_Start
 .text.LCD_2_IntClock_Start
                0x00012c64       0x1c .\CortexM3\ARM_GCC_493\Debug\Unificada.a(LCD_2_IntClock.o)
                0x00012c64                LCD_2_IntClock_Start
 .text          0x00012c80       0x20 .\CortexM3\ARM_GCC_493\Debug\Unificada.a(CyBootAsmGnu.o)
                0x00012c80                CyDelayCycles
                0x00012c90                CyEnterCriticalSection
                0x00012c98                CyExitCriticalSection
 .text.CyHalt   0x00012ca0        0x4 .\CortexM3\ARM_GCC_493\Debug\Unificada.a(CyLib.o)
                0x00012ca0                CyHalt
 .text.CyDelay  0x00012ca4       0x2c .\CortexM3\ARM_GCC_493\Debug\Unificada.a(CyLib.o)
                0x00012ca4                CyDelay
 .text.CyDelayUs
                0x00012cd0       0x14 .\CortexM3\ARM_GCC_493\Debug\Unificada.a(CyLib.o)
                0x00012cd0                CyDelayUs
 .text.CyIntSetVector
                0x00012ce4       0x28 .\CortexM3\ARM_GCC_493\Debug\Unificada.a(CyLib.o)
                0x00012ce4                CyIntSetVector
 .text.CyIntSetPriority
                0x00012d0c       0x30 .\CortexM3\ARM_GCC_493\Debug\Unificada.a(CyLib.o)
                0x00012d0c                CyIntSetPriority
 .text.__libc_init_array
                0x00012d3c       0x4c c:/program files (x86)/cypress/psoc creator/3.3/psoc creator/import/gnu/arm/4.9.3/bin/../lib/gcc/arm-none-eabi/4.9.3/../../../../arm-none-eabi/lib/armv7-m\libg_nano.a(lib_a-init.o)
                0x00012d3c                __libc_init_array
 .text.memcpy   0x00012d88       0x16 c:/program files (x86)/cypress/psoc creator/3.3/psoc creator/import/gnu/arm/4.9.3/bin/../lib/gcc/arm-none-eabi/4.9.3/../../../../arm-none-eabi/lib/armv7-m\libg_nano.a(lib_a-memcpy.o)
                0x00012d88                memcpy
 .text.memset   0x00012d9e       0x10 c:/program files (x86)/cypress/psoc creator/3.3/psoc creator/import/gnu/arm/4.9.3/bin/../lib/gcc/arm-none-eabi/4.9.3/../../../../arm-none-eabi/lib/armv7-m\libg_nano.a(lib_a-memset.o)
                0x00012d9e                memset
 *(.plt)
 *(.gnu.warning)
 *(.glue_7t)
 .glue_7t       0x00000000        0x0 linker stubs
 *(.glue_7)
 .glue_7        0x00000000        0x0 linker stubs
 *(.vfp11_veneer)
 .vfp11_veneer  0x00000000        0x0 linker stubs
 *(.bootloader)
 *(.ARM.extab* .gnu.linkonce.armextab.*)
 *(.gcc_except_table)

.v4_bx          0x00012db0        0x0
 .v4_bx         0x00000000        0x0 linker stubs

.iplt           0x00012db0        0x0
 .iplt          0x00000000        0x0 c:/program files (x86)/cypress/psoc creator/3.3/psoc creator/import/gnu/arm/4.9.3/bin/../lib/gcc/arm-none-eabi/4.9.3/armv7-m/crtbegin.o

.eh_frame_hdr
 *(.eh_frame_hdr)

.eh_frame       0x00012db0        0x4
 *(.eh_frame)
 .eh_frame      0x00012db0        0x0 c:/program files (x86)/cypress/psoc creator/3.3/psoc creator/import/gnu/arm/4.9.3/bin/../lib/gcc/arm-none-eabi/4.9.3/armv7-m/crtbegin.o
 .eh_frame      0x00012db0        0x4 c:/program files (x86)/cypress/psoc creator/3.3/psoc creator/import/gnu/arm/4.9.3/bin/../lib/gcc/arm-none-eabi/4.9.3/armv7-m/crtend.o
                0x00012db4                PROVIDE (__exidx_start, .)

.ARM.exidx
 *(.ARM.exidx* .gnu.linkonce.armexidx.*)
                0x00012db4                __exidx_end = .

.rodata         0x00012db4     0xeabc
 *(.rodata .rodata.* .gnu.linkonce.r.*)
 .rodata        0x00012db4      0x100 .\CortexM3\ARM_GCC_493\Debug\LCD.o
 .rodata        0x00012eb4     0x8370 .\CortexM3\ARM_GCC_493\Debug\Print.o
                0x00012ec0                biomax
                0x000134a8                brio
                0x00013a90                cencosud
                0x00014078                ecospetrol
                0x00014660                esso
                0x00014c48                gulf
                0x00015230                mineroil
                0x000155e4                mobil
                0x00015998                petrobras
                0x00015f80                plus
                0x00016274                terpel
                0x0001685c                texaco
                0x00016e44                zeus
                0x00017138                petromil
                0x00017720                biomax1
                0x00017ad0                brio1
                0x00017e80                cencosud1
                0x00018230                ecospetrol1
                0x000185e0                esso1
                0x00018990                gulf1
                0x00018d40                mineroil1
                0x000190f0                mobil1
                0x000194a0                petrobras1
                0x00019850                plus1
                0x00019c00                terpel1
                0x00019fb0                texaco1
                0x0001a360                zeus1
                0x0001a710                petromil1
                0x0001aac0                exito1
                0x0001ae70                exito
 .rodata        0x0001b224        0xc .\CortexM3\ARM_GCC_493\Debug\Protocolo.o
 .rodata        0x0001b230     0x65a8 .\CortexM3\ARM_GCC_493\Debug\Sonido.o
                0x0001b230                Extra
                0x0001d048                Corriente
                0x0001f750                Diesel
 .rodata        0x000217d8       0x64 .\CortexM3\ARM_GCC_493\Debug\Unificada.a(cyfitter_cfg.o)
                0x0002183c                . = ALIGN (0x4)
 *(.init)
 .init          0x0002183c        0x4 c:/program files (x86)/cypress/psoc creator/3.3/psoc creator/import/gnu/arm/4.9.3/bin/../lib/gcc/arm-none-eabi/4.9.3/armv7-m/crti.o
                0x0002183c                _init
 .init          0x00021840        0x8 c:/program files (x86)/cypress/psoc creator/3.3/psoc creator/import/gnu/arm/4.9.3/bin/../lib/gcc/arm-none-eabi/4.9.3/armv7-m/crtn.o
                0x00021848                . = ALIGN (0x4)
                0x00021848                __preinit_array_start = .
 *(.preinit_array)
                0x00021848                __preinit_array_end = .
                0x00021848                . = ALIGN (0x4)
                0x00021848                __init_array_start = .
 *(SORT(.init_array.*))
 *(.init_array)
 .init_array    0x00021848        0x4 c:/program files (x86)/cypress/psoc creator/3.3/psoc creator/import/gnu/arm/4.9.3/bin/../lib/gcc/arm-none-eabi/4.9.3/armv7-m/crtbegin.o
 .init_array    0x0002184c        0x4 .\CortexM3\ARM_GCC_493\Debug\Cm3Start.o
                0x00021850                __init_array_end = .
                0x00021850                . = ALIGN (0x4)
 *(.fini)
 .fini          0x00021850        0x4 c:/program files (x86)/cypress/psoc creator/3.3/psoc creator/import/gnu/arm/4.9.3/bin/../lib/gcc/arm-none-eabi/4.9.3/armv7-m/crti.o
                0x00021850                _fini
 .fini          0x00021854        0x8 c:/program files (x86)/cypress/psoc creator/3.3/psoc creator/import/gnu/arm/4.9.3/bin/../lib/gcc/arm-none-eabi/4.9.3/armv7-m/crtn.o
                0x0002185c                . = ALIGN (0x4)
                0x0002185c                __fini_array_start = .
 *(.fini_array)
 .fini_array    0x0002185c        0x4 c:/program files (x86)/cypress/psoc creator/3.3/psoc creator/import/gnu/arm/4.9.3/bin/../lib/gcc/arm-none-eabi/4.9.3/armv7-m/crtbegin.o
 *(SORT(.fini_array.*))
                0x00021860                __fini_array_end = .
                0x00021860                . = ALIGN (0x4)
 *crtbegin.o(.ctors)
 *(EXCLUDE_FILE(*crtend.o) .ctors)
 *(SORT(.ctors.*))
 *crtend.o(.ctors)
                0x00021860                . = ALIGN (0x4)
 *crtbegin.o(.dtors)
 *(EXCLUDE_FILE(*crtend.o) .dtors)
 *(SORT(.dtors.*))
 *crtend.o(.dtors)
                0x00021860                . = ALIGN (0x4)
                0x00021860                __cy_regions = .
                0x00021860        0x4 LONG 0x21870 __cy_region_init_ram
                0x00021864        0x4 LONG 0x1fff8108 __cy_region_start_data
                0x00021868        0x4 LONG 0x220 __cy_region_init_size_ram
                0x0002186c        0x4 LONG 0x7c8 __cy_region_zero_size_ram
                0x00021870                __cy_regions_end = .
                0x00021870                . = ALIGN (0x8)
                0x00021870                _etext = .

.ramvectors     0x1fff8000      0x100
                0x1fff8000                __cy_region_start_ram = .
 *(.ramvectors)
 .ramvectors    0x1fff8000      0x100 .\CortexM3\ARM_GCC_493\Debug\Cm3Start.o
                0x1fff8000                CyRamVectors

.noinit         0x1fff8100        0x5
 *(.noinit)
 .noinit        0x1fff8100        0x4 .\CortexM3\ARM_GCC_493\Debug\Cm3Start.o
 .noinit        0x1fff8104        0x1 .\CortexM3\ARM_GCC_493\Debug\Unificada.a(CyLib.o)
                0x1fff8104                CyResetStatus

.data           0x1fff8108      0x220 load address 0x00021870
                0x1fff8108                __cy_region_start_data = .
 *(.jcr)
 .jcr           0x1fff8108        0x0 c:/program files (x86)/cypress/psoc creator/3.3/psoc creator/import/gnu/arm/4.9.3/bin/../lib/gcc/arm-none-eabi/4.9.3/armv7-m/crtbegin.o
 .jcr           0x1fff8108        0x4 c:/program files (x86)/cypress/psoc creator/3.3/psoc creator/import/gnu/arm/4.9.3/bin/../lib/gcc/arm-none-eabi/4.9.3/armv7-m/crtend.o
 *(.got.plt)
 *(.got)
 *(.shdata)
 *(.data .data.* .gnu.linkonce.d.*)
 .data          0x1fff810c       0x54 .\CortexM3\ARM_GCC_493\Debug\main.o
                0x1fff810c                pasword_corte
                0x1fff8114                letras
                0x1fff8130                puk
                0x1fff8138                test
                0x1fff814c                serial
 .data          0x1fff8160      0x12c .\CortexM3\ARM_GCC_493\Debug\Print.o
                0x1fff8160                msn_din
                0x1fff8170                msn_vol
                0x1fff8180                msn_eds
                0x1fff8194                msn_nit
                0x1fff8198                msn_tel
                0x1fff819c                msn_numero
                0x1fff81a4                msn_fecha
                0x1fff81ac                msn_hora
                0x1fff81b4                msn_copia
                0x1fff81bc                msn_pos
                0x1fff81c8                msn_producto
                0x1fff81d4                msn_ppu
                0x1fff81e4                msn_placa
                0x1fff81f0                msn_cuenta
                0x1fff81fc                msn_km
                0x1fff8208                msn_id
                0x1fff8214                msn_idcorte
                0x1fff8224                msn_fcorte
                0x1fff8234                msn_hcorte
                0x1fff8244                msn_ufcorte
                0x1fff825c                msn_uhcorte
                0x1fff8274                msn_consecutivo
 .data          0x1fff828c       0x88 .\CortexM3\ARM_GCC_493\Debug\Protocolo.o
                0x1fff828c                msn_tc
                0x1fff82a0                msn_lecact
                0x1fff82b0                msn_lecaan
                0x1fff82c4                msn_tventas
                0x1fff82d8                msn_td
                0x1fff82e8                msn_te
                0x1fff82f8                msn_tk
                0x1fff8304                msn_totalcero
 .data          0x1fff8314       0x10 .\CortexM3\ARM_GCC_493\Debug\Unificada.a(CyLib.o)
                0x1fff8314                cydelay_32k_ms
                0x1fff8318                cydelay_freq_khz
                0x1fff831c                cydelay_freq_mhz
                0x1fff8320                cydelay_freq_hz
                0x1fff8328                . = ALIGN (0x8)
 *fill*         0x1fff8324        0x4 
 *(.ram)
                0x1fff8328                _edata = .

.igot.plt       0x1fff8328        0x0 load address 0x00021a90
 .igot.plt      0x00000000        0x0 c:/program files (x86)/cypress/psoc creator/3.3/psoc creator/import/gnu/arm/4.9.3/bin/../lib/gcc/arm-none-eabi/4.9.3/armv7-m/crtbegin.o

.bss            0x1fff8328      0x7c8 load address 0x00021a90
                0x1fff8328                PROVIDE (__bss_start__, .)
 *(.shbss)
 *(.bss .bss.* .gnu.linkonce.b.*)
 .bss           0x1fff8328       0x1c c:/program files (x86)/cypress/psoc creator/3.3/psoc creator/import/gnu/arm/4.9.3/bin/../lib/gcc/arm-none-eabi/4.9.3/armv7-m/crtbegin.o
 .bss           0x1fff8344        0xa .\CortexM3\ARM_GCC_493\Debug\Unificada.a(Surtidor.o)
                0x1fff8344                Surtidor_initVar
                0x1fff8346                Surtidor_rxBufferRead
                0x1fff8348                Surtidor_rxBufferWrite
                0x1fff834a                Surtidor_rxBufferLoopDetect
                0x1fff834b                Surtidor_rxBufferOverflow
 .bss           0x1fff834e        0x6 .\CortexM3\ARM_GCC_493\Debug\Unificada.a(Impresora.o)
                0x1fff834e                Impresora_initVar
                0x1fff834f                Impresora_rxBufferRead
                0x1fff8350                Impresora_rxBufferWrite
                0x1fff8351                Impresora_rxBufferLoopDetect
                0x1fff8352                Impresora_rxBufferOverflow
 .bss           0x1fff8354        0x6 .\CortexM3\ARM_GCC_493\Debug\Unificada.a(PC.o)
                0x1fff8354                PC_initVar
                0x1fff8355                PC_rxBufferRead
                0x1fff8356                PC_rxBufferWrite
                0x1fff8357                PC_rxBufferLoopDetect
                0x1fff8358                PC_rxBufferOverflow
 .bss           0x1fff835a        0x1 .\CortexM3\ARM_GCC_493\Debug\Unificada.a(I2C_1.o)
                0x1fff835a                I2C_1_initVar
 .bss           0x1fff835b        0x6 .\CortexM3\ARM_GCC_493\Debug\Unificada.a(LCD_1.o)
                0x1fff835b                LCD_1_initVar
                0x1fff835c                LCD_1_rxBufferRead
                0x1fff835d                LCD_1_rxBufferWrite
                0x1fff835e                LCD_1_rxBufferLoopDetect
                0x1fff835f                LCD_1_rxBufferOverflow
 .bss           0x1fff8361        0x6 .\CortexM3\ARM_GCC_493\Debug\Unificada.a(LCD_2.o)
                0x1fff8361                LCD_2_initVar
                0x1fff8362                LCD_2_rxBufferRead
                0x1fff8363                LCD_2_rxBufferWrite
                0x1fff8364                LCD_2_rxBufferLoopDetect
                0x1fff8365                LCD_2_rxBufferOverflow
 .bss           0x1fff8367        0x1 .\CortexM3\ARM_GCC_493\Debug\Unificada.a(Timer_Animacion.o)
                0x1fff8367                Timer_Animacion_initVar
 .bss           0x1fff8368        0x1 .\CortexM3\ARM_GCC_493\Debug\Unificada.a(Timer_Animacion2.o)
                0x1fff8368                Timer_Animacion2_initVar
 .bss           0x1fff8369        0x1 .\CortexM3\ARM_GCC_493\Debug\Unificada.a(Timer_1.o)
                0x1fff8369                Timer_1_initVar
 .bss           0x1fff836a        0x1 .\CortexM3\ARM_GCC_493\Debug\Unificada.a(VDAC8_1.o)
                0x1fff836a                VDAC8_1_initVar
 .bss           0x1fff836b        0x1 .\CortexM3\ARM_GCC_493\Debug\Unificada.a(Timer_2.o)
                0x1fff836b                Timer_2_initVar
 .bss           0x1fff836c        0x1 .\CortexM3\ARM_GCC_493\Debug\Unificada.a(VDAC8_2.o)
                0x1fff836c                VDAC8_2_initVar
 .bss           0x1fff836d        0x1 .\CortexM3\ARM_GCC_493\Debug\Unificada.a(VDAC8_3.o)
                0x1fff836d                VDAC8_3_initVar
 *(COMMON)
 *fill*         0x1fff836e        0x2 
 COMMON         0x1fff8370      0x567 .\CortexM3\ARM_GCC_493\Debug\main.o
                0x1fff8370                lado
                0x1fff8378                copia_recibo
                0x1fff837a                flujo_LCD
                0x1fff837b                comas1
                0x1fff837c                kero
                0x1fff837d                decimalD
                0x1fff8380                producto2n
                0x1fff838c                x
                0x1fff8390                modulo
                0x1fff8520                ok_LCD1
                0x1fff8522                id_corte
                0x1fff8524                extra2
                0x1fff8525                count_protector2
                0x1fff8526                ok_LCD2
                0x1fff8527                version
                0x1fff8528                producto1n
                0x1fff8532                versurt
                0x1fff8533                crc_total
                0x1fff8534                producto4n
                0x1fff8540                w
                0x1fff8544                bandera
                0x1fff8546                estado_0
                0x1fff8547                flujo_LCD2
                0x1fff8548                diesel
                0x1fff8549                teclas1
                0x1fff854a                comas2
                0x1fff854b                producto
                0x1fff854c                z
                0x1fff8550                buffer_i2c
                0x1fff8590                cont1
                0x1fff8591                teclado2
                0x1fff8592                count_protector
                0x1fff8593                teclado
                0x1fff8594                pos_ibutton
                0x1fff8598                id_venta
                0x1fff859e                ppux10
                0x1fff85a0                y
                0x1fff85a4                rventa2
                0x1fff8688                tipo_imp
                0x1fff868a                corriente2
                0x1fff868c                print1
                0x1fff868e                producto2
                0x1fff868f                diesel2
                0x1fff8690                Buffer_LCD1
                0x1fff8728                kero2
                0x1fff8729                teclas2
                0x1fff872c                print2
                0x1fff8730                rventa
                0x1fff8814                fecha_corte
                0x1fff881a                extra
                0x1fff881b                decimalV
                0x1fff881c                resultado
                0x1fff882c                no_venta
                0x1fff8830                nombreproducto
                0x1fff8831                producto1
                0x1fff8834                Buffer_LCD2
                0x1fff88cc                producto3n
                0x1fff88d6                corriente
 *fill*         0x1fff88d7        0x1 
 COMMON         0x1fff88d8       0x10 .\CortexM3\ARM_GCC_493\Debug\Sonido.o
                0x1fff88d8                NextSample_2
                0x1fff88dc                i2
                0x1fff88e0                NextSample_1
                0x1fff88e4                i1
 COMMON         0x1fff88e8      0x100 .\CortexM3\ARM_GCC_493\Debug\Unificada.a(Surtidor.o)
                0x1fff88e8                Surtidor_rxBuffer
 COMMON         0x1fff89e8       0x64 .\CortexM3\ARM_GCC_493\Debug\Unificada.a(Impresora.o)
                0x1fff89e8                Impresora_rxBuffer
 COMMON         0x1fff8a4c       0x64 .\CortexM3\ARM_GCC_493\Debug\Unificada.a(PC.o)
                0x1fff8a4c                PC_rxBuffer
 COMMON         0x1fff8ab0        0x1 .\CortexM3\ARM_GCC_493\Debug\Unificada.a(I2C_1.o)
                0x1fff8ab0                I2C_1_state
 *fill*         0x1fff8ab1        0x3 
 COMMON         0x1fff8ab4       0x11 .\CortexM3\ARM_GCC_493\Debug\Unificada.a(I2C_1_MASTER.o)
                0x1fff8ab4                I2C_1_mstrWrBufIndex
                0x1fff8ab5                I2C_1_mstrControl
                0x1fff8ab6                I2C_1_mstrStatus
                0x1fff8ab7                I2C_1_mstrWrBufSize
                0x1fff8ab8                I2C_1_mstrRdBufIndex
                0x1fff8abc                I2C_1_mstrWrBufPtr
                0x1fff8ac0                I2C_1_mstrRdBufPtr
                0x1fff8ac4                I2C_1_mstrRdBufSize
 *fill*         0x1fff8ac5        0x3 
 COMMON         0x1fff8ac8       0x14 .\CortexM3\ARM_GCC_493\Debug\Unificada.a(LCD_1.o)
                0x1fff8ac8                LCD_1_rxBuffer
 COMMON         0x1fff8adc       0x14 .\CortexM3\ARM_GCC_493\Debug\Unificada.a(LCD_2.o)
                0x1fff8adc                LCD_2_rxBuffer
                0x1fff8af0                . = ALIGN (0x8)
 *(.ram.b)
                0x1fff8af0                _end = .
                0x1fff8af0                __end = .
                0x1fff8af0                PROVIDE (end, .)
                0x1fff8af0                PROVIDE (__bss_end__, .)
                0x00021870                __cy_region_init_ram = LOADADDR (.data)
                0x00000220                __cy_region_init_size_ram = (_edata - ADDR (.data))
                0x000007c8                __cy_region_zero_size_ram = (_end - _edata)

.heap           0x1fff8af0       0x80 load address 0x00021a90
                0x1fff8af0                . = _end
                0x1fff8b70                . = (. + 0x80)
 *fill*         0x1fff8af0       0x80 
                0x1fff8b70                __cy_heap_limit = .

.stack          0x20007800      0x800
                0x20007800                __cy_stack_limit = .
                0x20008000                . = (. + 0x800)
 *fill*         0x20007800      0x800 
                0x00000001                ASSERT ((__cy_stack_limit >= __cy_heap_limit), region RAM overflowed with stack)

.cyloadermeta   0xf0000000       0x40
 *(.cyloadermeta)
 .cyloadermeta  0xf0000000       0x40 .\CortexM3\ARM_GCC_493\Debug\cybootloader.o
                0xf0000000                cy_meta_loader

.cyloadablemeta
                0x0003ffc0       0x40
 *(.cyloadablemeta)
 .cyloadablemeta
                0x0003ffc0       0x40 .\CortexM3\ARM_GCC_493\Debug\cymetadata.o
                0x0003ffc0                cy_meta_loadable

.cyconfigecc    0x80000440     0x101c
 *(.cyconfigecc)
 .cyconfigecc   0x80000440     0x101c .\CortexM3\ARM_GCC_493\Debug\cymetadata.o
                0x80000440                cy_meta_configecc

.cycustnvl      0x90000000        0x4
 *(.cycustnvl)
 .cycustnvl     0x90000000        0x4 .\CortexM3\ARM_GCC_493\Debug\cybootloader.o
                0x90000000                cy_meta_custnvl

.cywolatch      0x90100000        0x4
 *(.cywolatch)
 .cywolatch     0x90100000        0x4 .\CortexM3\ARM_GCC_493\Debug\cybootloader.o
                0x90100000                cy_meta_wonvl

.cyeeprom       0x90200000        0x0
 *(.cyeeprom)
                0x00000001                ASSERT ((. <= ((0x90200000 + ee_offset) + ee_size)), .cyeeprom data will not fit in EEPROM)

.cyflashprotect
                0x90400000      0x100
 *(.cyflashprotect)
 .cyflashprotect
                0x90400000      0x100 .\CortexM3\ARM_GCC_493\Debug\cybootloader.o
                0x90400000                cy_meta_flashprotect

.cymeta         0x90500000        0xc
 *(.cymeta)
 .cymeta        0x90500000        0xc .\CortexM3\ARM_GCC_493\Debug\cybootloader.o
                0x90500000                cy_metadata

.rel.dyn        0x00040000        0x0 load address 0x9050000c
 .rel.iplt      0x00000000        0x0 c:/program files (x86)/cypress/psoc creator/3.3/psoc creator/import/gnu/arm/4.9.3/bin/../lib/gcc/arm-none-eabi/4.9.3/armv7-m/crtbegin.o

.stab
 *(.stab)

.stabstr
 *(.stabstr)

.debug
 *(.debug)

.line
 *(.line)

.debug_srcinfo
 *(.debug_srcinfo)

.debug_sfnames
 *(.debug_sfnames)

.debug_aranges  0x00000000     0x1610
 *(.debug_aranges)
 .debug_aranges
                0x00000000       0x58 .\CortexM3\ARM_GCC_493\Debug\main.o
 .debug_aranges
                0x00000058       0x50 .\CortexM3\ARM_GCC_493\Debug\I2C.o
 .debug_aranges
                0x000000a8       0x48 .\CortexM3\ARM_GCC_493\Debug\ibuton.o
 .debug_aranges
                0x000000f0       0x90 .\CortexM3\ARM_GCC_493\Debug\LCD.o
 .debug_aranges
                0x00000180       0x58 .\CortexM3\ARM_GCC_493\Debug\Print.o
 .debug_aranges
                0x000001d8       0x60 .\CortexM3\ARM_GCC_493\Debug\Protocolo.o
 .debug_aranges
                0x00000238       0x30 .\CortexM3\ARM_GCC_493\Debug\Sonido.o
 .debug_aranges
                0x00000268       0x18 .\CortexM3\ARM_GCC_493\Debug\cybootloader.o
 .debug_aranges
                0x00000280       0x18 .\CortexM3\ARM_GCC_493\Debug\cymetadata.o
 .debug_aranges
                0x00000298       0x48 .\CortexM3\ARM_GCC_493\Debug\Cm3Start.o
 .debug_aranges
                0x000002e0       0x58 .\CortexM3\ARM_GCC_493\Debug\Unificada.a(cyfitter_cfg.o)
 .debug_aranges
                0x00000338      0x100 .\CortexM3\ARM_GCC_493\Debug\Unificada.a(Surtidor.o)
 .debug_aranges
                0x00000438       0x20 .\CortexM3\ARM_GCC_493\Debug\Unificada.a(Surtidor_INT.o)
 .debug_aranges
                0x00000458      0x100 .\CortexM3\ARM_GCC_493\Debug\Unificada.a(Impresora.o)
 .debug_aranges
                0x00000558       0x20 .\CortexM3\ARM_GCC_493\Debug\Unificada.a(Impresora_INT.o)
 .debug_aranges
                0x00000578      0x100 .\CortexM3\ARM_GCC_493\Debug\Unificada.a(PC.o)
 .debug_aranges
                0x00000678       0x20 .\CortexM3\ARM_GCC_493\Debug\Unificada.a(PC_INT.o)
 .debug_aranges
                0x00000698       0x38 .\CortexM3\ARM_GCC_493\Debug\Unificada.a(I2C_1.o)
 .debug_aranges
                0x000006d0       0x20 .\CortexM3\ARM_GCC_493\Debug\Unificada.a(I2C_1_INT.o)
 .debug_aranges
                0x000006f0       0x38 .\CortexM3\ARM_GCC_493\Debug\Unificada.a(I2C_1_PM.o)
 .debug_aranges
                0x00000728       0x88 .\CortexM3\ARM_GCC_493\Debug\Unificada.a(I2C_1_MASTER.o)
 .debug_aranges
                0x000007b0       0x38 .\CortexM3\ARM_GCC_493\Debug\Unificada.a(Pin_WP.o)
 .debug_aranges
                0x000007e8      0x100 .\CortexM3\ARM_GCC_493\Debug\Unificada.a(LCD_1.o)
 .debug_aranges
                0x000008e8       0x20 .\CortexM3\ARM_GCC_493\Debug\Unificada.a(LCD_1_INT.o)
 .debug_aranges
                0x00000908      0x100 .\CortexM3\ARM_GCC_493\Debug\Unificada.a(LCD_2.o)
 .debug_aranges
                0x00000a08       0x20 .\CortexM3\ARM_GCC_493\Debug\Unificada.a(LCD_2_INT.o)
 .debug_aranges
                0x00000a28       0x38 .\CortexM3\ARM_GCC_493\Debug\Unificada.a(IB1.o)
 .debug_aranges
                0x00000a60       0x38 .\CortexM3\ARM_GCC_493\Debug\Unificada.a(IB2.o)
 .debug_aranges
                0x00000a98       0x88 .\CortexM3\ARM_GCC_493\Debug\Unificada.a(Timer_Animacion.o)
 .debug_aranges
                0x00000b20       0x80 .\CortexM3\ARM_GCC_493\Debug\Unificada.a(isr_3.o)
 .debug_aranges
                0x00000ba0       0x88 .\CortexM3\ARM_GCC_493\Debug\Unificada.a(Timer_Animacion2.o)
 .debug_aranges
                0x00000c28       0x80 .\CortexM3\ARM_GCC_493\Debug\Unificada.a(isr_4.o)
 .debug_aranges
                0x00000ca8       0x90 .\CortexM3\ARM_GCC_493\Debug\Unificada.a(Timer_1.o)
 .debug_aranges
                0x00000d38       0x80 .\CortexM3\ARM_GCC_493\Debug\Unificada.a(isr_1.o)
 .debug_aranges
                0x00000db8       0x58 .\CortexM3\ARM_GCC_493\Debug\Unificada.a(VDAC8_1.o)
 .debug_aranges
                0x00000e10       0x90 .\CortexM3\ARM_GCC_493\Debug\Unificada.a(Timer_2.o)
 .debug_aranges
                0x00000ea0       0x80 .\CortexM3\ARM_GCC_493\Debug\Unificada.a(isr_2.o)
 .debug_aranges
                0x00000f20       0x58 .\CortexM3\ARM_GCC_493\Debug\Unificada.a(VDAC8_2.o)
 .debug_aranges
                0x00000f78       0x58 .\CortexM3\ARM_GCC_493\Debug\Unificada.a(VDAC8_3.o)
 .debug_aranges
                0x00000fd0       0x38 .\CortexM3\ARM_GCC_493\Debug\Unificada.a(SDown.o)
 .debug_aranges
                0x00001008       0x70 .\CortexM3\ARM_GCC_493\Debug\Unificada.a(Impresora_IntClock.o)
 .debug_aranges
                0x00001078       0x70 .\CortexM3\ARM_GCC_493\Debug\Unificada.a(PC_IntClock.o)
 .debug_aranges
                0x000010e8       0x70 .\CortexM3\ARM_GCC_493\Debug\Unificada.a(LCD_1_IntClock.o)
 .debug_aranges
                0x00001158       0x70 .\CortexM3\ARM_GCC_493\Debug\Unificada.a(LCD_2_IntClock.o)
 .debug_aranges
                0x000011c8       0x20 .\CortexM3\ARM_GCC_493\Debug\Unificada.a(CyBootAsmGnu.o)
 .debug_aranges
                0x000011e8      0x298 .\CortexM3\ARM_GCC_493\Debug\Unificada.a(CyLib.o)
 .debug_aranges
                0x00001480       0x98 .\CortexM3\ARM_GCC_493\Debug\Unificada.a(cyPm.o)
 .debug_aranges
                0x00001518       0x80 .\CortexM3\ARM_GCC_493\Debug\Unificada.a(CyFlash.o)
 .debug_aranges
                0x00001598       0x78 .\CortexM3\ARM_GCC_493\Debug\Unificada.a(CySpc.o)

.debug_pubnames
 *(.debug_pubnames)

.debug_info     0x00000000    0x1b4a3
 *(.debug_info .gnu.linkonce.wi.*)
 .debug_info    0x00000000     0x7db8 .\CortexM3\ARM_GCC_493\Debug\main.o
 .debug_info    0x00007db8      0xd53 .\CortexM3\ARM_GCC_493\Debug\I2C.o
 .debug_info    0x00008b0b     0x13cd .\CortexM3\ARM_GCC_493\Debug\ibuton.o
 .debug_info    0x00009ed8     0x1361 .\CortexM3\ARM_GCC_493\Debug\LCD.o
 .debug_info    0x0000b239     0x2a5b .\CortexM3\ARM_GCC_493\Debug\Print.o
 .debug_info    0x0000dc94     0x37d4 .\CortexM3\ARM_GCC_493\Debug\Protocolo.o
 .debug_info    0x00011468      0xa51 .\CortexM3\ARM_GCC_493\Debug\Sonido.o
 .debug_info    0x00011eb9      0x164 .\CortexM3\ARM_GCC_493\Debug\cybootloader.o
 .debug_info    0x0001201d       0xd8 .\CortexM3\ARM_GCC_493\Debug\cymetadata.o
 .debug_info    0x000120f5      0x3a3 .\CortexM3\ARM_GCC_493\Debug\Cm3Start.o
 .debug_info    0x00012498      0x666 .\CortexM3\ARM_GCC_493\Debug\Unificada.a(cyfitter_cfg.o)
 .debug_info    0x00012afe      0x788 .\CortexM3\ARM_GCC_493\Debug\Unificada.a(Surtidor.o)
 .debug_info    0x00013286      0x139 .\CortexM3\ARM_GCC_493\Debug\Unificada.a(Surtidor_INT.o)
 .debug_info    0x000133bf      0x7ae .\CortexM3\ARM_GCC_493\Debug\Unificada.a(Impresora.o)
 .debug_info    0x00013b6d      0x129 .\CortexM3\ARM_GCC_493\Debug\Unificada.a(Impresora_INT.o)
 .debug_info    0x00013c96      0x7ae .\CortexM3\ARM_GCC_493\Debug\Unificada.a(PC.o)
 .debug_info    0x00014444      0x129 .\CortexM3\ARM_GCC_493\Debug\Unificada.a(PC_INT.o)
 .debug_info    0x0001456d      0x2d4 .\CortexM3\ARM_GCC_493\Debug\Unificada.a(I2C_1.o)
 .debug_info    0x00014841      0x191 .\CortexM3\ARM_GCC_493\Debug\Unificada.a(I2C_1_INT.o)
 .debug_info    0x000149d2      0x1ef .\CortexM3\ARM_GCC_493\Debug\Unificada.a(I2C_1_PM.o)
 .debug_info    0x00014bc1      0x410 .\CortexM3\ARM_GCC_493\Debug\Unificada.a(I2C_1_MASTER.o)
 .debug_info    0x00014fd1      0x11e .\CortexM3\ARM_GCC_493\Debug\Unificada.a(Pin_WP.o)
 .debug_info    0x000150ef      0x7ae .\CortexM3\ARM_GCC_493\Debug\Unificada.a(LCD_1.o)
 .debug_info    0x0001589d      0x129 .\CortexM3\ARM_GCC_493\Debug\Unificada.a(LCD_1_INT.o)
 .debug_info    0x000159c6      0x7ae .\CortexM3\ARM_GCC_493\Debug\Unificada.a(LCD_2.o)
 .debug_info    0x00016174      0x129 .\CortexM3\ARM_GCC_493\Debug\Unificada.a(LCD_2_INT.o)
 .debug_info    0x0001629d      0x11e .\CortexM3\ARM_GCC_493\Debug\Unificada.a(IB1.o)
 .debug_info    0x000163bb      0x120 .\CortexM3\ARM_GCC_493\Debug\Unificada.a(IB2.o)
 .debug_info    0x000164db      0x28c .\CortexM3\ARM_GCC_493\Debug\Unificada.a(Timer_Animacion.o)
 .debug_info    0x00016767      0x2c9 .\CortexM3\ARM_GCC_493\Debug\Unificada.a(isr_3.o)
 .debug_info    0x00016a30      0x28c .\CortexM3\ARM_GCC_493\Debug\Unificada.a(Timer_Animacion2.o)
 .debug_info    0x00016cbc      0x2c9 .\CortexM3\ARM_GCC_493\Debug\Unificada.a(isr_4.o)
 .debug_info    0x00016f85      0x2c9 .\CortexM3\ARM_GCC_493\Debug\Unificada.a(Timer_1.o)
 .debug_info    0x0001724e      0x2c9 .\CortexM3\ARM_GCC_493\Debug\Unificada.a(isr_1.o)
 .debug_info    0x00017517      0x1dc .\CortexM3\ARM_GCC_493\Debug\Unificada.a(VDAC8_1.o)
 .debug_info    0x000176f3      0x2c9 .\CortexM3\ARM_GCC_493\Debug\Unificada.a(Timer_2.o)
 .debug_info    0x000179bc      0x2c9 .\CortexM3\ARM_GCC_493\Debug\Unificada.a(isr_2.o)
 .debug_info    0x00017c85      0x1dc .\CortexM3\ARM_GCC_493\Debug\Unificada.a(VDAC8_2.o)
 .debug_info    0x00017e61      0x1de .\CortexM3\ARM_GCC_493\Debug\Unificada.a(VDAC8_3.o)
 .debug_info    0x0001803f      0x11e .\CortexM3\ARM_GCC_493\Debug\Unificada.a(SDown.o)
 .debug_info    0x0001815d      0x281 .\CortexM3\ARM_GCC_493\Debug\Unificada.a(Impresora_IntClock.o)
 .debug_info    0x000183de      0x281 .\CortexM3\ARM_GCC_493\Debug\Unificada.a(PC_IntClock.o)
 .debug_info    0x0001865f      0x281 .\CortexM3\ARM_GCC_493\Debug\Unificada.a(LCD_1_IntClock.o)
 .debug_info    0x000188e0      0x281 .\CortexM3\ARM_GCC_493\Debug\Unificada.a(LCD_2_IntClock.o)
 .debug_info    0x00018b61       0x8c .\CortexM3\ARM_GCC_493\Debug\Unificada.a(CyBootAsmGnu.o)
 .debug_info    0x00018bed     0x136c .\CortexM3\ARM_GCC_493\Debug\Unificada.a(CyLib.o)
 .debug_info    0x00019f59      0xa55 .\CortexM3\ARM_GCC_493\Debug\Unificada.a(cyPm.o)
 .debug_info    0x0001a9ae      0x608 .\CortexM3\ARM_GCC_493\Debug\Unificada.a(CyFlash.o)
 .debug_info    0x0001afb6      0x4ed .\CortexM3\ARM_GCC_493\Debug\Unificada.a(CySpc.o)

.debug_abbrev   0x00000000     0x4147
 *(.debug_abbrev)
 .debug_abbrev  0x00000000      0x1f3 .\CortexM3\ARM_GCC_493\Debug\main.o
 .debug_abbrev  0x000001f3      0x214 .\CortexM3\ARM_GCC_493\Debug\I2C.o
 .debug_abbrev  0x00000407      0x1f4 .\CortexM3\ARM_GCC_493\Debug\ibuton.o
 .debug_abbrev  0x000005fb      0x1a9 .\CortexM3\ARM_GCC_493\Debug\LCD.o
 .debug_abbrev  0x000007a4      0x209 .\CortexM3\ARM_GCC_493\Debug\Print.o
 .debug_abbrev  0x000009ad      0x241 .\CortexM3\ARM_GCC_493\Debug\Protocolo.o
 .debug_abbrev  0x00000bee      0x177 .\CortexM3\ARM_GCC_493\Debug\Sonido.o
 .debug_abbrev  0x00000d65       0x77 .\CortexM3\ARM_GCC_493\Debug\cybootloader.o
 .debug_abbrev  0x00000ddc       0x66 .\CortexM3\ARM_GCC_493\Debug\cymetadata.o
 .debug_abbrev  0x00000e42      0x20f .\CortexM3\ARM_GCC_493\Debug\Cm3Start.o
 .debug_abbrev  0x00001051      0x223 .\CortexM3\ARM_GCC_493\Debug\Unificada.a(cyfitter_cfg.o)
 .debug_abbrev  0x00001274      0x1dd .\CortexM3\ARM_GCC_493\Debug\Unificada.a(Surtidor.o)
 .debug_abbrev  0x00001451       0x97 .\CortexM3\ARM_GCC_493\Debug\Unificada.a(Surtidor_INT.o)
 .debug_abbrev  0x000014e8      0x1dd .\CortexM3\ARM_GCC_493\Debug\Unificada.a(Impresora.o)
 .debug_abbrev  0x000016c5       0x97 .\CortexM3\ARM_GCC_493\Debug\Unificada.a(Impresora_INT.o)
 .debug_abbrev  0x0000175c      0x1dd .\CortexM3\ARM_GCC_493\Debug\Unificada.a(PC.o)
 .debug_abbrev  0x00001939       0x97 .\CortexM3\ARM_GCC_493\Debug\Unificada.a(PC_INT.o)
 .debug_abbrev  0x000019d0      0x159 .\CortexM3\ARM_GCC_493\Debug\Unificada.a(I2C_1.o)
 .debug_abbrev  0x00001b29       0xe8 .\CortexM3\ARM_GCC_493\Debug\Unificada.a(I2C_1_INT.o)
 .debug_abbrev  0x00001c11      0x12b .\CortexM3\ARM_GCC_493\Debug\Unificada.a(I2C_1_PM.o)
 .debug_abbrev  0x00001d3c      0x149 .\CortexM3\ARM_GCC_493\Debug\Unificada.a(I2C_1_MASTER.o)
 .debug_abbrev  0x00001e85       0x9d .\CortexM3\ARM_GCC_493\Debug\Unificada.a(Pin_WP.o)
 .debug_abbrev  0x00001f22      0x1dd .\CortexM3\ARM_GCC_493\Debug\Unificada.a(LCD_1.o)
 .debug_abbrev  0x000020ff       0x97 .\CortexM3\ARM_GCC_493\Debug\Unificada.a(LCD_1_INT.o)
 .debug_abbrev  0x00002196      0x1dd .\CortexM3\ARM_GCC_493\Debug\Unificada.a(LCD_2.o)
 .debug_abbrev  0x00002373       0x97 .\CortexM3\ARM_GCC_493\Debug\Unificada.a(LCD_2_INT.o)
 .debug_abbrev  0x0000240a       0x9d .\CortexM3\ARM_GCC_493\Debug\Unificada.a(IB1.o)
 .debug_abbrev  0x000024a7       0x9d .\CortexM3\ARM_GCC_493\Debug\Unificada.a(IB2.o)
 .debug_abbrev  0x00002544      0x127 .\CortexM3\ARM_GCC_493\Debug\Unificada.a(Timer_Animacion.o)
 .debug_abbrev  0x0000266b      0x180 .\CortexM3\ARM_GCC_493\Debug\Unificada.a(isr_3.o)
 .debug_abbrev  0x000027eb      0x127 .\CortexM3\ARM_GCC_493\Debug\Unificada.a(Timer_Animacion2.o)
 .debug_abbrev  0x00002912      0x180 .\CortexM3\ARM_GCC_493\Debug\Unificada.a(isr_4.o)
 .debug_abbrev  0x00002a92      0x152 .\CortexM3\ARM_GCC_493\Debug\Unificada.a(Timer_1.o)
 .debug_abbrev  0x00002be4      0x180 .\CortexM3\ARM_GCC_493\Debug\Unificada.a(isr_1.o)
 .debug_abbrev  0x00002d64      0x104 .\CortexM3\ARM_GCC_493\Debug\Unificada.a(VDAC8_1.o)
 .debug_abbrev  0x00002e68      0x152 .\CortexM3\ARM_GCC_493\Debug\Unificada.a(Timer_2.o)
 .debug_abbrev  0x00002fba      0x180 .\CortexM3\ARM_GCC_493\Debug\Unificada.a(isr_2.o)
 .debug_abbrev  0x0000313a      0x104 .\CortexM3\ARM_GCC_493\Debug\Unificada.a(VDAC8_2.o)
 .debug_abbrev  0x0000323e      0x104 .\CortexM3\ARM_GCC_493\Debug\Unificada.a(VDAC8_3.o)
 .debug_abbrev  0x00003342       0x9d .\CortexM3\ARM_GCC_493\Debug\Unificada.a(SDown.o)
 .debug_abbrev  0x000033df      0x146 .\CortexM3\ARM_GCC_493\Debug\Unificada.a(Impresora_IntClock.o)
 .debug_abbrev  0x00003525      0x146 .\CortexM3\ARM_GCC_493\Debug\Unificada.a(PC_IntClock.o)
 .debug_abbrev  0x0000366b      0x146 .\CortexM3\ARM_GCC_493\Debug\Unificada.a(LCD_1_IntClock.o)
 .debug_abbrev  0x000037b1      0x146 .\CortexM3\ARM_GCC_493\Debug\Unificada.a(LCD_2_IntClock.o)
 .debug_abbrev  0x000038f7       0x14 .\CortexM3\ARM_GCC_493\Debug\Unificada.a(CyBootAsmGnu.o)
 .debug_abbrev  0x0000390b      0x296 .\CortexM3\ARM_GCC_493\Debug\Unificada.a(CyLib.o)
 .debug_abbrev  0x00003ba1      0x1fa .\CortexM3\ARM_GCC_493\Debug\Unificada.a(cyPm.o)
 .debug_abbrev  0x00003d9b      0x1de .\CortexM3\ARM_GCC_493\Debug\Unificada.a(CyFlash.o)
 .debug_abbrev  0x00003f79      0x1ce .\CortexM3\ARM_GCC_493\Debug\Unificada.a(CySpc.o)

.debug_line     0x00000000     0x8a84
 *(.debug_line)
 .debug_line    0x00000000     0x1720 .\CortexM3\ARM_GCC_493\Debug\main.o
 .debug_line    0x00001720      0x322 .\CortexM3\ARM_GCC_493\Debug\I2C.o
 .debug_line    0x00001a42      0x3f1 .\CortexM3\ARM_GCC_493\Debug\ibuton.o
 .debug_line    0x00001e33      0x67a .\CortexM3\ARM_GCC_493\Debug\LCD.o
 .debug_line    0x000024ad      0xc57 .\CortexM3\ARM_GCC_493\Debug\Print.o
 .debug_line    0x00003104     0x14ab .\CortexM3\ARM_GCC_493\Debug\Protocolo.o
 .debug_line    0x000045af      0x259 .\CortexM3\ARM_GCC_493\Debug\Sonido.o
 .debug_line    0x00004808       0x55 .\CortexM3\ARM_GCC_493\Debug\cybootloader.o
 .debug_line    0x0000485d       0x53 .\CortexM3\ARM_GCC_493\Debug\cymetadata.o
 .debug_line    0x000048b0      0x246 .\CortexM3\ARM_GCC_493\Debug\Cm3Start.o
 .debug_line    0x00004af6      0x219 .\CortexM3\ARM_GCC_493\Debug\Unificada.a(cyfitter_cfg.o)
 .debug_line    0x00004d0f      0x31b .\CortexM3\ARM_GCC_493\Debug\Unificada.a(Surtidor.o)
 .debug_line    0x0000502a       0x8e .\CortexM3\ARM_GCC_493\Debug\Unificada.a(Surtidor_INT.o)
 .debug_line    0x000050b8      0x334 .\CortexM3\ARM_GCC_493\Debug\Unificada.a(Impresora.o)
 .debug_line    0x000053ec       0x90 .\CortexM3\ARM_GCC_493\Debug\Unificada.a(Impresora_INT.o)
 .debug_line    0x0000547c      0x326 .\CortexM3\ARM_GCC_493\Debug\Unificada.a(PC.o)
 .debug_line    0x000057a2       0x82 .\CortexM3\ARM_GCC_493\Debug\Unificada.a(PC_INT.o)
 .debug_line    0x00005824       0xde .\CortexM3\ARM_GCC_493\Debug\Unificada.a(I2C_1.o)
 .debug_line    0x00005902      0x12a .\CortexM3\ARM_GCC_493\Debug\Unificada.a(I2C_1_INT.o)
 .debug_line    0x00005a2c       0xc4 .\CortexM3\ARM_GCC_493\Debug\Unificada.a(I2C_1_PM.o)
 .debug_line    0x00005af0      0x203 .\CortexM3\ARM_GCC_493\Debug\Unificada.a(I2C_1_MASTER.o)
 .debug_line    0x00005cf3       0x95 .\CortexM3\ARM_GCC_493\Debug\Unificada.a(Pin_WP.o)
 .debug_line    0x00005d88      0x32c .\CortexM3\ARM_GCC_493\Debug\Unificada.a(LCD_1.o)
 .debug_line    0x000060b4       0x88 .\CortexM3\ARM_GCC_493\Debug\Unificada.a(LCD_1_INT.o)
 .debug_line    0x0000613c      0x32c .\CortexM3\ARM_GCC_493\Debug\Unificada.a(LCD_2.o)
 .debug_line    0x00006468       0x88 .\CortexM3\ARM_GCC_493\Debug\Unificada.a(LCD_2_INT.o)
 .debug_line    0x000064f0       0x92 .\CortexM3\ARM_GCC_493\Debug\Unificada.a(IB1.o)
 .debug_line    0x00006582       0x92 .\CortexM3\ARM_GCC_493\Debug\Unificada.a(IB2.o)
 .debug_line    0x00006614      0x15f .\CortexM3\ARM_GCC_493\Debug\Unificada.a(Timer_Animacion.o)
 .debug_line    0x00006773      0x14b .\CortexM3\ARM_GCC_493\Debug\Unificada.a(isr_3.o)
 .debug_line    0x000068be      0x160 .\CortexM3\ARM_GCC_493\Debug\Unificada.a(Timer_Animacion2.o)
 .debug_line    0x00006a1e      0x14b .\CortexM3\ARM_GCC_493\Debug\Unificada.a(isr_4.o)
 .debug_line    0x00006b69      0x174 .\CortexM3\ARM_GCC_493\Debug\Unificada.a(Timer_1.o)
 .debug_line    0x00006cdd      0x14b .\CortexM3\ARM_GCC_493\Debug\Unificada.a(isr_1.o)
 .debug_line    0x00006e28       0xe6 .\CortexM3\ARM_GCC_493\Debug\Unificada.a(VDAC8_1.o)
 .debug_line    0x00006f0e      0x174 .\CortexM3\ARM_GCC_493\Debug\Unificada.a(Timer_2.o)
 .debug_line    0x00007082      0x14b .\CortexM3\ARM_GCC_493\Debug\Unificada.a(isr_2.o)
 .debug_line    0x000071cd       0xe6 .\CortexM3\ARM_GCC_493\Debug\Unificada.a(VDAC8_2.o)
 .debug_line    0x000072b3       0xe6 .\CortexM3\ARM_GCC_493\Debug\Unificada.a(VDAC8_3.o)
 .debug_line    0x00007399       0x94 .\CortexM3\ARM_GCC_493\Debug\Unificada.a(SDown.o)
 .debug_line    0x0000742d      0x19a .\CortexM3\ARM_GCC_493\Debug\Unificada.a(Impresora_IntClock.o)
 .debug_line    0x000075c7      0x193 .\CortexM3\ARM_GCC_493\Debug\Unificada.a(PC_IntClock.o)
 .debug_line    0x0000775a      0x196 .\CortexM3\ARM_GCC_493\Debug\Unificada.a(LCD_1_IntClock.o)
 .debug_line    0x000078f0      0x196 .\CortexM3\ARM_GCC_493\Debug\Unificada.a(LCD_2_IntClock.o)
 .debug_line    0x00007a86       0x68 .\CortexM3\ARM_GCC_493\Debug\Unificada.a(CyBootAsmGnu.o)
 .debug_line    0x00007aee      0x806 .\CortexM3\ARM_GCC_493\Debug\Unificada.a(CyLib.o)
 .debug_line    0x000082f4      0x366 .\CortexM3\ARM_GCC_493\Debug\Unificada.a(cyPm.o)
 .debug_line    0x0000865a      0x1ec .\CortexM3\ARM_GCC_493\Debug\Unificada.a(CyFlash.o)
 .debug_line    0x00008846      0x23e .\CortexM3\ARM_GCC_493\Debug\Unificada.a(CySpc.o)

.debug_frame    0x00000000     0x3528
 *(.debug_frame)
 .debug_frame   0x00000000       0xf8 .\CortexM3\ARM_GCC_493\Debug\main.o
 .debug_frame   0x000000f8       0xfc .\CortexM3\ARM_GCC_493\Debug\I2C.o
 .debug_frame   0x000001f4       0xc4 .\CortexM3\ARM_GCC_493\Debug\ibuton.o
 .debug_frame   0x000002b8      0x254 .\CortexM3\ARM_GCC_493\Debug\LCD.o
 .debug_frame   0x0000050c      0x134 .\CortexM3\ARM_GCC_493\Debug\Print.o
 .debug_frame   0x00000640      0x140 .\CortexM3\ARM_GCC_493\Debug\Protocolo.o
 .debug_frame   0x00000780       0x64 .\CortexM3\ARM_GCC_493\Debug\Sonido.o
 .debug_frame   0x000007e4       0xac .\CortexM3\ARM_GCC_493\Debug\Cm3Start.o
 .debug_frame   0x00000890       0xe4 .\CortexM3\ARM_GCC_493\Debug\Unificada.a(cyfitter_cfg.o)
 .debug_frame   0x00000974      0x290 .\CortexM3\ARM_GCC_493\Debug\Unificada.a(Surtidor.o)
 .debug_frame   0x00000c04       0x20 .\CortexM3\ARM_GCC_493\Debug\Unificada.a(Surtidor_INT.o)
 .debug_frame   0x00000c24      0x290 .\CortexM3\ARM_GCC_493\Debug\Unificada.a(Impresora.o)
 .debug_frame   0x00000eb4       0x20 .\CortexM3\ARM_GCC_493\Debug\Unificada.a(Impresora_INT.o)
 .debug_frame   0x00000ed4      0x290 .\CortexM3\ARM_GCC_493\Debug\Unificada.a(PC.o)
 .debug_frame   0x00001164       0x20 .\CortexM3\ARM_GCC_493\Debug\Unificada.a(PC_INT.o)
 .debug_frame   0x00001184       0x8c .\CortexM3\ARM_GCC_493\Debug\Unificada.a(I2C_1.o)
 .debug_frame   0x00001210       0x30 .\CortexM3\ARM_GCC_493\Debug\Unificada.a(I2C_1_INT.o)
 .debug_frame   0x00001240       0x74 .\CortexM3\ARM_GCC_493\Debug\Unificada.a(I2C_1_PM.o)
 .debug_frame   0x000012b4      0x120 .\CortexM3\ARM_GCC_493\Debug\Unificada.a(I2C_1_MASTER.o)
 .debug_frame   0x000013d4       0x50 .\CortexM3\ARM_GCC_493\Debug\Unificada.a(Pin_WP.o)
 .debug_frame   0x00001424      0x290 .\CortexM3\ARM_GCC_493\Debug\Unificada.a(LCD_1.o)
 .debug_frame   0x000016b4       0x20 .\CortexM3\ARM_GCC_493\Debug\Unificada.a(LCD_1_INT.o)
 .debug_frame   0x000016d4      0x290 .\CortexM3\ARM_GCC_493\Debug\Unificada.a(LCD_2.o)
 .debug_frame   0x00001964       0x20 .\CortexM3\ARM_GCC_493\Debug\Unificada.a(LCD_2_INT.o)
 .debug_frame   0x00001984       0x50 .\CortexM3\ARM_GCC_493\Debug\Unificada.a(IB1.o)
 .debug_frame   0x000019d4       0x50 .\CortexM3\ARM_GCC_493\Debug\Unificada.a(IB2.o)
 .debug_frame   0x00001a24      0x108 .\CortexM3\ARM_GCC_493\Debug\Unificada.a(Timer_Animacion.o)
 .debug_frame   0x00001b2c      0x104 .\CortexM3\ARM_GCC_493\Debug\Unificada.a(isr_3.o)
 .debug_frame   0x00001c30      0x108 .\CortexM3\ARM_GCC_493\Debug\Unificada.a(Timer_Animacion2.o)
 .debug_frame   0x00001d38      0x104 .\CortexM3\ARM_GCC_493\Debug\Unificada.a(isr_4.o)
 .debug_frame   0x00001e3c      0x124 .\CortexM3\ARM_GCC_493\Debug\Unificada.a(Timer_1.o)
 .debug_frame   0x00001f60      0x104 .\CortexM3\ARM_GCC_493\Debug\Unificada.a(isr_1.o)
 .debug_frame   0x00002064       0xb4 .\CortexM3\ARM_GCC_493\Debug\Unificada.a(VDAC8_1.o)
 .debug_frame   0x00002118      0x124 .\CortexM3\ARM_GCC_493\Debug\Unificada.a(Timer_2.o)
 .debug_frame   0x0000223c      0x104 .\CortexM3\ARM_GCC_493\Debug\Unificada.a(isr_2.o)
 .debug_frame   0x00002340       0xb4 .\CortexM3\ARM_GCC_493\Debug\Unificada.a(VDAC8_2.o)
 .debug_frame   0x000023f4       0xb4 .\CortexM3\ARM_GCC_493\Debug\Unificada.a(VDAC8_3.o)
 .debug_frame   0x000024a8       0x50 .\CortexM3\ARM_GCC_493\Debug\Unificada.a(SDown.o)
 .debug_frame   0x000024f8       0xe0 .\CortexM3\ARM_GCC_493\Debug\Unificada.a(Impresora_IntClock.o)
 .debug_frame   0x000025d8       0xe0 .\CortexM3\ARM_GCC_493\Debug\Unificada.a(PC_IntClock.o)
 .debug_frame   0x000026b8       0xe0 .\CortexM3\ARM_GCC_493\Debug\Unificada.a(LCD_1_IntClock.o)
 .debug_frame   0x00002798       0xe0 .\CortexM3\ARM_GCC_493\Debug\Unificada.a(LCD_2_IntClock.o)
 .debug_frame   0x00002878      0x728 .\CortexM3\ARM_GCC_493\Debug\Unificada.a(CyLib.o)
 .debug_frame   0x00002fa0      0x1f8 .\CortexM3\ARM_GCC_493\Debug\Unificada.a(cyPm.o)
 .debug_frame   0x00003198      0x174 .\CortexM3\ARM_GCC_493\Debug\Unificada.a(CyFlash.o)
 .debug_frame   0x0000330c      0x160 .\CortexM3\ARM_GCC_493\Debug\Unificada.a(CySpc.o)
 .debug_frame   0x0000346c       0x20 c:/program files (x86)/cypress/psoc creator/3.3/psoc creator/import/gnu/arm/4.9.3/bin/../lib/gcc/arm-none-eabi/4.9.3/../../../../arm-none-eabi/lib/armv7-m\libg_nano.a(lib_a-errno.o)
 .debug_frame   0x0000348c       0x28 c:/program files (x86)/cypress/psoc creator/3.3/psoc creator/import/gnu/arm/4.9.3/bin/../lib/gcc/arm-none-eabi/4.9.3/../../../../arm-none-eabi/lib/armv7-m\libg_nano.a(lib_a-exit.o)
 .debug_frame   0x000034b4       0x2c c:/program files (x86)/cypress/psoc creator/3.3/psoc creator/import/gnu/arm/4.9.3/bin/../lib/gcc/arm-none-eabi/4.9.3/../../../../arm-none-eabi/lib/armv7-m\libg_nano.a(lib_a-init.o)
 .debug_frame   0x000034e0       0x28 c:/program files (x86)/cypress/psoc creator/3.3/psoc creator/import/gnu/arm/4.9.3/bin/../lib/gcc/arm-none-eabi/4.9.3/../../../../arm-none-eabi/lib/armv7-m\libg_nano.a(lib_a-memcpy.o)
 .debug_frame   0x00003508       0x20 c:/program files (x86)/cypress/psoc creator/3.3/psoc creator/import/gnu/arm/4.9.3/bin/../lib/gcc/arm-none-eabi/4.9.3/../../../../arm-none-eabi/lib/armv7-m\libg_nano.a(lib_a-memset.o)

.debug_str      0x00000000     0x4233
 *(.debug_str)
 .debug_str     0x00000000      0x841 .\CortexM3\ARM_GCC_493\Debug\main.o
                                0x8d6 (size before relaxing)
 .debug_str     0x00000841       0x94 .\CortexM3\ARM_GCC_493\Debug\I2C.o
                                0x55b (size before relaxing)
 .debug_str     0x000008d5       0x44 .\CortexM3\ARM_GCC_493\Debug\ibuton.o
                                0x529 (size before relaxing)
 .debug_str     0x00000919        0x8 .\CortexM3\ARM_GCC_493\Debug\LCD.o
                                0x545 (size before relaxing)
 .debug_str     0x00000921      0x25a .\CortexM3\ARM_GCC_493\Debug\Print.o
                                0x719 (size before relaxing)
 .debug_str     0x00000b7b      0x104 .\CortexM3\ARM_GCC_493\Debug\Protocolo.o
                                0x630 (size before relaxing)
 .debug_str     0x00000c7f      0x13a .\CortexM3\ARM_GCC_493\Debug\Sonido.o
                                0x5c9 (size before relaxing)
 .debug_str     0x00000db9       0x84 .\CortexM3\ARM_GCC_493\Debug\cybootloader.o
                                0x1f3 (size before relaxing)
 .debug_str     0x00000e3d       0x49 .\CortexM3\ARM_GCC_493\Debug\cymetadata.o
                                0x1b8 (size before relaxing)
 .debug_str     0x00000e86      0x153 .\CortexM3\ARM_GCC_493\Debug\Cm3Start.o
                                0x2fa (size before relaxing)
 .debug_str     0x00000fd9      0x199 .\CortexM3\ARM_GCC_493\Debug\Unificada.a(cyfitter_cfg.o)
                                0x342 (size before relaxing)
 .debug_str     0x00001172      0x37d .\CortexM3\ARM_GCC_493\Debug\Unificada.a(Surtidor.o)
                                0x5b1 (size before relaxing)
 .debug_str     0x000014ef       0x52 .\CortexM3\ARM_GCC_493\Debug\Unificada.a(Surtidor_INT.o)
                                0x242 (size before relaxing)
 .debug_str     0x00001541      0x345 .\CortexM3\ARM_GCC_493\Debug\Unificada.a(Impresora.o)
                                0x606 (size before relaxing)
 .debug_str     0x00001886       0x39 .\CortexM3\ARM_GCC_493\Debug\Unificada.a(Impresora_INT.o)
                                0x242 (size before relaxing)
 .debug_str     0x000018bf      0x249 .\CortexM3\ARM_GCC_493\Debug\Unificada.a(PC.o)
                                0x4fc (size before relaxing)
 .debug_str     0x00001b08       0x2b .\CortexM3\ARM_GCC_493\Debug\Unificada.a(PC_INT.o)
                                0x211 (size before relaxing)
 .debug_str     0x00001b33       0xd3 .\CortexM3\ARM_GCC_493\Debug\Unificada.a(I2C_1.o)
                                0x2f4 (size before relaxing)
 .debug_str     0x00001c06       0xe2 .\CortexM3\ARM_GCC_493\Debug\Unificada.a(I2C_1_INT.o)
                                0x276 (size before relaxing)
 .debug_str     0x00001ce8       0x62 .\CortexM3\ARM_GCC_493\Debug\Unificada.a(I2C_1_PM.o)
                                0x282 (size before relaxing)
 .debug_str     0x00001d4a       0xf2 .\CortexM3\ARM_GCC_493\Debug\Unificada.a(I2C_1_MASTER.o)
                                0x3d3 (size before relaxing)
 .debug_str     0x00001e3c       0x60 .\CortexM3\ARM_GCC_493\Debug\Unificada.a(Pin_WP.o)
                                0x1e3 (size before relaxing)
 .debug_str     0x00001e9c      0x26e .\CortexM3\ARM_GCC_493\Debug\Unificada.a(LCD_1.o)
                                0x56e (size before relaxing)
 .debug_str     0x0000210a       0x31 .\CortexM3\ARM_GCC_493\Debug\Unificada.a(LCD_1_INT.o)
                                0x226 (size before relaxing)
 .debug_str     0x0000213b      0x26e .\CortexM3\ARM_GCC_493\Debug\Unificada.a(LCD_2.o)
                                0x56e (size before relaxing)
 .debug_str     0x000023a9       0x31 .\CortexM3\ARM_GCC_493\Debug\Unificada.a(LCD_2_INT.o)
                                0x226 (size before relaxing)
 .debug_str     0x000023da       0x40 .\CortexM3\ARM_GCC_493\Debug\Unificada.a(IB1.o)
                                0x1d4 (size before relaxing)
 .debug_str     0x0000241a       0x40 .\CortexM3\ARM_GCC_493\Debug\Unificada.a(IB2.o)
                                0x1d4 (size before relaxing)
 .debug_str     0x0000245a      0x1a7 .\CortexM3\ARM_GCC_493\Debug\Unificada.a(Timer_Animacion.o)
                                0x385 (size before relaxing)
 .debug_str     0x00002601       0xe7 .\CortexM3\ARM_GCC_493\Debug\Unificada.a(isr_3.o)
                                0x296 (size before relaxing)
 .debug_str     0x000026e8      0x192 .\CortexM3\ARM_GCC_493\Debug\Unificada.a(Timer_Animacion2.o)
                                0x395 (size before relaxing)
 .debug_str     0x0000287a       0xcf .\CortexM3\ARM_GCC_493\Debug\Unificada.a(isr_4.o)
                                0x296 (size before relaxing)
 .debug_str     0x00002949      0x146 .\CortexM3\ARM_GCC_493\Debug\Unificada.a(Timer_1.o)
                                0x342 (size before relaxing)
 .debug_str     0x00002a8f       0xda .\CortexM3\ARM_GCC_493\Debug\Unificada.a(isr_1.o)
                                0x296 (size before relaxing)
 .debug_str     0x00002b69       0x8d .\CortexM3\ARM_GCC_493\Debug\Unificada.a(VDAC8_1.o)
                                0x22f (size before relaxing)
 .debug_str     0x00002bf6      0x146 .\CortexM3\ARM_GCC_493\Debug\Unificada.a(Timer_2.o)
                                0x342 (size before relaxing)
 .debug_str     0x00002d3c       0xda .\CortexM3\ARM_GCC_493\Debug\Unificada.a(isr_2.o)
                                0x296 (size before relaxing)
 .debug_str     0x00002e16       0x81 .\CortexM3\ARM_GCC_493\Debug\Unificada.a(VDAC8_2.o)
                                0x22f (size before relaxing)
 .debug_str     0x00002e97       0x9f .\CortexM3\ARM_GCC_493\Debug\Unificada.a(VDAC8_3.o)
                                0x22f (size before relaxing)
 .debug_str     0x00002f36       0x51 .\CortexM3\ARM_GCC_493\Debug\Unificada.a(SDown.o)
                                0x1de (size before relaxing)
 .debug_str     0x00002f87      0x1b7 .\CortexM3\ARM_GCC_493\Debug\Unificada.a(Impresora_IntClock.o)
                                0x36e (size before relaxing)
 .debug_str     0x0000313e      0x126 .\CortexM3\ARM_GCC_493\Debug\Unificada.a(PC_IntClock.o)
                                0x31a (size before relaxing)
 .debug_str     0x00003264      0x144 .\CortexM3\ARM_GCC_493\Debug\Unificada.a(LCD_1_IntClock.o)
                                0x33e (size before relaxing)
 .debug_str     0x000033a8      0x144 .\CortexM3\ARM_GCC_493\Debug\Unificada.a(LCD_2_IntClock.o)
                                0x33e (size before relaxing)
 .debug_str     0x000034ec      0x7a7 .\CortexM3\ARM_GCC_493\Debug\Unificada.a(CyLib.o)
                                0xa1f (size before relaxing)
 .debug_str     0x00003c93      0x35b .\CortexM3\ARM_GCC_493\Debug\Unificada.a(cyPm.o)
                                0x717 (size before relaxing)
 .debug_str     0x00003fee      0x197 .\CortexM3\ARM_GCC_493\Debug\Unificada.a(CyFlash.o)
                                0x391 (size before relaxing)
 .debug_str     0x00004185       0xae .\CortexM3\ARM_GCC_493\Debug\Unificada.a(CySpc.o)
                                0x31a (size before relaxing)

.debug_loc      0x00000000     0x5c3d
 *(.debug_loc)
 .debug_loc     0x00000000       0x59 .\CortexM3\ARM_GCC_493\Debug\main.o
 .debug_loc     0x00000059      0x3f1 .\CortexM3\ARM_GCC_493\Debug\I2C.o
 .debug_loc     0x0000044a      0x5f1 .\CortexM3\ARM_GCC_493\Debug\ibuton.o
 .debug_loc     0x00000a3b      0x422 .\CortexM3\ARM_GCC_493\Debug\LCD.o
 .debug_loc     0x00000e5d      0xd88 .\CortexM3\ARM_GCC_493\Debug\Print.o
 .debug_loc     0x00001be5      0x7cc .\CortexM3\ARM_GCC_493\Debug\Protocolo.o
 .debug_loc     0x000023b1       0x21 .\CortexM3\ARM_GCC_493\Debug\Sonido.o
 .debug_loc     0x000023d2      0x144 .\CortexM3\ARM_GCC_493\Debug\Cm3Start.o